/home/xing.liu/miniconda3/envs/msa_attention/lib/python3.12/site-packages/timm/models/layers/__init__.py:48: FutureWarning: Importing from timm.models.layers is deprecated, please import via timm.layers
  warnings.warn(f"Importing from {__name__} is deprecated, please import via timm.layers", FutureWarning)
/home/xing.liu/miniconda3/envs/msa_attention/lib/python3.12/site-packages/torch/cuda/__init__.py:230: UserWarning: 
NVIDIA RTX PRO 6000 Blackwell Server Edition with CUDA capability sm_120 is not compatible with the current PyTorch installation.
The current PyTorch install supports CUDA capabilities sm_50 sm_60 sm_70 sm_75 sm_80 sm_86 sm_90.
If you want to use the NVIDIA RTX PRO 6000 Blackwell Server Edition GPU with PyTorch, please check the instructions at https://pytorch.org/get-started/locally/

  warnings.warn(
/projects/SimBioSys/Xing/MGA/Model/PT_MG_TV_reg.py:225: FutureWarning: `torch.cuda.amp.autocast(args...)` is deprecated. Please use `torch.amp.autocast('cuda', args...)` instead.
  with autocast():
Traceback (most recent call last):
  File "/projects/SimBioSys/Xing/MGA/Model/PT_MG_TV_reg.py", line 391, in <module>
    tr_loss = train_one_epoch(
              ^^^^^^^^^^^^^^^^
  File "/projects/SimBioSys/Xing/MGA/Model/PT_MG_TV_reg.py", line 226, in train_one_epoch
    logits,_ = model(sequences=s, padded_edges=e, return_attention=True)  # [B, L, 2]
               ^^^^^^^^^^^^^^^^^^^^^^^^^^^^^^^^^^^^^^^^^^^^^^^^^^^^^^^^^
  File "/home/xing.liu/miniconda3/envs/msa_attention/lib/python3.12/site-packages/torch/nn/modules/module.py", line 1553, in _wrapped_call_impl
    return self._call_impl(*args, **kwargs)
           ^^^^^^^^^^^^^^^^^^^^^^^^^^^^^^^^
  File "/home/xing.liu/miniconda3/envs/msa_attention/lib/python3.12/site-packages/torch/nn/modules/module.py", line 1562, in _call_impl
    return forward_call(*args, **kwargs)
           ^^^^^^^^^^^^^^^^^^^^^^^^^^^^^
  File "/projects/SimBioSys/Xing/MGA/Model/Models_fullnew.py", line 489, in forward
    refined_embedding, last_attn = self.mc_model(sequences, padded_edges, return_attention=return_attention, tied=tied)
                                   ^^^^^^^^^^^^^^^^^^^^^^^^^^^^^^^^^^^^^^^^^^^^^^^^^^^^^^^^^^^^^^^^^^^^^^^^^^^^^^^^^^^^
  File "/home/xing.liu/miniconda3/envs/msa_attention/lib/python3.12/site-packages/torch/nn/modules/module.py", line 1553, in _wrapped_call_impl
    return self._call_impl(*args, **kwargs)
           ^^^^^^^^^^^^^^^^^^^^^^^^^^^^^^^^
  File "/home/xing.liu/miniconda3/envs/msa_attention/lib/python3.12/site-packages/torch/nn/modules/module.py", line 1562, in _call_impl
    return forward_call(*args, **kwargs)
           ^^^^^^^^^^^^^^^^^^^^^^^^^^^^^
  File "/projects/SimBioSys/Xing/MGA/Model/Models_fullnew.py", line 415, in forward
    output = self.cg_model(sequences, padded_edges)
             ^^^^^^^^^^^^^^^^^^^^^^^^^^^^^^^^^^^^^^
  File "/home/xing.liu/miniconda3/envs/msa_attention/lib/python3.12/site-packages/torch/nn/modules/module.py", line 1553, in _wrapped_call_impl
    return self._call_impl(*args, **kwargs)
           ^^^^^^^^^^^^^^^^^^^^^^^^^^^^^^^^
  File "/home/xing.liu/miniconda3/envs/msa_attention/lib/python3.12/site-packages/torch/nn/modules/module.py", line 1562, in _call_impl
    return forward_call(*args, **kwargs)
           ^^^^^^^^^^^^^^^^^^^^^^^^^^^^^
  File "/projects/SimBioSys/Xing/MGA/Model/Models_fullnew.py", line 307, in forward
    valid = padded_edges[i][:, padded_edges[i][0] != -1]
                               ^^^^^^^^^^^^^^^^^^^^^^^^
RuntimeError: CUDA error: no kernel image is available for execution on the device
CUDA kernel errors might be asynchronously reported at some other API call, so the stacktrace below might be incorrect.
For debugging consider passing CUDA_LAUNCH_BLOCKING=1
Compile with `TORCH_USE_CUDA_DSA` to enable device-side assertions.

srun: error: d4069: task 0: Exited with exit code 1
