Device: cuda
Visible GPUs: 1
GPU 0: NVIDIA RTX PRO 6000 Blackwell Server Edition
Dataset size: 858
Config: {'sequence_file': 'para_tv_esmsequences_1600.npz', 'data_file': 'para_tv_esminterfaces_1600.npz', 'edge_file': 'para_tv_esmedges_1600.npz', 'seq_len': 1600, 'vocab_size': 31, 'num_classes': 2, 'pad_id': 1, 'eoc_id': 24, 'embed_dim': 256, 'num_heads': 16, 'num_layers': 1, 'num_gnn_layers': 8, 'num_int_layers': 5, 'dropout': 0.1, 'drop_path_rate': 0.1, 'batch_size': 4, 'num_epochs': 80, 'warmup_epochs': 10, 'min_stop_epoch': 35, 'early_stop': 18, 'learning_rate': 0.0002, 'weight_decay': 0.0001, 'max_grad_norm': 0.5, 'accum_steps': 1, 'amp': True, 'weight_start': 8.0, 'weight_end': 1.0, 'weight_anneal_tau': 10.0, 'dropedge_min': 0.01, 'dropedge_max': 0.05, 'token_drop_p': 0.01, 'smooth_lambda': 0.01, 'aucpr_alpha': 0.4, 'aucpr_ramp_start': 10, 'aucpr_ramp_len': 10, 'aucpr_bins': 64, 'aucpr_temp': 0.05, 'antibody_loss_weight': 1.0, 'antigen_loss_weight': 1.0, 'n_splits': 5}

================================================================================
Fold 1/5
================================================================================
Train labels: valid=399467, pos=26433, neg=373034, ignore=698133, pos_frac=0.06617
Val labels: valid=100725, pos=6797, neg=93928, ignore=174475, pos_frac=0.06748
Initializing ClassificationModel with 8 GAT layers and residual connections...
Initializing MCModel with 8 GAT layers and 5 row attention layers (drop_path_rate=0.1)
Initializing CoreModel with 1 layers, drop_path_rate=0.1
Ep001  LR0=2.00e-04  pw=8.00  aucα=0.000  token_p=0.010  dropE=(0.010,0.050)  smooth=0.010  train_loss=0.7056  train_AUPR_all=0.2458  train_AUPR_ab=0.2922  train_AUPR_ag=0.1795  train_P@5_ab=0.5500  train_P@10_ab=0.6500  val_loss=0.7828  val_AUPR_all=0.4669  val_AUPR_ab=0.5747  val_AUPR_ag=0.2988  val_P@5_ab=0.8500  val_P@10_ab=0.8500
  Saved best antibody-AUPR checkpoint: checkpoints_ab_aupr/iPara_l1_g8_i5_do0.10_dpr0.10_lr0.0002_heads16_fold1.pth  val_AUPR_ab=0.5747
Ep002  LR0=2.00e-04  pw=7.33  aucα=0.000  token_p=0.010  dropE=(0.010,0.050)  smooth=0.010  train_loss=0.4945  train_AUPR_all=0.4501  train_AUPR_ab=0.5403  train_AUPR_ag=0.2990  train_P@5_ab=0.8000  train_P@10_ab=0.8750  val_loss=0.7059  val_AUPR_all=0.4959  val_AUPR_ab=0.5834  val_AUPR_ag=0.3517  val_P@5_ab=0.9000  val_P@10_ab=0.8500
  Saved best antibody-AUPR checkpoint: checkpoints_ab_aupr/iPara_l1_g8_i5_do0.10_dpr0.10_lr0.0002_heads16_fold1.pth  val_AUPR_ab=0.5834
Ep003  LR0=2.00e-04  pw=6.73  aucα=0.000  token_p=0.010  dropE=(0.010,0.050)  smooth=0.010  train_loss=0.4449  train_AUPR_all=0.4889  train_AUPR_ab=0.5773  train_AUPR_ag=0.3336  train_P@5_ab=0.9000  train_P@10_ab=0.6750  val_loss=0.7073  val_AUPR_all=0.5270  val_AUPR_ab=0.6282  val_AUPR_ag=0.3564  val_P@5_ab=0.7500  val_P@10_ab=0.7750
  Saved best antibody-AUPR checkpoint: checkpoints_ab_aupr/iPara_l1_g8_i5_do0.10_dpr0.10_lr0.0002_heads16_fold1.pth  val_AUPR_ab=0.6282
Ep004  LR0=1.99e-04  pw=6.19  aucα=0.000  token_p=0.010  dropE=(0.010,0.050)  smooth=0.010  train_loss=0.4106  train_AUPR_all=0.5152  train_AUPR_ab=0.6113  train_AUPR_ag=0.3470  train_P@5_ab=1.0000  train_P@10_ab=0.8750  val_loss=0.6593  val_AUPR_all=0.5340  val_AUPR_ab=0.6499  val_AUPR_ag=0.3514  val_P@5_ab=0.9500  val_P@10_ab=0.8500
  Saved best antibody-AUPR checkpoint: checkpoints_ab_aupr/iPara_l1_g8_i5_do0.10_dpr0.10_lr0.0002_heads16_fold1.pth  val_AUPR_ab=0.6499
Ep005  LR0=1.99e-04  pw=5.69  aucα=0.000  token_p=0.010  dropE=(0.010,0.050)  smooth=0.010  train_loss=0.3843  train_AUPR_all=0.5369  train_AUPR_ab=0.6351  train_AUPR_ag=0.3677  train_P@5_ab=0.6500  train_P@10_ab=0.8250  val_loss=0.6357  val_AUPR_all=0.5537  val_AUPR_ab=0.6652  val_AUPR_ag=0.3702  val_P@5_ab=0.8500  val_P@10_ab=0.9000
  Saved best antibody-AUPR checkpoint: checkpoints_ab_aupr/iPara_l1_g8_i5_do0.10_dpr0.10_lr0.0002_heads16_fold1.pth  val_AUPR_ab=0.6652
Ep006  LR0=1.98e-04  pw=5.25  aucα=0.000  token_p=0.010  dropE=(0.010,0.050)  smooth=0.010  train_loss=0.3613  train_AUPR_all=0.5524  train_AUPR_ab=0.6512  train_AUPR_ag=0.3793  train_P@5_ab=0.7500  train_P@10_ab=0.8500  val_loss=0.5946  val_AUPR_all=0.5514  val_AUPR_ab=0.6734  val_AUPR_ag=0.3814  val_P@5_ab=1.0000  val_P@10_ab=0.9250
  Saved best antibody-AUPR checkpoint: checkpoints_ab_aupr/iPara_l1_g8_i5_do0.10_dpr0.10_lr0.0002_heads16_fold1.pth  val_AUPR_ab=0.6734
Ep007  LR0=1.97e-04  pw=4.84  aucα=0.000  token_p=0.010  dropE=(0.010,0.050)  smooth=0.010  train_loss=0.3397  train_AUPR_all=0.5598  train_AUPR_ab=0.6589  train_AUPR_ag=0.3872  train_P@5_ab=0.9500  train_P@10_ab=0.9250  val_loss=0.6106  val_AUPR_all=0.5394  val_AUPR_ab=0.6729  val_AUPR_ag=0.3620  val_P@5_ab=0.7500  val_P@10_ab=0.7250
Ep008  LR0=1.96e-04  pw=4.48  aucα=0.000  token_p=0.010  dropE=(0.010,0.050)  smooth=0.010  train_loss=0.3169  train_AUPR_all=0.5760  train_AUPR_ab=0.6786  train_AUPR_ag=0.4052  train_P@5_ab=0.8000  train_P@10_ab=0.8250  val_loss=0.5712  val_AUPR_all=0.5661  val_AUPR_ab=0.6878  val_AUPR_ag=0.3654  val_P@5_ab=0.9000  val_P@10_ab=0.8750
  Saved best antibody-AUPR checkpoint: checkpoints_ab_aupr/iPara_l1_g8_i5_do0.10_dpr0.10_lr0.0002_heads16_fold1.pth  val_AUPR_ab=0.6878
Ep009  LR0=1.95e-04  pw=4.15  aucα=0.000  token_p=0.010  dropE=(0.010,0.050)  smooth=0.010  train_loss=0.3031  train_AUPR_all=0.5826  train_AUPR_ab=0.6854  train_AUPR_ag=0.4109  train_P@5_ab=0.9000  train_P@10_ab=0.8750  val_loss=0.5386  val_AUPR_all=0.5656  val_AUPR_ab=0.7026  val_AUPR_ag=0.3608  val_P@5_ab=0.9500  val_P@10_ab=0.9500
  Saved best antibody-AUPR checkpoint: checkpoints_ab_aupr/iPara_l1_g8_i5_do0.10_dpr0.10_lr0.0002_heads16_fold1.pth  val_AUPR_ab=0.7026
Ep010  LR0=1.94e-04  pw=3.85  aucα=0.040  token_p=0.010  dropE=(0.010,0.050)  smooth=0.010  train_loss=0.3007  train_AUPR_all=0.5982  train_AUPR_ab=0.6948  train_AUPR_ag=0.4363  train_P@5_ab=0.9500  train_P@10_ab=0.9500  val_loss=0.5332  val_AUPR_all=0.5713  val_AUPR_ab=0.6944  val_AUPR_ag=0.3778  val_P@5_ab=0.9000  val_P@10_ab=0.8750
Unfreezing DyM parameters.
Ep011  LR0=1.92e-04  pw=3.58  aucα=0.080  token_p=0.010  dropE=(0.010,0.050)  smooth=0.010  train_loss=0.3042  train_AUPR_all=0.6079  train_AUPR_ab=0.7084  train_AUPR_ag=0.4434  train_P@5_ab=0.9500  train_P@10_ab=0.9500  val_loss=0.5141  val_AUPR_all=0.5762  val_AUPR_ab=0.7184  val_AUPR_ag=0.3720  val_P@5_ab=0.9500  val_P@10_ab=0.9000
  Saved best antibody-AUPR checkpoint: checkpoints_ab_aupr/iPara_l1_g8_i5_do0.10_dpr0.10_lr0.0002_heads16_fold1.pth  val_AUPR_ab=0.7184
Ep012  LR0=1.91e-04  pw=3.33  aucα=0.120  token_p=0.010  dropE=(0.010,0.050)  smooth=0.010  train_loss=0.3086  train_AUPR_all=0.6103  train_AUPR_ab=0.7055  train_AUPR_ag=0.4517  train_P@5_ab=0.9500  train_P@10_ab=0.9750  val_loss=0.4887  val_AUPR_all=0.5816  val_AUPR_ab=0.7132  val_AUPR_ag=0.3714  val_P@5_ab=1.0000  val_P@10_ab=0.9750
Ep013  LR0=1.89e-04  pw=3.11  aucα=0.160  token_p=0.010  dropE=(0.010,0.050)  smooth=0.010  train_loss=0.3120  train_AUPR_all=0.6210  train_AUPR_ab=0.7163  train_AUPR_ag=0.4671  train_P@5_ab=1.0000  train_P@10_ab=1.0000  val_loss=0.4660  val_AUPR_all=0.5899  val_AUPR_ab=0.7214  val_AUPR_ag=0.3879  val_P@5_ab=0.9500  val_P@10_ab=0.9750
  Saved best antibody-AUPR checkpoint: checkpoints_ab_aupr/iPara_l1_g8_i5_do0.10_dpr0.10_lr0.0002_heads16_fold1.pth  val_AUPR_ab=0.7214
Ep014  LR0=1.87e-04  pw=2.91  aucα=0.200  token_p=0.010  dropE=(0.010,0.050)  smooth=0.010  train_loss=0.3137  train_AUPR_all=0.6338  train_AUPR_ab=0.7273  train_AUPR_ag=0.4825  train_P@5_ab=0.9500  train_P@10_ab=0.9250  val_loss=0.4889  val_AUPR_all=0.5746  val_AUPR_ab=0.7191  val_AUPR_ag=0.3581  val_P@5_ab=1.0000  val_P@10_ab=1.0000
Ep015  LR0=1.85e-04  pw=2.73  aucα=0.240  token_p=0.010  dropE=(0.010,0.050)  smooth=0.010  train_loss=0.3143  train_AUPR_all=0.6465  train_AUPR_ab=0.7375  train_AUPR_ag=0.5008  train_P@5_ab=1.0000  train_P@10_ab=0.9500  val_loss=0.4777  val_AUPR_all=0.5765  val_AUPR_ab=0.7334  val_AUPR_ag=0.3638  val_P@5_ab=1.0000  val_P@10_ab=1.0000
  Saved best antibody-AUPR checkpoint: checkpoints_ab_aupr/iPara_l1_g8_i5_do0.10_dpr0.10_lr0.0002_heads16_fold1.pth  val_AUPR_ab=0.7334
Ep016  LR0=1.83e-04  pw=2.56  aucα=0.280  token_p=0.010  dropE=(0.010,0.050)  smooth=0.010  train_loss=0.3152  train_AUPR_all=0.6551  train_AUPR_ab=0.7453  train_AUPR_ag=0.5109  train_P@5_ab=1.0000  train_P@10_ab=1.0000  val_loss=0.4407  val_AUPR_all=0.5943  val_AUPR_ab=0.7338  val_AUPR_ag=0.3737  val_P@5_ab=1.0000  val_P@10_ab=1.0000
  Saved best antibody-AUPR checkpoint: checkpoints_ab_aupr/iPara_l1_g8_i5_do0.10_dpr0.10_lr0.0002_heads16_fold1.pth  val_AUPR_ab=0.7338
Ep017  LR0=1.81e-04  pw=2.41  aucα=0.320  token_p=0.010  dropE=(0.010,0.050)  smooth=0.010  train_loss=0.3185  train_AUPR_all=0.6677  train_AUPR_ab=0.7543  train_AUPR_ag=0.5323  train_P@5_ab=1.0000  train_P@10_ab=0.9750  val_loss=0.4467  val_AUPR_all=0.5881  val_AUPR_ab=0.7310  val_AUPR_ag=0.3796  val_P@5_ab=0.9500  val_P@10_ab=0.9500
Ep018  LR0=1.79e-04  pw=2.28  aucα=0.360  token_p=0.010  dropE=(0.010,0.050)  smooth=0.010  train_loss=0.3152  train_AUPR_all=0.6824  train_AUPR_ab=0.7622  train_AUPR_ag=0.5589  train_P@5_ab=0.9500  train_P@10_ab=0.9500  val_loss=0.4762  val_AUPR_all=0.5770  val_AUPR_ab=0.7347  val_AUPR_ag=0.3557  val_P@5_ab=0.9000  val_P@10_ab=0.9250
  Saved best antibody-AUPR checkpoint: checkpoints_ab_aupr/iPara_l1_g8_i5_do0.10_dpr0.10_lr0.0002_heads16_fold1.pth  val_AUPR_ab=0.7347
Ep019  LR0=1.76e-04  pw=2.16  aucα=0.400  token_p=0.010  dropE=(0.010,0.050)  smooth=0.010  train_loss=0.3177  train_AUPR_all=0.6927  train_AUPR_ab=0.7679  train_AUPR_ag=0.5781  train_P@5_ab=1.0000  train_P@10_ab=1.0000  val_loss=0.4305  val_AUPR_all=0.5916  val_AUPR_ab=0.7393  val_AUPR_ag=0.3781  val_P@5_ab=0.9000  val_P@10_ab=0.9500
  Saved best antibody-AUPR checkpoint: checkpoints_ab_aupr/iPara_l1_g8_i5_do0.10_dpr0.10_lr0.0002_heads16_fold1.pth  val_AUPR_ab=0.7393
Ep020  LR0=1.73e-04  pw=2.05  aucα=0.400  token_p=0.010  dropE=(0.010,0.050)  smooth=0.010  train_loss=0.3037  train_AUPR_all=0.6994  train_AUPR_ab=0.7755  train_AUPR_ag=0.5859  train_P@5_ab=1.0000  train_P@10_ab=0.9500  val_loss=0.4305  val_AUPR_all=0.5948  val_AUPR_ab=0.7417  val_AUPR_ag=0.3863  val_P@5_ab=0.9500  val_P@10_ab=0.9500
  Saved best antibody-AUPR checkpoint: checkpoints_ab_aupr/iPara_l1_g8_i5_do0.10_dpr0.10_lr0.0002_heads16_fold1.pth  val_AUPR_ab=0.7417
Ep021  LR0=1.71e-04  pw=1.95  aucα=0.400  token_p=0.010  dropE=(0.010,0.050)  smooth=0.010  train_loss=0.2892  train_AUPR_all=0.7180  train_AUPR_ab=0.7847  train_AUPR_ag=0.6180  train_P@5_ab=0.8500  train_P@10_ab=0.9250  val_loss=0.4095  val_AUPR_all=0.6017  val_AUPR_ab=0.7503  val_AUPR_ag=0.3814  val_P@5_ab=0.9500  val_P@10_ab=0.9500
  Saved best antibody-AUPR checkpoint: checkpoints_ab_aupr/iPara_l1_g8_i5_do0.10_dpr0.10_lr0.0002_heads16_fold1.pth  val_AUPR_ab=0.7503
Ep022  LR0=1.68e-04  pw=1.86  aucα=0.400  token_p=0.010  dropE=(0.010,0.050)  smooth=0.010  train_loss=0.2733  train_AUPR_all=0.7387  train_AUPR_ab=0.8006  train_AUPR_ag=0.6471  train_P@5_ab=1.0000  train_P@10_ab=1.0000  val_loss=0.4386  val_AUPR_all=0.5904  val_AUPR_ab=0.7493  val_AUPR_ag=0.3712  val_P@5_ab=1.0000  val_P@10_ab=0.9250
Ep023  LR0=1.65e-04  pw=1.78  aucα=0.400  token_p=0.010  dropE=(0.010,0.050)  smooth=0.010  train_loss=0.2651  train_AUPR_all=0.7426  train_AUPR_ab=0.8037  train_AUPR_ag=0.6515  train_P@5_ab=1.0000  train_P@10_ab=0.9750  val_loss=0.4063  val_AUPR_all=0.5925  val_AUPR_ab=0.7497  val_AUPR_ag=0.3799  val_P@5_ab=0.9000  val_P@10_ab=0.9500
Ep024  LR0=1.62e-04  pw=1.70  aucα=0.400  token_p=0.010  dropE=(0.010,0.050)  smooth=0.010  train_loss=0.2511  train_AUPR_all=0.7574  train_AUPR_ab=0.8122  train_AUPR_ag=0.6768  train_P@5_ab=1.0000  train_P@10_ab=1.0000  val_loss=0.4065  val_AUPR_all=0.5997  val_AUPR_ab=0.7580  val_AUPR_ag=0.3798  val_P@5_ab=0.9000  val_P@10_ab=0.9500
  Saved best antibody-AUPR checkpoint: checkpoints_ab_aupr/iPara_l1_g8_i5_do0.10_dpr0.10_lr0.0002_heads16_fold1.pth  val_AUPR_ab=0.7580
Ep025  LR0=1.59e-04  pw=1.64  aucα=0.400  token_p=0.010  dropE=(0.010,0.050)  smooth=0.010  train_loss=0.2429  train_AUPR_all=0.7673  train_AUPR_ab=0.8212  train_AUPR_ag=0.6882  train_P@5_ab=1.0000  train_P@10_ab=1.0000  val_loss=0.4178  val_AUPR_all=0.5860  val_AUPR_ab=0.7407  val_AUPR_ag=0.3727  val_P@5_ab=0.8500  val_P@10_ab=0.9250
Ep026  LR0=1.56e-04  pw=1.57  aucα=0.400  token_p=0.010  dropE=(0.010,0.050)  smooth=0.010  train_loss=0.2330  train_AUPR_all=0.7761  train_AUPR_ab=0.8233  train_AUPR_ag=0.7080  train_P@5_ab=1.0000  train_P@10_ab=0.9750  val_loss=0.4071  val_AUPR_all=0.5959  val_AUPR_ab=0.7577  val_AUPR_ag=0.3700  val_P@5_ab=0.8500  val_P@10_ab=0.9250
Ep027  LR0=1.52e-04  pw=1.52  aucα=0.400  token_p=0.010  dropE=(0.010,0.050)  smooth=0.010  train_loss=0.2236  train_AUPR_all=0.7867  train_AUPR_ab=0.8359  train_AUPR_ag=0.7149  train_P@5_ab=1.0000  train_P@10_ab=1.0000  val_loss=0.4055  val_AUPR_all=0.6047  val_AUPR_ab=0.7628  val_AUPR_ag=0.3773  val_P@5_ab=0.9000  val_P@10_ab=0.9250
  Saved best antibody-AUPR checkpoint: checkpoints_ab_aupr/iPara_l1_g8_i5_do0.10_dpr0.10_lr0.0002_heads16_fold1.pth  val_AUPR_ab=0.7628
Ep028  LR0=1.49e-04  pw=1.47  aucα=0.400  token_p=0.010  dropE=(0.010,0.050)  smooth=0.010  train_loss=0.2137  train_AUPR_all=0.7973  train_AUPR_ab=0.8413  train_AUPR_ag=0.7337  train_P@5_ab=1.0000  train_P@10_ab=1.0000  val_loss=0.3949  val_AUPR_all=0.5929  val_AUPR_ab=0.7559  val_AUPR_ag=0.3649  val_P@5_ab=0.9500  val_P@10_ab=0.9500
Ep029  LR0=1.46e-04  pw=1.43  aucα=0.400  token_p=0.010  dropE=(0.010,0.050)  smooth=0.010  train_loss=0.2075  train_AUPR_all=0.8058  train_AUPR_ab=0.8513  train_AUPR_ag=0.7394  train_P@5_ab=1.0000  train_P@10_ab=1.0000  val_loss=0.4029  val_AUPR_all=0.5861  val_AUPR_ab=0.7567  val_AUPR_ag=0.3673  val_P@5_ab=0.9500  val_P@10_ab=0.9500
Ep030  LR0=1.42e-04  pw=1.39  aucα=0.400  token_p=0.010  dropE=(0.010,0.050)  smooth=0.010  train_loss=0.1974  train_AUPR_all=0.8162  train_AUPR_ab=0.8572  train_AUPR_ag=0.7569  train_P@5_ab=0.9500  train_P@10_ab=0.9750  val_loss=0.3995  val_AUPR_all=0.5893  val_AUPR_ab=0.7541  val_AUPR_ag=0.3662  val_P@5_ab=1.0000  val_P@10_ab=0.9500
Ep031  LR0=1.38e-04  pw=1.35  aucα=0.400  token_p=0.010  dropE=(0.010,0.050)  smooth=0.010  train_loss=0.1900  train_AUPR_all=0.8242  train_AUPR_ab=0.8643  train_AUPR_ag=0.7663  train_P@5_ab=1.0000  train_P@10_ab=1.0000  val_loss=0.3962  val_AUPR_all=0.5726  val_AUPR_ab=0.7487  val_AUPR_ag=0.3674  val_P@5_ab=0.9000  val_P@10_ab=0.9500
Ep032  LR0=1.35e-04  pw=1.32  aucα=0.400  token_p=0.010  dropE=(0.010,0.050)  smooth=0.010  train_loss=0.1838  train_AUPR_all=0.8327  train_AUPR_ab=0.8718  train_AUPR_ag=0.7759  train_P@5_ab=1.0000  train_P@10_ab=1.0000  val_loss=0.3975  val_AUPR_all=0.5864  val_AUPR_ab=0.7530  val_AUPR_ag=0.3622  val_P@5_ab=0.9000  val_P@10_ab=0.9250
Ep033  LR0=1.31e-04  pw=1.29  aucα=0.400  token_p=0.010  dropE=(0.010,0.050)  smooth=0.010  train_loss=0.1764  train_AUPR_all=0.8407  train_AUPR_ab=0.8793  train_AUPR_ag=0.7842  train_P@5_ab=1.0000  train_P@10_ab=1.0000  val_loss=0.4047  val_AUPR_all=0.5868  val_AUPR_ab=0.7521  val_AUPR_ag=0.3654  val_P@5_ab=0.9000  val_P@10_ab=0.9000
Ep034  LR0=1.27e-04  pw=1.26  aucα=0.400  token_p=0.010  dropE=(0.010,0.050)  smooth=0.010  train_loss=0.1709  train_AUPR_all=0.8471  train_AUPR_ab=0.8810  train_AUPR_ag=0.7983  train_P@5_ab=1.0000  train_P@10_ab=1.0000  val_loss=0.4177  val_AUPR_all=0.5629  val_AUPR_ab=0.7369  val_AUPR_ag=0.3263  val_P@5_ab=0.9500  val_P@10_ab=0.9250
Ep035  LR0=1.24e-04  pw=1.23  aucα=0.400  token_p=0.010  dropE=(0.010,0.050)  smooth=0.010  train_loss=0.1673  train_AUPR_all=0.8516  train_AUPR_ab=0.8837  train_AUPR_ag=0.8056  train_P@5_ab=1.0000  train_P@10_ab=1.0000  val_loss=0.3867  val_AUPR_all=0.5878  val_AUPR_ab=0.7572  val_AUPR_ag=0.3594  val_P@5_ab=0.9500  val_P@10_ab=0.9500
Ep036  LR0=1.20e-04  pw=1.21  aucα=0.400  token_p=0.010  dropE=(0.010,0.050)  smooth=0.010  train_loss=0.1589  train_AUPR_all=0.8624  train_AUPR_ab=0.8926  train_AUPR_ag=0.8190  train_P@5_ab=1.0000  train_P@10_ab=1.0000  val_loss=0.4136  val_AUPR_all=0.5598  val_AUPR_ab=0.7527  val_AUPR_ag=0.3377  val_P@5_ab=0.9000  val_P@10_ab=0.9000
Ep037  LR0=1.16e-04  pw=1.19  aucα=0.400  token_p=0.010  dropE=(0.010,0.050)  smooth=0.010  train_loss=0.1508  train_AUPR_all=0.8721  train_AUPR_ab=0.9016  train_AUPR_ag=0.8296  train_P@5_ab=1.0000  train_P@10_ab=1.0000  val_loss=0.3984  val_AUPR_all=0.5837  val_AUPR_ab=0.7570  val_AUPR_ag=0.3663  val_P@5_ab=0.9000  val_P@10_ab=0.9250
Ep038  LR0=1.12e-04  pw=1.17  aucα=0.400  token_p=0.010  dropE=(0.010,0.050)  smooth=0.010  train_loss=0.1453  train_AUPR_all=0.8784  train_AUPR_ab=0.9084  train_AUPR_ag=0.8347  train_P@5_ab=1.0000  train_P@10_ab=0.9750  val_loss=0.4050  val_AUPR_all=0.5938  val_AUPR_ab=0.7571  val_AUPR_ag=0.3684  val_P@5_ab=0.9000  val_P@10_ab=0.8750
Ep039  LR0=1.08e-04  pw=1.16  aucα=0.400  token_p=0.010  dropE=(0.010,0.050)  smooth=0.010  train_loss=0.1412  train_AUPR_all=0.8851  train_AUPR_ab=0.9134  train_AUPR_ag=0.8440  train_P@5_ab=1.0000  train_P@10_ab=1.0000  val_loss=0.3874  val_AUPR_all=0.5884  val_AUPR_ab=0.7599  val_AUPR_ag=0.3574  val_P@5_ab=0.9500  val_P@10_ab=0.9500
Ep040  LR0=1.04e-04  pw=1.14  aucα=0.400  token_p=0.010  dropE=(0.010,0.050)  smooth=0.010  train_loss=0.1361  train_AUPR_all=0.8910  train_AUPR_ab=0.9148  train_AUPR_ag=0.8570  train_P@5_ab=1.0000  train_P@10_ab=1.0000  val_loss=0.4137  val_AUPR_all=0.5526  val_AUPR_ab=0.7498  val_AUPR_ag=0.3322  val_P@5_ab=0.9500  val_P@10_ab=0.9500
Ep041  LR0=1.00e-04  pw=1.13  aucα=0.400  token_p=0.010  dropE=(0.010,0.050)  smooth=0.010  train_loss=0.1304  train_AUPR_all=0.8973  train_AUPR_ab=0.9225  train_AUPR_ag=0.8604  train_P@5_ab=0.9500  train_P@10_ab=0.9750  val_loss=0.4045  val_AUPR_all=0.5861  val_AUPR_ab=0.7549  val_AUPR_ag=0.3529  val_P@5_ab=0.9000  val_P@10_ab=0.9250
Ep042  LR0=9.63e-05  pw=1.12  aucα=0.400  token_p=0.010  dropE=(0.010,0.050)  smooth=0.010  train_loss=0.1290  train_AUPR_all=0.8999  train_AUPR_ab=0.9239  train_AUPR_ag=0.8653  train_P@5_ab=1.0000  train_P@10_ab=1.0000  val_loss=0.4027  val_AUPR_all=0.5694  val_AUPR_ab=0.7368  val_AUPR_ag=0.3390  val_P@5_ab=0.9500  val_P@10_ab=0.9000
Ep043  LR0=9.24e-05  pw=1.10  aucα=0.400  token_p=0.010  dropE=(0.010,0.050)  smooth=0.010  train_loss=0.1220  train_AUPR_all=0.9081  train_AUPR_ab=0.9314  train_AUPR_ag=0.8739  train_P@5_ab=1.0000  train_P@10_ab=1.0000  val_loss=0.4219  val_AUPR_all=0.5508  val_AUPR_ab=0.7447  val_AUPR_ag=0.3335  val_P@5_ab=1.0000  val_P@10_ab=0.9250
Ep044  LR0=8.85e-05  pw=1.09  aucα=0.400  token_p=0.010  dropE=(0.010,0.050)  smooth=0.010  train_loss=0.1223  train_AUPR_all=0.9071  train_AUPR_ab=0.9307  train_AUPR_ag=0.8723  train_P@5_ab=1.0000  train_P@10_ab=1.0000  val_loss=0.4023  val_AUPR_all=0.5832  val_AUPR_ab=0.7474  val_AUPR_ag=0.3510  val_P@5_ab=0.9000  val_P@10_ab=0.9500
Ep045  LR0=8.46e-05  pw=1.09  aucα=0.400  token_p=0.010  dropE=(0.010,0.050)  smooth=0.010  train_loss=0.1150  train_AUPR_all=0.9169  train_AUPR_ab=0.9383  train_AUPR_ag=0.8854  train_P@5_ab=1.0000  train_P@10_ab=1.0000  val_loss=0.4062  val_AUPR_all=0.5763  val_AUPR_ab=0.7475  val_AUPR_ag=0.3455  val_P@5_ab=0.9000  val_P@10_ab=0.9250
Early stopping at epoch 45. Best val_AUPR_ab=0.7628 at epoch 27.
Final saved checkpoint for fold 1: checkpoints_ab_aupr/iPara_l1_g8_i5_do0.10_dpr0.10_lr0.0002_heads16_fold1.pth
Best val_AUPR_ab=0.7628 at epoch 27

================================================================================
Fold 2/5
================================================================================
Train labels: valid=400834, pos=26650, neg=374184, ignore=696766, pos_frac=0.06649
Val labels: valid=99358, pos=6580, neg=92778, ignore=175842, pos_frac=0.06623
Initializing ClassificationModel with 8 GAT layers and residual connections...
Initializing MCModel with 8 GAT layers and 5 row attention layers (drop_path_rate=0.1)
Initializing CoreModel with 1 layers, drop_path_rate=0.1
Ep001  LR0=2.00e-04  pw=8.00  aucα=0.000  token_p=0.010  dropE=(0.010,0.050)  smooth=0.010  train_loss=0.6804  train_AUPR_all=0.3195  train_AUPR_ab=0.3965  train_AUPR_ag=0.2164  train_P@5_ab=0.5500  train_P@10_ab=0.5500  val_loss=0.7662  val_AUPR_all=0.4665  val_AUPR_ab=0.5531  val_AUPR_ag=0.3158  val_P@5_ab=0.9000  val_P@10_ab=0.8250
  Saved best antibody-AUPR checkpoint: checkpoints_ab_aupr/iPara_l1_g8_i5_do0.10_dpr0.10_lr0.0002_heads16_fold2.pth  val_AUPR_ab=0.5531
Ep002  LR0=2.00e-04  pw=7.33  aucα=0.000  token_p=0.010  dropE=(0.010,0.050)  smooth=0.010  train_loss=0.5107  train_AUPR_all=0.4283  train_AUPR_ab=0.5261  train_AUPR_ag=0.2738  train_P@5_ab=0.8000  train_P@10_ab=0.8500  val_loss=0.7592  val_AUPR_all=0.5079  val_AUPR_ab=0.5928  val_AUPR_ag=0.3524  val_P@5_ab=0.8500  val_P@10_ab=0.8500
  Saved best antibody-AUPR checkpoint: checkpoints_ab_aupr/iPara_l1_g8_i5_do0.10_dpr0.10_lr0.0002_heads16_fold2.pth  val_AUPR_ab=0.5928
Ep003  LR0=2.00e-04  pw=6.73  aucα=0.000  token_p=0.010  dropE=(0.010,0.050)  smooth=0.010  train_loss=0.4512  train_AUPR_all=0.4870  train_AUPR_ab=0.5844  train_AUPR_ag=0.3235  train_P@5_ab=0.8500  train_P@10_ab=0.8500  val_loss=0.6622  val_AUPR_all=0.5349  val_AUPR_ab=0.6236  val_AUPR_ag=0.3671  val_P@5_ab=0.7500  val_P@10_ab=0.8500
  Saved best antibody-AUPR checkpoint: checkpoints_ab_aupr/iPara_l1_g8_i5_do0.10_dpr0.10_lr0.0002_heads16_fold2.pth  val_AUPR_ab=0.6236
Ep004  LR0=1.99e-04  pw=6.19  aucα=0.000  token_p=0.010  dropE=(0.010,0.050)  smooth=0.010  train_loss=0.4213  train_AUPR_all=0.5060  train_AUPR_ab=0.6066  train_AUPR_ag=0.3352  train_P@5_ab=0.7500  train_P@10_ab=0.8750  val_loss=0.6200  val_AUPR_all=0.5498  val_AUPR_ab=0.6394  val_AUPR_ag=0.3752  val_P@5_ab=0.8500  val_P@10_ab=0.8500
  Saved best antibody-AUPR checkpoint: checkpoints_ab_aupr/iPara_l1_g8_i5_do0.10_dpr0.10_lr0.0002_heads16_fold2.pth  val_AUPR_ab=0.6394
Ep005  LR0=1.99e-04  pw=5.69  aucα=0.000  token_p=0.010  dropE=(0.010,0.050)  smooth=0.010  train_loss=0.3919  train_AUPR_all=0.5347  train_AUPR_ab=0.6380  train_AUPR_ag=0.3588  train_P@5_ab=0.8500  train_P@10_ab=0.9250  val_loss=0.5918  val_AUPR_all=0.5581  val_AUPR_ab=0.6574  val_AUPR_ag=0.3884  val_P@5_ab=0.8500  val_P@10_ab=0.8250
  Saved best antibody-AUPR checkpoint: checkpoints_ab_aupr/iPara_l1_g8_i5_do0.10_dpr0.10_lr0.0002_heads16_fold2.pth  val_AUPR_ab=0.6574
Ep006  LR0=1.98e-04  pw=5.25  aucα=0.000  token_p=0.010  dropE=(0.010,0.050)  smooth=0.010  train_loss=0.3696  train_AUPR_all=0.5447  train_AUPR_ab=0.6472  train_AUPR_ag=0.3732  train_P@5_ab=0.9000  train_P@10_ab=0.9000  val_loss=0.5628  val_AUPR_all=0.5691  val_AUPR_ab=0.6660  val_AUPR_ag=0.3959  val_P@5_ab=0.8000  val_P@10_ab=0.8500
  Saved best antibody-AUPR checkpoint: checkpoints_ab_aupr/iPara_l1_g8_i5_do0.10_dpr0.10_lr0.0002_heads16_fold2.pth  val_AUPR_ab=0.6660
Ep007  LR0=1.97e-04  pw=4.84  aucα=0.000  token_p=0.010  dropE=(0.010,0.050)  smooth=0.010  train_loss=0.3462  train_AUPR_all=0.5540  train_AUPR_ab=0.6565  train_AUPR_ag=0.3821  train_P@5_ab=0.9000  train_P@10_ab=0.9500  val_loss=0.5637  val_AUPR_all=0.5785  val_AUPR_ab=0.6868  val_AUPR_ag=0.3956  val_P@5_ab=0.8500  val_P@10_ab=0.8250
  Saved best antibody-AUPR checkpoint: checkpoints_ab_aupr/iPara_l1_g8_i5_do0.10_dpr0.10_lr0.0002_heads16_fold2.pth  val_AUPR_ab=0.6868
Ep008  LR0=1.96e-04  pw=4.48  aucα=0.000  token_p=0.010  dropE=(0.010,0.050)  smooth=0.010  train_loss=0.3225  train_AUPR_all=0.5781  train_AUPR_ab=0.6884  train_AUPR_ag=0.3958  train_P@5_ab=1.0000  train_P@10_ab=1.0000  val_loss=0.5474  val_AUPR_all=0.5828  val_AUPR_ab=0.6878  val_AUPR_ag=0.3992  val_P@5_ab=0.8500  val_P@10_ab=0.8500
  Saved best antibody-AUPR checkpoint: checkpoints_ab_aupr/iPara_l1_g8_i5_do0.10_dpr0.10_lr0.0002_heads16_fold2.pth  val_AUPR_ab=0.6878
Ep009  LR0=1.95e-04  pw=4.15  aucα=0.000  token_p=0.010  dropE=(0.010,0.050)  smooth=0.010  train_loss=0.3073  train_AUPR_all=0.5792  train_AUPR_ab=0.6821  train_AUPR_ag=0.4062  train_P@5_ab=0.9000  train_P@10_ab=0.9500  val_loss=0.5354  val_AUPR_all=0.5902  val_AUPR_ab=0.6975  val_AUPR_ag=0.4074  val_P@5_ab=0.9500  val_P@10_ab=0.8750
  Saved best antibody-AUPR checkpoint: checkpoints_ab_aupr/iPara_l1_g8_i5_do0.10_dpr0.10_lr0.0002_heads16_fold2.pth  val_AUPR_ab=0.6975
Ep010  LR0=1.94e-04  pw=3.85  aucα=0.040  token_p=0.010  dropE=(0.010,0.050)  smooth=0.010  train_loss=0.3060  train_AUPR_all=0.5946  train_AUPR_ab=0.6967  train_AUPR_ag=0.4251  train_P@5_ab=0.9000  train_P@10_ab=0.9500  val_loss=0.5054  val_AUPR_all=0.6033  val_AUPR_ab=0.7131  val_AUPR_ag=0.4178  val_P@5_ab=0.8000  val_P@10_ab=0.8500
  Saved best antibody-AUPR checkpoint: checkpoints_ab_aupr/iPara_l1_g8_i5_do0.10_dpr0.10_lr0.0002_heads16_fold2.pth  val_AUPR_ab=0.7131
Unfreezing DyM parameters.
Ep011  LR0=1.92e-04  pw=3.58  aucα=0.080  token_p=0.010  dropE=(0.010,0.050)  smooth=0.010  train_loss=0.3109  train_AUPR_all=0.6015  train_AUPR_ab=0.7042  train_AUPR_ag=0.4277  train_P@5_ab=0.9500  train_P@10_ab=0.9750  val_loss=0.4936  val_AUPR_all=0.5941  val_AUPR_ab=0.7120  val_AUPR_ag=0.4116  val_P@5_ab=0.8500  val_P@10_ab=0.9000
Ep012  LR0=1.91e-04  pw=3.33  aucα=0.120  token_p=0.010  dropE=(0.010,0.050)  smooth=0.010  train_loss=0.3125  train_AUPR_all=0.6142  train_AUPR_ab=0.7224  train_AUPR_ag=0.4378  train_P@5_ab=0.9500  train_P@10_ab=0.9750  val_loss=0.4967  val_AUPR_all=0.5947  val_AUPR_ab=0.7180  val_AUPR_ag=0.4009  val_P@5_ab=0.8500  val_P@10_ab=0.9250
  Saved best antibody-AUPR checkpoint: checkpoints_ab_aupr/iPara_l1_g8_i5_do0.10_dpr0.10_lr0.0002_heads16_fold2.pth  val_AUPR_ab=0.7180
Ep013  LR0=1.89e-04  pw=3.11  aucα=0.160  token_p=0.010  dropE=(0.010,0.050)  smooth=0.010  train_loss=0.3173  train_AUPR_all=0.6179  train_AUPR_ab=0.7236  train_AUPR_ag=0.4467  train_P@5_ab=0.9000  train_P@10_ab=0.9500  val_loss=0.4519  val_AUPR_all=0.6036  val_AUPR_ab=0.7258  val_AUPR_ag=0.4055  val_P@5_ab=0.7500  val_P@10_ab=0.8250
  Saved best antibody-AUPR checkpoint: checkpoints_ab_aupr/iPara_l1_g8_i5_do0.10_dpr0.10_lr0.0002_heads16_fold2.pth  val_AUPR_ab=0.7258
Ep014  LR0=1.87e-04  pw=2.91  aucα=0.200  token_p=0.010  dropE=(0.010,0.050)  smooth=0.010  train_loss=0.3170  train_AUPR_all=0.6304  train_AUPR_ab=0.7330  train_AUPR_ag=0.4641  train_P@5_ab=1.0000  train_P@10_ab=0.9750  val_loss=0.4606  val_AUPR_all=0.5909  val_AUPR_ab=0.7126  val_AUPR_ag=0.4053  val_P@5_ab=0.8500  val_P@10_ab=0.8250
Ep015  LR0=1.85e-04  pw=2.73  aucα=0.240  token_p=0.010  dropE=(0.010,0.050)  smooth=0.010  train_loss=0.3221  train_AUPR_all=0.6388  train_AUPR_ab=0.7434  train_AUPR_ag=0.4711  train_P@5_ab=1.0000  train_P@10_ab=0.9500  val_loss=0.4290  val_AUPR_all=0.6101  val_AUPR_ab=0.7287  val_AUPR_ag=0.4175  val_P@5_ab=0.9000  val_P@10_ab=0.8500
  Saved best antibody-AUPR checkpoint: checkpoints_ab_aupr/iPara_l1_g8_i5_do0.10_dpr0.10_lr0.0002_heads16_fold2.pth  val_AUPR_ab=0.7287
Ep016  LR0=1.83e-04  pw=2.56  aucα=0.280  token_p=0.010  dropE=(0.010,0.050)  smooth=0.010  train_loss=0.3243  train_AUPR_all=0.6500  train_AUPR_ab=0.7471  train_AUPR_ag=0.4968  train_P@5_ab=1.0000  train_P@10_ab=1.0000  val_loss=0.4323  val_AUPR_all=0.6032  val_AUPR_ab=0.7341  val_AUPR_ag=0.4012  val_P@5_ab=0.9000  val_P@10_ab=0.9250
  Saved best antibody-AUPR checkpoint: checkpoints_ab_aupr/iPara_l1_g8_i5_do0.10_dpr0.10_lr0.0002_heads16_fold2.pth  val_AUPR_ab=0.7341
Ep017  LR0=1.81e-04  pw=2.41  aucα=0.320  token_p=0.010  dropE=(0.010,0.050)  smooth=0.010  train_loss=0.3236  train_AUPR_all=0.6620  train_AUPR_ab=0.7571  train_AUPR_ag=0.5128  train_P@5_ab=1.0000  train_P@10_ab=0.9750  val_loss=0.4078  val_AUPR_all=0.6090  val_AUPR_ab=0.7360  val_AUPR_ag=0.3978  val_P@5_ab=0.9000  val_P@10_ab=0.9000
  Saved best antibody-AUPR checkpoint: checkpoints_ab_aupr/iPara_l1_g8_i5_do0.10_dpr0.10_lr0.0002_heads16_fold2.pth  val_AUPR_ab=0.7360
Ep018  LR0=1.79e-04  pw=2.28  aucα=0.360  token_p=0.010  dropE=(0.010,0.050)  smooth=0.010  train_loss=0.3308  train_AUPR_all=0.6659  train_AUPR_ab=0.7622  train_AUPR_ag=0.5132  train_P@5_ab=1.0000  train_P@10_ab=1.0000  val_loss=0.4197  val_AUPR_all=0.6067  val_AUPR_ab=0.7411  val_AUPR_ag=0.4070  val_P@5_ab=0.9000  val_P@10_ab=0.9000
  Saved best antibody-AUPR checkpoint: checkpoints_ab_aupr/iPara_l1_g8_i5_do0.10_dpr0.10_lr0.0002_heads16_fold2.pth  val_AUPR_ab=0.7411
Ep019  LR0=1.76e-04  pw=2.16  aucα=0.400  token_p=0.010  dropE=(0.010,0.050)  smooth=0.010  train_loss=0.3260  train_AUPR_all=0.6844  train_AUPR_ab=0.7709  train_AUPR_ag=0.5505  train_P@5_ab=0.9500  train_P@10_ab=0.9750  val_loss=0.4168  val_AUPR_all=0.5992  val_AUPR_ab=0.7394  val_AUPR_ag=0.4070  val_P@5_ab=0.8500  val_P@10_ab=0.9000
Ep020  LR0=1.73e-04  pw=2.05  aucα=0.400  token_p=0.010  dropE=(0.010,0.050)  smooth=0.010  train_loss=0.3120  train_AUPR_all=0.6971  train_AUPR_ab=0.7780  train_AUPR_ag=0.5743  train_P@5_ab=1.0000  train_P@10_ab=1.0000  val_loss=0.3967  val_AUPR_all=0.6075  val_AUPR_ab=0.7341  val_AUPR_ag=0.4206  val_P@5_ab=0.9000  val_P@10_ab=0.8750
Ep021  LR0=1.71e-04  pw=1.95  aucα=0.400  token_p=0.010  dropE=(0.010,0.050)  smooth=0.010  train_loss=0.2981  train_AUPR_all=0.7091  train_AUPR_ab=0.7839  train_AUPR_ag=0.5970  train_P@5_ab=1.0000  train_P@10_ab=0.9750  val_loss=0.3993  val_AUPR_all=0.6111  val_AUPR_ab=0.7410  val_AUPR_ag=0.4065  val_P@5_ab=0.9500  val_P@10_ab=0.9500
Ep022  LR0=1.68e-04  pw=1.86  aucα=0.400  token_p=0.010  dropE=(0.010,0.050)  smooth=0.010  train_loss=0.2836  train_AUPR_all=0.7247  train_AUPR_ab=0.7953  train_AUPR_ag=0.6196  train_P@5_ab=1.0000  train_P@10_ab=0.9500  val_loss=0.4147  val_AUPR_all=0.5978  val_AUPR_ab=0.7410  val_AUPR_ag=0.3977  val_P@5_ab=0.9000  val_P@10_ab=0.9500
Ep023  LR0=1.65e-04  pw=1.78  aucα=0.400  token_p=0.010  dropE=(0.010,0.050)  smooth=0.010  train_loss=0.2720  train_AUPR_all=0.7345  train_AUPR_ab=0.8014  train_AUPR_ag=0.6364  train_P@5_ab=1.0000  train_P@10_ab=1.0000  val_loss=0.3850  val_AUPR_all=0.6200  val_AUPR_ab=0.7488  val_AUPR_ag=0.4199  val_P@5_ab=0.8500  val_P@10_ab=0.9250
  Saved best antibody-AUPR checkpoint: checkpoints_ab_aupr/iPara_l1_g8_i5_do0.10_dpr0.10_lr0.0002_heads16_fold2.pth  val_AUPR_ab=0.7488
Ep024  LR0=1.62e-04  pw=1.70  aucα=0.400  token_p=0.010  dropE=(0.010,0.050)  smooth=0.010  train_loss=0.2600  train_AUPR_all=0.7455  train_AUPR_ab=0.8107  train_AUPR_ag=0.6500  train_P@5_ab=0.9500  train_P@10_ab=0.9500  val_loss=0.3920  val_AUPR_all=0.5950  val_AUPR_ab=0.7457  val_AUPR_ag=0.3753  val_P@5_ab=1.0000  val_P@10_ab=0.9250
Ep025  LR0=1.59e-04  pw=1.64  aucα=0.400  token_p=0.010  dropE=(0.010,0.050)  smooth=0.010  train_loss=0.2524  train_AUPR_all=0.7530  train_AUPR_ab=0.8117  train_AUPR_ag=0.6680  train_P@5_ab=1.0000  train_P@10_ab=1.0000  val_loss=0.4025  val_AUPR_all=0.6003  val_AUPR_ab=0.7537  val_AUPR_ag=0.3687  val_P@5_ab=0.9500  val_P@10_ab=0.9750
  Saved best antibody-AUPR checkpoint: checkpoints_ab_aupr/iPara_l1_g8_i5_do0.10_dpr0.10_lr0.0002_heads16_fold2.pth  val_AUPR_ab=0.7537
Ep026  LR0=1.56e-04  pw=1.57  aucα=0.400  token_p=0.010  dropE=(0.010,0.050)  smooth=0.010  train_loss=0.2422  train_AUPR_all=0.7651  train_AUPR_ab=0.8205  train_AUPR_ag=0.6857  train_P@5_ab=1.0000  train_P@10_ab=1.0000  val_loss=0.4040  val_AUPR_all=0.6015  val_AUPR_ab=0.7543  val_AUPR_ag=0.3974  val_P@5_ab=0.9500  val_P@10_ab=0.9500
  Saved best antibody-AUPR checkpoint: checkpoints_ab_aupr/iPara_l1_g8_i5_do0.10_dpr0.10_lr0.0002_heads16_fold2.pth  val_AUPR_ab=0.7543
Ep027  LR0=1.52e-04  pw=1.52  aucα=0.400  token_p=0.010  dropE=(0.010,0.050)  smooth=0.010  train_loss=0.2302  train_AUPR_all=0.7804  train_AUPR_ab=0.8349  train_AUPR_ag=0.7019  train_P@5_ab=1.0000  train_P@10_ab=1.0000  val_loss=0.3793  val_AUPR_all=0.6077  val_AUPR_ab=0.7549  val_AUPR_ag=0.4082  val_P@5_ab=1.0000  val_P@10_ab=0.9500
  Saved best antibody-AUPR checkpoint: checkpoints_ab_aupr/iPara_l1_g8_i5_do0.10_dpr0.10_lr0.0002_heads16_fold2.pth  val_AUPR_ab=0.7549
Ep028  LR0=1.49e-04  pw=1.47  aucα=0.400  token_p=0.010  dropE=(0.010,0.050)  smooth=0.010  train_loss=0.2170  train_AUPR_all=0.7970  train_AUPR_ab=0.8423  train_AUPR_ag=0.7330  train_P@5_ab=1.0000  train_P@10_ab=1.0000  val_loss=0.3972  val_AUPR_all=0.5985  val_AUPR_ab=0.7508  val_AUPR_ag=0.3888  val_P@5_ab=0.9500  val_P@10_ab=0.9500
Ep029  LR0=1.46e-04  pw=1.43  aucα=0.400  token_p=0.010  dropE=(0.010,0.050)  smooth=0.010  train_loss=0.2144  train_AUPR_all=0.7968  train_AUPR_ab=0.8420  train_AUPR_ag=0.7330  train_P@5_ab=1.0000  train_P@10_ab=1.0000  val_loss=0.3796  val_AUPR_all=0.6110  val_AUPR_ab=0.7530  val_AUPR_ag=0.4074  val_P@5_ab=0.9000  val_P@10_ab=0.9250
Ep030  LR0=1.42e-04  pw=1.39  aucα=0.400  token_p=0.010  dropE=(0.010,0.050)  smooth=0.010  train_loss=0.2066  train_AUPR_all=0.8052  train_AUPR_ab=0.8515  train_AUPR_ag=0.7393  train_P@5_ab=1.0000  train_P@10_ab=0.9500  val_loss=0.3910  val_AUPR_all=0.6003  val_AUPR_ab=0.7560  val_AUPR_ag=0.3956  val_P@5_ab=1.0000  val_P@10_ab=0.9500
  Saved best antibody-AUPR checkpoint: checkpoints_ab_aupr/iPara_l1_g8_i5_do0.10_dpr0.10_lr0.0002_heads16_fold2.pth  val_AUPR_ab=0.7560
Ep031  LR0=1.38e-04  pw=1.35  aucα=0.400  token_p=0.010  dropE=(0.010,0.050)  smooth=0.010  train_loss=0.1986  train_AUPR_all=0.8144  train_AUPR_ab=0.8575  train_AUPR_ag=0.7534  train_P@5_ab=1.0000  train_P@10_ab=1.0000  val_loss=0.3850  val_AUPR_all=0.5930  val_AUPR_ab=0.7530  val_AUPR_ag=0.3892  val_P@5_ab=0.9500  val_P@10_ab=0.9750
Ep032  LR0=1.35e-04  pw=1.32  aucα=0.400  token_p=0.010  dropE=(0.010,0.050)  smooth=0.010  train_loss=0.1897  train_AUPR_all=0.8243  train_AUPR_ab=0.8629  train_AUPR_ag=0.7702  train_P@5_ab=1.0000  train_P@10_ab=1.0000  val_loss=0.3764  val_AUPR_all=0.6116  val_AUPR_ab=0.7544  val_AUPR_ag=0.4138  val_P@5_ab=0.9500  val_P@10_ab=0.9750
Ep033  LR0=1.31e-04  pw=1.29  aucα=0.400  token_p=0.010  dropE=(0.010,0.050)  smooth=0.010  train_loss=0.1814  train_AUPR_all=0.8365  train_AUPR_ab=0.8756  train_AUPR_ag=0.7809  train_P@5_ab=1.0000  train_P@10_ab=1.0000  val_loss=0.3835  val_AUPR_all=0.5907  val_AUPR_ab=0.7541  val_AUPR_ag=0.3963  val_P@5_ab=0.9500  val_P@10_ab=0.9750
Ep034  LR0=1.27e-04  pw=1.26  aucα=0.400  token_p=0.010  dropE=(0.010,0.050)  smooth=0.010  train_loss=0.1742  train_AUPR_all=0.8439  train_AUPR_ab=0.8803  train_AUPR_ag=0.7923  train_P@5_ab=1.0000  train_P@10_ab=1.0000  val_loss=0.3805  val_AUPR_all=0.6037  val_AUPR_ab=0.7534  val_AUPR_ag=0.3897  val_P@5_ab=1.0000  val_P@10_ab=0.9500
Ep035  LR0=1.24e-04  pw=1.23  aucα=0.400  token_p=0.010  dropE=(0.010,0.050)  smooth=0.010  train_loss=0.1679  train_AUPR_all=0.8520  train_AUPR_ab=0.8862  train_AUPR_ag=0.8038  train_P@5_ab=1.0000  train_P@10_ab=1.0000  val_loss=0.3722  val_AUPR_all=0.6024  val_AUPR_ab=0.7497  val_AUPR_ag=0.3963  val_P@5_ab=0.9500  val_P@10_ab=0.9500
Ep036  LR0=1.20e-04  pw=1.21  aucα=0.400  token_p=0.010  dropE=(0.010,0.050)  smooth=0.010  train_loss=0.1663  train_AUPR_all=0.8539  train_AUPR_ab=0.8876  train_AUPR_ag=0.8061  train_P@5_ab=1.0000  train_P@10_ab=1.0000  val_loss=0.3806  val_AUPR_all=0.5855  val_AUPR_ab=0.7423  val_AUPR_ag=0.4028  val_P@5_ab=1.0000  val_P@10_ab=0.9750
Ep037  LR0=1.16e-04  pw=1.19  aucα=0.400  token_p=0.010  dropE=(0.010,0.050)  smooth=0.010  train_loss=0.1576  train_AUPR_all=0.8656  train_AUPR_ab=0.8968  train_AUPR_ag=0.8215  train_P@5_ab=1.0000  train_P@10_ab=1.0000  val_loss=0.3758  val_AUPR_all=0.5983  val_AUPR_ab=0.7527  val_AUPR_ag=0.3883  val_P@5_ab=0.9500  val_P@10_ab=0.9250
Ep038  LR0=1.12e-04  pw=1.17  aucα=0.400  token_p=0.010  dropE=(0.010,0.050)  smooth=0.010  train_loss=0.1508  train_AUPR_all=0.8733  train_AUPR_ab=0.9019  train_AUPR_ag=0.8327  train_P@5_ab=1.0000  train_P@10_ab=1.0000  val_loss=0.3930  val_AUPR_all=0.5897  val_AUPR_ab=0.7549  val_AUPR_ag=0.3635  val_P@5_ab=1.0000  val_P@10_ab=0.9500
Ep039  LR0=1.08e-04  pw=1.16  aucα=0.400  token_p=0.010  dropE=(0.010,0.050)  smooth=0.010  train_loss=0.1464  train_AUPR_all=0.8792  train_AUPR_ab=0.9086  train_AUPR_ag=0.8374  train_P@5_ab=1.0000  train_P@10_ab=1.0000  val_loss=0.4001  val_AUPR_all=0.5817  val_AUPR_ab=0.7386  val_AUPR_ag=0.3749  val_P@5_ab=1.0000  val_P@10_ab=0.9750
Ep040  LR0=1.04e-04  pw=1.14  aucα=0.400  token_p=0.010  dropE=(0.010,0.050)  smooth=0.010  train_loss=0.1397  train_AUPR_all=0.8861  train_AUPR_ab=0.9139  train_AUPR_ag=0.8468  train_P@5_ab=1.0000  train_P@10_ab=1.0000  val_loss=0.3984  val_AUPR_all=0.5832  val_AUPR_ab=0.7405  val_AUPR_ag=0.3674  val_P@5_ab=1.0000  val_P@10_ab=0.9500
Ep041  LR0=1.00e-04  pw=1.13  aucα=0.400  token_p=0.010  dropE=(0.010,0.050)  smooth=0.010  train_loss=0.1365  train_AUPR_all=0.8909  train_AUPR_ab=0.9176  train_AUPR_ag=0.8529  train_P@5_ab=1.0000  train_P@10_ab=1.0000  val_loss=0.3844  val_AUPR_all=0.6062  val_AUPR_ab=0.7534  val_AUPR_ag=0.3987  val_P@5_ab=0.9500  val_P@10_ab=0.9750
Ep042  LR0=9.63e-05  pw=1.12  aucα=0.400  token_p=0.010  dropE=(0.010,0.050)  smooth=0.010  train_loss=0.1349  train_AUPR_all=0.8929  train_AUPR_ab=0.9186  train_AUPR_ag=0.8565  train_P@5_ab=1.0000  train_P@10_ab=1.0000  val_loss=0.4039  val_AUPR_all=0.5815  val_AUPR_ab=0.7495  val_AUPR_ag=0.3629  val_P@5_ab=1.0000  val_P@10_ab=0.9500
Ep043  LR0=9.24e-05  pw=1.10  aucα=0.400  token_p=0.010  dropE=(0.010,0.050)  smooth=0.010  train_loss=0.1301  train_AUPR_all=0.8985  train_AUPR_ab=0.9244  train_AUPR_ag=0.8609  train_P@5_ab=1.0000  train_P@10_ab=1.0000  val_loss=0.3979  val_AUPR_all=0.5802  val_AUPR_ab=0.7472  val_AUPR_ag=0.3727  val_P@5_ab=0.9500  val_P@10_ab=0.9750
Ep044  LR0=8.85e-05  pw=1.09  aucα=0.400  token_p=0.010  dropE=(0.010,0.050)  smooth=0.010  train_loss=0.1250  train_AUPR_all=0.9050  train_AUPR_ab=0.9271  train_AUPR_ag=0.8738  train_P@5_ab=1.0000  train_P@10_ab=1.0000  val_loss=0.3894  val_AUPR_all=0.5837  val_AUPR_ab=0.7433  val_AUPR_ag=0.3742  val_P@5_ab=1.0000  val_P@10_ab=0.9750
Ep045  LR0=8.46e-05  pw=1.09  aucα=0.400  token_p=0.010  dropE=(0.010,0.050)  smooth=0.010  train_loss=0.1215  train_AUPR_all=0.9092  train_AUPR_ab=0.9324  train_AUPR_ag=0.8759  train_P@5_ab=1.0000  train_P@10_ab=1.0000  val_loss=0.3880  val_AUPR_all=0.5837  val_AUPR_ab=0.7312  val_AUPR_ag=0.3852  val_P@5_ab=0.9000  val_P@10_ab=0.9500
Ep046  LR0=8.08e-05  pw=1.08  aucα=0.400  token_p=0.010  dropE=(0.010,0.050)  smooth=0.010  train_loss=0.1149  train_AUPR_all=0.9176  train_AUPR_ab=0.9379  train_AUPR_ag=0.8885  train_P@5_ab=1.0000  train_P@10_ab=1.0000  val_loss=0.3982  val_AUPR_all=0.5883  val_AUPR_ab=0.7465  val_AUPR_ag=0.3697  val_P@5_ab=0.9500  val_P@10_ab=0.9500
Ep047  LR0=7.70e-05  pw=1.07  aucα=0.400  token_p=0.010  dropE=(0.010,0.050)  smooth=0.010  train_loss=0.1141  train_AUPR_all=0.9182  train_AUPR_ab=0.9378  train_AUPR_ag=0.8901  train_P@5_ab=1.0000  train_P@10_ab=1.0000  val_loss=0.3950  val_AUPR_all=0.5836  val_AUPR_ab=0.7509  val_AUPR_ag=0.3611  val_P@5_ab=0.9500  val_P@10_ab=0.9750
Ep048  LR0=7.32e-05  pw=1.06  aucα=0.400  token_p=0.010  dropE=(0.010,0.050)  smooth=0.010  train_loss=0.1110  train_AUPR_all=0.9216  train_AUPR_ab=0.9406  train_AUPR_ag=0.8944  train_P@5_ab=1.0000  train_P@10_ab=1.0000  val_loss=0.3976  val_AUPR_all=0.5768  val_AUPR_ab=0.7312  val_AUPR_ag=0.3785  val_P@5_ab=0.9500  val_P@10_ab=0.9750
Early stopping at epoch 48. Best val_AUPR_ab=0.7560 at epoch 30.
Final saved checkpoint for fold 2: checkpoints_ab_aupr/iPara_l1_g8_i5_do0.10_dpr0.10_lr0.0002_heads16_fold2.pth
Best val_AUPR_ab=0.7560 at epoch 30

================================================================================
Fold 3/5
================================================================================
Train labels: valid=401949, pos=26660, neg=375289, ignore=695651, pos_frac=0.06633
Val labels: valid=98243, pos=6570, neg=91673, ignore=176957, pos_frac=0.06687
Initializing ClassificationModel with 8 GAT layers and residual connections...
Initializing MCModel with 8 GAT layers and 5 row attention layers (drop_path_rate=0.1)
Initializing CoreModel with 1 layers, drop_path_rate=0.1
Ep001  LR0=2.00e-04  pw=8.00  aucα=0.000  token_p=0.010  dropE=(0.010,0.050)  smooth=0.010  train_loss=0.7234  train_AUPR_all=0.2596  train_AUPR_ab=0.3199  train_AUPR_ag=0.1810  train_P@5_ab=0.8500  train_P@10_ab=0.7750  val_loss=0.7987  val_AUPR_all=0.4691  val_AUPR_ab=0.5253  val_AUPR_ag=0.3428  val_P@5_ab=0.6500  val_P@10_ab=0.6000
  Saved best antibody-AUPR checkpoint: checkpoints_ab_aupr/iPara_l1_g8_i5_do0.10_dpr0.10_lr0.0002_heads16_fold3.pth  val_AUPR_ab=0.5253
Ep002  LR0=2.00e-04  pw=7.33  aucα=0.000  token_p=0.010  dropE=(0.010,0.050)  smooth=0.010  train_loss=0.5001  train_AUPR_all=0.4312  train_AUPR_ab=0.5184  train_AUPR_ag=0.2881  train_P@5_ab=0.7500  train_P@10_ab=0.7750  val_loss=0.7396  val_AUPR_all=0.4973  val_AUPR_ab=0.5667  val_AUPR_ag=0.3652  val_P@5_ab=0.8500  val_P@10_ab=0.8250
  Saved best antibody-AUPR checkpoint: checkpoints_ab_aupr/iPara_l1_g8_i5_do0.10_dpr0.10_lr0.0002_heads16_fold3.pth  val_AUPR_ab=0.5667
Ep003  LR0=2.00e-04  pw=6.73  aucα=0.000  token_p=0.010  dropE=(0.010,0.050)  smooth=0.010  train_loss=0.4536  train_AUPR_all=0.4791  train_AUPR_ab=0.5728  train_AUPR_ag=0.3203  train_P@5_ab=0.9000  train_P@10_ab=0.8250  val_loss=0.6742  val_AUPR_all=0.5484  val_AUPR_ab=0.6450  val_AUPR_ag=0.3765  val_P@5_ab=0.8000  val_P@10_ab=0.8750
  Saved best antibody-AUPR checkpoint: checkpoints_ab_aupr/iPara_l1_g8_i5_do0.10_dpr0.10_lr0.0002_heads16_fold3.pth  val_AUPR_ab=0.6450
Ep004  LR0=1.99e-04  pw=6.19  aucα=0.000  token_p=0.010  dropE=(0.010,0.050)  smooth=0.010  train_loss=0.4225  train_AUPR_all=0.5094  train_AUPR_ab=0.6125  train_AUPR_ag=0.3324  train_P@5_ab=0.8500  train_P@10_ab=0.7250  val_loss=0.6682  val_AUPR_all=0.5502  val_AUPR_ab=0.6603  val_AUPR_ag=0.3806  val_P@5_ab=0.9500  val_P@10_ab=0.9750
  Saved best antibody-AUPR checkpoint: checkpoints_ab_aupr/iPara_l1_g8_i5_do0.10_dpr0.10_lr0.0002_heads16_fold3.pth  val_AUPR_ab=0.6603
Ep005  LR0=1.99e-04  pw=5.69  aucα=0.000  token_p=0.010  dropE=(0.010,0.050)  smooth=0.010  train_loss=0.3916  train_AUPR_all=0.5318  train_AUPR_ab=0.6293  train_AUPR_ag=0.3641  train_P@5_ab=0.9000  train_P@10_ab=0.8750  val_loss=0.5752  val_AUPR_all=0.5717  val_AUPR_ab=0.6817  val_AUPR_ag=0.3820  val_P@5_ab=1.0000  val_P@10_ab=1.0000
  Saved best antibody-AUPR checkpoint: checkpoints_ab_aupr/iPara_l1_g8_i5_do0.10_dpr0.10_lr0.0002_heads16_fold3.pth  val_AUPR_ab=0.6817
Ep006  LR0=1.98e-04  pw=5.25  aucα=0.000  token_p=0.010  dropE=(0.010,0.050)  smooth=0.010  train_loss=0.3639  train_AUPR_all=0.5506  train_AUPR_ab=0.6594  train_AUPR_ag=0.3665  train_P@5_ab=0.9500  train_P@10_ab=0.9500  val_loss=0.5769  val_AUPR_all=0.5837  val_AUPR_ab=0.7023  val_AUPR_ag=0.3780  val_P@5_ab=0.9500  val_P@10_ab=0.9500
  Saved best antibody-AUPR checkpoint: checkpoints_ab_aupr/iPara_l1_g8_i5_do0.10_dpr0.10_lr0.0002_heads16_fold3.pth  val_AUPR_ab=0.7023
Ep007  LR0=1.97e-04  pw=4.84  aucα=0.000  token_p=0.010  dropE=(0.010,0.050)  smooth=0.010  train_loss=0.3441  train_AUPR_all=0.5557  train_AUPR_ab=0.6615  train_AUPR_ag=0.3779  train_P@5_ab=0.9500  train_P@10_ab=0.9500  val_loss=0.5486  val_AUPR_all=0.5883  val_AUPR_ab=0.7062  val_AUPR_ag=0.3906  val_P@5_ab=0.9500  val_P@10_ab=0.9750
  Saved best antibody-AUPR checkpoint: checkpoints_ab_aupr/iPara_l1_g8_i5_do0.10_dpr0.10_lr0.0002_heads16_fold3.pth  val_AUPR_ab=0.7062
Ep008  LR0=1.96e-04  pw=4.48  aucα=0.000  token_p=0.010  dropE=(0.010,0.050)  smooth=0.010  train_loss=0.3230  train_AUPR_all=0.5737  train_AUPR_ab=0.6839  train_AUPR_ag=0.3890  train_P@5_ab=0.9000  train_P@10_ab=0.8750  val_loss=0.5273  val_AUPR_all=0.5966  val_AUPR_ab=0.7109  val_AUPR_ag=0.4042  val_P@5_ab=1.0000  val_P@10_ab=1.0000
  Saved best antibody-AUPR checkpoint: checkpoints_ab_aupr/iPara_l1_g8_i5_do0.10_dpr0.10_lr0.0002_heads16_fold3.pth  val_AUPR_ab=0.7109
Ep009  LR0=1.95e-04  pw=4.15  aucα=0.000  token_p=0.010  dropE=(0.010,0.050)  smooth=0.010  train_loss=0.3054  train_AUPR_all=0.5843  train_AUPR_ab=0.6920  train_AUPR_ag=0.4063  train_P@5_ab=0.9000  train_P@10_ab=0.9000  val_loss=0.5062  val_AUPR_all=0.5957  val_AUPR_ab=0.7160  val_AUPR_ag=0.3985  val_P@5_ab=1.0000  val_P@10_ab=0.9750
  Saved best antibody-AUPR checkpoint: checkpoints_ab_aupr/iPara_l1_g8_i5_do0.10_dpr0.10_lr0.0002_heads16_fold3.pth  val_AUPR_ab=0.7160
Ep010  LR0=1.94e-04  pw=3.85  aucα=0.040  token_p=0.010  dropE=(0.010,0.050)  smooth=0.010  train_loss=0.3075  train_AUPR_all=0.5959  train_AUPR_ab=0.7029  train_AUPR_ag=0.4204  train_P@5_ab=0.9500  train_P@10_ab=0.9500  val_loss=0.4932  val_AUPR_all=0.5984  val_AUPR_ab=0.7212  val_AUPR_ag=0.3893  val_P@5_ab=1.0000  val_P@10_ab=1.0000
  Saved best antibody-AUPR checkpoint: checkpoints_ab_aupr/iPara_l1_g8_i5_do0.10_dpr0.10_lr0.0002_heads16_fold3.pth  val_AUPR_ab=0.7212
Unfreezing DyM parameters.
Ep011  LR0=1.92e-04  pw=3.58  aucα=0.080  token_p=0.010  dropE=(0.010,0.050)  smooth=0.010  train_loss=0.3085  train_AUPR_all=0.6019  train_AUPR_ab=0.7053  train_AUPR_ag=0.4309  train_P@5_ab=0.9000  train_P@10_ab=0.9250  val_loss=0.4980  val_AUPR_all=0.5846  val_AUPR_ab=0.7193  val_AUPR_ag=0.4059  val_P@5_ab=1.0000  val_P@10_ab=0.9750
Ep012  LR0=1.91e-04  pw=3.33  aucα=0.120  token_p=0.010  dropE=(0.010,0.050)  smooth=0.010  train_loss=0.3127  train_AUPR_all=0.6129  train_AUPR_ab=0.7152  train_AUPR_ag=0.4483  train_P@5_ab=0.9500  train_P@10_ab=0.9250  val_loss=0.4613  val_AUPR_all=0.6084  val_AUPR_ab=0.7328  val_AUPR_ag=0.4047  val_P@5_ab=1.0000  val_P@10_ab=0.9750
  Saved best antibody-AUPR checkpoint: checkpoints_ab_aupr/iPara_l1_g8_i5_do0.10_dpr0.10_lr0.0002_heads16_fold3.pth  val_AUPR_ab=0.7328
Ep013  LR0=1.89e-04  pw=3.11  aucα=0.160  token_p=0.010  dropE=(0.010,0.050)  smooth=0.010  train_loss=0.3135  train_AUPR_all=0.6268  train_AUPR_ab=0.7330  train_AUPR_ag=0.4537  train_P@5_ab=1.0000  train_P@10_ab=0.9000  val_loss=0.4403  val_AUPR_all=0.6118  val_AUPR_ab=0.7361  val_AUPR_ag=0.4174  val_P@5_ab=1.0000  val_P@10_ab=1.0000
  Saved best antibody-AUPR checkpoint: checkpoints_ab_aupr/iPara_l1_g8_i5_do0.10_dpr0.10_lr0.0002_heads16_fold3.pth  val_AUPR_ab=0.7361
Ep014  LR0=1.87e-04  pw=2.91  aucα=0.200  token_p=0.010  dropE=(0.010,0.050)  smooth=0.010  train_loss=0.3167  train_AUPR_all=0.6336  train_AUPR_ab=0.7369  train_AUPR_ag=0.4679  train_P@5_ab=0.9500  train_P@10_ab=0.9750  val_loss=0.4367  val_AUPR_all=0.6098  val_AUPR_ab=0.7395  val_AUPR_ag=0.4136  val_P@5_ab=1.0000  val_P@10_ab=1.0000
  Saved best antibody-AUPR checkpoint: checkpoints_ab_aupr/iPara_l1_g8_i5_do0.10_dpr0.10_lr0.0002_heads16_fold3.pth  val_AUPR_ab=0.7395
Ep015  LR0=1.85e-04  pw=2.73  aucα=0.240  token_p=0.010  dropE=(0.010,0.050)  smooth=0.010  train_loss=0.3209  train_AUPR_all=0.6406  train_AUPR_ab=0.7453  train_AUPR_ag=0.4720  train_P@5_ab=1.0000  train_P@10_ab=1.0000  val_loss=0.4327  val_AUPR_all=0.6085  val_AUPR_ab=0.7349  val_AUPR_ag=0.4026  val_P@5_ab=0.9500  val_P@10_ab=0.9750
Ep016  LR0=1.83e-04  pw=2.56  aucα=0.280  token_p=0.010  dropE=(0.010,0.050)  smooth=0.010  train_loss=0.3219  train_AUPR_all=0.6532  train_AUPR_ab=0.7497  train_AUPR_ag=0.5019  train_P@5_ab=1.0000  train_P@10_ab=0.9250  val_loss=0.4142  val_AUPR_all=0.6100  val_AUPR_ab=0.7367  val_AUPR_ag=0.4183  val_P@5_ab=1.0000  val_P@10_ab=0.9750
Ep017  LR0=1.81e-04  pw=2.41  aucα=0.320  token_p=0.010  dropE=(0.010,0.050)  smooth=0.010  train_loss=0.3200  train_AUPR_all=0.6684  train_AUPR_ab=0.7613  train_AUPR_ag=0.5229  train_P@5_ab=0.9000  train_P@10_ab=0.9500  val_loss=0.4179  val_AUPR_all=0.6176  val_AUPR_ab=0.7511  val_AUPR_ag=0.4010  val_P@5_ab=1.0000  val_P@10_ab=0.9750
  Saved best antibody-AUPR checkpoint: checkpoints_ab_aupr/iPara_l1_g8_i5_do0.10_dpr0.10_lr0.0002_heads16_fold3.pth  val_AUPR_ab=0.7511
Ep018  LR0=1.79e-04  pw=2.28  aucα=0.360  token_p=0.010  dropE=(0.010,0.050)  smooth=0.010  train_loss=0.3211  train_AUPR_all=0.6798  train_AUPR_ab=0.7709  train_AUPR_ag=0.5383  train_P@5_ab=1.0000  train_P@10_ab=1.0000  val_loss=0.4188  val_AUPR_all=0.6052  val_AUPR_ab=0.7430  val_AUPR_ag=0.3938  val_P@5_ab=1.0000  val_P@10_ab=1.0000
Ep019  LR0=1.76e-04  pw=2.16  aucα=0.400  token_p=0.010  dropE=(0.010,0.050)  smooth=0.010  train_loss=0.3195  train_AUPR_all=0.6920  train_AUPR_ab=0.7756  train_AUPR_ag=0.5632  train_P@5_ab=0.9500  train_P@10_ab=0.9500  val_loss=0.4030  val_AUPR_all=0.6133  val_AUPR_ab=0.7481  val_AUPR_ag=0.4043  val_P@5_ab=1.0000  val_P@10_ab=1.0000
Ep020  LR0=1.73e-04  pw=2.05  aucα=0.400  token_p=0.010  dropE=(0.010,0.050)  smooth=0.010  train_loss=0.3118  train_AUPR_all=0.6988  train_AUPR_ab=0.7812  train_AUPR_ag=0.5733  train_P@5_ab=1.0000  train_P@10_ab=1.0000  val_loss=0.3828  val_AUPR_all=0.6172  val_AUPR_ab=0.7540  val_AUPR_ag=0.3949  val_P@5_ab=1.0000  val_P@10_ab=1.0000
  Saved best antibody-AUPR checkpoint: checkpoints_ab_aupr/iPara_l1_g8_i5_do0.10_dpr0.10_lr0.0002_heads16_fold3.pth  val_AUPR_ab=0.7540
Ep021  LR0=1.71e-04  pw=1.95  aucα=0.400  token_p=0.010  dropE=(0.010,0.050)  smooth=0.010  train_loss=0.2974  train_AUPR_all=0.7103  train_AUPR_ab=0.7866  train_AUPR_ag=0.5950  train_P@5_ab=1.0000  train_P@10_ab=0.9750  val_loss=0.4010  val_AUPR_all=0.6063  val_AUPR_ab=0.7447  val_AUPR_ag=0.3978  val_P@5_ab=1.0000  val_P@10_ab=0.9750
Ep022  LR0=1.68e-04  pw=1.86  aucα=0.400  token_p=0.010  dropE=(0.010,0.050)  smooth=0.010  train_loss=0.2830  train_AUPR_all=0.7237  train_AUPR_ab=0.7939  train_AUPR_ag=0.6186  train_P@5_ab=0.9000  train_P@10_ab=0.9500  val_loss=0.3909  val_AUPR_all=0.6193  val_AUPR_ab=0.7599  val_AUPR_ag=0.4039  val_P@5_ab=1.0000  val_P@10_ab=1.0000
  Saved best antibody-AUPR checkpoint: checkpoints_ab_aupr/iPara_l1_g8_i5_do0.10_dpr0.10_lr0.0002_heads16_fold3.pth  val_AUPR_ab=0.7599
Ep023  LR0=1.65e-04  pw=1.78  aucα=0.400  token_p=0.010  dropE=(0.010,0.050)  smooth=0.010  train_loss=0.2708  train_AUPR_all=0.7395  train_AUPR_ab=0.8084  train_AUPR_ag=0.6372  train_P@5_ab=1.0000  train_P@10_ab=1.0000  val_loss=0.3898  val_AUPR_all=0.5990  val_AUPR_ab=0.7484  val_AUPR_ag=0.4033  val_P@5_ab=1.0000  val_P@10_ab=0.9750
Ep024  LR0=1.62e-04  pw=1.70  aucα=0.400  token_p=0.010  dropE=(0.010,0.050)  smooth=0.010  train_loss=0.2558  train_AUPR_all=0.7540  train_AUPR_ab=0.8169  train_AUPR_ag=0.6609  train_P@5_ab=1.0000  train_P@10_ab=1.0000  val_loss=0.3996  val_AUPR_all=0.6046  val_AUPR_ab=0.7442  val_AUPR_ag=0.3991  val_P@5_ab=0.9500  val_P@10_ab=0.9750
Ep025  LR0=1.59e-04  pw=1.64  aucα=0.400  token_p=0.010  dropE=(0.010,0.050)  smooth=0.010  train_loss=0.2450  train_AUPR_all=0.7659  train_AUPR_ab=0.8251  train_AUPR_ag=0.6795  train_P@5_ab=1.0000  train_P@10_ab=1.0000  val_loss=0.3937  val_AUPR_all=0.6011  val_AUPR_ab=0.7469  val_AUPR_ag=0.3951  val_P@5_ab=0.9500  val_P@10_ab=0.9750
Ep026  LR0=1.56e-04  pw=1.57  aucα=0.400  token_p=0.010  dropE=(0.010,0.050)  smooth=0.010  train_loss=0.2348  train_AUPR_all=0.7747  train_AUPR_ab=0.8314  train_AUPR_ag=0.6918  train_P@5_ab=1.0000  train_P@10_ab=1.0000  val_loss=0.3856  val_AUPR_all=0.6033  val_AUPR_ab=0.7468  val_AUPR_ag=0.3898  val_P@5_ab=1.0000  val_P@10_ab=0.9250
Ep027  LR0=1.52e-04  pw=1.52  aucα=0.400  token_p=0.010  dropE=(0.010,0.050)  smooth=0.010  train_loss=0.2247  train_AUPR_all=0.7868  train_AUPR_ab=0.8396  train_AUPR_ag=0.7101  train_P@5_ab=0.9500  train_P@10_ab=0.9750  val_loss=0.3864  val_AUPR_all=0.5983  val_AUPR_ab=0.7489  val_AUPR_ag=0.3914  val_P@5_ab=1.0000  val_P@10_ab=0.9750
Ep028  LR0=1.49e-04  pw=1.47  aucα=0.400  token_p=0.010  dropE=(0.010,0.050)  smooth=0.010  train_loss=0.2183  train_AUPR_all=0.7922  train_AUPR_ab=0.8395  train_AUPR_ag=0.7245  train_P@5_ab=0.9500  train_P@10_ab=0.9750  val_loss=0.3883  val_AUPR_all=0.5919  val_AUPR_ab=0.7406  val_AUPR_ag=0.3886  val_P@5_ab=1.0000  val_P@10_ab=1.0000
Ep029  LR0=1.46e-04  pw=1.43  aucα=0.400  token_p=0.010  dropE=(0.010,0.050)  smooth=0.010  train_loss=0.2109  train_AUPR_all=0.7986  train_AUPR_ab=0.8458  train_AUPR_ag=0.7306  train_P@5_ab=1.0000  train_P@10_ab=0.9750  val_loss=0.3768  val_AUPR_all=0.6100  val_AUPR_ab=0.7508  val_AUPR_ag=0.3976  val_P@5_ab=1.0000  val_P@10_ab=1.0000
Ep030  LR0=1.42e-04  pw=1.39  aucα=0.400  token_p=0.010  dropE=(0.010,0.050)  smooth=0.010  train_loss=0.1981  train_AUPR_all=0.8168  train_AUPR_ab=0.8631  train_AUPR_ag=0.7492  train_P@5_ab=1.0000  train_P@10_ab=0.9750  val_loss=0.4004  val_AUPR_all=0.5744  val_AUPR_ab=0.7294  val_AUPR_ag=0.3827  val_P@5_ab=0.9500  val_P@10_ab=0.9500
Ep031  LR0=1.38e-04  pw=1.35  aucα=0.400  token_p=0.010  dropE=(0.010,0.050)  smooth=0.010  train_loss=0.1872  train_AUPR_all=0.8293  train_AUPR_ab=0.8695  train_AUPR_ag=0.7714  train_P@5_ab=1.0000  train_P@10_ab=1.0000  val_loss=0.3866  val_AUPR_all=0.5916  val_AUPR_ab=0.7412  val_AUPR_ag=0.3761  val_P@5_ab=1.0000  val_P@10_ab=0.9500
Ep032  LR0=1.35e-04  pw=1.32  aucα=0.400  token_p=0.010  dropE=(0.010,0.050)  smooth=0.010  train_loss=0.1829  train_AUPR_all=0.8364  train_AUPR_ab=0.8767  train_AUPR_ag=0.7783  train_P@5_ab=1.0000  train_P@10_ab=1.0000  val_loss=0.3950  val_AUPR_all=0.5724  val_AUPR_ab=0.7383  val_AUPR_ag=0.3711  val_P@5_ab=0.9000  val_P@10_ab=0.9500
Ep033  LR0=1.31e-04  pw=1.29  aucα=0.400  token_p=0.010  dropE=(0.010,0.050)  smooth=0.010  train_loss=0.1737  train_AUPR_all=0.8460  train_AUPR_ab=0.8823  train_AUPR_ag=0.7943  train_P@5_ab=1.0000  train_P@10_ab=1.0000  val_loss=0.3942  val_AUPR_all=0.5751  val_AUPR_ab=0.7460  val_AUPR_ag=0.3673  val_P@5_ab=0.9500  val_P@10_ab=0.9750
Ep034  LR0=1.27e-04  pw=1.26  aucα=0.400  token_p=0.010  dropE=(0.010,0.050)  smooth=0.010  train_loss=0.1706  train_AUPR_all=0.8479  train_AUPR_ab=0.8827  train_AUPR_ag=0.7981  train_P@5_ab=1.0000  train_P@10_ab=1.0000  val_loss=0.3911  val_AUPR_all=0.5833  val_AUPR_ab=0.7386  val_AUPR_ag=0.3812  val_P@5_ab=0.9500  val_P@10_ab=0.9500
Ep035  LR0=1.24e-04  pw=1.23  aucα=0.400  token_p=0.010  dropE=(0.010,0.050)  smooth=0.010  train_loss=0.1637  train_AUPR_all=0.8583  train_AUPR_ab=0.8914  train_AUPR_ag=0.8110  train_P@5_ab=1.0000  train_P@10_ab=0.9750  val_loss=0.4057  val_AUPR_all=0.5901  val_AUPR_ab=0.7437  val_AUPR_ag=0.3718  val_P@5_ab=0.9500  val_P@10_ab=0.9500
Ep036  LR0=1.20e-04  pw=1.21  aucα=0.400  token_p=0.010  dropE=(0.010,0.050)  smooth=0.010  train_loss=0.1564  train_AUPR_all=0.8677  train_AUPR_ab=0.9006  train_AUPR_ag=0.8208  train_P@5_ab=1.0000  train_P@10_ab=1.0000  val_loss=0.3883  val_AUPR_all=0.5878  val_AUPR_ab=0.7389  val_AUPR_ag=0.3939  val_P@5_ab=1.0000  val_P@10_ab=0.9750
Ep037  LR0=1.16e-04  pw=1.19  aucα=0.400  token_p=0.010  dropE=(0.010,0.050)  smooth=0.010  train_loss=0.1520  train_AUPR_all=0.8726  train_AUPR_ab=0.9044  train_AUPR_ag=0.8269  train_P@5_ab=1.0000  train_P@10_ab=1.0000  val_loss=0.3867  val_AUPR_all=0.5801  val_AUPR_ab=0.7363  val_AUPR_ag=0.3800  val_P@5_ab=1.0000  val_P@10_ab=0.9750
Ep038  LR0=1.12e-04  pw=1.17  aucα=0.400  token_p=0.010  dropE=(0.010,0.050)  smooth=0.010  train_loss=0.1455  train_AUPR_all=0.8793  train_AUPR_ab=0.9083  train_AUPR_ag=0.8374  train_P@5_ab=1.0000  train_P@10_ab=1.0000  val_loss=0.3944  val_AUPR_all=0.5769  val_AUPR_ab=0.7373  val_AUPR_ag=0.3586  val_P@5_ab=0.9500  val_P@10_ab=0.9750
Ep039  LR0=1.08e-04  pw=1.16  aucα=0.400  token_p=0.010  dropE=(0.010,0.050)  smooth=0.010  train_loss=0.1396  train_AUPR_all=0.8871  train_AUPR_ab=0.9152  train_AUPR_ag=0.8465  train_P@5_ab=1.0000  train_P@10_ab=1.0000  val_loss=0.3883  val_AUPR_all=0.5878  val_AUPR_ab=0.7403  val_AUPR_ag=0.3628  val_P@5_ab=0.9500  val_P@10_ab=0.9250
Ep040  LR0=1.04e-04  pw=1.14  aucα=0.400  token_p=0.010  dropE=(0.010,0.050)  smooth=0.010  train_loss=0.1334  train_AUPR_all=0.8943  train_AUPR_ab=0.9224  train_AUPR_ag=0.8526  train_P@5_ab=1.0000  train_P@10_ab=1.0000  val_loss=0.4099  val_AUPR_all=0.5809  val_AUPR_ab=0.7390  val_AUPR_ag=0.3607  val_P@5_ab=0.9500  val_P@10_ab=0.9500
Early stopping at epoch 40. Best val_AUPR_ab=0.7599 at epoch 22.
Final saved checkpoint for fold 3: checkpoints_ab_aupr/iPara_l1_g8_i5_do0.10_dpr0.10_lr0.0002_heads16_fold3.pth
Best val_AUPR_ab=0.7599 at epoch 22

================================================================================
Fold 4/5
================================================================================
Train labels: valid=398858, pos=26560, neg=372298, ignore=700342, pos_frac=0.06659
Val labels: valid=101334, pos=6670, neg=94664, ignore=172266, pos_frac=0.06582
Initializing ClassificationModel with 8 GAT layers and residual connections...
Initializing MCModel with 8 GAT layers and 5 row attention layers (drop_path_rate=0.1)
Initializing CoreModel with 1 layers, drop_path_rate=0.1
Ep001  LR0=2.00e-04  pw=8.00  aucα=0.000  token_p=0.010  dropE=(0.010,0.050)  smooth=0.010  train_loss=0.6284  train_AUPR_all=0.3414  train_AUPR_ab=0.4261  train_AUPR_ag=0.2169  train_P@5_ab=0.8000  train_P@10_ab=0.7750  val_loss=0.7983  val_AUPR_all=0.4683  val_AUPR_ab=0.5658  val_AUPR_ag=0.3096  val_P@5_ab=0.7000  val_P@10_ab=0.8000
  Saved best antibody-AUPR checkpoint: checkpoints_ab_aupr/iPara_l1_g8_i5_do0.10_dpr0.10_lr0.0002_heads16_fold4.pth  val_AUPR_ab=0.5658
Ep002  LR0=2.00e-04  pw=7.33  aucα=0.000  token_p=0.010  dropE=(0.010,0.050)  smooth=0.010  train_loss=0.4940  train_AUPR_all=0.4538  train_AUPR_ab=0.5409  train_AUPR_ag=0.3091  train_P@5_ab=0.9000  train_P@10_ab=0.9000  val_loss=0.6956  val_AUPR_all=0.5173  val_AUPR_ab=0.6289  val_AUPR_ag=0.3365  val_P@5_ab=0.9000  val_P@10_ab=0.9000
  Saved best antibody-AUPR checkpoint: checkpoints_ab_aupr/iPara_l1_g8_i5_do0.10_dpr0.10_lr0.0002_heads16_fold4.pth  val_AUPR_ab=0.6289
Ep003  LR0=2.00e-04  pw=6.73  aucα=0.000  token_p=0.010  dropE=(0.010,0.050)  smooth=0.010  train_loss=0.4453  train_AUPR_all=0.5003  train_AUPR_ab=0.5908  train_AUPR_ag=0.3401  train_P@5_ab=0.8000  train_P@10_ab=0.8500  val_loss=0.7191  val_AUPR_all=0.5310  val_AUPR_ab=0.6424  val_AUPR_ag=0.3429  val_P@5_ab=0.9000  val_P@10_ab=0.8500
  Saved best antibody-AUPR checkpoint: checkpoints_ab_aupr/iPara_l1_g8_i5_do0.10_dpr0.10_lr0.0002_heads16_fold4.pth  val_AUPR_ab=0.6424
Ep004  LR0=1.99e-04  pw=6.19  aucα=0.000  token_p=0.010  dropE=(0.010,0.050)  smooth=0.010  train_loss=0.4122  train_AUPR_all=0.5245  train_AUPR_ab=0.6175  train_AUPR_ag=0.3565  train_P@5_ab=0.9000  train_P@10_ab=0.8750  val_loss=0.6576  val_AUPR_all=0.5418  val_AUPR_ab=0.6548  val_AUPR_ag=0.3440  val_P@5_ab=0.9500  val_P@10_ab=0.8750
  Saved best antibody-AUPR checkpoint: checkpoints_ab_aupr/iPara_l1_g8_i5_do0.10_dpr0.10_lr0.0002_heads16_fold4.pth  val_AUPR_ab=0.6548
Ep005  LR0=1.99e-04  pw=5.69  aucα=0.000  token_p=0.010  dropE=(0.010,0.050)  smooth=0.010  train_loss=0.3889  train_AUPR_all=0.5310  train_AUPR_ab=0.6277  train_AUPR_ag=0.3622  train_P@5_ab=0.9000  train_P@10_ab=0.8500  val_loss=0.6394  val_AUPR_all=0.5507  val_AUPR_ab=0.6819  val_AUPR_ag=0.3533  val_P@5_ab=0.9500  val_P@10_ab=0.9250
  Saved best antibody-AUPR checkpoint: checkpoints_ab_aupr/iPara_l1_g8_i5_do0.10_dpr0.10_lr0.0002_heads16_fold4.pth  val_AUPR_ab=0.6819
Ep006  LR0=1.98e-04  pw=5.25  aucα=0.000  token_p=0.010  dropE=(0.010,0.050)  smooth=0.010  train_loss=0.3616  train_AUPR_all=0.5529  train_AUPR_ab=0.6536  train_AUPR_ag=0.3791  train_P@5_ab=0.8500  train_P@10_ab=0.9250  val_loss=0.6051  val_AUPR_all=0.5762  val_AUPR_ab=0.6993  val_AUPR_ag=0.3791  val_P@5_ab=0.9500  val_P@10_ab=0.9750
  Saved best antibody-AUPR checkpoint: checkpoints_ab_aupr/iPara_l1_g8_i5_do0.10_dpr0.10_lr0.0002_heads16_fold4.pth  val_AUPR_ab=0.6993
Ep007  LR0=1.97e-04  pw=4.84  aucα=0.000  token_p=0.010  dropE=(0.010,0.050)  smooth=0.010  train_loss=0.3390  train_AUPR_all=0.5673  train_AUPR_ab=0.6666  train_AUPR_ag=0.3942  train_P@5_ab=0.8000  train_P@10_ab=0.9000  val_loss=0.5534  val_AUPR_all=0.5858  val_AUPR_ab=0.7059  val_AUPR_ag=0.3887  val_P@5_ab=0.9000  val_P@10_ab=0.9500
  Saved best antibody-AUPR checkpoint: checkpoints_ab_aupr/iPara_l1_g8_i5_do0.10_dpr0.10_lr0.0002_heads16_fold4.pth  val_AUPR_ab=0.7059
Ep008  LR0=1.96e-04  pw=4.48  aucα=0.000  token_p=0.010  dropE=(0.010,0.050)  smooth=0.010  train_loss=0.3186  train_AUPR_all=0.5768  train_AUPR_ab=0.6762  train_AUPR_ag=0.4075  train_P@5_ab=0.9500  train_P@10_ab=0.9250  val_loss=0.5559  val_AUPR_all=0.5850  val_AUPR_ab=0.7062  val_AUPR_ag=0.3890  val_P@5_ab=0.9500  val_P@10_ab=0.9500
  Saved best antibody-AUPR checkpoint: checkpoints_ab_aupr/iPara_l1_g8_i5_do0.10_dpr0.10_lr0.0002_heads16_fold4.pth  val_AUPR_ab=0.7062
Ep009  LR0=1.95e-04  pw=4.15  aucα=0.000  token_p=0.010  dropE=(0.010,0.050)  smooth=0.010  train_loss=0.3028  train_AUPR_all=0.5839  train_AUPR_ab=0.6828  train_AUPR_ag=0.4180  train_P@5_ab=0.9000  train_P@10_ab=0.8750  val_loss=0.5335  val_AUPR_all=0.5786  val_AUPR_ab=0.7136  val_AUPR_ag=0.3613  val_P@5_ab=0.9000  val_P@10_ab=0.9500
  Saved best antibody-AUPR checkpoint: checkpoints_ab_aupr/iPara_l1_g8_i5_do0.10_dpr0.10_lr0.0002_heads16_fold4.pth  val_AUPR_ab=0.7136
Ep010  LR0=1.94e-04  pw=3.85  aucα=0.040  token_p=0.010  dropE=(0.010,0.050)  smooth=0.010  train_loss=0.3052  train_AUPR_all=0.5955  train_AUPR_ab=0.6973  train_AUPR_ag=0.4238  train_P@5_ab=0.9500  train_P@10_ab=0.9250  val_loss=0.5045  val_AUPR_all=0.5910  val_AUPR_ab=0.7149  val_AUPR_ag=0.3988  val_P@5_ab=0.9500  val_P@10_ab=0.9500
  Saved best antibody-AUPR checkpoint: checkpoints_ab_aupr/iPara_l1_g8_i5_do0.10_dpr0.10_lr0.0002_heads16_fold4.pth  val_AUPR_ab=0.7149
Unfreezing DyM parameters.
Ep011  LR0=1.92e-04  pw=3.58  aucα=0.080  token_p=0.010  dropE=(0.010,0.050)  smooth=0.010  train_loss=0.3091  train_AUPR_all=0.6031  train_AUPR_ab=0.7046  train_AUPR_ag=0.4348  train_P@5_ab=0.9000  train_P@10_ab=0.9500  val_loss=0.5031  val_AUPR_all=0.5830  val_AUPR_ab=0.7116  val_AUPR_ag=0.3726  val_P@5_ab=0.9000  val_P@10_ab=0.9000
Ep012  LR0=1.91e-04  pw=3.33  aucα=0.120  token_p=0.010  dropE=(0.010,0.050)  smooth=0.010  train_loss=0.3127  train_AUPR_all=0.6124  train_AUPR_ab=0.7104  train_AUPR_ag=0.4508  train_P@5_ab=1.0000  train_P@10_ab=0.9750  val_loss=0.4706  val_AUPR_all=0.5848  val_AUPR_ab=0.7003  val_AUPR_ag=0.4030  val_P@5_ab=0.9500  val_P@10_ab=0.9750
Ep013  LR0=1.89e-04  pw=3.11  aucα=0.160  token_p=0.010  dropE=(0.010,0.050)  smooth=0.010  train_loss=0.3133  train_AUPR_all=0.6197  train_AUPR_ab=0.7186  train_AUPR_ag=0.4566  train_P@5_ab=0.8500  train_P@10_ab=0.9000  val_loss=0.4659  val_AUPR_all=0.5958  val_AUPR_ab=0.7179  val_AUPR_ag=0.4024  val_P@5_ab=0.9500  val_P@10_ab=0.9500
  Saved best antibody-AUPR checkpoint: checkpoints_ab_aupr/iPara_l1_g8_i5_do0.10_dpr0.10_lr0.0002_heads16_fold4.pth  val_AUPR_ab=0.7179
Ep014  LR0=1.87e-04  pw=2.91  aucα=0.200  token_p=0.010  dropE=(0.010,0.050)  smooth=0.010  train_loss=0.3172  train_AUPR_all=0.6294  train_AUPR_ab=0.7253  train_AUPR_ag=0.4720  train_P@5_ab=1.0000  train_P@10_ab=1.0000  val_loss=0.4455  val_AUPR_all=0.6037  val_AUPR_ab=0.7334  val_AUPR_ag=0.4014  val_P@5_ab=0.9500  val_P@10_ab=0.9750
  Saved best antibody-AUPR checkpoint: checkpoints_ab_aupr/iPara_l1_g8_i5_do0.10_dpr0.10_lr0.0002_heads16_fold4.pth  val_AUPR_ab=0.7334
Ep015  LR0=1.85e-04  pw=2.73  aucα=0.240  token_p=0.010  dropE=(0.010,0.050)  smooth=0.010  train_loss=0.3215  train_AUPR_all=0.6362  train_AUPR_ab=0.7332  train_AUPR_ag=0.4785  train_P@5_ab=0.9000  train_P@10_ab=0.9250  val_loss=0.4279  val_AUPR_all=0.6183  val_AUPR_ab=0.7530  val_AUPR_ag=0.4042  val_P@5_ab=0.9500  val_P@10_ab=0.9750
  Saved best antibody-AUPR checkpoint: checkpoints_ab_aupr/iPara_l1_g8_i5_do0.10_dpr0.10_lr0.0002_heads16_fold4.pth  val_AUPR_ab=0.7530
Ep016  LR0=1.83e-04  pw=2.56  aucα=0.280  token_p=0.010  dropE=(0.010,0.050)  smooth=0.010  train_loss=0.3211  train_AUPR_all=0.6538  train_AUPR_ab=0.7488  train_AUPR_ag=0.5021  train_P@5_ab=1.0000  train_P@10_ab=1.0000  val_loss=0.4358  val_AUPR_all=0.5961  val_AUPR_ab=0.7381  val_AUPR_ag=0.4047  val_P@5_ab=1.0000  val_P@10_ab=0.9750
Ep017  LR0=1.81e-04  pw=2.41  aucα=0.320  token_p=0.010  dropE=(0.010,0.050)  smooth=0.010  train_loss=0.3227  train_AUPR_all=0.6632  train_AUPR_ab=0.7531  train_AUPR_ag=0.5220  train_P@5_ab=0.9500  train_P@10_ab=0.9750  val_loss=0.4366  val_AUPR_all=0.6073  val_AUPR_ab=0.7417  val_AUPR_ag=0.4039  val_P@5_ab=1.0000  val_P@10_ab=0.9750
Ep018  LR0=1.79e-04  pw=2.28  aucα=0.360  token_p=0.010  dropE=(0.010,0.050)  smooth=0.010  train_loss=0.3263  train_AUPR_all=0.6702  train_AUPR_ab=0.7570  train_AUPR_ag=0.5346  train_P@5_ab=1.0000  train_P@10_ab=0.9750  val_loss=0.4139  val_AUPR_all=0.6140  val_AUPR_ab=0.7497  val_AUPR_ag=0.4141  val_P@5_ab=1.0000  val_P@10_ab=0.9750
Ep019  LR0=1.76e-04  pw=2.16  aucα=0.400  token_p=0.010  dropE=(0.010,0.050)  smooth=0.010  train_loss=0.3253  train_AUPR_all=0.6863  train_AUPR_ab=0.7707  train_AUPR_ag=0.5555  train_P@5_ab=0.9500  train_P@10_ab=0.9750  val_loss=0.4141  val_AUPR_all=0.6093  val_AUPR_ab=0.7533  val_AUPR_ag=0.3971  val_P@5_ab=1.0000  val_P@10_ab=1.0000
  Saved best antibody-AUPR checkpoint: checkpoints_ab_aupr/iPara_l1_g8_i5_do0.10_dpr0.10_lr0.0002_heads16_fold4.pth  val_AUPR_ab=0.7533
Ep020  LR0=1.73e-04  pw=2.05  aucα=0.400  token_p=0.010  dropE=(0.010,0.050)  smooth=0.010  train_loss=0.3075  train_AUPR_all=0.7008  train_AUPR_ab=0.7757  train_AUPR_ag=0.5868  train_P@5_ab=1.0000  train_P@10_ab=1.0000  val_loss=0.4142  val_AUPR_all=0.6111  val_AUPR_ab=0.7511  val_AUPR_ag=0.4180  val_P@5_ab=1.0000  val_P@10_ab=1.0000
Ep021  LR0=1.71e-04  pw=1.95  aucα=0.400  token_p=0.010  dropE=(0.010,0.050)  smooth=0.010  train_loss=0.2954  train_AUPR_all=0.7144  train_AUPR_ab=0.7888  train_AUPR_ag=0.6015  train_P@5_ab=0.9500  train_P@10_ab=0.9500  val_loss=0.4144  val_AUPR_all=0.6087  val_AUPR_ab=0.7541  val_AUPR_ag=0.3999  val_P@5_ab=0.9500  val_P@10_ab=0.9750
  Saved best antibody-AUPR checkpoint: checkpoints_ab_aupr/iPara_l1_g8_i5_do0.10_dpr0.10_lr0.0002_heads16_fold4.pth  val_AUPR_ab=0.7541
Ep022  LR0=1.68e-04  pw=1.86  aucα=0.400  token_p=0.010  dropE=(0.010,0.050)  smooth=0.010  train_loss=0.2847  train_AUPR_all=0.7208  train_AUPR_ab=0.7903  train_AUPR_ag=0.6161  train_P@5_ab=0.9500  train_P@10_ab=0.9750  val_loss=0.4118  val_AUPR_all=0.6072  val_AUPR_ab=0.7671  val_AUPR_ag=0.3908  val_P@5_ab=1.0000  val_P@10_ab=1.0000
  Saved best antibody-AUPR checkpoint: checkpoints_ab_aupr/iPara_l1_g8_i5_do0.10_dpr0.10_lr0.0002_heads16_fold4.pth  val_AUPR_ab=0.7671
Ep023  LR0=1.65e-04  pw=1.78  aucα=0.400  token_p=0.010  dropE=(0.010,0.050)  smooth=0.010  train_loss=0.2709  train_AUPR_all=0.7381  train_AUPR_ab=0.8011  train_AUPR_ag=0.6446  train_P@5_ab=1.0000  train_P@10_ab=0.9750  val_loss=0.3956  val_AUPR_all=0.6023  val_AUPR_ab=0.7439  val_AUPR_ag=0.4049  val_P@5_ab=0.9500  val_P@10_ab=0.9750
Ep024  LR0=1.62e-04  pw=1.70  aucα=0.400  token_p=0.010  dropE=(0.010,0.050)  smooth=0.010  train_loss=0.2585  train_AUPR_all=0.7463  train_AUPR_ab=0.8054  train_AUPR_ag=0.6598  train_P@5_ab=0.9000  train_P@10_ab=0.9250  val_loss=0.3947  val_AUPR_all=0.6223  val_AUPR_ab=0.7636  val_AUPR_ag=0.4282  val_P@5_ab=1.0000  val_P@10_ab=1.0000
Ep025  LR0=1.59e-04  pw=1.64  aucα=0.400  token_p=0.010  dropE=(0.010,0.050)  smooth=0.010  train_loss=0.2525  train_AUPR_all=0.7529  train_AUPR_ab=0.8087  train_AUPR_ag=0.6708  train_P@5_ab=0.9500  train_P@10_ab=0.9500  val_loss=0.3894  val_AUPR_all=0.6102  val_AUPR_ab=0.7609  val_AUPR_ag=0.3987  val_P@5_ab=1.0000  val_P@10_ab=1.0000
Ep026  LR0=1.56e-04  pw=1.57  aucα=0.400  token_p=0.010  dropE=(0.010,0.050)  smooth=0.010  train_loss=0.2377  train_AUPR_all=0.7725  train_AUPR_ab=0.8295  train_AUPR_ag=0.6889  train_P@5_ab=1.0000  train_P@10_ab=1.0000  val_loss=0.3791  val_AUPR_all=0.6127  val_AUPR_ab=0.7551  val_AUPR_ag=0.4242  val_P@5_ab=1.0000  val_P@10_ab=1.0000
Ep027  LR0=1.52e-04  pw=1.52  aucα=0.400  token_p=0.010  dropE=(0.010,0.050)  smooth=0.010  train_loss=0.2304  train_AUPR_all=0.7789  train_AUPR_ab=0.8306  train_AUPR_ag=0.7036  train_P@5_ab=1.0000  train_P@10_ab=1.0000  val_loss=0.3871  val_AUPR_all=0.6082  val_AUPR_ab=0.7555  val_AUPR_ag=0.3937  val_P@5_ab=0.9500  val_P@10_ab=0.9500
Ep028  LR0=1.49e-04  pw=1.47  aucα=0.400  token_p=0.010  dropE=(0.010,0.050)  smooth=0.010  train_loss=0.2175  train_AUPR_all=0.7952  train_AUPR_ab=0.8438  train_AUPR_ag=0.7249  train_P@5_ab=1.0000  train_P@10_ab=1.0000  val_loss=0.3830  val_AUPR_all=0.5984  val_AUPR_ab=0.7373  val_AUPR_ag=0.4147  val_P@5_ab=1.0000  val_P@10_ab=0.9750
Ep029  LR0=1.46e-04  pw=1.43  aucα=0.400  token_p=0.010  dropE=(0.010,0.050)  smooth=0.010  train_loss=0.2114  train_AUPR_all=0.7998  train_AUPR_ab=0.8464  train_AUPR_ag=0.7322  train_P@5_ab=0.9500  train_P@10_ab=0.9750  val_loss=0.3806  val_AUPR_all=0.6011  val_AUPR_ab=0.7464  val_AUPR_ag=0.3970  val_P@5_ab=1.0000  val_P@10_ab=0.9500
Ep030  LR0=1.42e-04  pw=1.39  aucα=0.400  token_p=0.010  dropE=(0.010,0.050)  smooth=0.010  train_loss=0.2029  train_AUPR_all=0.8098  train_AUPR_ab=0.8498  train_AUPR_ag=0.7528  train_P@5_ab=1.0000  train_P@10_ab=1.0000  val_loss=0.3837  val_AUPR_all=0.6009  val_AUPR_ab=0.7552  val_AUPR_ag=0.4035  val_P@5_ab=1.0000  val_P@10_ab=0.9750
Ep031  LR0=1.38e-04  pw=1.35  aucα=0.400  token_p=0.010  dropE=(0.010,0.050)  smooth=0.010  train_loss=0.1934  train_AUPR_all=0.8204  train_AUPR_ab=0.8620  train_AUPR_ag=0.7604  train_P@5_ab=1.0000  train_P@10_ab=1.0000  val_loss=0.3790  val_AUPR_all=0.6044  val_AUPR_ab=0.7539  val_AUPR_ag=0.4096  val_P@5_ab=1.0000  val_P@10_ab=0.9750
Ep032  LR0=1.35e-04  pw=1.32  aucα=0.400  token_p=0.010  dropE=(0.010,0.050)  smooth=0.010  train_loss=0.1845  train_AUPR_all=0.8321  train_AUPR_ab=0.8694  train_AUPR_ag=0.7788  train_P@5_ab=1.0000  train_P@10_ab=1.0000  val_loss=0.3946  val_AUPR_all=0.5882  val_AUPR_ab=0.7324  val_AUPR_ag=0.4028  val_P@5_ab=0.9000  val_P@10_ab=0.9500
Ep033  LR0=1.31e-04  pw=1.29  aucα=0.400  token_p=0.010  dropE=(0.010,0.050)  smooth=0.010  train_loss=0.1802  train_AUPR_all=0.8363  train_AUPR_ab=0.8723  train_AUPR_ag=0.7848  train_P@5_ab=1.0000  train_P@10_ab=1.0000  val_loss=0.3956  val_AUPR_all=0.5985  val_AUPR_ab=0.7545  val_AUPR_ag=0.3906  val_P@5_ab=1.0000  val_P@10_ab=0.9750
Ep034  LR0=1.27e-04  pw=1.26  aucα=0.400  token_p=0.010  dropE=(0.010,0.050)  smooth=0.010  train_loss=0.1727  train_AUPR_all=0.8472  train_AUPR_ab=0.8843  train_AUPR_ag=0.7936  train_P@5_ab=1.0000  train_P@10_ab=0.9750  val_loss=0.3750  val_AUPR_all=0.6079  val_AUPR_ab=0.7414  val_AUPR_ag=0.4291  val_P@5_ab=1.0000  val_P@10_ab=1.0000
Ep035  LR0=1.24e-04  pw=1.23  aucα=0.400  token_p=0.010  dropE=(0.010,0.050)  smooth=0.010  train_loss=0.1652  train_AUPR_all=0.8555  train_AUPR_ab=0.8889  train_AUPR_ag=0.8073  train_P@5_ab=1.0000  train_P@10_ab=1.0000  val_loss=0.3832  val_AUPR_all=0.6047  val_AUPR_ab=0.7476  val_AUPR_ag=0.4115  val_P@5_ab=1.0000  val_P@10_ab=0.9750
Ep036  LR0=1.20e-04  pw=1.21  aucα=0.400  token_p=0.010  dropE=(0.010,0.050)  smooth=0.010  train_loss=0.1586  train_AUPR_all=0.8631  train_AUPR_ab=0.8963  train_AUPR_ag=0.8150  train_P@5_ab=1.0000  train_P@10_ab=1.0000  val_loss=0.3772  val_AUPR_all=0.6036  val_AUPR_ab=0.7495  val_AUPR_ag=0.4034  val_P@5_ab=1.0000  val_P@10_ab=0.9750
Ep037  LR0=1.16e-04  pw=1.19  aucα=0.400  token_p=0.010  dropE=(0.010,0.050)  smooth=0.010  train_loss=0.1539  train_AUPR_all=0.8702  train_AUPR_ab=0.8997  train_AUPR_ag=0.8280  train_P@5_ab=1.0000  train_P@10_ab=1.0000  val_loss=0.3944  val_AUPR_all=0.5818  val_AUPR_ab=0.7190  val_AUPR_ag=0.3929  val_P@5_ab=0.8500  val_P@10_ab=0.9000
Ep038  LR0=1.12e-04  pw=1.17  aucα=0.400  token_p=0.010  dropE=(0.010,0.050)  smooth=0.010  train_loss=0.1498  train_AUPR_all=0.8735  train_AUPR_ab=0.9011  train_AUPR_ag=0.8342  train_P@5_ab=1.0000  train_P@10_ab=1.0000  val_loss=0.3891  val_AUPR_all=0.6011  val_AUPR_ab=0.7458  val_AUPR_ag=0.3958  val_P@5_ab=0.9500  val_P@10_ab=0.9000
Ep039  LR0=1.08e-04  pw=1.16  aucα=0.400  token_p=0.010  dropE=(0.010,0.050)  smooth=0.010  train_loss=0.1402  train_AUPR_all=0.8870  train_AUPR_ab=0.9147  train_AUPR_ag=0.8469  train_P@5_ab=1.0000  train_P@10_ab=1.0000  val_loss=0.3881  val_AUPR_all=0.5887  val_AUPR_ab=0.7464  val_AUPR_ag=0.3825  val_P@5_ab=0.9500  val_P@10_ab=0.9750
Ep040  LR0=1.04e-04  pw=1.14  aucα=0.400  token_p=0.010  dropE=(0.010,0.050)  smooth=0.010  train_loss=0.1402  train_AUPR_all=0.8857  train_AUPR_ab=0.9134  train_AUPR_ag=0.8455  train_P@5_ab=1.0000  train_P@10_ab=0.9750  val_loss=0.4082  val_AUPR_all=0.5721  val_AUPR_ab=0.7409  val_AUPR_ag=0.3529  val_P@5_ab=0.9500  val_P@10_ab=0.9250
Early stopping at epoch 40. Best val_AUPR_ab=0.7671 at epoch 22.
Final saved checkpoint for fold 4: checkpoints_ab_aupr/iPara_l1_g8_i5_do0.10_dpr0.10_lr0.0002_heads16_fold4.pth
Best val_AUPR_ab=0.7671 at epoch 22

================================================================================
Fold 5/5
================================================================================
Train labels: valid=399660, pos=26617, neg=373043, ignore=699540, pos_frac=0.06660
Val labels: valid=100532, pos=6613, neg=93919, ignore=173068, pos_frac=0.06578
Initializing ClassificationModel with 8 GAT layers and residual connections...
Initializing MCModel with 8 GAT layers and 5 row attention layers (drop_path_rate=0.1)
Initializing CoreModel with 1 layers, drop_path_rate=0.1
Ep001  LR0=2.00e-04  pw=8.00  aucα=0.000  token_p=0.010  dropE=(0.010,0.050)  smooth=0.010  train_loss=0.6859  train_AUPR_all=0.3142  train_AUPR_ab=0.3867  train_AUPR_ag=0.2157  train_P@5_ab=0.6000  train_P@10_ab=0.5750  val_loss=0.7555  val_AUPR_all=0.4496  val_AUPR_ab=0.5649  val_AUPR_ag=0.2661  val_P@5_ab=0.8000  val_P@10_ab=0.8000
  Saved best antibody-AUPR checkpoint: checkpoints_ab_aupr/iPara_l1_g8_i5_do0.10_dpr0.10_lr0.0002_heads16_fold5.pth  val_AUPR_ab=0.5649
Ep002  LR0=2.00e-04  pw=7.33  aucα=0.000  token_p=0.010  dropE=(0.010,0.050)  smooth=0.010  train_loss=0.4946  train_AUPR_all=0.4557  train_AUPR_ab=0.5447  train_AUPR_ag=0.3041  train_P@5_ab=0.6500  train_P@10_ab=0.7750  val_loss=0.6917  val_AUPR_all=0.5179  val_AUPR_ab=0.6336  val_AUPR_ag=0.3331  val_P@5_ab=1.0000  val_P@10_ab=0.9750
  Saved best antibody-AUPR checkpoint: checkpoints_ab_aupr/iPara_l1_g8_i5_do0.10_dpr0.10_lr0.0002_heads16_fold5.pth  val_AUPR_ab=0.6336
Ep003  LR0=2.00e-04  pw=6.73  aucα=0.000  token_p=0.010  dropE=(0.010,0.050)  smooth=0.010  train_loss=0.4466  train_AUPR_all=0.4971  train_AUPR_ab=0.5923  train_AUPR_ag=0.3312  train_P@5_ab=0.8000  train_P@10_ab=0.7250  val_loss=0.6442  val_AUPR_all=0.5435  val_AUPR_ab=0.6624  val_AUPR_ag=0.3451  val_P@5_ab=0.9500  val_P@10_ab=0.9500
  Saved best antibody-AUPR checkpoint: checkpoints_ab_aupr/iPara_l1_g8_i5_do0.10_dpr0.10_lr0.0002_heads16_fold5.pth  val_AUPR_ab=0.6624
Ep004  LR0=1.99e-04  pw=6.19  aucα=0.000  token_p=0.010  dropE=(0.010,0.050)  smooth=0.010  train_loss=0.4113  train_AUPR_all=0.5255  train_AUPR_ab=0.6212  train_AUPR_ag=0.3593  train_P@5_ab=0.8000  train_P@10_ab=0.8250  val_loss=0.6395  val_AUPR_all=0.5465  val_AUPR_ab=0.6746  val_AUPR_ag=0.3543  val_P@5_ab=1.0000  val_P@10_ab=1.0000
  Saved best antibody-AUPR checkpoint: checkpoints_ab_aupr/iPara_l1_g8_i5_do0.10_dpr0.10_lr0.0002_heads16_fold5.pth  val_AUPR_ab=0.6746
Ep005  LR0=1.99e-04  pw=5.69  aucα=0.000  token_p=0.010  dropE=(0.010,0.050)  smooth=0.010  train_loss=0.3880  train_AUPR_all=0.5399  train_AUPR_ab=0.6371  train_AUPR_ag=0.3673  train_P@5_ab=0.8500  train_P@10_ab=0.8500  val_loss=0.5978  val_AUPR_all=0.5744  val_AUPR_ab=0.7042  val_AUPR_ag=0.3631  val_P@5_ab=0.9500  val_P@10_ab=0.9500
  Saved best antibody-AUPR checkpoint: checkpoints_ab_aupr/iPara_l1_g8_i5_do0.10_dpr0.10_lr0.0002_heads16_fold5.pth  val_AUPR_ab=0.7042
Ep006  LR0=1.98e-04  pw=5.25  aucα=0.000  token_p=0.010  dropE=(0.010,0.050)  smooth=0.010  train_loss=0.3671  train_AUPR_all=0.5467  train_AUPR_ab=0.6441  train_AUPR_ag=0.3787  train_P@5_ab=0.9000  train_P@10_ab=0.9500  val_loss=0.5790  val_AUPR_all=0.5699  val_AUPR_ab=0.7051  val_AUPR_ag=0.3524  val_P@5_ab=1.0000  val_P@10_ab=0.9750
  Saved best antibody-AUPR checkpoint: checkpoints_ab_aupr/iPara_l1_g8_i5_do0.10_dpr0.10_lr0.0002_heads16_fold5.pth  val_AUPR_ab=0.7051
Ep007  LR0=1.97e-04  pw=4.84  aucα=0.000  token_p=0.010  dropE=(0.010,0.050)  smooth=0.010  train_loss=0.3427  train_AUPR_all=0.5654  train_AUPR_ab=0.6607  train_AUPR_ag=0.3994  train_P@5_ab=0.7500  train_P@10_ab=0.7750  val_loss=0.5544  val_AUPR_all=0.5688  val_AUPR_ab=0.7123  val_AUPR_ag=0.3716  val_P@5_ab=1.0000  val_P@10_ab=1.0000
  Saved best antibody-AUPR checkpoint: checkpoints_ab_aupr/iPara_l1_g8_i5_do0.10_dpr0.10_lr0.0002_heads16_fold5.pth  val_AUPR_ab=0.7123
Ep008  LR0=1.96e-04  pw=4.48  aucα=0.000  token_p=0.010  dropE=(0.010,0.050)  smooth=0.010  train_loss=0.3245  train_AUPR_all=0.5709  train_AUPR_ab=0.6681  train_AUPR_ag=0.4047  train_P@5_ab=0.8500  train_P@10_ab=0.8000  val_loss=0.5292  val_AUPR_all=0.5930  val_AUPR_ab=0.7286  val_AUPR_ag=0.3798  val_P@5_ab=1.0000  val_P@10_ab=0.9750
  Saved best antibody-AUPR checkpoint: checkpoints_ab_aupr/iPara_l1_g8_i5_do0.10_dpr0.10_lr0.0002_heads16_fold5.pth  val_AUPR_ab=0.7286
Ep009  LR0=1.95e-04  pw=4.15  aucα=0.000  token_p=0.010  dropE=(0.010,0.050)  smooth=0.010  train_loss=0.3016  train_AUPR_all=0.5913  train_AUPR_ab=0.6897  train_AUPR_ag=0.4252  train_P@5_ab=0.9000  train_P@10_ab=0.8750  val_loss=0.5149  val_AUPR_all=0.5918  val_AUPR_ab=0.7223  val_AUPR_ag=0.3877  val_P@5_ab=1.0000  val_P@10_ab=0.9750
Ep010  LR0=1.94e-04  pw=3.85  aucα=0.040  token_p=0.010  dropE=(0.010,0.050)  smooth=0.010  train_loss=0.3070  train_AUPR_all=0.5972  train_AUPR_ab=0.6944  train_AUPR_ag=0.4347  train_P@5_ab=0.9000  train_P@10_ab=0.9000  val_loss=0.5011  val_AUPR_all=0.5785  val_AUPR_ab=0.7207  val_AUPR_ag=0.3671  val_P@5_ab=1.0000  val_P@10_ab=0.9750
Unfreezing DyM parameters.
Ep011  LR0=1.92e-04  pw=3.58  aucα=0.080  token_p=0.010  dropE=(0.010,0.050)  smooth=0.010  train_loss=0.3082  train_AUPR_all=0.6082  train_AUPR_ab=0.7027  train_AUPR_ag=0.4520  train_P@5_ab=1.0000  train_P@10_ab=0.9500  val_loss=0.5043  val_AUPR_all=0.5810  val_AUPR_ab=0.7279  val_AUPR_ag=0.3601  val_P@5_ab=0.9000  val_P@10_ab=0.9250
Ep012  LR0=1.91e-04  pw=3.33  aucα=0.120  token_p=0.010  dropE=(0.010,0.050)  smooth=0.010  train_loss=0.3153  train_AUPR_all=0.6085  train_AUPR_ab=0.7079  train_AUPR_ag=0.4460  train_P@5_ab=1.0000  train_P@10_ab=0.9750  val_loss=0.4692  val_AUPR_all=0.5895  val_AUPR_ab=0.7274  val_AUPR_ag=0.3658  val_P@5_ab=1.0000  val_P@10_ab=0.9750
Ep013  LR0=1.89e-04  pw=3.11  aucα=0.160  token_p=0.010  dropE=(0.010,0.050)  smooth=0.010  train_loss=0.3166  train_AUPR_all=0.6183  train_AUPR_ab=0.7108  train_AUPR_ag=0.4666  train_P@5_ab=0.9000  train_P@10_ab=0.9000  val_loss=0.4542  val_AUPR_all=0.5978  val_AUPR_ab=0.7365  val_AUPR_ag=0.3797  val_P@5_ab=1.0000  val_P@10_ab=1.0000
  Saved best antibody-AUPR checkpoint: checkpoints_ab_aupr/iPara_l1_g8_i5_do0.10_dpr0.10_lr0.0002_heads16_fold5.pth  val_AUPR_ab=0.7365
Ep014  LR0=1.87e-04  pw=2.91  aucα=0.200  token_p=0.010  dropE=(0.010,0.050)  smooth=0.010  train_loss=0.3178  train_AUPR_all=0.6318  train_AUPR_ab=0.7272  train_AUPR_ag=0.4783  train_P@5_ab=1.0000  train_P@10_ab=0.9750  val_loss=0.4405  val_AUPR_all=0.5961  val_AUPR_ab=0.7364  val_AUPR_ag=0.3789  val_P@5_ab=1.0000  val_P@10_ab=1.0000
Ep015  LR0=1.85e-04  pw=2.73  aucα=0.240  token_p=0.010  dropE=(0.010,0.050)  smooth=0.010  train_loss=0.3193  train_AUPR_all=0.6413  train_AUPR_ab=0.7346  train_AUPR_ag=0.4925  train_P@5_ab=1.0000  train_P@10_ab=0.9500  val_loss=0.4488  val_AUPR_all=0.5902  val_AUPR_ab=0.7395  val_AUPR_ag=0.3674  val_P@5_ab=1.0000  val_P@10_ab=0.9750
  Saved best antibody-AUPR checkpoint: checkpoints_ab_aupr/iPara_l1_g8_i5_do0.10_dpr0.10_lr0.0002_heads16_fold5.pth  val_AUPR_ab=0.7395
Ep016  LR0=1.83e-04  pw=2.56  aucα=0.280  token_p=0.010  dropE=(0.010,0.050)  smooth=0.010  train_loss=0.3199  train_AUPR_all=0.6542  train_AUPR_ab=0.7412  train_AUPR_ag=0.5161  train_P@5_ab=0.9500  train_P@10_ab=0.9250  val_loss=0.4244  val_AUPR_all=0.5944  val_AUPR_ab=0.7381  val_AUPR_ag=0.3802  val_P@5_ab=0.9500  val_P@10_ab=0.9750
Ep017  LR0=1.81e-04  pw=2.41  aucα=0.320  token_p=0.010  dropE=(0.010,0.050)  smooth=0.010  train_loss=0.3218  train_AUPR_all=0.6634  train_AUPR_ab=0.7489  train_AUPR_ag=0.5292  train_P@5_ab=1.0000  train_P@10_ab=0.9750  val_loss=0.4152  val_AUPR_all=0.6035  val_AUPR_ab=0.7473  val_AUPR_ag=0.3858  val_P@5_ab=1.0000  val_P@10_ab=1.0000
  Saved best antibody-AUPR checkpoint: checkpoints_ab_aupr/iPara_l1_g8_i5_do0.10_dpr0.10_lr0.0002_heads16_fold5.pth  val_AUPR_ab=0.7473
Ep018  LR0=1.79e-04  pw=2.28  aucα=0.360  token_p=0.010  dropE=(0.010,0.050)  smooth=0.010  train_loss=0.3238  train_AUPR_all=0.6740  train_AUPR_ab=0.7568  train_AUPR_ag=0.5455  train_P@5_ab=1.0000  train_P@10_ab=0.9750  val_loss=0.4077  val_AUPR_all=0.6022  val_AUPR_ab=0.7499  val_AUPR_ag=0.3760  val_P@5_ab=1.0000  val_P@10_ab=1.0000
  Saved best antibody-AUPR checkpoint: checkpoints_ab_aupr/iPara_l1_g8_i5_do0.10_dpr0.10_lr0.0002_heads16_fold5.pth  val_AUPR_ab=0.7499
Ep019  LR0=1.76e-04  pw=2.16  aucα=0.400  token_p=0.010  dropE=(0.010,0.050)  smooth=0.010  train_loss=0.3276  train_AUPR_all=0.6808  train_AUPR_ab=0.7641  train_AUPR_ag=0.5521  train_P@5_ab=0.9500  train_P@10_ab=0.9750  val_loss=0.3926  val_AUPR_all=0.6118  val_AUPR_ab=0.7589  val_AUPR_ag=0.3769  val_P@5_ab=1.0000  val_P@10_ab=1.0000
  Saved best antibody-AUPR checkpoint: checkpoints_ab_aupr/iPara_l1_g8_i5_do0.10_dpr0.10_lr0.0002_heads16_fold5.pth  val_AUPR_ab=0.7589
Ep020  LR0=1.73e-04  pw=2.05  aucα=0.400  token_p=0.010  dropE=(0.010,0.050)  smooth=0.010  train_loss=0.3133  train_AUPR_all=0.6949  train_AUPR_ab=0.7722  train_AUPR_ag=0.5764  train_P@5_ab=1.0000  train_P@10_ab=0.9500  val_loss=0.4232  val_AUPR_all=0.6005  val_AUPR_ab=0.7608  val_AUPR_ag=0.3598  val_P@5_ab=1.0000  val_P@10_ab=1.0000
  Saved best antibody-AUPR checkpoint: checkpoints_ab_aupr/iPara_l1_g8_i5_do0.10_dpr0.10_lr0.0002_heads16_fold5.pth  val_AUPR_ab=0.7608
Ep021  LR0=1.71e-04  pw=1.95  aucα=0.400  token_p=0.010  dropE=(0.010,0.050)  smooth=0.010  train_loss=0.2965  train_AUPR_all=0.7122  train_AUPR_ab=0.7829  train_AUPR_ag=0.6059  train_P@5_ab=1.0000  train_P@10_ab=0.9750  val_loss=0.3914  val_AUPR_all=0.6084  val_AUPR_ab=0.7607  val_AUPR_ag=0.3751  val_P@5_ab=1.0000  val_P@10_ab=1.0000
Ep022  LR0=1.68e-04  pw=1.86  aucα=0.400  token_p=0.010  dropE=(0.010,0.050)  smooth=0.010  train_loss=0.2864  train_AUPR_all=0.7201  train_AUPR_ab=0.7916  train_AUPR_ag=0.6128  train_P@5_ab=1.0000  train_P@10_ab=0.9750  val_loss=0.3981  val_AUPR_all=0.5987  val_AUPR_ab=0.7440  val_AUPR_ag=0.3835  val_P@5_ab=1.0000  val_P@10_ab=0.9750
Ep023  LR0=1.65e-04  pw=1.78  aucα=0.400  token_p=0.010  dropE=(0.010,0.050)  smooth=0.010  train_loss=0.2710  train_AUPR_all=0.7360  train_AUPR_ab=0.8003  train_AUPR_ag=0.6399  train_P@5_ab=1.0000  train_P@10_ab=0.9750  val_loss=0.3998  val_AUPR_all=0.5952  val_AUPR_ab=0.7662  val_AUPR_ag=0.3905  val_P@5_ab=1.0000  val_P@10_ab=1.0000
  Saved best antibody-AUPR checkpoint: checkpoints_ab_aupr/iPara_l1_g8_i5_do0.10_dpr0.10_lr0.0002_heads16_fold5.pth  val_AUPR_ab=0.7662
Ep024  LR0=1.62e-04  pw=1.70  aucα=0.400  token_p=0.010  dropE=(0.010,0.050)  smooth=0.010  train_loss=0.2638  train_AUPR_all=0.7415  train_AUPR_ab=0.8027  train_AUPR_ag=0.6514  train_P@5_ab=1.0000  train_P@10_ab=0.9750  val_loss=0.3895  val_AUPR_all=0.6014  val_AUPR_ab=0.7641  val_AUPR_ag=0.3842  val_P@5_ab=1.0000  val_P@10_ab=1.0000
Ep025  LR0=1.59e-04  pw=1.64  aucα=0.400  token_p=0.010  dropE=(0.010,0.050)  smooth=0.010  train_loss=0.2525  train_AUPR_all=0.7553  train_AUPR_ab=0.8126  train_AUPR_ag=0.6713  train_P@5_ab=1.0000  train_P@10_ab=1.0000  val_loss=0.3872  val_AUPR_all=0.6011  val_AUPR_ab=0.7621  val_AUPR_ag=0.3866  val_P@5_ab=1.0000  val_P@10_ab=1.0000
Ep026  LR0=1.56e-04  pw=1.57  aucα=0.400  token_p=0.010  dropE=(0.010,0.050)  smooth=0.010  train_loss=0.2447  train_AUPR_all=0.7601  train_AUPR_ab=0.8158  train_AUPR_ag=0.6782  train_P@5_ab=0.9500  train_P@10_ab=0.9500  val_loss=0.3811  val_AUPR_all=0.6032  val_AUPR_ab=0.7614  val_AUPR_ag=0.3888  val_P@5_ab=1.0000  val_P@10_ab=1.0000
Ep027  LR0=1.52e-04  pw=1.52  aucα=0.400  token_p=0.010  dropE=(0.010,0.050)  smooth=0.010  train_loss=0.2322  train_AUPR_all=0.7747  train_AUPR_ab=0.8251  train_AUPR_ag=0.7015  train_P@5_ab=1.0000  train_P@10_ab=1.0000  val_loss=0.3715  val_AUPR_all=0.6048  val_AUPR_ab=0.7663  val_AUPR_ag=0.3642  val_P@5_ab=0.9500  val_P@10_ab=0.9750
Ep028  LR0=1.49e-04  pw=1.47  aucα=0.400  token_p=0.010  dropE=(0.010,0.050)  smooth=0.010  train_loss=0.2222  train_AUPR_all=0.7860  train_AUPR_ab=0.8323  train_AUPR_ag=0.7191  train_P@5_ab=0.9500  train_P@10_ab=0.9250  val_loss=0.3984  val_AUPR_all=0.6001  val_AUPR_ab=0.7545  val_AUPR_ag=0.3925  val_P@5_ab=1.0000  val_P@10_ab=0.9750
Ep029  LR0=1.46e-04  pw=1.43  aucα=0.400  token_p=0.010  dropE=(0.010,0.050)  smooth=0.010  train_loss=0.2126  train_AUPR_all=0.7970  train_AUPR_ab=0.8427  train_AUPR_ag=0.7308  train_P@5_ab=1.0000  train_P@10_ab=1.0000  val_loss=0.3893  val_AUPR_all=0.5902  val_AUPR_ab=0.7629  val_AUPR_ag=0.3715  val_P@5_ab=0.9500  val_P@10_ab=0.9750
Ep030  LR0=1.42e-04  pw=1.39  aucα=0.400  token_p=0.010  dropE=(0.010,0.050)  smooth=0.010  train_loss=0.2028  train_AUPR_all=0.8119  train_AUPR_ab=0.8575  train_AUPR_ag=0.7458  train_P@5_ab=1.0000  train_P@10_ab=1.0000  val_loss=0.3837  val_AUPR_all=0.5980  val_AUPR_ab=0.7563  val_AUPR_ag=0.3841  val_P@5_ab=1.0000  val_P@10_ab=0.9750
Ep031  LR0=1.38e-04  pw=1.35  aucα=0.400  token_p=0.010  dropE=(0.010,0.050)  smooth=0.010  train_loss=0.1987  train_AUPR_all=0.8142  train_AUPR_ab=0.8572  train_AUPR_ag=0.7522  train_P@5_ab=1.0000  train_P@10_ab=1.0000  val_loss=0.3707  val_AUPR_all=0.5991  val_AUPR_ab=0.7545  val_AUPR_ag=0.3927  val_P@5_ab=0.9500  val_P@10_ab=0.9750
Ep032  LR0=1.35e-04  pw=1.32  aucα=0.400  token_p=0.010  dropE=(0.010,0.050)  smooth=0.010  train_loss=0.1925  train_AUPR_all=0.8216  train_AUPR_ab=0.8611  train_AUPR_ag=0.7650  train_P@5_ab=1.0000  train_P@10_ab=1.0000  val_loss=0.3796  val_AUPR_all=0.5967  val_AUPR_ab=0.7529  val_AUPR_ag=0.4011  val_P@5_ab=0.9500  val_P@10_ab=0.9750
Ep033  LR0=1.31e-04  pw=1.29  aucα=0.400  token_p=0.010  dropE=(0.010,0.050)  smooth=0.010  train_loss=0.1817  train_AUPR_all=0.8347  train_AUPR_ab=0.8731  train_AUPR_ag=0.7792  train_P@5_ab=1.0000  train_P@10_ab=1.0000  val_loss=0.3663  val_AUPR_all=0.6127  val_AUPR_ab=0.7625  val_AUPR_ag=0.4110  val_P@5_ab=0.9500  val_P@10_ab=0.9750
Ep034  LR0=1.27e-04  pw=1.26  aucα=0.400  token_p=0.010  dropE=(0.010,0.050)  smooth=0.010  train_loss=0.1745  train_AUPR_all=0.8453  train_AUPR_ab=0.8813  train_AUPR_ag=0.7935  train_P@5_ab=1.0000  train_P@10_ab=0.9750  val_loss=0.3798  val_AUPR_all=0.5938  val_AUPR_ab=0.7568  val_AUPR_ag=0.3727  val_P@5_ab=1.0000  val_P@10_ab=0.9750
Ep035  LR0=1.24e-04  pw=1.23  aucα=0.400  token_p=0.010  dropE=(0.010,0.050)  smooth=0.010  train_loss=0.1732  train_AUPR_all=0.8451  train_AUPR_ab=0.8827  train_AUPR_ag=0.7905  train_P@5_ab=1.0000  train_P@10_ab=1.0000  val_loss=0.3749  val_AUPR_all=0.5951  val_AUPR_ab=0.7524  val_AUPR_ag=0.3858  val_P@5_ab=1.0000  val_P@10_ab=0.9500
Ep036  LR0=1.20e-04  pw=1.21  aucα=0.400  token_p=0.010  dropE=(0.010,0.050)  smooth=0.010  train_loss=0.1605  train_AUPR_all=0.8616  train_AUPR_ab=0.8953  train_AUPR_ag=0.8125  train_P@5_ab=1.0000  train_P@10_ab=1.0000  val_loss=0.3790  val_AUPR_all=0.5966  val_AUPR_ab=0.7585  val_AUPR_ag=0.3874  val_P@5_ab=0.9500  val_P@10_ab=0.9750
Ep037  LR0=1.16e-04  pw=1.19  aucα=0.400  token_p=0.010  dropE=(0.010,0.050)  smooth=0.010  train_loss=0.1557  train_AUPR_all=0.8667  train_AUPR_ab=0.8989  train_AUPR_ag=0.8198  train_P@5_ab=1.0000  train_P@10_ab=1.0000  val_loss=0.3727  val_AUPR_all=0.6025  val_AUPR_ab=0.7562  val_AUPR_ag=0.3977  val_P@5_ab=0.9500  val_P@10_ab=0.9750
Ep038  LR0=1.12e-04  pw=1.17  aucα=0.400  token_p=0.010  dropE=(0.010,0.050)  smooth=0.010  train_loss=0.1520  train_AUPR_all=0.8709  train_AUPR_ab=0.9021  train_AUPR_ag=0.8255  train_P@5_ab=1.0000  train_P@10_ab=1.0000  val_loss=0.3813  val_AUPR_all=0.5864  val_AUPR_ab=0.7523  val_AUPR_ag=0.3790  val_P@5_ab=1.0000  val_P@10_ab=0.9750
Ep039  LR0=1.08e-04  pw=1.16  aucα=0.400  token_p=0.010  dropE=(0.010,0.050)  smooth=0.010  train_loss=0.1467  train_AUPR_all=0.8782  train_AUPR_ab=0.9085  train_AUPR_ag=0.8341  train_P@5_ab=1.0000  train_P@10_ab=1.0000  val_loss=0.3796  val_AUPR_all=0.5880  val_AUPR_ab=0.7505  val_AUPR_ag=0.3768  val_P@5_ab=0.9500  val_P@10_ab=0.9500
Ep040  LR0=1.04e-04  pw=1.14  aucα=0.400  token_p=0.010  dropE=(0.010,0.050)  smooth=0.010  train_loss=0.1400  train_AUPR_all=0.8860  train_AUPR_ab=0.9114  train_AUPR_ag=0.8497  train_P@5_ab=1.0000  train_P@10_ab=1.0000  val_loss=0.3960  val_AUPR_all=0.5802  val_AUPR_ab=0.7408  val_AUPR_ag=0.3733  val_P@5_ab=0.9500  val_P@10_ab=0.9750
Ep041  LR0=1.00e-04  pw=1.13  aucα=0.400  token_p=0.010  dropE=(0.010,0.050)  smooth=0.010  train_loss=0.1340  train_AUPR_all=0.8944  train_AUPR_ab=0.9203  train_AUPR_ag=0.8569  train_P@5_ab=1.0000  train_P@10_ab=1.0000  val_loss=0.3887  val_AUPR_all=0.5663  val_AUPR_ab=0.7436  val_AUPR_ag=0.3659  val_P@5_ab=1.0000  val_P@10_ab=1.0000
Early stopping at epoch 41. Best val_AUPR_ab=0.7662 at epoch 23.
Final saved checkpoint for fold 5: checkpoints_ab_aupr/iPara_l1_g8_i5_do0.10_dpr0.10_lr0.0002_heads16_fold5.pth
Best val_AUPR_ab=0.7662 at epoch 23
