{'sequence_file': 'para_tv_esmsequences_1600.npz', 'data_file': 'para_tv_esminterfaces_1600.npz', 'edge_file': 'para_tv_esmedges_1600.npz', 'vocab_size': 31, 'seq_len': 1600, 'embed_dim': 256, 'num_heads': 16, 'dropout': 0.1, 'num_layers': 1, 'num_gnn_layers': 8, 'num_int_layers': 5, 'drop_path_rate': 0.1, 'num_classes': 2, 'batch_size': 4, 'num_epochs': 100, 'warmup_epochs': 10, 'dym_start_epoch': 20, 'dym_lr_factor': 0.1, 'swa_start': 30, 'learning_rate': 0.0002, 'weight_decay': 0.0001, 'max_grad_norm': 0.5, 'accum_steps': 1, 'n_splits': 5, 'early_stop': 20, 'min_stop_epoch': 40, 'weight_start': 15.0, 'weight_end': 1.0, 'weight_anneal_tau': 8.0, 'dropedge_min': 0.01, 'dropedge_max': 0.05, 'token_drop_p': 0.01, 'apply_feature_mask_on_train_only': True, 'smooth_lambda': 0.01, 'smooth_ramp_start': 5, 'smooth_ramp_len': 10, 'aucpr_alpha': 0.4, 'aucpr_ramp_start': 3, 'aucpr_ramp_len': 7, 'aucpr_bins': 64, 'aucpr_temp': 0.05, 'label_smoothing': 0.01, 'save_best_loss_checkpoint': True, 'save_best_aupr_checkpoint': True}
Number of GPUs available: 1

── Fold 1/5
Train labels: pos=26433, neg=373034, ignore=698133, pos_rate=0.066171
Val labels: pos=6797, neg=93928, ignore=174475, pos_rate=0.067481
Initializing ClassificationModel with 8 GAT layers and residual connections...
Initializing MCModel with 8 GAT layers and 5 row attention layers (drop_path_rate=0.1)
Initializing CoreModel with 1 layers, drop_path_rate=0.1
Ep000  LR0=2.00e-05  pw=15.00  aucα=0.000  token_p=0.000  dropE=(0.000,0.000)  smooth=0.000  train_loss=0.5537  train_AUPR=0.3733  train_P@5=0.4343  train_P@10=0.3315  val_loss=0.5229  val_AUPR=0.3847  val_P@5=0.4525  val_P@10=0.3429
Ep001  LR0=3.00e-05  pw=13.35  aucα=0.000  token_p=0.000  dropE=(0.000,0.000)  smooth=0.000  train_loss=0.4837  train_AUPR=0.4364  train_P@5=0.5111  train_P@10=0.3740  val_loss=0.4552  val_AUPR=0.4396  val_P@5=0.5216  val_P@10=0.3704
Ep002  LR0=4.00e-05  pw=11.90  aucα=0.000  token_p=0.000  dropE=(0.000,0.000)  smooth=0.000  train_loss=0.4479  train_AUPR=0.4866  train_P@5=0.5575  train_P@10=0.3951  val_loss=0.4275  val_AUPR=0.4800  val_P@5=0.5504  val_P@10=0.3982
Ep003  LR0=5.00e-05  pw=10.62  aucα=0.000  token_p=0.000  dropE=(0.000,0.000)  smooth=0.000  train_loss=0.4256  train_AUPR=0.5144  train_P@5=0.5715  train_P@10=0.4101  val_loss=0.4363  val_AUPR=0.5017  val_P@5=0.5629  val_P@10=0.4051
Ep004  LR0=6.00e-05  pw=9.49  aucα=0.057  token_p=0.000  dropE=(0.000,0.000)  smooth=0.000  train_loss=0.4228  train_AUPR=0.5315  train_P@5=0.5784  train_P@10=0.4255  val_loss=0.4120  val_AUPR=0.5108  val_P@5=0.5631  val_P@10=0.4143
Ep005  LR0=7.00e-05  pw=8.49  aucα=0.114  token_p=0.000  dropE=(0.000,0.000)  smooth=0.000  train_loss=0.4184  train_AUPR=0.5613  train_P@5=0.6129  train_P@10=0.4320  val_loss=0.3943  val_AUPR=0.5348  val_P@5=0.6023  val_P@10=0.4225
Ep006  LR0=8.00e-05  pw=7.61  aucα=0.171  token_p=0.001  dropE=(0.001,0.005)  smooth=0.001  train_loss=0.4118  train_AUPR=0.5768  train_P@5=0.6288  train_P@10=0.4466  val_loss=0.3920  val_AUPR=0.5434  val_P@5=0.6096  val_P@10=0.4312
Ep007  LR0=9.00e-05  pw=6.84  aucα=0.229  token_p=0.002  dropE=(0.002,0.010)  smooth=0.002  train_loss=0.4096  train_AUPR=0.5881  train_P@5=0.6309  train_P@10=0.4493  val_loss=0.3860  val_AUPR=0.5495  val_P@5=0.6098  val_P@10=0.4299
Ep008  LR0=1.00e-04  pw=6.15  aucα=0.286  token_p=0.003  dropE=(0.003,0.015)  smooth=0.003  train_loss=0.4038  train_AUPR=0.6039  train_P@5=0.6418  train_P@10=0.4536  val_loss=0.3683  val_AUPR=0.5601  val_P@5=0.6211  val_P@10=0.4329
Ep009  LR0=1.00e-04  pw=5.55  aucα=0.343  token_p=0.004  dropE=(0.004,0.020)  smooth=0.004  train_loss=0.3998  train_AUPR=0.5883  train_P@5=0.6393  train_P@10=0.4502  val_loss=0.3800  val_AUPR=0.5439  val_P@5=0.6158  val_P@10=0.4237
[Info] Unfroze 'dym' params after warmup (epoch=10). Added core=58 tensors, other=0 tensors.
Ep010  LR0=2.00e-05  pw=5.01  aucα=0.400  token_p=0.005  dropE=(0.005,0.025)  smooth=0.005  train_loss=0.3813  train_AUPR=0.6364  train_P@5=0.6699  train_P@10=0.4746  val_loss=0.3469  val_AUPR=0.5819  val_P@5=0.6320  val_P@10=0.4409
Ep011  LR0=3.00e-05  pw=4.54  aucα=0.400  token_p=0.006  dropE=(0.006,0.030)  smooth=0.006  train_loss=0.3679  train_AUPR=0.6454  train_P@5=0.6755  train_P@10=0.4803  val_loss=0.3320  val_AUPR=0.5840  val_P@5=0.6368  val_P@10=0.4425
Ep012  LR0=4.00e-05  pw=4.12  aucα=0.400  token_p=0.007  dropE=(0.007,0.035)  smooth=0.007  train_loss=0.3587  train_AUPR=0.6509  train_P@5=0.6806  train_P@10=0.4825  val_loss=0.3247  val_AUPR=0.5817  val_P@5=0.6334  val_P@10=0.4399
Ep013  LR0=5.00e-05  pw=3.76  aucα=0.400  token_p=0.008  dropE=(0.008,0.040)  smooth=0.008  train_loss=0.3519  train_AUPR=0.6574  train_P@5=0.6851  train_P@10=0.4850  val_loss=0.3119  val_AUPR=0.5939  val_P@5=0.6448  val_P@10=0.4489
Ep014  LR0=6.00e-05  pw=3.43  aucα=0.400  token_p=0.009  dropE=(0.009,0.045)  smooth=0.009  train_loss=0.3428  train_AUPR=0.6572  train_P@5=0.6872  train_P@10=0.4855  val_loss=0.3005  val_AUPR=0.5923  val_P@5=0.6390  val_P@10=0.4441
Ep015  LR0=7.00e-05  pw=3.15  aucα=0.400  token_p=0.010  dropE=(0.010,0.050)  smooth=0.010  train_loss=0.3376  train_AUPR=0.6685  train_P@5=0.6910  train_P@10=0.4922  val_loss=0.2886  val_AUPR=0.5934  val_P@5=0.6432  val_P@10=0.4461
Ep016  LR0=8.00e-05  pw=2.89  aucα=0.400  token_p=0.010  dropE=(0.010,0.050)  smooth=0.010  train_loss=0.3266  train_AUPR=0.6695  train_P@5=0.6954  train_P@10=0.4940  val_loss=0.2802  val_AUPR=0.5857  val_P@5=0.6305  val_P@10=0.4410
Ep017  LR0=9.00e-05  pw=2.67  aucα=0.400  token_p=0.010  dropE=(0.010,0.050)  smooth=0.010  train_loss=0.3196  train_AUPR=0.6679  train_P@5=0.6973  train_P@10=0.4876  val_loss=0.2768  val_AUPR=0.5807  val_P@5=0.6257  val_P@10=0.4348
Ep018  LR0=1.00e-04  pw=2.48  aucα=0.400  token_p=0.010  dropE=(0.010,0.050)  smooth=0.010  train_loss=0.3121  train_AUPR=0.6824  train_P@5=0.7060  train_P@10=0.5011  val_loss=0.2642  val_AUPR=0.5892  val_P@5=0.6360  val_P@10=0.4468
Ep019  LR0=1.00e-04  pw=2.30  aucα=0.400  token_p=0.010  dropE=(0.010,0.050)  smooth=0.010  train_loss=0.3055  train_AUPR=0.6773  train_P@5=0.7053  train_P@10=0.4944  val_loss=0.2521  val_AUPR=0.5847  val_P@5=0.6354  val_P@10=0.4414
Ep020  LR0=1.00e-04  pw=2.15  aucα=0.400  token_p=0.010  dropE=(0.010,0.050)  smooth=0.010  train_loss=0.2958  train_AUPR=0.6926  train_P@5=0.7091  train_P@10=0.5078  val_loss=0.2453  val_AUPR=0.5908  val_P@5=0.6388  val_P@10=0.4471
Ep021  LR0=9.99e-05  pw=2.01  aucα=0.400  token_p=0.010  dropE=(0.010,0.050)  smooth=0.010  train_loss=0.2863  train_AUPR=0.7014  train_P@5=0.7231  train_P@10=0.5078  val_loss=0.2412  val_AUPR=0.5790  val_P@5=0.6315  val_P@10=0.4356
Ep022  LR0=9.97e-05  pw=1.89  aucα=0.400  token_p=0.010  dropE=(0.010,0.050)  smooth=0.010  train_loss=0.2783  train_AUPR=0.7174  train_P@5=0.7355  train_P@10=0.5190  val_loss=0.2293  val_AUPR=0.5875  val_P@5=0.6372  val_P@10=0.4469
Ep023  LR0=9.95e-05  pw=1.79  aucα=0.400  token_p=0.010  dropE=(0.010,0.050)  smooth=0.010  train_loss=0.2683  train_AUPR=0.7172  train_P@5=0.7391  train_P@10=0.5176  val_loss=0.2220  val_AUPR=0.5866  val_P@5=0.6386  val_P@10=0.4370
Ep024  LR0=9.92e-05  pw=1.70  aucα=0.400  token_p=0.010  dropE=(0.010,0.050)  smooth=0.010  train_loss=0.2608  train_AUPR=0.7413  train_P@5=0.7551  train_P@10=0.5326  val_loss=0.2234  val_AUPR=0.5926  val_P@5=0.6424  val_P@10=0.4507
Ep025  LR0=9.89e-05  pw=1.62  aucα=0.400  token_p=0.010  dropE=(0.010,0.050)  smooth=0.010  train_loss=0.2515  train_AUPR=0.7351  train_P@5=0.7479  train_P@10=0.5317  val_loss=0.2103  val_AUPR=0.5870  val_P@5=0.6364  val_P@10=0.4464
Ep026  LR0=9.85e-05  pw=1.54  aucα=0.400  token_p=0.010  dropE=(0.010,0.050)  smooth=0.010  train_loss=0.2450  train_AUPR=0.7608  train_P@5=0.7690  train_P@10=0.5429  val_loss=0.2062  val_AUPR=0.6012  val_P@5=0.6461  val_P@10=0.4492
Ep027  LR0=9.81e-05  pw=1.48  aucα=0.400  token_p=0.010  dropE=(0.010,0.050)  smooth=0.010  train_loss=0.2401  train_AUPR=0.7704  train_P@5=0.7796  train_P@10=0.5467  val_loss=0.2020  val_AUPR=0.6019  val_P@5=0.6382  val_P@10=0.4533
Ep028  LR0=9.76e-05  pw=1.42  aucα=0.400  token_p=0.010  dropE=(0.010,0.050)  smooth=0.010  train_loss=0.2270  train_AUPR=0.7871  train_P@5=0.7980  train_P@10=0.5544  val_loss=0.2022  val_AUPR=0.5859  val_P@5=0.6267  val_P@10=0.4411
Ep029  LR0=9.70e-05  pw=1.37  aucα=0.400  token_p=0.010  dropE=(0.010,0.050)  smooth=0.010  train_loss=0.2214  train_AUPR=0.7858  train_P@5=0.7947  train_P@10=0.5539  val_loss=0.2000  val_AUPR=0.5789  val_P@5=0.6195  val_P@10=0.4313
Ep030  LR0=9.46e-05  pw=1.33  aucα=0.400  token_p=0.010  dropE=(0.010,0.050)  smooth=0.010  train_loss=0.2183  train_AUPR=0.7961  train_P@5=0.8047  train_P@10=0.5610  val_loss=0.1975  val_AUPR=0.5743  val_P@5=0.6110  val_P@10=0.4344
Ep031  LR0=8.78e-05  pw=1.29  aucα=0.400  token_p=0.010  dropE=(0.010,0.050)  smooth=0.010  train_loss=0.2109  train_AUPR=0.8079  train_P@5=0.8138  train_P@10=0.5698  val_loss=0.1940  val_AUPR=0.5789  val_P@5=0.6172  val_P@10=0.4385
Ep032  LR0=7.71e-05  pw=1.26  aucα=0.400  token_p=0.010  dropE=(0.010,0.050)  smooth=0.010  train_loss=0.2011  train_AUPR=0.8126  train_P@5=0.8188  train_P@10=0.5717  val_loss=0.1889  val_AUPR=0.5820  val_P@5=0.6257  val_P@10=0.4408
Ep033  LR0=6.37e-05  pw=1.23  aucα=0.400  token_p=0.010  dropE=(0.010,0.050)  smooth=0.010  train_loss=0.1931  train_AUPR=0.8393  train_P@5=0.8446  train_P@10=0.5833  val_loss=0.1864  val_AUPR=0.5873  val_P@5=0.6289  val_P@10=0.4408
Ep034  LR0=4.87e-05  pw=1.20  aucα=0.400  token_p=0.010  dropE=(0.010,0.050)  smooth=0.010  train_loss=0.1842  train_AUPR=0.8491  train_P@5=0.8530  train_P@10=0.5906  val_loss=0.1851  val_AUPR=0.5859  val_P@5=0.6253  val_P@10=0.4414
Ep035  LR0=3.38e-05  pw=1.18  aucα=0.400  token_p=0.010  dropE=(0.010,0.050)  smooth=0.010  train_loss=0.1746  train_AUPR=0.8577  train_P@5=0.8606  train_P@10=0.5937  val_loss=0.1840  val_AUPR=0.5838  val_P@5=0.6259  val_P@10=0.4408
Ep036  LR0=2.04e-05  pw=1.16  aucα=0.400  token_p=0.010  dropE=(0.010,0.050)  smooth=0.010  train_loss=0.1652  train_AUPR=0.8736  train_P@5=0.8763  train_P@10=0.6034  val_loss=0.1825  val_AUPR=0.5846  val_P@5=0.6261  val_P@10=0.4419
Ep037  LR0=9.71e-06  pw=1.14  aucα=0.400  token_p=0.010  dropE=(0.010,0.050)  smooth=0.010  train_loss=0.1585  train_AUPR=0.8884  train_P@5=0.8928  train_P@10=0.6107  val_loss=0.1815  val_AUPR=0.5840  val_P@5=0.6251  val_P@10=0.4430
Ep038  LR0=2.86e-06  pw=1.12  aucα=0.400  token_p=0.010  dropE=(0.010,0.050)  smooth=0.010  train_loss=0.1535  train_AUPR=0.8922  train_P@5=0.8976  train_P@10=0.6126  val_loss=0.1805  val_AUPR=0.5835  val_P@5=0.6239  val_P@10=0.4429
Ep039  LR0=5.00e-07  pw=1.11  aucα=0.400  token_p=0.010  dropE=(0.010,0.050)  smooth=0.010  train_loss=0.1497  train_AUPR=0.8943  train_P@5=0.8984  train_P@10=0.6141  val_loss=0.1797  val_AUPR=0.5827  val_P@5=0.6233  val_P@10=0.4430
Ep040  LR0=5.00e-07  pw=1.09  aucα=0.400  token_p=0.010  dropE=(0.010,0.050)  smooth=0.010  train_loss=0.1470  train_AUPR=0.8947  train_P@5=0.8990  train_P@10=0.6142  val_loss=0.1790  val_AUPR=0.5820  val_P@5=0.6237  val_P@10=0.4433
Ep041  LR0=5.00e-07  pw=1.08  aucα=0.400  token_p=0.010  dropE=(0.010,0.050)  smooth=0.010  train_loss=0.1462  train_AUPR=0.8950  train_P@5=0.9000  train_P@10=0.6141  val_loss=0.1783  val_AUPR=0.5814  val_P@5=0.6235  val_P@10=0.4434
Ep042  LR0=5.00e-07  pw=1.07  aucα=0.400  token_p=0.010  dropE=(0.010,0.050)  smooth=0.010  train_loss=0.1458  train_AUPR=0.8951  train_P@5=0.8997  train_P@10=0.6142  val_loss=0.1777  val_AUPR=0.5808  val_P@5=0.6231  val_P@10=0.4441
Ep043  LR0=5.00e-07  pw=1.06  aucα=0.400  token_p=0.010  dropE=(0.010,0.050)  smooth=0.010  train_loss=0.1458  train_AUPR=0.8953  train_P@5=0.8998  train_P@10=0.6145  val_loss=0.1771  val_AUPR=0.5803  val_P@5=0.6229  val_P@10=0.4443
Ep044  LR0=5.00e-07  pw=1.06  aucα=0.400  token_p=0.010  dropE=(0.010,0.050)  smooth=0.010  train_loss=0.1445  train_AUPR=0.8956  train_P@5=0.9002  train_P@10=0.6145  val_loss=0.1766  val_AUPR=0.5798  val_P@5=0.6227  val_P@10=0.4445
Ep045  LR0=5.00e-07  pw=1.05  aucα=0.400  token_p=0.010  dropE=(0.010,0.050)  smooth=0.010  train_loss=0.1453  train_AUPR=0.8958  train_P@5=0.9000  train_P@10=0.6147  val_loss=0.1762  val_AUPR=0.5794  val_P@5=0.6223  val_P@10=0.4450
Ep046  LR0=5.00e-07  pw=1.04  aucα=0.400  token_p=0.010  dropE=(0.010,0.050)  smooth=0.010  train_loss=0.1451  train_AUPR=0.8960  train_P@5=0.9009  train_P@10=0.6147  val_loss=0.1758  val_AUPR=0.5789  val_P@5=0.6213  val_P@10=0.4450
Ep047  LR0=5.00e-07  pw=1.04  aucα=0.400  token_p=0.010  dropE=(0.010,0.050)  smooth=0.010  train_loss=0.1440  train_AUPR=0.8962  train_P@5=0.9009  train_P@10=0.6148  val_loss=0.1754  val_AUPR=0.5786  val_P@5=0.6213  val_P@10=0.4452
Ep048  LR0=5.00e-07  pw=1.03  aucα=0.400  token_p=0.010  dropE=(0.010,0.050)  smooth=0.010  train_loss=0.1433  train_AUPR=0.8963  train_P@5=0.9011  train_P@10=0.6149  val_loss=0.1752  val_AUPR=0.5783  val_P@5=0.6205  val_P@10=0.4452
Ep049  LR0=5.00e-07  pw=1.03  aucα=0.400  token_p=0.010  dropE=(0.010,0.050)  smooth=0.010  train_loss=0.1436  train_AUPR=0.8965  train_P@5=0.9018  train_P@10=0.6149  val_loss=0.1749  val_AUPR=0.5779  val_P@5=0.6203  val_P@10=0.4452
Ep050  LR0=5.00e-07  pw=1.03  aucα=0.400  token_p=0.010  dropE=(0.010,0.050)  smooth=0.010  train_loss=0.1438  train_AUPR=0.8967  train_P@5=0.9021  train_P@10=0.6150  val_loss=0.1747  val_AUPR=0.5776  val_P@5=0.6209  val_P@10=0.4453
Ep051  LR0=5.00e-07  pw=1.02  aucα=0.400  token_p=0.010  dropE=(0.010,0.050)  smooth=0.010  train_loss=0.1437  train_AUPR=0.8969  train_P@5=0.9024  train_P@10=0.6152  val_loss=0.1745  val_AUPR=0.5774  val_P@5=0.6205  val_P@10=0.4452
Ep052  LR0=5.00e-07  pw=1.02  aucα=0.400  token_p=0.010  dropE=(0.010,0.050)  smooth=0.010  train_loss=0.1434  train_AUPR=0.8971  train_P@5=0.9026  train_P@10=0.6153  val_loss=0.1744  val_AUPR=0.5772  val_P@5=0.6201  val_P@10=0.4456
Ep053  LR0=5.00e-07  pw=1.02  aucα=0.400  token_p=0.010  dropE=(0.010,0.050)  smooth=0.010  train_loss=0.1432  train_AUPR=0.8972  train_P@5=0.9024  train_P@10=0.6153  val_loss=0.1742  val_AUPR=0.5769  val_P@5=0.6197  val_P@10=0.4455
Ep054  LR0=5.00e-07  pw=1.02  aucα=0.400  token_p=0.010  dropE=(0.010,0.050)  smooth=0.010  train_loss=0.1436  train_AUPR=0.8974  train_P@5=0.9031  train_P@10=0.6155  val_loss=0.1741  val_AUPR=0.5767  val_P@5=0.6197  val_P@10=0.4456
Ep055  LR0=5.00e-07  pw=1.01  aucα=0.400  token_p=0.010  dropE=(0.010,0.050)  smooth=0.010  train_loss=0.1418  train_AUPR=0.8975  train_P@5=0.9028  train_P@10=0.6157  val_loss=0.1740  val_AUPR=0.5765  val_P@5=0.6189  val_P@10=0.4456
Ep056  LR0=5.00e-07  pw=1.01  aucα=0.400  token_p=0.010  dropE=(0.010,0.050)  smooth=0.010  train_loss=0.1435  train_AUPR=0.8976  train_P@5=0.9030  train_P@10=0.6157  val_loss=0.1740  val_AUPR=0.5763  val_P@5=0.6187  val_P@10=0.4454
Ep057  LR0=5.00e-07  pw=1.01  aucα=0.400  token_p=0.010  dropE=(0.010,0.050)  smooth=0.010  train_loss=0.1426  train_AUPR=0.8977  train_P@5=0.9032  train_P@10=0.6158  val_loss=0.1739  val_AUPR=0.5761  val_P@5=0.6189  val_P@10=0.4453
Ep058  LR0=5.00e-07  pw=1.01  aucα=0.400  token_p=0.010  dropE=(0.010,0.050)  smooth=0.010  train_loss=0.1424  train_AUPR=0.8977  train_P@5=0.9031  train_P@10=0.6157  val_loss=0.1739  val_AUPR=0.5759  val_P@5=0.6187  val_P@10=0.4452
Ep059  LR0=5.00e-07  pw=1.01  aucα=0.400  token_p=0.010  dropE=(0.010,0.050)  smooth=0.010  train_loss=0.1428  train_AUPR=0.8979  train_P@5=0.9032  train_P@10=0.6158  val_loss=0.1738  val_AUPR=0.5758  val_P@5=0.6189  val_P@10=0.4453
Ep060  LR0=5.00e-07  pw=1.01  aucα=0.400  token_p=0.010  dropE=(0.010,0.050)  smooth=0.010  train_loss=0.1432  train_AUPR=0.8982  train_P@5=0.9033  train_P@10=0.6158  val_loss=0.1738  val_AUPR=0.5756  val_P@5=0.6187  val_P@10=0.4452
Ep061  LR0=5.00e-07  pw=1.01  aucα=0.400  token_p=0.010  dropE=(0.010,0.050)  smooth=0.010  train_loss=0.1426  train_AUPR=0.8983  train_P@5=0.9035  train_P@10=0.6160  val_loss=0.1738  val_AUPR=0.5755  val_P@5=0.6189  val_P@10=0.4454
Ep062  LR0=5.00e-07  pw=1.01  aucα=0.400  token_p=0.010  dropE=(0.010,0.050)  smooth=0.010  train_loss=0.1428  train_AUPR=0.8985  train_P@5=0.9036  train_P@10=0.6161  val_loss=0.1738  val_AUPR=0.5754  val_P@5=0.6191  val_P@10=0.4455
Ep063  LR0=5.00e-07  pw=1.01  aucα=0.400  token_p=0.010  dropE=(0.010,0.050)  smooth=0.010  train_loss=0.1419  train_AUPR=0.8987  train_P@5=0.9037  train_P@10=0.6164  val_loss=0.1738  val_AUPR=0.5752  val_P@5=0.6189  val_P@10=0.4455
Ep064  LR0=5.00e-07  pw=1.00  aucα=0.400  token_p=0.010  dropE=(0.010,0.050)  smooth=0.010  train_loss=0.1413  train_AUPR=0.8988  train_P@5=0.9036  train_P@10=0.6163  val_loss=0.1738  val_AUPR=0.5751  val_P@5=0.6193  val_P@10=0.4454
Ep065  LR0=5.00e-07  pw=1.00  aucα=0.400  token_p=0.010  dropE=(0.010,0.050)  smooth=0.010  train_loss=0.1409  train_AUPR=0.8988  train_P@5=0.9040  train_P@10=0.6164  val_loss=0.1738  val_AUPR=0.5749  val_P@5=0.6191  val_P@10=0.4456
Ep066  LR0=5.00e-07  pw=1.00  aucα=0.400  token_p=0.010  dropE=(0.010,0.050)  smooth=0.010  train_loss=0.1411  train_AUPR=0.8990  train_P@5=0.9043  train_P@10=0.6166  val_loss=0.1738  val_AUPR=0.5748  val_P@5=0.6189  val_P@10=0.4457
Ep067  LR0=5.00e-07  pw=1.00  aucα=0.400  token_p=0.010  dropE=(0.010,0.050)  smooth=0.010  train_loss=0.1413  train_AUPR=0.8992  train_P@5=0.9044  train_P@10=0.6165  val_loss=0.1738  val_AUPR=0.5747  val_P@5=0.6191  val_P@10=0.4458
Ep068  LR0=5.00e-07  pw=1.00  aucα=0.400  token_p=0.010  dropE=(0.010,0.050)  smooth=0.010  train_loss=0.1401  train_AUPR=0.8991  train_P@5=0.9045  train_P@10=0.6163  val_loss=0.1738  val_AUPR=0.5746  val_P@5=0.6193  val_P@10=0.4456
Ep069  LR0=5.00e-07  pw=1.00  aucα=0.400  token_p=0.010  dropE=(0.010,0.050)  smooth=0.010  train_loss=0.1408  train_AUPR=0.8993  train_P@5=0.9042  train_P@10=0.6166  val_loss=0.1739  val_AUPR=0.5745  val_P@5=0.6189  val_P@10=0.4457
Ep070  LR0=5.00e-07  pw=1.00  aucα=0.400  token_p=0.010  dropE=(0.010,0.050)  smooth=0.010  train_loss=0.1418  train_AUPR=0.8996  train_P@5=0.9049  train_P@10=0.6169  val_loss=0.1739  val_AUPR=0.5744  val_P@5=0.6189  val_P@10=0.4456
Ep071  LR0=5.00e-07  pw=1.00  aucα=0.400  token_p=0.010  dropE=(0.010,0.050)  smooth=0.010  train_loss=0.1418  train_AUPR=0.8995  train_P@5=0.9053  train_P@10=0.6167  val_loss=0.1739  val_AUPR=0.5743  val_P@5=0.6189  val_P@10=0.4456
Ep072  LR0=5.00e-07  pw=1.00  aucα=0.400  token_p=0.010  dropE=(0.010,0.050)  smooth=0.010  train_loss=0.1412  train_AUPR=0.8997  train_P@5=0.9051  train_P@10=0.6170  val_loss=0.1740  val_AUPR=0.5741  val_P@5=0.6189  val_P@10=0.4457
Ep073  LR0=5.00e-07  pw=1.00  aucα=0.400  token_p=0.010  dropE=(0.010,0.050)  smooth=0.010  train_loss=0.1402  train_AUPR=0.8998  train_P@5=0.9051  train_P@10=0.6170  val_loss=0.1740  val_AUPR=0.5740  val_P@5=0.6189  val_P@10=0.4455
Ep074  LR0=5.00e-07  pw=1.00  aucα=0.400  token_p=0.010  dropE=(0.010,0.050)  smooth=0.010  train_loss=0.1418  train_AUPR=0.8999  train_P@5=0.9054  train_P@10=0.6171  val_loss=0.1740  val_AUPR=0.5739  val_P@5=0.6185  val_P@10=0.4455
Ep075  LR0=5.00e-07  pw=1.00  aucα=0.400  token_p=0.010  dropE=(0.010,0.050)  smooth=0.010  train_loss=0.1403  train_AUPR=0.9001  train_P@5=0.9055  train_P@10=0.6171  val_loss=0.1740  val_AUPR=0.5738  val_P@5=0.6185  val_P@10=0.4456
Ep076  LR0=5.00e-07  pw=1.00  aucα=0.400  token_p=0.010  dropE=(0.010,0.050)  smooth=0.010  train_loss=0.1414  train_AUPR=0.9003  train_P@5=0.9056  train_P@10=0.6171  val_loss=0.1741  val_AUPR=0.5737  val_P@5=0.6189  val_P@10=0.4457
Ep077  LR0=5.00e-07  pw=1.00  aucα=0.400  token_p=0.010  dropE=(0.010,0.050)  smooth=0.010  train_loss=0.1404  train_AUPR=0.9005  train_P@5=0.9059  train_P@10=0.6173  val_loss=0.1741  val_AUPR=0.5736  val_P@5=0.6189  val_P@10=0.4458
Ep078  LR0=5.00e-07  pw=1.00  aucα=0.400  token_p=0.010  dropE=(0.010,0.050)  smooth=0.010  train_loss=0.1415  train_AUPR=0.9006  train_P@5=0.9055  train_P@10=0.6173  val_loss=0.1741  val_AUPR=0.5735  val_P@5=0.6187  val_P@10=0.4458
Ep079  LR0=5.00e-07  pw=1.00  aucα=0.400  token_p=0.010  dropE=(0.010,0.050)  smooth=0.010  train_loss=0.1406  train_AUPR=0.9007  train_P@5=0.9062  train_P@10=0.6176  val_loss=0.1742  val_AUPR=0.5734  val_P@5=0.6185  val_P@10=0.4458
Early stop triggered: neither val_AUPR nor val_loss improved for 20 epochs.
Saved iPara_l1_g8_i5_do0.10_dpr0.10_lr0.0002_heads16_fold1.pth  (best val AUPR=0.6019)
Saved iPara_l1_g8_i5_do0.10_dpr0.10_lr0.0002_heads16_fold1_best_aupr.pth
Saved iPara_l1_g8_i5_do0.10_dpr0.10_lr0.0002_heads16_fold1_best_loss.pth  (best val loss=0.1738)

── Fold 2/5
Train labels: pos=26650, neg=374184, ignore=696766, pos_rate=0.066486
Val labels: pos=6580, neg=92778, ignore=175842, pos_rate=0.066225
Initializing ClassificationModel with 8 GAT layers and residual connections...
Initializing MCModel with 8 GAT layers and 5 row attention layers (drop_path_rate=0.1)
Initializing CoreModel with 1 layers, drop_path_rate=0.1
Ep000  LR0=2.00e-05  pw=15.00  aucα=0.000  token_p=0.000  dropE=(0.000,0.000)  smooth=0.000  train_loss=0.5547  train_AUPR=0.3723  train_P@5=0.4377  train_P@10=0.3342  val_loss=0.4871  val_AUPR=0.3784  val_P@5=0.4490  val_P@10=0.3321
Ep001  LR0=3.00e-05  pw=13.35  aucα=0.000  token_p=0.000  dropE=(0.000,0.000)  smooth=0.000  train_loss=0.4806  train_AUPR=0.4459  train_P@5=0.5222  train_P@10=0.3784  val_loss=0.4546  val_AUPR=0.4390  val_P@5=0.5224  val_P@10=0.3741
Ep002  LR0=4.00e-05  pw=11.90  aucα=0.000  token_p=0.000  dropE=(0.000,0.000)  smooth=0.000  train_loss=0.4542  train_AUPR=0.4648  train_P@5=0.5433  train_P@10=0.3941  val_loss=0.4375  val_AUPR=0.4577  val_P@5=0.5386  val_P@10=0.3946
Ep003  LR0=5.00e-05  pw=10.62  aucα=0.000  token_p=0.000  dropE=(0.000,0.000)  smooth=0.000  train_loss=0.4308  train_AUPR=0.5168  train_P@5=0.5801  train_P@10=0.4165  val_loss=0.4107  val_AUPR=0.5070  val_P@5=0.5845  val_P@10=0.4139
Ep004  LR0=6.00e-05  pw=9.49  aucα=0.057  token_p=0.000  dropE=(0.000,0.000)  smooth=0.000  train_loss=0.4259  train_AUPR=0.5240  train_P@5=0.5835  train_P@10=0.4234  val_loss=0.4131  val_AUPR=0.5138  val_P@5=0.5812  val_P@10=0.4142
Ep005  LR0=7.00e-05  pw=8.49  aucα=0.114  token_p=0.000  dropE=(0.000,0.000)  smooth=0.000  train_loss=0.4237  train_AUPR=0.5507  train_P@5=0.6037  train_P@10=0.4296  val_loss=0.3947  val_AUPR=0.5388  val_P@5=0.6068  val_P@10=0.4255
Ep006  LR0=8.00e-05  pw=7.61  aucα=0.171  token_p=0.001  dropE=(0.001,0.005)  smooth=0.001  train_loss=0.4190  train_AUPR=0.5623  train_P@5=0.6100  train_P@10=0.4330  val_loss=0.3944  val_AUPR=0.5495  val_P@5=0.6060  val_P@10=0.4267
Ep007  LR0=9.00e-05  pw=6.84  aucα=0.229  token_p=0.002  dropE=(0.002,0.010)  smooth=0.002  train_loss=0.4166  train_AUPR=0.5805  train_P@5=0.6220  train_P@10=0.4447  val_loss=0.3748  val_AUPR=0.5581  val_P@5=0.6141  val_P@10=0.4331
Ep008  LR0=1.00e-04  pw=6.15  aucα=0.286  token_p=0.003  dropE=(0.003,0.015)  smooth=0.003  train_loss=0.4099  train_AUPR=0.5971  train_P@5=0.6393  train_P@10=0.4514  val_loss=0.3585  val_AUPR=0.5716  val_P@5=0.6259  val_P@10=0.4396
Ep009  LR0=1.00e-04  pw=5.55  aucα=0.343  token_p=0.004  dropE=(0.004,0.020)  smooth=0.004  train_loss=0.4033  train_AUPR=0.6092  train_P@5=0.6392  train_P@10=0.4588  val_loss=0.3574  val_AUPR=0.5741  val_P@5=0.6223  val_P@10=0.4391
[Info] Unfroze 'dym' params after warmup (epoch=10). Added core=58 tensors, other=0 tensors.
Ep010  LR0=2.00e-05  pw=5.01  aucα=0.400  token_p=0.005  dropE=(0.005,0.025)  smooth=0.005  train_loss=0.3843  train_AUPR=0.6280  train_P@5=0.6571  train_P@10=0.4705  val_loss=0.3404  val_AUPR=0.5848  val_P@5=0.6352  val_P@10=0.4431
Ep011  LR0=3.00e-05  pw=4.54  aucα=0.400  token_p=0.006  dropE=(0.006,0.030)  smooth=0.006  train_loss=0.3724  train_AUPR=0.6390  train_P@5=0.6665  train_P@10=0.4772  val_loss=0.3336  val_AUPR=0.5930  val_P@5=0.6467  val_P@10=0.4479
Ep012  LR0=4.00e-05  pw=4.12  aucα=0.400  token_p=0.007  dropE=(0.007,0.035)  smooth=0.007  train_loss=0.3638  train_AUPR=0.6424  train_P@5=0.6697  train_P@10=0.4789  val_loss=0.3196  val_AUPR=0.5918  val_P@5=0.6422  val_P@10=0.4467
Ep013  LR0=5.00e-05  pw=3.76  aucα=0.400  token_p=0.008  dropE=(0.008,0.040)  smooth=0.008  train_loss=0.3553  train_AUPR=0.6475  train_P@5=0.6758  train_P@10=0.4797  val_loss=0.3091  val_AUPR=0.5905  val_P@5=0.6384  val_P@10=0.4441
Ep014  LR0=6.00e-05  pw=3.43  aucα=0.400  token_p=0.009  dropE=(0.009,0.045)  smooth=0.009  train_loss=0.3476  train_AUPR=0.6542  train_P@5=0.6795  train_P@10=0.4843  val_loss=0.2971  val_AUPR=0.6000  val_P@5=0.6553  val_P@10=0.4511
Ep015  LR0=7.00e-05  pw=3.15  aucα=0.400  token_p=0.010  dropE=(0.010,0.050)  smooth=0.010  train_loss=0.3389  train_AUPR=0.6632  train_P@5=0.6864  train_P@10=0.4894  val_loss=0.2924  val_AUPR=0.5959  val_P@5=0.6441  val_P@10=0.4477
Ep016  LR0=8.00e-05  pw=2.89  aucα=0.400  token_p=0.010  dropE=(0.010,0.050)  smooth=0.010  train_loss=0.3304  train_AUPR=0.6655  train_P@5=0.6898  train_P@10=0.4889  val_loss=0.2736  val_AUPR=0.5969  val_P@5=0.6489  val_P@10=0.4476
Ep017  LR0=9.00e-05  pw=2.67  aucα=0.400  token_p=0.010  dropE=(0.010,0.050)  smooth=0.010  train_loss=0.3223  train_AUPR=0.6628  train_P@5=0.6864  train_P@10=0.4943  val_loss=0.2679  val_AUPR=0.5935  val_P@5=0.6441  val_P@10=0.4489
Ep018  LR0=1.00e-04  pw=2.48  aucα=0.400  token_p=0.010  dropE=(0.010,0.050)  smooth=0.010  train_loss=0.3157  train_AUPR=0.6761  train_P@5=0.7003  train_P@10=0.4952  val_loss=0.2586  val_AUPR=0.5924  val_P@5=0.6459  val_P@10=0.4429
Ep019  LR0=1.00e-04  pw=2.30  aucα=0.400  token_p=0.010  dropE=(0.010,0.050)  smooth=0.010  train_loss=0.3085  train_AUPR=0.6823  train_P@5=0.6941  train_P@10=0.5031  val_loss=0.2468  val_AUPR=0.6042  val_P@5=0.6523  val_P@10=0.4493
Ep020  LR0=1.00e-04  pw=2.15  aucα=0.400  token_p=0.010  dropE=(0.010,0.050)  smooth=0.010  train_loss=0.2992  train_AUPR=0.6933  train_P@5=0.7109  train_P@10=0.5075  val_loss=0.2340  val_AUPR=0.6024  val_P@5=0.6553  val_P@10=0.4497
Ep021  LR0=9.99e-05  pw=2.01  aucα=0.400  token_p=0.010  dropE=(0.010,0.050)  smooth=0.010  train_loss=0.2898  train_AUPR=0.7019  train_P@5=0.7192  train_P@10=0.5083  val_loss=0.2361  val_AUPR=0.5996  val_P@5=0.6525  val_P@10=0.4502
Ep022  LR0=9.97e-05  pw=1.89  aucα=0.400  token_p=0.010  dropE=(0.010,0.050)  smooth=0.010  train_loss=0.2794  train_AUPR=0.7091  train_P@5=0.7293  train_P@10=0.5192  val_loss=0.2263  val_AUPR=0.5969  val_P@5=0.6483  val_P@10=0.4500
Ep023  LR0=9.95e-05  pw=1.79  aucα=0.400  token_p=0.010  dropE=(0.010,0.050)  smooth=0.010  train_loss=0.2708  train_AUPR=0.7174  train_P@5=0.7294  train_P@10=0.5261  val_loss=0.2139  val_AUPR=0.6100  val_P@5=0.6656  val_P@10=0.4580
Ep024  LR0=9.92e-05  pw=1.70  aucα=0.400  token_p=0.010  dropE=(0.010,0.050)  smooth=0.010  train_loss=0.2625  train_AUPR=0.7355  train_P@5=0.7454  train_P@10=0.5315  val_loss=0.2122  val_AUPR=0.6076  val_P@5=0.6658  val_P@10=0.4517
Ep025  LR0=9.89e-05  pw=1.62  aucα=0.400  token_p=0.010  dropE=(0.010,0.050)  smooth=0.010  train_loss=0.2541  train_AUPR=0.7371  train_P@5=0.7523  train_P@10=0.5334  val_loss=0.2097  val_AUPR=0.6014  val_P@5=0.6527  val_P@10=0.4454
Ep026  LR0=9.85e-05  pw=1.54  aucα=0.400  token_p=0.010  dropE=(0.010,0.050)  smooth=0.010  train_loss=0.2459  train_AUPR=0.7416  train_P@5=0.7546  train_P@10=0.5322  val_loss=0.2046  val_AUPR=0.6006  val_P@5=0.6596  val_P@10=0.4513
Ep027  LR0=9.81e-05  pw=1.48  aucα=0.400  token_p=0.010  dropE=(0.010,0.050)  smooth=0.010  train_loss=0.2385  train_AUPR=0.7687  train_P@5=0.7832  train_P@10=0.5497  val_loss=0.2051  val_AUPR=0.5955  val_P@5=0.6447  val_P@10=0.4498
Ep028  LR0=9.76e-05  pw=1.42  aucα=0.400  token_p=0.010  dropE=(0.010,0.050)  smooth=0.010  train_loss=0.2334  train_AUPR=0.7806  train_P@5=0.7908  train_P@10=0.5545  val_loss=0.1938  val_AUPR=0.6128  val_P@5=0.6642  val_P@10=0.4547
Ep029  LR0=9.70e-05  pw=1.37  aucα=0.400  token_p=0.010  dropE=(0.010,0.050)  smooth=0.010  train_loss=0.2244  train_AUPR=0.7904  train_P@5=0.7976  train_P@10=0.5583  val_loss=0.1909  val_AUPR=0.5988  val_P@5=0.6394  val_P@10=0.4458
Ep030  LR0=9.46e-05  pw=1.33  aucα=0.400  token_p=0.010  dropE=(0.010,0.050)  smooth=0.010  train_loss=0.2172  train_AUPR=0.7877  train_P@5=0.7977  train_P@10=0.5625  val_loss=0.1948  val_AUPR=0.5897  val_P@5=0.6398  val_P@10=0.4459
Ep031  LR0=8.78e-05  pw=1.29  aucα=0.400  token_p=0.010  dropE=(0.010,0.050)  smooth=0.010  train_loss=0.2104  train_AUPR=0.8052  train_P@5=0.8080  train_P@10=0.5673  val_loss=0.1896  val_AUPR=0.6013  val_P@5=0.6479  val_P@10=0.4520
Ep032  LR0=7.71e-05  pw=1.26  aucα=0.400  token_p=0.010  dropE=(0.010,0.050)  smooth=0.010  train_loss=0.2040  train_AUPR=0.8090  train_P@5=0.8127  train_P@10=0.5702  val_loss=0.1845  val_AUPR=0.6112  val_P@5=0.6579  val_P@10=0.4534
Ep033  LR0=6.37e-05  pw=1.23  aucα=0.400  token_p=0.010  dropE=(0.010,0.050)  smooth=0.010  train_loss=0.1944  train_AUPR=0.8428  train_P@5=0.8479  train_P@10=0.5916  val_loss=0.1808  val_AUPR=0.6129  val_P@5=0.6612  val_P@10=0.4558
Ep034  LR0=4.87e-05  pw=1.20  aucα=0.400  token_p=0.010  dropE=(0.010,0.050)  smooth=0.010  train_loss=0.1824  train_AUPR=0.8488  train_P@5=0.8498  train_P@10=0.5956  val_loss=0.1781  val_AUPR=0.6162  val_P@5=0.6618  val_P@10=0.4571
Ep035  LR0=3.38e-05  pw=1.18  aucα=0.400  token_p=0.010  dropE=(0.010,0.050)  smooth=0.010  train_loss=0.1744  train_AUPR=0.8673  train_P@5=0.8724  train_P@10=0.6014  val_loss=0.1768  val_AUPR=0.6149  val_P@5=0.6577  val_P@10=0.4581
Ep036  LR0=2.04e-05  pw=1.16  aucα=0.400  token_p=0.010  dropE=(0.010,0.050)  smooth=0.010  train_loss=0.1653  train_AUPR=0.8812  train_P@5=0.8854  train_P@10=0.6118  val_loss=0.1754  val_AUPR=0.6140  val_P@5=0.6555  val_P@10=0.4574
Ep037  LR0=9.71e-06  pw=1.14  aucα=0.400  token_p=0.010  dropE=(0.010,0.050)  smooth=0.010  train_loss=0.1576  train_AUPR=0.8902  train_P@5=0.8959  train_P@10=0.6160  val_loss=0.1744  val_AUPR=0.6129  val_P@5=0.6537  val_P@10=0.4564
Ep038  LR0=2.86e-06  pw=1.12  aucα=0.400  token_p=0.010  dropE=(0.010,0.050)  smooth=0.010  train_loss=0.1516  train_AUPR=0.8932  train_P@5=0.8993  train_P@10=0.6182  val_loss=0.1735  val_AUPR=0.6116  val_P@5=0.6539  val_P@10=0.4565
Ep039  LR0=5.00e-07  pw=1.11  aucα=0.400  token_p=0.010  dropE=(0.010,0.050)  smooth=0.010  train_loss=0.1483  train_AUPR=0.8957  train_P@5=0.9014  train_P@10=0.6195  val_loss=0.1726  val_AUPR=0.6108  val_P@5=0.6531  val_P@10=0.4559
Ep040  LR0=5.00e-07  pw=1.09  aucα=0.400  token_p=0.010  dropE=(0.010,0.050)  smooth=0.010  train_loss=0.1473  train_AUPR=0.8958  train_P@5=0.9020  train_P@10=0.6197  val_loss=0.1718  val_AUPR=0.6100  val_P@5=0.6519  val_P@10=0.4559
Ep041  LR0=5.00e-07  pw=1.08  aucα=0.400  token_p=0.010  dropE=(0.010,0.050)  smooth=0.010  train_loss=0.1471  train_AUPR=0.8961  train_P@5=0.9022  train_P@10=0.6198  val_loss=0.1710  val_AUPR=0.6093  val_P@5=0.6517  val_P@10=0.4559
Ep042  LR0=5.00e-07  pw=1.07  aucα=0.400  token_p=0.010  dropE=(0.010,0.050)  smooth=0.010  train_loss=0.1457  train_AUPR=0.8962  train_P@5=0.9023  train_P@10=0.6200  val_loss=0.1704  val_AUPR=0.6087  val_P@5=0.6515  val_P@10=0.4554
Ep043  LR0=5.00e-07  pw=1.06  aucα=0.400  token_p=0.010  dropE=(0.010,0.050)  smooth=0.010  train_loss=0.1462  train_AUPR=0.8964  train_P@5=0.9025  train_P@10=0.6199  val_loss=0.1698  val_AUPR=0.6082  val_P@5=0.6505  val_P@10=0.4554
Ep044  LR0=5.00e-07  pw=1.06  aucα=0.400  token_p=0.010  dropE=(0.010,0.050)  smooth=0.010  train_loss=0.1451  train_AUPR=0.8965  train_P@5=0.9024  train_P@10=0.6202  val_loss=0.1693  val_AUPR=0.6077  val_P@5=0.6499  val_P@10=0.4552
Ep045  LR0=5.00e-07  pw=1.05  aucα=0.400  token_p=0.010  dropE=(0.010,0.050)  smooth=0.010  train_loss=0.1450  train_AUPR=0.8968  train_P@5=0.9028  train_P@10=0.6201  val_loss=0.1688  val_AUPR=0.6072  val_P@5=0.6491  val_P@10=0.4552
Ep046  LR0=5.00e-07  pw=1.04  aucα=0.400  token_p=0.010  dropE=(0.010,0.050)  smooth=0.010  train_loss=0.1441  train_AUPR=0.8971  train_P@5=0.9029  train_P@10=0.6204  val_loss=0.1684  val_AUPR=0.6068  val_P@5=0.6487  val_P@10=0.4550
Ep047  LR0=5.00e-07  pw=1.04  aucα=0.400  token_p=0.010  dropE=(0.010,0.050)  smooth=0.010  train_loss=0.1437  train_AUPR=0.8970  train_P@5=0.9030  train_P@10=0.6202  val_loss=0.1681  val_AUPR=0.6064  val_P@5=0.6485  val_P@10=0.4547
Ep048  LR0=5.00e-07  pw=1.03  aucα=0.400  token_p=0.010  dropE=(0.010,0.050)  smooth=0.010  train_loss=0.1436  train_AUPR=0.8973  train_P@5=0.9035  train_P@10=0.6203  val_loss=0.1678  val_AUPR=0.6061  val_P@5=0.6477  val_P@10=0.4546
Ep049  LR0=5.00e-07  pw=1.03  aucα=0.400  token_p=0.010  dropE=(0.010,0.050)  smooth=0.010  train_loss=0.1428  train_AUPR=0.8977  train_P@5=0.9039  train_P@10=0.6205  val_loss=0.1676  val_AUPR=0.6058  val_P@5=0.6475  val_P@10=0.4544
Ep050  LR0=5.00e-07  pw=1.03  aucα=0.400  token_p=0.010  dropE=(0.010,0.050)  smooth=0.010  train_loss=0.1432  train_AUPR=0.8977  train_P@5=0.9039  train_P@10=0.6205  val_loss=0.1673  val_AUPR=0.6055  val_P@5=0.6481  val_P@10=0.4544
Ep051  LR0=5.00e-07  pw=1.02  aucα=0.400  token_p=0.010  dropE=(0.010,0.050)  smooth=0.010  train_loss=0.1431  train_AUPR=0.8979  train_P@5=0.9037  train_P@10=0.6205  val_loss=0.1672  val_AUPR=0.6052  val_P@5=0.6479  val_P@10=0.4543
Ep052  LR0=5.00e-07  pw=1.02  aucα=0.400  token_p=0.010  dropE=(0.010,0.050)  smooth=0.010  train_loss=0.1430  train_AUPR=0.8981  train_P@5=0.9046  train_P@10=0.6206  val_loss=0.1670  val_AUPR=0.6050  val_P@5=0.6481  val_P@10=0.4537
Ep053  LR0=5.00e-07  pw=1.02  aucα=0.400  token_p=0.010  dropE=(0.010,0.050)  smooth=0.010  train_loss=0.1439  train_AUPR=0.8984  train_P@5=0.9043  train_P@10=0.6207  val_loss=0.1669  val_AUPR=0.6047  val_P@5=0.6471  val_P@10=0.4540
Ep054  LR0=5.00e-07  pw=1.02  aucα=0.400  token_p=0.010  dropE=(0.010,0.050)  smooth=0.010  train_loss=0.1419  train_AUPR=0.8984  train_P@5=0.9045  train_P@10=0.6205  val_loss=0.1668  val_AUPR=0.6045  val_P@5=0.6473  val_P@10=0.4542
Ep055  LR0=5.00e-07  pw=1.01  aucα=0.400  token_p=0.010  dropE=(0.010,0.050)  smooth=0.010  train_loss=0.1428  train_AUPR=0.8984  train_P@5=0.9047  train_P@10=0.6206  val_loss=0.1667  val_AUPR=0.6043  val_P@5=0.6479  val_P@10=0.4541
Ep056  LR0=5.00e-07  pw=1.01  aucα=0.400  token_p=0.010  dropE=(0.010,0.050)  smooth=0.010  train_loss=0.1416  train_AUPR=0.8988  train_P@5=0.9051  train_P@10=0.6208  val_loss=0.1666  val_AUPR=0.6041  val_P@5=0.6479  val_P@10=0.4537
Ep057  LR0=5.00e-07  pw=1.01  aucα=0.400  token_p=0.010  dropE=(0.010,0.050)  smooth=0.010  train_loss=0.1418  train_AUPR=0.8988  train_P@5=0.9056  train_P@10=0.6208  val_loss=0.1666  val_AUPR=0.6038  val_P@5=0.6471  val_P@10=0.4539
Ep058  LR0=5.00e-07  pw=1.01  aucα=0.400  token_p=0.010  dropE=(0.010,0.050)  smooth=0.010  train_loss=0.1414  train_AUPR=0.8991  train_P@5=0.9059  train_P@10=0.6210  val_loss=0.1665  val_AUPR=0.6036  val_P@5=0.6469  val_P@10=0.4541
Ep059  LR0=5.00e-07  pw=1.01  aucα=0.400  token_p=0.010  dropE=(0.010,0.050)  smooth=0.010  train_loss=0.1425  train_AUPR=0.8991  train_P@5=0.9057  train_P@10=0.6210  val_loss=0.1665  val_AUPR=0.6035  val_P@5=0.6469  val_P@10=0.4540
Ep060  LR0=5.00e-07  pw=1.01  aucα=0.400  token_p=0.010  dropE=(0.010,0.050)  smooth=0.010  train_loss=0.1414  train_AUPR=0.8992  train_P@5=0.9054  train_P@10=0.6212  val_loss=0.1665  val_AUPR=0.6033  val_P@5=0.6463  val_P@10=0.4540
Ep061  LR0=5.00e-07  pw=1.01  aucα=0.400  token_p=0.010  dropE=(0.010,0.050)  smooth=0.010  train_loss=0.1419  train_AUPR=0.8995  train_P@5=0.9059  train_P@10=0.6212  val_loss=0.1665  val_AUPR=0.6032  val_P@5=0.6457  val_P@10=0.4537
Ep062  LR0=5.00e-07  pw=1.01  aucα=0.400  token_p=0.010  dropE=(0.010,0.050)  smooth=0.010  train_loss=0.1419  train_AUPR=0.8995  train_P@5=0.9058  train_P@10=0.6210  val_loss=0.1665  val_AUPR=0.6030  val_P@5=0.6459  val_P@10=0.4539
Ep063  LR0=5.00e-07  pw=1.01  aucα=0.400  token_p=0.010  dropE=(0.010,0.050)  smooth=0.010  train_loss=0.1424  train_AUPR=0.8996  train_P@5=0.9060  train_P@10=0.6211  val_loss=0.1665  val_AUPR=0.6029  val_P@5=0.6457  val_P@10=0.4540
Ep064  LR0=5.00e-07  pw=1.00  aucα=0.400  token_p=0.010  dropE=(0.010,0.050)  smooth=0.010  train_loss=0.1407  train_AUPR=0.8996  train_P@5=0.9061  train_P@10=0.6214  val_loss=0.1665  val_AUPR=0.6027  val_P@5=0.6455  val_P@10=0.4539
Ep065  LR0=5.00e-07  pw=1.00  aucα=0.400  token_p=0.010  dropE=(0.010,0.050)  smooth=0.010  train_loss=0.1406  train_AUPR=0.8999  train_P@5=0.9065  train_P@10=0.6215  val_loss=0.1665  val_AUPR=0.6026  val_P@5=0.6455  val_P@10=0.4535
Ep066  LR0=5.00e-07  pw=1.00  aucα=0.400  token_p=0.010  dropE=(0.010,0.050)  smooth=0.010  train_loss=0.1421  train_AUPR=0.8999  train_P@5=0.9061  train_P@10=0.6216  val_loss=0.1665  val_AUPR=0.6025  val_P@5=0.6453  val_P@10=0.4532
Ep067  LR0=5.00e-07  pw=1.00  aucα=0.400  token_p=0.010  dropE=(0.010,0.050)  smooth=0.010  train_loss=0.1410  train_AUPR=0.9000  train_P@5=0.9067  train_P@10=0.6214  val_loss=0.1665  val_AUPR=0.6024  val_P@5=0.6453  val_P@10=0.4532
Ep068  LR0=5.00e-07  pw=1.00  aucα=0.400  token_p=0.010  dropE=(0.010,0.050)  smooth=0.010  train_loss=0.1409  train_AUPR=0.9004  train_P@5=0.9067  train_P@10=0.6215  val_loss=0.1665  val_AUPR=0.6023  val_P@5=0.6453  val_P@10=0.4532
Ep069  LR0=5.00e-07  pw=1.00  aucα=0.400  token_p=0.010  dropE=(0.010,0.050)  smooth=0.010  train_loss=0.1413  train_AUPR=0.9004  train_P@5=0.9074  train_P@10=0.6217  val_loss=0.1666  val_AUPR=0.6022  val_P@5=0.6453  val_P@10=0.4531
Ep070  LR0=5.00e-07  pw=1.00  aucα=0.400  token_p=0.010  dropE=(0.010,0.050)  smooth=0.010  train_loss=0.1411  train_AUPR=0.9005  train_P@5=0.9075  train_P@10=0.6217  val_loss=0.1666  val_AUPR=0.6021  val_P@5=0.6451  val_P@10=0.4526
Ep071  LR0=5.00e-07  pw=1.00  aucα=0.400  token_p=0.010  dropE=(0.010,0.050)  smooth=0.010  train_loss=0.1408  train_AUPR=0.9007  train_P@5=0.9076  train_P@10=0.6219  val_loss=0.1666  val_AUPR=0.6020  val_P@5=0.6451  val_P@10=0.4526
Ep072  LR0=5.00e-07  pw=1.00  aucα=0.400  token_p=0.010  dropE=(0.010,0.050)  smooth=0.010  train_loss=0.1415  train_AUPR=0.9007  train_P@5=0.9080  train_P@10=0.6219  val_loss=0.1666  val_AUPR=0.6019  val_P@5=0.6443  val_P@10=0.4526
Ep073  LR0=5.00e-07  pw=1.00  aucα=0.400  token_p=0.010  dropE=(0.010,0.050)  smooth=0.010  train_loss=0.1405  train_AUPR=0.9008  train_P@5=0.9077  train_P@10=0.6219  val_loss=0.1667  val_AUPR=0.6018  val_P@5=0.6445  val_P@10=0.4524
Ep074  LR0=5.00e-07  pw=1.00  aucα=0.400  token_p=0.010  dropE=(0.010,0.050)  smooth=0.010  train_loss=0.1420  train_AUPR=0.9010  train_P@5=0.9075  train_P@10=0.6220  val_loss=0.1667  val_AUPR=0.6017  val_P@5=0.6445  val_P@10=0.4523
Ep075  LR0=5.00e-07  pw=1.00  aucα=0.400  token_p=0.010  dropE=(0.010,0.050)  smooth=0.010  train_loss=0.1413  train_AUPR=0.9012  train_P@5=0.9077  train_P@10=0.6222  val_loss=0.1667  val_AUPR=0.6016  val_P@5=0.6445  val_P@10=0.4522
Ep076  LR0=5.00e-07  pw=1.00  aucα=0.400  token_p=0.010  dropE=(0.010,0.050)  smooth=0.010  train_loss=0.1408  train_AUPR=0.9012  train_P@5=0.9078  train_P@10=0.6220  val_loss=0.1668  val_AUPR=0.6015  val_P@5=0.6447  val_P@10=0.4521
Ep077  LR0=5.00e-07  pw=1.00  aucα=0.400  token_p=0.010  dropE=(0.010,0.050)  smooth=0.010  train_loss=0.1405  train_AUPR=0.9013  train_P@5=0.9077  train_P@10=0.6221  val_loss=0.1668  val_AUPR=0.6015  val_P@5=0.6449  val_P@10=0.4519
Ep078  LR0=5.00e-07  pw=1.00  aucα=0.400  token_p=0.010  dropE=(0.010,0.050)  smooth=0.010  train_loss=0.1406  train_AUPR=0.9014  train_P@5=0.9077  train_P@10=0.6221  val_loss=0.1668  val_AUPR=0.6014  val_P@5=0.6451  val_P@10=0.4518
Ep079  LR0=5.00e-07  pw=1.00  aucα=0.400  token_p=0.010  dropE=(0.010,0.050)  smooth=0.010  train_loss=0.1397  train_AUPR=0.9016  train_P@5=0.9079  train_P@10=0.6223  val_loss=0.1669  val_AUPR=0.6013  val_P@5=0.6451  val_P@10=0.4518
Early stop triggered: neither val_AUPR nor val_loss improved for 20 epochs.
Saved iPara_l1_g8_i5_do0.10_dpr0.10_lr0.0002_heads16_fold2.pth  (best val AUPR=0.6162)
Saved iPara_l1_g8_i5_do0.10_dpr0.10_lr0.0002_heads16_fold2_best_aupr.pth
Saved iPara_l1_g8_i5_do0.10_dpr0.10_lr0.0002_heads16_fold2_best_loss.pth  (best val loss=0.1665)

── Fold 3/5
Train labels: pos=26660, neg=375289, ignore=695651, pos_rate=0.066327
Val labels: pos=6570, neg=91673, ignore=176957, pos_rate=0.066875
Initializing ClassificationModel with 8 GAT layers and residual connections...
Initializing MCModel with 8 GAT layers and 5 row attention layers (drop_path_rate=0.1)
Initializing CoreModel with 1 layers, drop_path_rate=0.1
Ep000  LR0=2.00e-05  pw=15.00  aucα=0.000  token_p=0.000  dropE=(0.000,0.000)  smooth=0.000  train_loss=0.5515  train_AUPR=0.3879  train_P@5=0.4649  train_P@10=0.3454  val_loss=0.5024  val_AUPR=0.3879  val_P@5=0.4621  val_P@10=0.3425
Ep001  LR0=3.00e-05  pw=13.35  aucα=0.000  token_p=0.000  dropE=(0.000,0.000)  smooth=0.000  train_loss=0.4756  train_AUPR=0.4450  train_P@5=0.5231  train_P@10=0.3815  val_loss=0.4510  val_AUPR=0.4416  val_P@5=0.5301  val_P@10=0.3759
Ep002  LR0=4.00e-05  pw=11.90  aucα=0.000  token_p=0.000  dropE=(0.000,0.000)  smooth=0.000  train_loss=0.4493  train_AUPR=0.4755  train_P@5=0.5433  train_P@10=0.3924  val_loss=0.4727  val_AUPR=0.4693  val_P@5=0.5401  val_P@10=0.3829
Ep003  LR0=5.00e-05  pw=10.62  aucα=0.000  token_p=0.000  dropE=(0.000,0.000)  smooth=0.000  train_loss=0.4283  train_AUPR=0.5084  train_P@5=0.5775  train_P@10=0.4150  val_loss=0.4157  val_AUPR=0.5067  val_P@5=0.5755  val_P@10=0.4066
Ep004  LR0=6.00e-05  pw=9.49  aucα=0.057  token_p=0.000  dropE=(0.000,0.000)  smooth=0.000  train_loss=0.4262  train_AUPR=0.5179  train_P@5=0.5834  train_P@10=0.4156  val_loss=0.4118  val_AUPR=0.5116  val_P@5=0.5800  val_P@10=0.4082
Ep005  LR0=7.00e-05  pw=8.49  aucα=0.114  token_p=0.000  dropE=(0.000,0.000)  smooth=0.000  train_loss=0.4222  train_AUPR=0.5502  train_P@5=0.6073  train_P@10=0.4326  val_loss=0.3854  val_AUPR=0.5489  val_P@5=0.6061  val_P@10=0.4308
Ep006  LR0=8.00e-05  pw=7.61  aucα=0.171  token_p=0.001  dropE=(0.001,0.005)  smooth=0.001  train_loss=0.4185  train_AUPR=0.5760  train_P@5=0.6201  train_P@10=0.4435  val_loss=0.3791  val_AUPR=0.5663  val_P@5=0.6236  val_P@10=0.4361
Ep007  LR0=9.00e-05  pw=6.84  aucα=0.229  token_p=0.002  dropE=(0.002,0.010)  smooth=0.002  train_loss=0.4151  train_AUPR=0.5797  train_P@5=0.6241  train_P@10=0.4431  val_loss=0.3696  val_AUPR=0.5725  val_P@5=0.6201  val_P@10=0.4336
Ep008  LR0=1.00e-04  pw=6.15  aucα=0.286  token_p=0.003  dropE=(0.003,0.015)  smooth=0.003  train_loss=0.4096  train_AUPR=0.5961  train_P@5=0.6367  train_P@10=0.4528  val_loss=0.3605  val_AUPR=0.5838  val_P@5=0.6301  val_P@10=0.4467
Ep009  LR0=1.00e-04  pw=5.55  aucα=0.343  token_p=0.004  dropE=(0.004,0.020)  smooth=0.004  train_loss=0.4035  train_AUPR=0.5973  train_P@5=0.6339  train_P@10=0.4550  val_loss=0.3489  val_AUPR=0.5733  val_P@5=0.6148  val_P@10=0.4364
[Info] Unfroze 'dym' params after warmup (epoch=10). Added core=58 tensors, other=0 tensors.
Ep010  LR0=2.00e-05  pw=5.01  aucα=0.400  token_p=0.005  dropE=(0.005,0.025)  smooth=0.005  train_loss=0.3851  train_AUPR=0.6290  train_P@5=0.6639  train_P@10=0.4724  val_loss=0.3309  val_AUPR=0.6002  val_P@5=0.6368  val_P@10=0.4502
Ep011  LR0=3.00e-05  pw=4.54  aucα=0.400  token_p=0.006  dropE=(0.006,0.030)  smooth=0.006  train_loss=0.3720  train_AUPR=0.6373  train_P@5=0.6713  train_P@10=0.4751  val_loss=0.3259  val_AUPR=0.5982  val_P@5=0.6333  val_P@10=0.4506
Ep012  LR0=4.00e-05  pw=4.12  aucα=0.400  token_p=0.007  dropE=(0.007,0.035)  smooth=0.007  train_loss=0.3649  train_AUPR=0.6445  train_P@5=0.6753  train_P@10=0.4807  val_loss=0.3141  val_AUPR=0.6011  val_P@5=0.6435  val_P@10=0.4536
Ep013  LR0=5.00e-05  pw=3.76  aucα=0.400  token_p=0.008  dropE=(0.008,0.040)  smooth=0.008  train_loss=0.3571  train_AUPR=0.6354  train_P@5=0.6696  train_P@10=0.4732  val_loss=0.3091  val_AUPR=0.5873  val_P@5=0.6299  val_P@10=0.4440
Ep014  LR0=6.00e-05  pw=3.43  aucα=0.400  token_p=0.009  dropE=(0.009,0.045)  smooth=0.009  train_loss=0.3496  train_AUPR=0.6525  train_P@5=0.6835  train_P@10=0.4837  val_loss=0.2960  val_AUPR=0.6008  val_P@5=0.6466  val_P@10=0.4499
Ep015  LR0=7.00e-05  pw=3.15  aucα=0.400  token_p=0.010  dropE=(0.010,0.050)  smooth=0.010  train_loss=0.3423  train_AUPR=0.6489  train_P@5=0.6797  train_P@10=0.4810  val_loss=0.2790  val_AUPR=0.6033  val_P@5=0.6472  val_P@10=0.4488
Ep016  LR0=8.00e-05  pw=2.89  aucα=0.400  token_p=0.010  dropE=(0.010,0.050)  smooth=0.010  train_loss=0.3323  train_AUPR=0.6614  train_P@5=0.6923  train_P@10=0.4870  val_loss=0.2715  val_AUPR=0.6052  val_P@5=0.6472  val_P@10=0.4504
Ep017  LR0=9.00e-05  pw=2.67  aucα=0.400  token_p=0.010  dropE=(0.010,0.050)  smooth=0.010  train_loss=0.3245  train_AUPR=0.6621  train_P@5=0.6892  train_P@10=0.4870  val_loss=0.2610  val_AUPR=0.6064  val_P@5=0.6525  val_P@10=0.4528
Ep018  LR0=1.00e-04  pw=2.48  aucα=0.400  token_p=0.010  dropE=(0.010,0.050)  smooth=0.010  train_loss=0.3163  train_AUPR=0.6755  train_P@5=0.6971  train_P@10=0.5006  val_loss=0.2545  val_AUPR=0.5978  val_P@5=0.6433  val_P@10=0.4508
Ep019  LR0=1.00e-04  pw=2.30  aucα=0.400  token_p=0.010  dropE=(0.010,0.050)  smooth=0.010  train_loss=0.3099  train_AUPR=0.6781  train_P@5=0.7025  train_P@10=0.4980  val_loss=0.2455  val_AUPR=0.6078  val_P@5=0.6580  val_P@10=0.4492
Ep020  LR0=1.00e-04  pw=2.15  aucα=0.400  token_p=0.010  dropE=(0.010,0.050)  smooth=0.010  train_loss=0.2987  train_AUPR=0.6881  train_P@5=0.7089  train_P@10=0.5062  val_loss=0.2333  val_AUPR=0.6133  val_P@5=0.6561  val_P@10=0.4567
Ep021  LR0=9.99e-05  pw=2.01  aucα=0.400  token_p=0.010  dropE=(0.010,0.050)  smooth=0.010  train_loss=0.2901  train_AUPR=0.7007  train_P@5=0.7191  train_P@10=0.5116  val_loss=0.2303  val_AUPR=0.6117  val_P@5=0.6592  val_P@10=0.4491
Ep022  LR0=9.97e-05  pw=1.89  aucα=0.400  token_p=0.010  dropE=(0.010,0.050)  smooth=0.010  train_loss=0.2815  train_AUPR=0.6984  train_P@5=0.7201  train_P@10=0.5069  val_loss=0.2315  val_AUPR=0.5926  val_P@5=0.6321  val_P@10=0.4360
Ep023  LR0=9.95e-05  pw=1.79  aucα=0.400  token_p=0.010  dropE=(0.010,0.050)  smooth=0.010  train_loss=0.2740  train_AUPR=0.7267  train_P@5=0.7417  train_P@10=0.5285  val_loss=0.2152  val_AUPR=0.6147  val_P@5=0.6582  val_P@10=0.4528
Ep024  LR0=9.92e-05  pw=1.70  aucα=0.400  token_p=0.010  dropE=(0.010,0.050)  smooth=0.010  train_loss=0.2639  train_AUPR=0.7225  train_P@5=0.7421  train_P@10=0.5202  val_loss=0.2129  val_AUPR=0.5972  val_P@5=0.6382  val_P@10=0.4418
Ep025  LR0=9.89e-05  pw=1.62  aucα=0.400  token_p=0.010  dropE=(0.010,0.050)  smooth=0.010  train_loss=0.2571  train_AUPR=0.7411  train_P@5=0.7524  train_P@10=0.5340  val_loss=0.2032  val_AUPR=0.6155  val_P@5=0.6688  val_P@10=0.4491
Ep026  LR0=9.85e-05  pw=1.54  aucα=0.400  token_p=0.010  dropE=(0.010,0.050)  smooth=0.010  train_loss=0.2488  train_AUPR=0.7488  train_P@5=0.7625  train_P@10=0.5375  val_loss=0.2004  val_AUPR=0.6068  val_P@5=0.6462  val_P@10=0.4449
Ep027  LR0=9.81e-05  pw=1.48  aucα=0.400  token_p=0.010  dropE=(0.010,0.050)  smooth=0.010  train_loss=0.2410  train_AUPR=0.7566  train_P@5=0.7653  train_P@10=0.5433  val_loss=0.2015  val_AUPR=0.6024  val_P@5=0.6488  val_P@10=0.4420
Ep028  LR0=9.76e-05  pw=1.42  aucα=0.400  token_p=0.010  dropE=(0.010,0.050)  smooth=0.010  train_loss=0.2338  train_AUPR=0.7608  train_P@5=0.7767  train_P@10=0.5511  val_loss=0.1992  val_AUPR=0.5911  val_P@5=0.6348  val_P@10=0.4439
Ep029  LR0=9.70e-05  pw=1.37  aucα=0.400  token_p=0.010  dropE=(0.010,0.050)  smooth=0.010  train_loss=0.2262  train_AUPR=0.7938  train_P@5=0.8011  train_P@10=0.5619  val_loss=0.1905  val_AUPR=0.6088  val_P@5=0.6504  val_P@10=0.4489
Ep030  LR0=9.46e-05  pw=1.33  aucα=0.400  token_p=0.010  dropE=(0.010,0.050)  smooth=0.010  train_loss=0.2201  train_AUPR=0.8046  train_P@5=0.8108  train_P@10=0.5674  val_loss=0.1936  val_AUPR=0.6035  val_P@5=0.6462  val_P@10=0.4440
Ep031  LR0=8.78e-05  pw=1.29  aucα=0.400  token_p=0.010  dropE=(0.010,0.050)  smooth=0.010  train_loss=0.2114  train_AUPR=0.8006  train_P@5=0.8090  train_P@10=0.5643  val_loss=0.1866  val_AUPR=0.6085  val_P@5=0.6474  val_P@10=0.4452
Ep032  LR0=7.71e-05  pw=1.26  aucα=0.400  token_p=0.010  dropE=(0.010,0.050)  smooth=0.010  train_loss=0.2050  train_AUPR=0.8183  train_P@5=0.8250  train_P@10=0.5740  val_loss=0.1844  val_AUPR=0.6080  val_P@5=0.6480  val_P@10=0.4454
Ep033  LR0=6.37e-05  pw=1.23  aucα=0.400  token_p=0.010  dropE=(0.010,0.050)  smooth=0.010  train_loss=0.1952  train_AUPR=0.8331  train_P@5=0.8353  train_P@10=0.5844  val_loss=0.1817  val_AUPR=0.6106  val_P@5=0.6484  val_P@10=0.4465
Ep034  LR0=4.87e-05  pw=1.20  aucα=0.400  token_p=0.010  dropE=(0.010,0.050)  smooth=0.010  train_loss=0.1863  train_AUPR=0.8471  train_P@5=0.8520  train_P@10=0.5903  val_loss=0.1799  val_AUPR=0.6087  val_P@5=0.6492  val_P@10=0.4486
Ep035  LR0=3.38e-05  pw=1.18  aucα=0.400  token_p=0.010  dropE=(0.010,0.050)  smooth=0.010  train_loss=0.1757  train_AUPR=0.8592  train_P@5=0.8663  train_P@10=0.5960  val_loss=0.1787  val_AUPR=0.6065  val_P@5=0.6466  val_P@10=0.4469
Ep036  LR0=2.04e-05  pw=1.16  aucα=0.400  token_p=0.010  dropE=(0.010,0.050)  smooth=0.010  train_loss=0.1678  train_AUPR=0.8759  train_P@5=0.8782  train_P@10=0.6068  val_loss=0.1776  val_AUPR=0.6055  val_P@5=0.6456  val_P@10=0.4469
Ep037  LR0=9.71e-06  pw=1.14  aucα=0.400  token_p=0.010  dropE=(0.010,0.050)  smooth=0.010  train_loss=0.1586  train_AUPR=0.8874  train_P@5=0.8921  train_P@10=0.6117  val_loss=0.1766  val_AUPR=0.6045  val_P@5=0.6441  val_P@10=0.4469
Ep038  LR0=2.86e-06  pw=1.12  aucα=0.400  token_p=0.010  dropE=(0.010,0.050)  smooth=0.010  train_loss=0.1535  train_AUPR=0.8922  train_P@5=0.8982  train_P@10=0.6151  val_loss=0.1756  val_AUPR=0.6037  val_P@5=0.6431  val_P@10=0.4465
Ep039  LR0=5.00e-07  pw=1.11  aucα=0.400  token_p=0.010  dropE=(0.010,0.050)  smooth=0.010  train_loss=0.1503  train_AUPR=0.8931  train_P@5=0.8992  train_P@10=0.6153  val_loss=0.1749  val_AUPR=0.6025  val_P@5=0.6417  val_P@10=0.4454
Ep040  LR0=5.00e-07  pw=1.09  aucα=0.400  token_p=0.010  dropE=(0.010,0.050)  smooth=0.010  train_loss=0.1481  train_AUPR=0.8936  train_P@5=0.8996  train_P@10=0.6154  val_loss=0.1742  val_AUPR=0.6015  val_P@5=0.6409  val_P@10=0.4454
Ep041  LR0=5.00e-07  pw=1.08  aucα=0.400  token_p=0.010  dropE=(0.010,0.050)  smooth=0.010  train_loss=0.1480  train_AUPR=0.8939  train_P@5=0.9001  train_P@10=0.6154  val_loss=0.1736  val_AUPR=0.6005  val_P@5=0.6395  val_P@10=0.4462
Ep042  LR0=5.00e-07  pw=1.07  aucα=0.400  token_p=0.010  dropE=(0.010,0.050)  smooth=0.010  train_loss=0.1473  train_AUPR=0.8940  train_P@5=0.9001  train_P@10=0.6156  val_loss=0.1730  val_AUPR=0.5996  val_P@5=0.6405  val_P@10=0.4456
Ep043  LR0=5.00e-07  pw=1.06  aucα=0.400  token_p=0.010  dropE=(0.010,0.050)  smooth=0.010  train_loss=0.1472  train_AUPR=0.8945  train_P@5=0.9009  train_P@10=0.6159  val_loss=0.1725  val_AUPR=0.5990  val_P@5=0.6401  val_P@10=0.4456
Ep044  LR0=5.00e-07  pw=1.06  aucα=0.400  token_p=0.010  dropE=(0.010,0.050)  smooth=0.010  train_loss=0.1457  train_AUPR=0.8946  train_P@5=0.9008  train_P@10=0.6160  val_loss=0.1721  val_AUPR=0.5983  val_P@5=0.6399  val_P@10=0.4456
Ep045  LR0=5.00e-07  pw=1.05  aucα=0.400  token_p=0.010  dropE=(0.010,0.050)  smooth=0.010  train_loss=0.1457  train_AUPR=0.8948  train_P@5=0.9009  train_P@10=0.6158  val_loss=0.1717  val_AUPR=0.5977  val_P@5=0.6399  val_P@10=0.4458
Ep046  LR0=5.00e-07  pw=1.04  aucα=0.400  token_p=0.010  dropE=(0.010,0.050)  smooth=0.010  train_loss=0.1457  train_AUPR=0.8950  train_P@5=0.9013  train_P@10=0.6158  val_loss=0.1714  val_AUPR=0.5972  val_P@5=0.6397  val_P@10=0.4455
Ep047  LR0=5.00e-07  pw=1.04  aucα=0.400  token_p=0.010  dropE=(0.010,0.050)  smooth=0.010  train_loss=0.1465  train_AUPR=0.8952  train_P@5=0.9013  train_P@10=0.6160  val_loss=0.1711  val_AUPR=0.5967  val_P@5=0.6397  val_P@10=0.4463
Ep048  LR0=5.00e-07  pw=1.03  aucα=0.400  token_p=0.010  dropE=(0.010,0.050)  smooth=0.010  train_loss=0.1458  train_AUPR=0.8954  train_P@5=0.9011  train_P@10=0.6163  val_loss=0.1708  val_AUPR=0.5962  val_P@5=0.6393  val_P@10=0.4459
Ep049  LR0=5.00e-07  pw=1.03  aucα=0.400  token_p=0.010  dropE=(0.010,0.050)  smooth=0.010  train_loss=0.1453  train_AUPR=0.8956  train_P@5=0.9015  train_P@10=0.6161  val_loss=0.1706  val_AUPR=0.5958  val_P@5=0.6393  val_P@10=0.4464
Ep050  LR0=5.00e-07  pw=1.03  aucα=0.400  token_p=0.010  dropE=(0.010,0.050)  smooth=0.010  train_loss=0.1450  train_AUPR=0.8957  train_P@5=0.9014  train_P@10=0.6163  val_loss=0.1704  val_AUPR=0.5954  val_P@5=0.6395  val_P@10=0.4463
Ep051  LR0=5.00e-07  pw=1.02  aucα=0.400  token_p=0.010  dropE=(0.010,0.050)  smooth=0.010  train_loss=0.1451  train_AUPR=0.8959  train_P@5=0.9016  train_P@10=0.6164  val_loss=0.1702  val_AUPR=0.5951  val_P@5=0.6393  val_P@10=0.4466
Ep052  LR0=5.00e-07  pw=1.02  aucα=0.400  token_p=0.010  dropE=(0.010,0.050)  smooth=0.010  train_loss=0.1448  train_AUPR=0.8960  train_P@5=0.9023  train_P@10=0.6163  val_loss=0.1701  val_AUPR=0.5948  val_P@5=0.6390  val_P@10=0.4461
Ep053  LR0=5.00e-07  pw=1.02  aucα=0.400  token_p=0.010  dropE=(0.010,0.050)  smooth=0.010  train_loss=0.1453  train_AUPR=0.8960  train_P@5=0.9021  train_P@10=0.6165  val_loss=0.1699  val_AUPR=0.5945  val_P@5=0.6384  val_P@10=0.4458
Ep054  LR0=5.00e-07  pw=1.02  aucα=0.400  token_p=0.010  dropE=(0.010,0.050)  smooth=0.010  train_loss=0.1452  train_AUPR=0.8962  train_P@5=0.9020  train_P@10=0.6167  val_loss=0.1698  val_AUPR=0.5942  val_P@5=0.6378  val_P@10=0.4457
Ep055  LR0=5.00e-07  pw=1.01  aucα=0.400  token_p=0.010  dropE=(0.010,0.050)  smooth=0.010  train_loss=0.1451  train_AUPR=0.8963  train_P@5=0.9019  train_P@10=0.6167  val_loss=0.1698  val_AUPR=0.5939  val_P@5=0.6374  val_P@10=0.4457
Ep056  LR0=5.00e-07  pw=1.01  aucα=0.400  token_p=0.010  dropE=(0.010,0.050)  smooth=0.010  train_loss=0.1429  train_AUPR=0.8963  train_P@5=0.9023  train_P@10=0.6169  val_loss=0.1697  val_AUPR=0.5936  val_P@5=0.6370  val_P@10=0.4455
Ep057  LR0=5.00e-07  pw=1.01  aucα=0.400  token_p=0.010  dropE=(0.010,0.050)  smooth=0.010  train_loss=0.1442  train_AUPR=0.8965  train_P@5=0.9019  train_P@10=0.6170  val_loss=0.1696  val_AUPR=0.5934  val_P@5=0.6360  val_P@10=0.4456
Ep058  LR0=5.00e-07  pw=1.01  aucα=0.400  token_p=0.010  dropE=(0.010,0.050)  smooth=0.010  train_loss=0.1429  train_AUPR=0.8966  train_P@5=0.9027  train_P@10=0.6170  val_loss=0.1696  val_AUPR=0.5932  val_P@5=0.6356  val_P@10=0.4455
Ep059  LR0=5.00e-07  pw=1.01  aucα=0.400  token_p=0.010  dropE=(0.010,0.050)  smooth=0.010  train_loss=0.1428  train_AUPR=0.8968  train_P@5=0.9026  train_P@10=0.6171  val_loss=0.1696  val_AUPR=0.5930  val_P@5=0.6350  val_P@10=0.4452
Ep060  LR0=5.00e-07  pw=1.01  aucα=0.400  token_p=0.010  dropE=(0.010,0.050)  smooth=0.010  train_loss=0.1436  train_AUPR=0.8968  train_P@5=0.9025  train_P@10=0.6170  val_loss=0.1695  val_AUPR=0.5928  val_P@5=0.6356  val_P@10=0.4453
Ep061  LR0=5.00e-07  pw=1.01  aucα=0.400  token_p=0.010  dropE=(0.010,0.050)  smooth=0.010  train_loss=0.1433  train_AUPR=0.8971  train_P@5=0.9027  train_P@10=0.6171  val_loss=0.1695  val_AUPR=0.5926  val_P@5=0.6356  val_P@10=0.4453
Ep062  LR0=5.00e-07  pw=1.01  aucα=0.400  token_p=0.010  dropE=(0.010,0.050)  smooth=0.010  train_loss=0.1437  train_AUPR=0.8971  train_P@5=0.9028  train_P@10=0.6171  val_loss=0.1695  val_AUPR=0.5924  val_P@5=0.6358  val_P@10=0.4454
Ep063  LR0=5.00e-07  pw=1.01  aucα=0.400  token_p=0.010  dropE=(0.010,0.050)  smooth=0.010  train_loss=0.1424  train_AUPR=0.8973  train_P@5=0.9030  train_P@10=0.6175  val_loss=0.1695  val_AUPR=0.5922  val_P@5=0.6356  val_P@10=0.4456
Ep064  LR0=5.00e-07  pw=1.00  aucα=0.400  token_p=0.010  dropE=(0.010,0.050)  smooth=0.010  train_loss=0.1439  train_AUPR=0.8976  train_P@5=0.9036  train_P@10=0.6176  val_loss=0.1695  val_AUPR=0.5920  val_P@5=0.6356  val_P@10=0.4457
Ep065  LR0=5.00e-07  pw=1.00  aucα=0.400  token_p=0.010  dropE=(0.010,0.050)  smooth=0.010  train_loss=0.1427  train_AUPR=0.8976  train_P@5=0.9034  train_P@10=0.6177  val_loss=0.1695  val_AUPR=0.5919  val_P@5=0.6358  val_P@10=0.4457
Ep066  LR0=5.00e-07  pw=1.00  aucα=0.400  token_p=0.010  dropE=(0.010,0.050)  smooth=0.010  train_loss=0.1424  train_AUPR=0.8978  train_P@5=0.9037  train_P@10=0.6179  val_loss=0.1696  val_AUPR=0.5917  val_P@5=0.6358  val_P@10=0.4457
Ep067  LR0=5.00e-07  pw=1.00  aucα=0.400  token_p=0.010  dropE=(0.010,0.050)  smooth=0.010  train_loss=0.1421  train_AUPR=0.8978  train_P@5=0.9037  train_P@10=0.6177  val_loss=0.1696  val_AUPR=0.5915  val_P@5=0.6354  val_P@10=0.4458
Ep068  LR0=5.00e-07  pw=1.00  aucα=0.400  token_p=0.010  dropE=(0.010,0.050)  smooth=0.010  train_loss=0.1429  train_AUPR=0.8980  train_P@5=0.9039  train_P@10=0.6181  val_loss=0.1696  val_AUPR=0.5914  val_P@5=0.6350  val_P@10=0.4458
Ep069  LR0=5.00e-07  pw=1.00  aucα=0.400  token_p=0.010  dropE=(0.010,0.050)  smooth=0.010  train_loss=0.1421  train_AUPR=0.8981  train_P@5=0.9042  train_P@10=0.6180  val_loss=0.1696  val_AUPR=0.5913  val_P@5=0.6350  val_P@10=0.4455
Ep070  LR0=5.00e-07  pw=1.00  aucα=0.400  token_p=0.010  dropE=(0.010,0.050)  smooth=0.010  train_loss=0.1427  train_AUPR=0.8982  train_P@5=0.9042  train_P@10=0.6181  val_loss=0.1697  val_AUPR=0.5911  val_P@5=0.6352  val_P@10=0.4454
Ep071  LR0=5.00e-07  pw=1.00  aucα=0.400  token_p=0.010  dropE=(0.010,0.050)  smooth=0.010  train_loss=0.1428  train_AUPR=0.8983  train_P@5=0.9044  train_P@10=0.6181  val_loss=0.1697  val_AUPR=0.5909  val_P@5=0.6352  val_P@10=0.4453
Ep072  LR0=5.00e-07  pw=1.00  aucα=0.400  token_p=0.010  dropE=(0.010,0.050)  smooth=0.010  train_loss=0.1426  train_AUPR=0.8987  train_P@5=0.9046  train_P@10=0.6183  val_loss=0.1697  val_AUPR=0.5908  val_P@5=0.6354  val_P@10=0.4453
Ep073  LR0=5.00e-07  pw=1.00  aucα=0.400  token_p=0.010  dropE=(0.010,0.050)  smooth=0.010  train_loss=0.1430  train_AUPR=0.8987  train_P@5=0.9049  train_P@10=0.6183  val_loss=0.1698  val_AUPR=0.5907  val_P@5=0.6356  val_P@10=0.4453
Ep074  LR0=5.00e-07  pw=1.00  aucα=0.400  token_p=0.010  dropE=(0.010,0.050)  smooth=0.010  train_loss=0.1429  train_AUPR=0.8988  train_P@5=0.9052  train_P@10=0.6185  val_loss=0.1698  val_AUPR=0.5905  val_P@5=0.6350  val_P@10=0.4453
Ep075  LR0=5.00e-07  pw=1.00  aucα=0.400  token_p=0.010  dropE=(0.010,0.050)  smooth=0.010  train_loss=0.1429  train_AUPR=0.8988  train_P@5=0.9052  train_P@10=0.6185  val_loss=0.1698  val_AUPR=0.5904  val_P@5=0.6356  val_P@10=0.4452
Ep076  LR0=5.00e-07  pw=1.00  aucα=0.400  token_p=0.010  dropE=(0.010,0.050)  smooth=0.010  train_loss=0.1429  train_AUPR=0.8991  train_P@5=0.9057  train_P@10=0.6186  val_loss=0.1699  val_AUPR=0.5903  val_P@5=0.6356  val_P@10=0.4452
Ep077  LR0=5.00e-07  pw=1.00  aucα=0.400  token_p=0.010  dropE=(0.010,0.050)  smooth=0.010  train_loss=0.1426  train_AUPR=0.8994  train_P@5=0.9056  train_P@10=0.6189  val_loss=0.1699  val_AUPR=0.5902  val_P@5=0.6354  val_P@10=0.4453
Ep078  LR0=5.00e-07  pw=1.00  aucα=0.400  token_p=0.010  dropE=(0.010,0.050)  smooth=0.010  train_loss=0.1435  train_AUPR=0.8994  train_P@5=0.9061  train_P@10=0.6190  val_loss=0.1699  val_AUPR=0.5901  val_P@5=0.6354  val_P@10=0.4454
Ep079  LR0=5.00e-07  pw=1.00  aucα=0.400  token_p=0.010  dropE=(0.010,0.050)  smooth=0.010  train_loss=0.1419  train_AUPR=0.8995  train_P@5=0.9056  train_P@10=0.6189  val_loss=0.1699  val_AUPR=0.5900  val_P@5=0.6352  val_P@10=0.4453
Early stop triggered: neither val_AUPR nor val_loss improved for 20 epochs.
Saved iPara_l1_g8_i5_do0.10_dpr0.10_lr0.0002_heads16_fold3.pth  (best val AUPR=0.6155)
Saved iPara_l1_g8_i5_do0.10_dpr0.10_lr0.0002_heads16_fold3_best_aupr.pth
Saved iPara_l1_g8_i5_do0.10_dpr0.10_lr0.0002_heads16_fold3_best_loss.pth  (best val loss=0.1696)

── Fold 4/5
Train labels: pos=26560, neg=372298, ignore=700342, pos_rate=0.066590
Val labels: pos=6670, neg=94664, ignore=172266, pos_rate=0.065822
Initializing ClassificationModel with 8 GAT layers and residual connections...
Initializing MCModel with 8 GAT layers and 5 row attention layers (drop_path_rate=0.1)
Initializing CoreModel with 1 layers, drop_path_rate=0.1
Ep000  LR0=2.00e-05  pw=15.00  aucα=0.000  token_p=0.000  dropE=(0.000,0.000)  smooth=0.000  train_loss=0.5381  train_AUPR=0.3858  train_P@5=0.4570  train_P@10=0.3436  val_loss=0.4886  val_AUPR=0.3735  val_P@5=0.4469  val_P@10=0.3395
Ep001  LR0=3.00e-05  pw=13.35  aucα=0.000  token_p=0.000  dropE=(0.000,0.000)  smooth=0.000  train_loss=0.4727  train_AUPR=0.4429  train_P@5=0.5172  train_P@10=0.3791  val_loss=0.4475  val_AUPR=0.4307  val_P@5=0.5049  val_P@10=0.3733
Ep002  LR0=4.00e-05  pw=11.90  aucα=0.000  token_p=0.000  dropE=(0.000,0.000)  smooth=0.000  train_loss=0.4448  train_AUPR=0.4896  train_P@5=0.5509  train_P@10=0.4010  val_loss=0.4354  val_AUPR=0.4760  val_P@5=0.5373  val_P@10=0.3954
Ep003  LR0=5.00e-05  pw=10.62  aucα=0.000  token_p=0.000  dropE=(0.000,0.000)  smooth=0.000  train_loss=0.4275  train_AUPR=0.5149  train_P@5=0.5815  train_P@10=0.4138  val_loss=0.4279  val_AUPR=0.4949  val_P@5=0.5669  val_P@10=0.4038
Ep004  LR0=6.00e-05  pw=9.49  aucα=0.057  token_p=0.000  dropE=(0.000,0.000)  smooth=0.000  train_loss=0.4249  train_AUPR=0.5331  train_P@5=0.5870  train_P@10=0.4242  val_loss=0.4110  val_AUPR=0.5185  val_P@5=0.5770  val_P@10=0.4181
Ep005  LR0=7.00e-05  pw=8.49  aucα=0.114  token_p=0.000  dropE=(0.000,0.000)  smooth=0.000  train_loss=0.4179  train_AUPR=0.5539  train_P@5=0.6108  train_P@10=0.4266  val_loss=0.3969  val_AUPR=0.5343  val_P@5=0.5989  val_P@10=0.4182
Ep006  LR0=8.00e-05  pw=7.61  aucα=0.171  token_p=0.001  dropE=(0.001,0.005)  smooth=0.001  train_loss=0.4160  train_AUPR=0.5625  train_P@5=0.6099  train_P@10=0.4352  val_loss=0.4007  val_AUPR=0.5379  val_P@5=0.6007  val_P@10=0.4204
Ep007  LR0=9.00e-05  pw=6.84  aucα=0.229  token_p=0.002  dropE=(0.002,0.010)  smooth=0.002  train_loss=0.4118  train_AUPR=0.5849  train_P@5=0.6284  train_P@10=0.4499  val_loss=0.3755  val_AUPR=0.5567  val_P@5=0.6119  val_P@10=0.4333
Ep008  LR0=1.00e-04  pw=6.15  aucα=0.286  token_p=0.003  dropE=(0.003,0.015)  smooth=0.003  train_loss=0.4075  train_AUPR=0.5953  train_P@5=0.6380  train_P@10=0.4499  val_loss=0.3631  val_AUPR=0.5719  val_P@5=0.6279  val_P@10=0.4345
Ep009  LR0=1.00e-04  pw=5.55  aucα=0.343  token_p=0.004  dropE=(0.004,0.020)  smooth=0.004  train_loss=0.4037  train_AUPR=0.6121  train_P@5=0.6453  train_P@10=0.4633  val_loss=0.3638  val_AUPR=0.5796  val_P@5=0.6287  val_P@10=0.4388
[Info] Unfroze 'dym' params after warmup (epoch=10). Added core=58 tensors, other=0 tensors.
Ep010  LR0=2.00e-05  pw=5.01  aucα=0.400  token_p=0.005  dropE=(0.005,0.025)  smooth=0.005  train_loss=0.3843  train_AUPR=0.6290  train_P@5=0.6582  train_P@10=0.4740  val_loss=0.3408  val_AUPR=0.5895  val_P@5=0.6352  val_P@10=0.4480
Ep011  LR0=3.00e-05  pw=4.54  aucα=0.400  token_p=0.006  dropE=(0.006,0.030)  smooth=0.006  train_loss=0.3735  train_AUPR=0.6359  train_P@5=0.6652  train_P@10=0.4768  val_loss=0.3375  val_AUPR=0.5914  val_P@5=0.6362  val_P@10=0.4456
Ep012  LR0=4.00e-05  pw=4.12  aucα=0.400  token_p=0.007  dropE=(0.007,0.035)  smooth=0.007  train_loss=0.3635  train_AUPR=0.6424  train_P@5=0.6707  train_P@10=0.4792  val_loss=0.3137  val_AUPR=0.5978  val_P@5=0.6415  val_P@10=0.4455
Ep013  LR0=5.00e-05  pw=3.76  aucα=0.400  token_p=0.008  dropE=(0.008,0.040)  smooth=0.008  train_loss=0.3556  train_AUPR=0.6492  train_P@5=0.6745  train_P@10=0.4837  val_loss=0.3082  val_AUPR=0.5966  val_P@5=0.6437  val_P@10=0.4498
Ep014  LR0=6.00e-05  pw=3.43  aucα=0.400  token_p=0.009  dropE=(0.009,0.045)  smooth=0.009  train_loss=0.3477  train_AUPR=0.6533  train_P@5=0.6786  train_P@10=0.4854  val_loss=0.2946  val_AUPR=0.5961  val_P@5=0.6465  val_P@10=0.4483
Ep015  LR0=7.00e-05  pw=3.15  aucα=0.400  token_p=0.010  dropE=(0.010,0.050)  smooth=0.010  train_loss=0.3394  train_AUPR=0.6502  train_P@5=0.6778  train_P@10=0.4824  val_loss=0.2838  val_AUPR=0.5990  val_P@5=0.6423  val_P@10=0.4460
Ep016  LR0=8.00e-05  pw=2.89  aucα=0.400  token_p=0.010  dropE=(0.010,0.050)  smooth=0.010  train_loss=0.3316  train_AUPR=0.6638  train_P@5=0.6857  train_P@10=0.4908  val_loss=0.2744  val_AUPR=0.6059  val_P@5=0.6567  val_P@10=0.4509
Ep017  LR0=9.00e-05  pw=2.67  aucα=0.400  token_p=0.010  dropE=(0.010,0.050)  smooth=0.010  train_loss=0.3234  train_AUPR=0.6706  train_P@5=0.6971  train_P@10=0.4925  val_loss=0.2614  val_AUPR=0.6033  val_P@5=0.6490  val_P@10=0.4486
Ep018  LR0=1.00e-04  pw=2.48  aucα=0.400  token_p=0.010  dropE=(0.010,0.050)  smooth=0.010  train_loss=0.3152  train_AUPR=0.6737  train_P@5=0.6917  train_P@10=0.4969  val_loss=0.2518  val_AUPR=0.6036  val_P@5=0.6544  val_P@10=0.4584
Ep019  LR0=1.00e-04  pw=2.30  aucα=0.400  token_p=0.010  dropE=(0.010,0.050)  smooth=0.010  train_loss=0.3075  train_AUPR=0.6782  train_P@5=0.6990  train_P@10=0.4983  val_loss=0.2476  val_AUPR=0.5978  val_P@5=0.6514  val_P@10=0.4519
Ep020  LR0=1.00e-04  pw=2.15  aucα=0.400  token_p=0.010  dropE=(0.010,0.050)  smooth=0.010  train_loss=0.2984  train_AUPR=0.6900  train_P@5=0.7097  train_P@10=0.5028  val_loss=0.2374  val_AUPR=0.5990  val_P@5=0.6388  val_P@10=0.4526
Ep021  LR0=9.99e-05  pw=2.01  aucα=0.400  token_p=0.010  dropE=(0.010,0.050)  smooth=0.010  train_loss=0.2891  train_AUPR=0.6761  train_P@5=0.6923  train_P@10=0.4923  val_loss=0.2379  val_AUPR=0.5822  val_P@5=0.6251  val_P@10=0.4354
Ep022  LR0=9.97e-05  pw=1.89  aucα=0.400  token_p=0.010  dropE=(0.010,0.050)  smooth=0.010  train_loss=0.2808  train_AUPR=0.7084  train_P@5=0.7252  train_P@10=0.5121  val_loss=0.2259  val_AUPR=0.6004  val_P@5=0.6526  val_P@10=0.4492
Ep023  LR0=9.95e-05  pw=1.79  aucα=0.400  token_p=0.010  dropE=(0.010,0.050)  smooth=0.010  train_loss=0.2726  train_AUPR=0.7208  train_P@5=0.7293  train_P@10=0.5224  val_loss=0.2136  val_AUPR=0.6138  val_P@5=0.6595  val_P@10=0.4596
Ep024  LR0=9.92e-05  pw=1.70  aucα=0.400  token_p=0.010  dropE=(0.010,0.050)  smooth=0.010  train_loss=0.2648  train_AUPR=0.7375  train_P@5=0.7533  train_P@10=0.5281  val_loss=0.2099  val_AUPR=0.6030  val_P@5=0.6528  val_P@10=0.4473
Ep025  LR0=9.89e-05  pw=1.62  aucα=0.400  token_p=0.010  dropE=(0.010,0.050)  smooth=0.010  train_loss=0.2578  train_AUPR=0.7374  train_P@5=0.7489  train_P@10=0.5319  val_loss=0.2100  val_AUPR=0.5925  val_P@5=0.6244  val_P@10=0.4514
Ep026  LR0=9.85e-05  pw=1.54  aucα=0.400  token_p=0.010  dropE=(0.010,0.050)  smooth=0.010  train_loss=0.2473  train_AUPR=0.7502  train_P@5=0.7590  train_P@10=0.5379  val_loss=0.2054  val_AUPR=0.6018  val_P@5=0.6455  val_P@10=0.4500
Ep027  LR0=9.81e-05  pw=1.48  aucα=0.400  token_p=0.010  dropE=(0.010,0.050)  smooth=0.010  train_loss=0.2414  train_AUPR=0.7731  train_P@5=0.7831  train_P@10=0.5503  val_loss=0.1937  val_AUPR=0.6145  val_P@5=0.6609  val_P@10=0.4565
Ep028  LR0=9.76e-05  pw=1.42  aucα=0.400  token_p=0.010  dropE=(0.010,0.050)  smooth=0.010  train_loss=0.2332  train_AUPR=0.7790  train_P@5=0.7894  train_P@10=0.5535  val_loss=0.1937  val_AUPR=0.6155  val_P@5=0.6555  val_P@10=0.4577
Ep029  LR0=9.70e-05  pw=1.37  aucα=0.400  token_p=0.010  dropE=(0.010,0.050)  smooth=0.010  train_loss=0.2268  train_AUPR=0.7875  train_P@5=0.7959  train_P@10=0.5574  val_loss=0.1896  val_AUPR=0.6177  val_P@5=0.6538  val_P@10=0.4576
Ep030  LR0=9.46e-05  pw=1.33  aucα=0.400  token_p=0.010  dropE=(0.010,0.050)  smooth=0.010  train_loss=0.2201  train_AUPR=0.7928  train_P@5=0.7954  train_P@10=0.5656  val_loss=0.1843  val_AUPR=0.6147  val_P@5=0.6593  val_P@10=0.4579
Ep031  LR0=8.78e-05  pw=1.29  aucα=0.400  token_p=0.010  dropE=(0.010,0.050)  smooth=0.010  train_loss=0.2131  train_AUPR=0.8092  train_P@5=0.8175  train_P@10=0.5699  val_loss=0.1827  val_AUPR=0.6193  val_P@5=0.6650  val_P@10=0.4568
Ep032  LR0=7.71e-05  pw=1.26  aucα=0.400  token_p=0.010  dropE=(0.010,0.050)  smooth=0.010  train_loss=0.2029  train_AUPR=0.8251  train_P@5=0.8335  train_P@10=0.5779  val_loss=0.1800  val_AUPR=0.6211  val_P@5=0.6630  val_P@10=0.4601
Ep033  LR0=6.37e-05  pw=1.23  aucα=0.400  token_p=0.010  dropE=(0.010,0.050)  smooth=0.010  train_loss=0.1954  train_AUPR=0.8334  train_P@5=0.8418  train_P@10=0.5818  val_loss=0.1777  val_AUPR=0.6214  val_P@5=0.6615  val_P@10=0.4622
Ep034  LR0=4.87e-05  pw=1.20  aucα=0.400  token_p=0.010  dropE=(0.010,0.050)  smooth=0.010  train_loss=0.1850  train_AUPR=0.8500  train_P@5=0.8561  train_P@10=0.5926  val_loss=0.1755  val_AUPR=0.6222  val_P@5=0.6587  val_P@10=0.4624
Ep035  LR0=3.38e-05  pw=1.18  aucα=0.400  token_p=0.010  dropE=(0.010,0.050)  smooth=0.010  train_loss=0.1766  train_AUPR=0.8627  train_P@5=0.8701  train_P@10=0.5985  val_loss=0.1744  val_AUPR=0.6221  val_P@5=0.6587  val_P@10=0.4626
Ep036  LR0=2.04e-05  pw=1.16  aucα=0.400  token_p=0.010  dropE=(0.010,0.050)  smooth=0.010  train_loss=0.1658  train_AUPR=0.8761  train_P@5=0.8845  train_P@10=0.6048  val_loss=0.1731  val_AUPR=0.6208  val_P@5=0.6565  val_P@10=0.4624
Ep037  LR0=9.71e-06  pw=1.14  aucα=0.400  token_p=0.010  dropE=(0.010,0.050)  smooth=0.010  train_loss=0.1602  train_AUPR=0.8830  train_P@5=0.8885  train_P@10=0.6101  val_loss=0.1725  val_AUPR=0.6184  val_P@5=0.6544  val_P@10=0.4617
Ep038  LR0=2.86e-06  pw=1.12  aucα=0.400  token_p=0.010  dropE=(0.010,0.050)  smooth=0.010  train_loss=0.1548  train_AUPR=0.8906  train_P@5=0.8996  train_P@10=0.6149  val_loss=0.1716  val_AUPR=0.6173  val_P@5=0.6514  val_P@10=0.4615
Ep039  LR0=5.00e-07  pw=1.11  aucα=0.400  token_p=0.010  dropE=(0.010,0.050)  smooth=0.010  train_loss=0.1507  train_AUPR=0.8920  train_P@5=0.9010  train_P@10=0.6152  val_loss=0.1708  val_AUPR=0.6161  val_P@5=0.6498  val_P@10=0.4614
Ep040  LR0=5.00e-07  pw=1.09  aucα=0.400  token_p=0.010  dropE=(0.010,0.050)  smooth=0.010  train_loss=0.1493  train_AUPR=0.8924  train_P@5=0.9008  train_P@10=0.6152  val_loss=0.1701  val_AUPR=0.6151  val_P@5=0.6480  val_P@10=0.4611
Ep041  LR0=5.00e-07  pw=1.08  aucα=0.400  token_p=0.010  dropE=(0.010,0.050)  smooth=0.010  train_loss=0.1488  train_AUPR=0.8925  train_P@5=0.9009  train_P@10=0.6154  val_loss=0.1694  val_AUPR=0.6142  val_P@5=0.6469  val_P@10=0.4613
Ep042  LR0=5.00e-07  pw=1.07  aucα=0.400  token_p=0.010  dropE=(0.010,0.050)  smooth=0.010  train_loss=0.1485  train_AUPR=0.8927  train_P@5=0.9015  train_P@10=0.6153  val_loss=0.1688  val_AUPR=0.6134  val_P@5=0.6453  val_P@10=0.4611
Ep043  LR0=5.00e-07  pw=1.06  aucα=0.400  token_p=0.010  dropE=(0.010,0.050)  smooth=0.010  train_loss=0.1470  train_AUPR=0.8928  train_P@5=0.9010  train_P@10=0.6154  val_loss=0.1683  val_AUPR=0.6127  val_P@5=0.6443  val_P@10=0.4605
Ep044  LR0=5.00e-07  pw=1.06  aucα=0.400  token_p=0.010  dropE=(0.010,0.050)  smooth=0.010  train_loss=0.1469  train_AUPR=0.8930  train_P@5=0.9013  train_P@10=0.6155  val_loss=0.1678  val_AUPR=0.6120  val_P@5=0.6437  val_P@10=0.4599
Ep045  LR0=5.00e-07  pw=1.05  aucα=0.400  token_p=0.010  dropE=(0.010,0.050)  smooth=0.010  train_loss=0.1470  train_AUPR=0.8933  train_P@5=0.9015  train_P@10=0.6160  val_loss=0.1674  val_AUPR=0.6114  val_P@5=0.6421  val_P@10=0.4595
Ep046  LR0=5.00e-07  pw=1.04  aucα=0.400  token_p=0.010  dropE=(0.010,0.050)  smooth=0.010  train_loss=0.1473  train_AUPR=0.8936  train_P@5=0.9021  train_P@10=0.6160  val_loss=0.1670  val_AUPR=0.6108  val_P@5=0.6419  val_P@10=0.4591
Ep047  LR0=5.00e-07  pw=1.04  aucα=0.400  token_p=0.010  dropE=(0.010,0.050)  smooth=0.010  train_loss=0.1462  train_AUPR=0.8937  train_P@5=0.9023  train_P@10=0.6161  val_loss=0.1667  val_AUPR=0.6103  val_P@5=0.6413  val_P@10=0.4592
Ep048  LR0=5.00e-07  pw=1.03  aucα=0.400  token_p=0.010  dropE=(0.010,0.050)  smooth=0.010  train_loss=0.1464  train_AUPR=0.8939  train_P@5=0.9024  train_P@10=0.6161  val_loss=0.1665  val_AUPR=0.6098  val_P@5=0.6403  val_P@10=0.4590
Ep049  LR0=5.00e-07  pw=1.03  aucα=0.400  token_p=0.010  dropE=(0.010,0.050)  smooth=0.010  train_loss=0.1454  train_AUPR=0.8939  train_P@5=0.9020  train_P@10=0.6162  val_loss=0.1662  val_AUPR=0.6094  val_P@5=0.6398  val_P@10=0.4590
Ep050  LR0=5.00e-07  pw=1.03  aucα=0.400  token_p=0.010  dropE=(0.010,0.050)  smooth=0.010  train_loss=0.1454  train_AUPR=0.8942  train_P@5=0.9026  train_P@10=0.6161  val_loss=0.1660  val_AUPR=0.6089  val_P@5=0.6396  val_P@10=0.4591
Ep051  LR0=5.00e-07  pw=1.02  aucα=0.400  token_p=0.010  dropE=(0.010,0.050)  smooth=0.010  train_loss=0.1459  train_AUPR=0.8944  train_P@5=0.9029  train_P@10=0.6162  val_loss=0.1659  val_AUPR=0.6085  val_P@5=0.6396  val_P@10=0.4592
Ep052  LR0=5.00e-07  pw=1.02  aucα=0.400  token_p=0.010  dropE=(0.010,0.050)  smooth=0.010  train_loss=0.1454  train_AUPR=0.8944  train_P@5=0.9027  train_P@10=0.6163  val_loss=0.1657  val_AUPR=0.6081  val_P@5=0.6396  val_P@10=0.4591
Ep053  LR0=5.00e-07  pw=1.02  aucα=0.400  token_p=0.010  dropE=(0.010,0.050)  smooth=0.010  train_loss=0.1457  train_AUPR=0.8945  train_P@5=0.9028  train_P@10=0.6164  val_loss=0.1656  val_AUPR=0.6078  val_P@5=0.6400  val_P@10=0.4589
Ep054  LR0=5.00e-07  pw=1.02  aucα=0.400  token_p=0.010  dropE=(0.010,0.050)  smooth=0.010  train_loss=0.1446  train_AUPR=0.8947  train_P@5=0.9033  train_P@10=0.6165  val_loss=0.1655  val_AUPR=0.6075  val_P@5=0.6396  val_P@10=0.4586
Ep055  LR0=5.00e-07  pw=1.01  aucα=0.400  token_p=0.010  dropE=(0.010,0.050)  smooth=0.010  train_loss=0.1448  train_AUPR=0.8947  train_P@5=0.9035  train_P@10=0.6164  val_loss=0.1655  val_AUPR=0.6071  val_P@5=0.6388  val_P@10=0.4586
Ep056  LR0=5.00e-07  pw=1.01  aucα=0.400  token_p=0.010  dropE=(0.010,0.050)  smooth=0.010  train_loss=0.1441  train_AUPR=0.8949  train_P@5=0.9040  train_P@10=0.6165  val_loss=0.1654  val_AUPR=0.6068  val_P@5=0.6384  val_P@10=0.4585
Ep057  LR0=5.00e-07  pw=1.01  aucα=0.400  token_p=0.010  dropE=(0.010,0.050)  smooth=0.010  train_loss=0.1433  train_AUPR=0.8953  train_P@5=0.9039  train_P@10=0.6168  val_loss=0.1654  val_AUPR=0.6065  val_P@5=0.6384  val_P@10=0.4586
Ep058  LR0=5.00e-07  pw=1.01  aucα=0.400  token_p=0.010  dropE=(0.010,0.050)  smooth=0.010  train_loss=0.1435  train_AUPR=0.8954  train_P@5=0.9036  train_P@10=0.6169  val_loss=0.1653  val_AUPR=0.6062  val_P@5=0.6382  val_P@10=0.4585
Ep059  LR0=5.00e-07  pw=1.01  aucα=0.400  token_p=0.010  dropE=(0.010,0.050)  smooth=0.010  train_loss=0.1447  train_AUPR=0.8954  train_P@5=0.9042  train_P@10=0.6169  val_loss=0.1653  val_AUPR=0.6060  val_P@5=0.6380  val_P@10=0.4585
Ep060  LR0=5.00e-07  pw=1.01  aucα=0.400  token_p=0.010  dropE=(0.010,0.050)  smooth=0.010  train_loss=0.1437  train_AUPR=0.8956  train_P@5=0.9046  train_P@10=0.6170  val_loss=0.1653  val_AUPR=0.6057  val_P@5=0.6380  val_P@10=0.4585
Ep061  LR0=5.00e-07  pw=1.01  aucα=0.400  token_p=0.010  dropE=(0.010,0.050)  smooth=0.010  train_loss=0.1438  train_AUPR=0.8954  train_P@5=0.9039  train_P@10=0.6169  val_loss=0.1653  val_AUPR=0.6055  val_P@5=0.6376  val_P@10=0.4583
Ep062  LR0=5.00e-07  pw=1.01  aucα=0.400  token_p=0.010  dropE=(0.010,0.050)  smooth=0.010  train_loss=0.1440  train_AUPR=0.8954  train_P@5=0.9041  train_P@10=0.6168  val_loss=0.1653  val_AUPR=0.6053  val_P@5=0.6380  val_P@10=0.4582
Ep063  LR0=5.00e-07  pw=1.01  aucα=0.400  token_p=0.010  dropE=(0.010,0.050)  smooth=0.010  train_loss=0.1441  train_AUPR=0.8956  train_P@5=0.9040  train_P@10=0.6170  val_loss=0.1653  val_AUPR=0.6051  val_P@5=0.6380  val_P@10=0.4580
Ep064  LR0=5.00e-07  pw=1.00  aucα=0.400  token_p=0.010  dropE=(0.010,0.050)  smooth=0.010  train_loss=0.1444  train_AUPR=0.8958  train_P@5=0.9045  train_P@10=0.6170  val_loss=0.1653  val_AUPR=0.6048  val_P@5=0.6382  val_P@10=0.4581
Ep065  LR0=5.00e-07  pw=1.00  aucα=0.400  token_p=0.010  dropE=(0.010,0.050)  smooth=0.010  train_loss=0.1436  train_AUPR=0.8962  train_P@5=0.9047  train_P@10=0.6174  val_loss=0.1653  val_AUPR=0.6046  val_P@5=0.6378  val_P@10=0.4578
Ep066  LR0=5.00e-07  pw=1.00  aucα=0.400  token_p=0.010  dropE=(0.010,0.050)  smooth=0.010  train_loss=0.1442  train_AUPR=0.8965  train_P@5=0.9054  train_P@10=0.6173  val_loss=0.1654  val_AUPR=0.6044  val_P@5=0.6374  val_P@10=0.4577
Ep067  LR0=5.00e-07  pw=1.00  aucα=0.400  token_p=0.010  dropE=(0.010,0.050)  smooth=0.010  train_loss=0.1445  train_AUPR=0.8963  train_P@5=0.9049  train_P@10=0.6173  val_loss=0.1654  val_AUPR=0.6043  val_P@5=0.6372  val_P@10=0.4575
Ep068  LR0=5.00e-07  pw=1.00  aucα=0.400  token_p=0.010  dropE=(0.010,0.050)  smooth=0.010  train_loss=0.1430  train_AUPR=0.8965  train_P@5=0.9048  train_P@10=0.6175  val_loss=0.1654  val_AUPR=0.6041  val_P@5=0.6370  val_P@10=0.4575
Ep069  LR0=5.00e-07  pw=1.00  aucα=0.400  token_p=0.010  dropE=(0.010,0.050)  smooth=0.010  train_loss=0.1444  train_AUPR=0.8969  train_P@5=0.9053  train_P@10=0.6174  val_loss=0.1654  val_AUPR=0.6039  val_P@5=0.6362  val_P@10=0.4575
Ep070  LR0=5.00e-07  pw=1.00  aucα=0.400  token_p=0.010  dropE=(0.010,0.050)  smooth=0.010  train_loss=0.1432  train_AUPR=0.8968  train_P@5=0.9052  train_P@10=0.6175  val_loss=0.1654  val_AUPR=0.6038  val_P@5=0.6362  val_P@10=0.4576
Ep071  LR0=5.00e-07  pw=1.00  aucα=0.400  token_p=0.010  dropE=(0.010,0.050)  smooth=0.010  train_loss=0.1439  train_AUPR=0.8969  train_P@5=0.9057  train_P@10=0.6175  val_loss=0.1655  val_AUPR=0.6036  val_P@5=0.6360  val_P@10=0.4576
Ep072  LR0=5.00e-07  pw=1.00  aucα=0.400  token_p=0.010  dropE=(0.010,0.050)  smooth=0.010  train_loss=0.1435  train_AUPR=0.8973  train_P@5=0.9061  train_P@10=0.6178  val_loss=0.1655  val_AUPR=0.6034  val_P@5=0.6358  val_P@10=0.4574
Ep073  LR0=5.00e-07  pw=1.00  aucα=0.400  token_p=0.010  dropE=(0.010,0.050)  smooth=0.010  train_loss=0.1436  train_AUPR=0.8974  train_P@5=0.9056  train_P@10=0.6179  val_loss=0.1655  val_AUPR=0.6033  val_P@5=0.6356  val_P@10=0.4575
Ep074  LR0=5.00e-07  pw=1.00  aucα=0.400  token_p=0.010  dropE=(0.010,0.050)  smooth=0.010  train_loss=0.1437  train_AUPR=0.8972  train_P@5=0.9054  train_P@10=0.6179  val_loss=0.1656  val_AUPR=0.6032  val_P@5=0.6356  val_P@10=0.4576
Ep075  LR0=5.00e-07  pw=1.00  aucα=0.400  token_p=0.010  dropE=(0.010,0.050)  smooth=0.010  train_loss=0.1431  train_AUPR=0.8973  train_P@5=0.9064  train_P@10=0.6178  val_loss=0.1656  val_AUPR=0.6030  val_P@5=0.6354  val_P@10=0.4575
Ep076  LR0=5.00e-07  pw=1.00  aucα=0.400  token_p=0.010  dropE=(0.010,0.050)  smooth=0.010  train_loss=0.1431  train_AUPR=0.8974  train_P@5=0.9060  train_P@10=0.6178  val_loss=0.1657  val_AUPR=0.6028  val_P@5=0.6354  val_P@10=0.4575
Ep077  LR0=5.00e-07  pw=1.00  aucα=0.400  token_p=0.010  dropE=(0.010,0.050)  smooth=0.010  train_loss=0.1437  train_AUPR=0.8977  train_P@5=0.9070  train_P@10=0.6180  val_loss=0.1657  val_AUPR=0.6027  val_P@5=0.6352  val_P@10=0.4573
Early stop triggered: neither val_AUPR nor val_loss improved for 20 epochs.
Saved iPara_l1_g8_i5_do0.10_dpr0.10_lr0.0002_heads16_fold4.pth  (best val AUPR=0.6222)
Saved iPara_l1_g8_i5_do0.10_dpr0.10_lr0.0002_heads16_fold4_best_aupr.pth
Saved iPara_l1_g8_i5_do0.10_dpr0.10_lr0.0002_heads16_fold4_best_loss.pth  (best val loss=0.1654)

── Fold 5/5
Train labels: pos=26617, neg=373043, ignore=699540, pos_rate=0.066599
Val labels: pos=6613, neg=93919, ignore=173068, pos_rate=0.065780
Initializing ClassificationModel with 8 GAT layers and residual connections...
Initializing MCModel with 8 GAT layers and 5 row attention layers (drop_path_rate=0.1)
Initializing CoreModel with 1 layers, drop_path_rate=0.1
Ep000  LR0=2.00e-05  pw=15.00  aucα=0.000  token_p=0.000  dropE=(0.000,0.000)  smooth=0.000  train_loss=0.5607  train_AUPR=0.3651  train_P@5=0.4236  train_P@10=0.3305  val_loss=0.5170  val_AUPR=0.3400  val_P@5=0.3999  val_P@10=0.3156
Ep001  LR0=3.00e-05  pw=13.35  aucα=0.000  token_p=0.000  dropE=(0.000,0.000)  smooth=0.000  train_loss=0.4793  train_AUPR=0.4347  train_P@5=0.5064  train_P@10=0.3707  val_loss=0.4751  val_AUPR=0.4208  val_P@5=0.4966  val_P@10=0.3682
Ep002  LR0=4.00e-05  pw=11.90  aucα=0.000  token_p=0.000  dropE=(0.000,0.000)  smooth=0.000  train_loss=0.4488  train_AUPR=0.4917  train_P@5=0.5563  train_P@10=0.4033  val_loss=0.4240  val_AUPR=0.4768  val_P@5=0.5543  val_P@10=0.3993
Ep003  LR0=5.00e-05  pw=10.62  aucα=0.000  token_p=0.000  dropE=(0.000,0.000)  smooth=0.000  train_loss=0.4288  train_AUPR=0.5098  train_P@5=0.5750  train_P@10=0.4080  val_loss=0.4162  val_AUPR=0.4922  val_P@5=0.5796  val_P@10=0.3995
Ep004  LR0=6.00e-05  pw=9.49  aucα=0.057  token_p=0.000  dropE=(0.000,0.000)  smooth=0.000  train_loss=0.4238  train_AUPR=0.5317  train_P@5=0.5891  train_P@10=0.4247  val_loss=0.4051  val_AUPR=0.5088  val_P@5=0.5736  val_P@10=0.4120
Ep005  LR0=7.00e-05  pw=8.49  aucα=0.114  token_p=0.000  dropE=(0.000,0.000)  smooth=0.000  train_loss=0.4223  train_AUPR=0.5556  train_P@5=0.6122  train_P@10=0.4330  val_loss=0.3901  val_AUPR=0.5354  val_P@5=0.5965  val_P@10=0.4231
Ep006  LR0=8.00e-05  pw=7.61  aucα=0.171  token_p=0.001  dropE=(0.001,0.005)  smooth=0.001  train_loss=0.4176  train_AUPR=0.5640  train_P@5=0.6188  train_P@10=0.4373  val_loss=0.3800  val_AUPR=0.5457  val_P@5=0.5963  val_P@10=0.4273
Ep007  LR0=9.00e-05  pw=6.84  aucα=0.229  token_p=0.002  dropE=(0.002,0.010)  smooth=0.002  train_loss=0.4131  train_AUPR=0.5851  train_P@5=0.6287  train_P@10=0.4514  val_loss=0.3619  val_AUPR=0.5624  val_P@5=0.6082  val_P@10=0.4401
Ep008  LR0=1.00e-04  pw=6.15  aucα=0.286  token_p=0.003  dropE=(0.003,0.015)  smooth=0.003  train_loss=0.4070  train_AUPR=0.5970  train_P@5=0.6376  train_P@10=0.4482  val_loss=0.3580  val_AUPR=0.5649  val_P@5=0.6148  val_P@10=0.4339
Ep009  LR0=1.00e-04  pw=5.55  aucα=0.343  token_p=0.004  dropE=(0.004,0.020)  smooth=0.004  train_loss=0.4040  train_AUPR=0.6104  train_P@5=0.6495  train_P@10=0.4613  val_loss=0.3494  val_AUPR=0.5707  val_P@5=0.6138  val_P@10=0.4415
[Info] Unfroze 'dym' params after warmup (epoch=10). Added core=58 tensors, other=0 tensors.
Ep010  LR0=2.00e-05  pw=5.01  aucα=0.400  token_p=0.005  dropE=(0.005,0.025)  smooth=0.005  train_loss=0.3822  train_AUPR=0.6358  train_P@5=0.6703  train_P@10=0.4749  val_loss=0.3373  val_AUPR=0.5950  val_P@5=0.6297  val_P@10=0.4515
Ep011  LR0=3.00e-05  pw=4.54  aucα=0.400  token_p=0.006  dropE=(0.006,0.030)  smooth=0.006  train_loss=0.3705  train_AUPR=0.6433  train_P@5=0.6772  train_P@10=0.4801  val_loss=0.3263  val_AUPR=0.5938  val_P@5=0.6287  val_P@10=0.4518
Ep012  LR0=4.00e-05  pw=4.12  aucα=0.400  token_p=0.007  dropE=(0.007,0.035)  smooth=0.007  train_loss=0.3617  train_AUPR=0.6537  train_P@5=0.6836  train_P@10=0.4832  val_loss=0.3138  val_AUPR=0.5981  val_P@5=0.6365  val_P@10=0.4506
Ep013  LR0=5.00e-05  pw=3.76  aucα=0.400  token_p=0.008  dropE=(0.008,0.040)  smooth=0.008  train_loss=0.3510  train_AUPR=0.6394  train_P@5=0.6813  train_P@10=0.4797  val_loss=0.3059  val_AUPR=0.5657  val_P@5=0.6230  val_P@10=0.4453
Ep014  LR0=6.00e-05  pw=3.43  aucα=0.400  token_p=0.009  dropE=(0.009,0.045)  smooth=0.009  train_loss=0.3426  train_AUPR=0.6500  train_P@5=0.6778  train_P@10=0.4805  val_loss=0.2959  val_AUPR=0.5884  val_P@5=0.6277  val_P@10=0.4448
Ep015  LR0=7.00e-05  pw=3.15  aucα=0.400  token_p=0.010  dropE=(0.010,0.050)  smooth=0.010  train_loss=0.3393  train_AUPR=0.6631  train_P@5=0.6883  train_P@10=0.4917  val_loss=0.2851  val_AUPR=0.5796  val_P@5=0.6190  val_P@10=0.4448
Ep016  LR0=8.00e-05  pw=2.89  aucα=0.400  token_p=0.010  dropE=(0.010,0.050)  smooth=0.010  train_loss=0.3248  train_AUPR=0.6665  train_P@5=0.6908  train_P@10=0.4895  val_loss=0.2774  val_AUPR=0.5798  val_P@5=0.6106  val_P@10=0.4365
Ep017  LR0=9.00e-05  pw=2.67  aucα=0.400  token_p=0.010  dropE=(0.010,0.050)  smooth=0.010  train_loss=0.3208  train_AUPR=0.6741  train_P@5=0.6988  train_P@10=0.4955  val_loss=0.2606  val_AUPR=0.5962  val_P@5=0.6339  val_P@10=0.4487
Ep018  LR0=1.00e-04  pw=2.48  aucα=0.400  token_p=0.010  dropE=(0.010,0.050)  smooth=0.010  train_loss=0.3124  train_AUPR=0.6891  train_P@5=0.7111  train_P@10=0.5031  val_loss=0.2540  val_AUPR=0.6048  val_P@5=0.6383  val_P@10=0.4527
Ep019  LR0=1.00e-04  pw=2.30  aucα=0.400  token_p=0.010  dropE=(0.010,0.050)  smooth=0.010  train_loss=0.3047  train_AUPR=0.6947  train_P@5=0.7153  train_P@10=0.5080  val_loss=0.2428  val_AUPR=0.6009  val_P@5=0.6365  val_P@10=0.4483
Ep020  LR0=1.00e-04  pw=2.15  aucα=0.400  token_p=0.010  dropE=(0.010,0.050)  smooth=0.010  train_loss=0.2959  train_AUPR=0.6962  train_P@5=0.7165  train_P@10=0.5084  val_loss=0.2353  val_AUPR=0.5943  val_P@5=0.6361  val_P@10=0.4460
Ep021  LR0=9.99e-05  pw=2.01  aucα=0.400  token_p=0.010  dropE=(0.010,0.050)  smooth=0.010  train_loss=0.2852  train_AUPR=0.7053  train_P@5=0.7254  train_P@10=0.5151  val_loss=0.2271  val_AUPR=0.6028  val_P@5=0.6417  val_P@10=0.4508
Ep022  LR0=9.97e-05  pw=1.89  aucα=0.400  token_p=0.010  dropE=(0.010,0.050)  smooth=0.010  train_loss=0.2771  train_AUPR=0.7044  train_P@5=0.7198  train_P@10=0.5150  val_loss=0.2185  val_AUPR=0.6056  val_P@5=0.6484  val_P@10=0.4515
Ep023  LR0=9.95e-05  pw=1.79  aucα=0.400  token_p=0.010  dropE=(0.010,0.050)  smooth=0.010  train_loss=0.2667  train_AUPR=0.7211  train_P@5=0.7373  train_P@10=0.5246  val_loss=0.2207  val_AUPR=0.5949  val_P@5=0.6299  val_P@10=0.4458
Ep024  LR0=9.92e-05  pw=1.70  aucα=0.400  token_p=0.010  dropE=(0.010,0.050)  smooth=0.010  train_loss=0.2608  train_AUPR=0.7413  train_P@5=0.7577  train_P@10=0.5325  val_loss=0.2147  val_AUPR=0.5916  val_P@5=0.6269  val_P@10=0.4426
Ep025  LR0=9.89e-05  pw=1.62  aucα=0.400  token_p=0.010  dropE=(0.010,0.050)  smooth=0.010  train_loss=0.2500  train_AUPR=0.7447  train_P@5=0.7605  train_P@10=0.5372  val_loss=0.2100  val_AUPR=0.5975  val_P@5=0.6433  val_P@10=0.4419
Ep026  LR0=9.85e-05  pw=1.54  aucα=0.400  token_p=0.010  dropE=(0.010,0.050)  smooth=0.010  train_loss=0.2427  train_AUPR=0.7538  train_P@5=0.7669  train_P@10=0.5412  val_loss=0.1997  val_AUPR=0.5982  val_P@5=0.6335  val_P@10=0.4426
Ep027  LR0=9.81e-05  pw=1.48  aucα=0.400  token_p=0.010  dropE=(0.010,0.050)  smooth=0.010  train_loss=0.2367  train_AUPR=0.7762  train_P@5=0.7863  train_P@10=0.5556  val_loss=0.1984  val_AUPR=0.6062  val_P@5=0.6427  val_P@10=0.4573
Ep028  LR0=9.76e-05  pw=1.42  aucα=0.400  token_p=0.010  dropE=(0.010,0.050)  smooth=0.010  train_loss=0.2273  train_AUPR=0.7923  train_P@5=0.8018  train_P@10=0.5644  val_loss=0.1928  val_AUPR=0.6084  val_P@5=0.6448  val_P@10=0.4478
Ep029  LR0=9.70e-05  pw=1.37  aucα=0.400  token_p=0.010  dropE=(0.010,0.050)  smooth=0.010  train_loss=0.2174  train_AUPR=0.8000  train_P@5=0.8069  train_P@10=0.5684  val_loss=0.1897  val_AUPR=0.5951  val_P@5=0.6305  val_P@10=0.4452
Ep030  LR0=9.46e-05  pw=1.33  aucα=0.400  token_p=0.010  dropE=(0.010,0.050)  smooth=0.010  train_loss=0.2136  train_AUPR=0.8128  train_P@5=0.8181  train_P@10=0.5755  val_loss=0.1903  val_AUPR=0.5998  val_P@5=0.6365  val_P@10=0.4522
Ep031  LR0=8.78e-05  pw=1.29  aucα=0.400  token_p=0.010  dropE=(0.010,0.050)  smooth=0.010  train_loss=0.2064  train_AUPR=0.8176  train_P@5=0.8241  train_P@10=0.5768  val_loss=0.1854  val_AUPR=0.6083  val_P@5=0.6492  val_P@10=0.4480
Ep032  LR0=7.71e-05  pw=1.26  aucα=0.400  token_p=0.010  dropE=(0.010,0.050)  smooth=0.010  train_loss=0.1981  train_AUPR=0.8277  train_P@5=0.8361  train_P@10=0.5837  val_loss=0.1838  val_AUPR=0.6091  val_P@5=0.6468  val_P@10=0.4498
Ep033  LR0=6.37e-05  pw=1.23  aucα=0.400  token_p=0.010  dropE=(0.010,0.050)  smooth=0.010  train_loss=0.1880  train_AUPR=0.8471  train_P@5=0.8516  train_P@10=0.5942  val_loss=0.1813  val_AUPR=0.6095  val_P@5=0.6478  val_P@10=0.4491
Ep034  LR0=4.87e-05  pw=1.20  aucα=0.400  token_p=0.010  dropE=(0.010,0.050)  smooth=0.010  train_loss=0.1797  train_AUPR=0.8632  train_P@5=0.8698  train_P@10=0.6020  val_loss=0.1795  val_AUPR=0.6097  val_P@5=0.6508  val_P@10=0.4495
Ep035  LR0=3.38e-05  pw=1.18  aucα=0.400  token_p=0.010  dropE=(0.010,0.050)  smooth=0.010  train_loss=0.1691  train_AUPR=0.8776  train_P@5=0.8836  train_P@10=0.6109  val_loss=0.1780  val_AUPR=0.6087  val_P@5=0.6502  val_P@10=0.4491
Ep036  LR0=2.04e-05  pw=1.16  aucα=0.400  token_p=0.010  dropE=(0.010,0.050)  smooth=0.010  train_loss=0.1589  train_AUPR=0.8869  train_P@5=0.8944  train_P@10=0.6139  val_loss=0.1766  val_AUPR=0.6076  val_P@5=0.6488  val_P@10=0.4487
Ep037  LR0=9.71e-06  pw=1.14  aucα=0.400  token_p=0.010  dropE=(0.010,0.050)  smooth=0.010  train_loss=0.1519  train_AUPR=0.8942  train_P@5=0.9006  train_P@10=0.6201  val_loss=0.1757  val_AUPR=0.6056  val_P@5=0.6462  val_P@10=0.4473
Ep038  LR0=2.86e-06  pw=1.12  aucα=0.400  token_p=0.010  dropE=(0.010,0.050)  smooth=0.010  train_loss=0.1472  train_AUPR=0.9017  train_P@5=0.9102  train_P@10=0.6235  val_loss=0.1748  val_AUPR=0.6042  val_P@5=0.6450  val_P@10=0.4473
Ep039  LR0=5.00e-07  pw=1.11  aucα=0.400  token_p=0.010  dropE=(0.010,0.050)  smooth=0.010  train_loss=0.1436  train_AUPR=0.9039  train_P@5=0.9126  train_P@10=0.6243  val_loss=0.1740  val_AUPR=0.6031  val_P@5=0.6442  val_P@10=0.4469
Ep040  LR0=5.00e-07  pw=1.09  aucα=0.400  token_p=0.010  dropE=(0.010,0.050)  smooth=0.010  train_loss=0.1434  train_AUPR=0.9040  train_P@5=0.9129  train_P@10=0.6243  val_loss=0.1733  val_AUPR=0.6020  val_P@5=0.6439  val_P@10=0.4466
Ep041  LR0=5.00e-07  pw=1.08  aucα=0.400  token_p=0.010  dropE=(0.010,0.050)  smooth=0.010  train_loss=0.1423  train_AUPR=0.9042  train_P@5=0.9128  train_P@10=0.6243  val_loss=0.1726  val_AUPR=0.6012  val_P@5=0.6433  val_P@10=0.4465
Ep042  LR0=5.00e-07  pw=1.07  aucα=0.400  token_p=0.010  dropE=(0.010,0.050)  smooth=0.010  train_loss=0.1395  train_AUPR=0.9045  train_P@5=0.9135  train_P@10=0.6247  val_loss=0.1719  val_AUPR=0.6004  val_P@5=0.6419  val_P@10=0.4463
Ep043  LR0=5.00e-07  pw=1.06  aucα=0.400  token_p=0.010  dropE=(0.010,0.050)  smooth=0.010  train_loss=0.1414  train_AUPR=0.9048  train_P@5=0.9135  train_P@10=0.6248  val_loss=0.1714  val_AUPR=0.5998  val_P@5=0.6409  val_P@10=0.4460
Ep044  LR0=5.00e-07  pw=1.06  aucα=0.400  token_p=0.010  dropE=(0.010,0.050)  smooth=0.010  train_loss=0.1417  train_AUPR=0.9049  train_P@5=0.9138  train_P@10=0.6249  val_loss=0.1709  val_AUPR=0.5991  val_P@5=0.6419  val_P@10=0.4455
Ep045  LR0=5.00e-07  pw=1.05  aucα=0.400  token_p=0.010  dropE=(0.010,0.050)  smooth=0.010  train_loss=0.1399  train_AUPR=0.9050  train_P@5=0.9135  train_P@10=0.6251  val_loss=0.1705  val_AUPR=0.5986  val_P@5=0.6411  val_P@10=0.4450
Ep046  LR0=5.00e-07  pw=1.04  aucα=0.400  token_p=0.010  dropE=(0.010,0.050)  smooth=0.010  train_loss=0.1397  train_AUPR=0.9052  train_P@5=0.9136  train_P@10=0.6250  val_loss=0.1701  val_AUPR=0.5981  val_P@5=0.6401  val_P@10=0.4446
Ep047  LR0=5.00e-07  pw=1.04  aucα=0.400  token_p=0.010  dropE=(0.010,0.050)  smooth=0.010  train_loss=0.1405  train_AUPR=0.9053  train_P@5=0.9140  train_P@10=0.6250  val_loss=0.1698  val_AUPR=0.5977  val_P@5=0.6403  val_P@10=0.4452
Ep048  LR0=5.00e-07  pw=1.03  aucα=0.400  token_p=0.010  dropE=(0.010,0.050)  smooth=0.010  train_loss=0.1395  train_AUPR=0.9054  train_P@5=0.9141  train_P@10=0.6250  val_loss=0.1695  val_AUPR=0.5972  val_P@5=0.6397  val_P@10=0.4447
Ep049  LR0=5.00e-07  pw=1.03  aucα=0.400  token_p=0.010  dropE=(0.010,0.050)  smooth=0.010  train_loss=0.1398  train_AUPR=0.9058  train_P@5=0.9147  train_P@10=0.6253  val_loss=0.1692  val_AUPR=0.5969  val_P@5=0.6391  val_P@10=0.4446
Ep050  LR0=5.00e-07  pw=1.03  aucα=0.400  token_p=0.010  dropE=(0.010,0.050)  smooth=0.010  train_loss=0.1401  train_AUPR=0.9059  train_P@5=0.9146  train_P@10=0.6254  val_loss=0.1690  val_AUPR=0.5965  val_P@5=0.6387  val_P@10=0.4445
Ep051  LR0=5.00e-07  pw=1.02  aucα=0.400  token_p=0.010  dropE=(0.010,0.050)  smooth=0.010  train_loss=0.1388  train_AUPR=0.9061  train_P@5=0.9151  train_P@10=0.6255  val_loss=0.1689  val_AUPR=0.5962  val_P@5=0.6389  val_P@10=0.4448
Ep052  LR0=5.00e-07  pw=1.02  aucα=0.400  token_p=0.010  dropE=(0.010,0.050)  smooth=0.010  train_loss=0.1388  train_AUPR=0.9061  train_P@5=0.9147  train_P@10=0.6254  val_loss=0.1687  val_AUPR=0.5959  val_P@5=0.6389  val_P@10=0.4444
Ep053  LR0=5.00e-07  pw=1.02  aucα=0.400  token_p=0.010  dropE=(0.010,0.050)  smooth=0.010  train_loss=0.1383  train_AUPR=0.9063  train_P@5=0.9150  train_P@10=0.6257  val_loss=0.1686  val_AUPR=0.5956  val_P@5=0.6381  val_P@10=0.4444
Ep054  LR0=5.00e-07  pw=1.02  aucα=0.400  token_p=0.010  dropE=(0.010,0.050)  smooth=0.010  train_loss=0.1381  train_AUPR=0.9064  train_P@5=0.9151  train_P@10=0.6257  val_loss=0.1685  val_AUPR=0.5954  val_P@5=0.6383  val_P@10=0.4443
Ep055  LR0=5.00e-07  pw=1.01  aucα=0.400  token_p=0.010  dropE=(0.010,0.050)  smooth=0.010  train_loss=0.1394  train_AUPR=0.9065  train_P@5=0.9153  train_P@10=0.6256  val_loss=0.1684  val_AUPR=0.5952  val_P@5=0.6383  val_P@10=0.4443
Ep056  LR0=5.00e-07  pw=1.01  aucα=0.400  token_p=0.010  dropE=(0.010,0.050)  smooth=0.010  train_loss=0.1386  train_AUPR=0.9067  train_P@5=0.9154  train_P@10=0.6257  val_loss=0.1683  val_AUPR=0.5949  val_P@5=0.6379  val_P@10=0.4444
Ep057  LR0=5.00e-07  pw=1.01  aucα=0.400  token_p=0.010  dropE=(0.010,0.050)  smooth=0.010  train_loss=0.1378  train_AUPR=0.9068  train_P@5=0.9158  train_P@10=0.6259  val_loss=0.1683  val_AUPR=0.5946  val_P@5=0.6379  val_P@10=0.4442
Ep058  LR0=5.00e-07  pw=1.01  aucα=0.400  token_p=0.010  dropE=(0.010,0.050)  smooth=0.010  train_loss=0.1380  train_AUPR=0.9068  train_P@5=0.9156  train_P@10=0.6258  val_loss=0.1682  val_AUPR=0.5944  val_P@5=0.6377  val_P@10=0.4440
Ep059  LR0=5.00e-07  pw=1.01  aucα=0.400  token_p=0.010  dropE=(0.010,0.050)  smooth=0.010  train_loss=0.1371  train_AUPR=0.9070  train_P@5=0.9160  train_P@10=0.6260  val_loss=0.1682  val_AUPR=0.5943  val_P@5=0.6379  val_P@10=0.4436
Ep060  LR0=5.00e-07  pw=1.01  aucα=0.400  token_p=0.010  dropE=(0.010,0.050)  smooth=0.010  train_loss=0.1372  train_AUPR=0.9072  train_P@5=0.9163  train_P@10=0.6259  val_loss=0.1682  val_AUPR=0.5941  val_P@5=0.6381  val_P@10=0.4438
Ep061  LR0=5.00e-07  pw=1.01  aucα=0.400  token_p=0.010  dropE=(0.010,0.050)  smooth=0.010  train_loss=0.1383  train_AUPR=0.9072  train_P@5=0.9161  train_P@10=0.6261  val_loss=0.1682  val_AUPR=0.5939  val_P@5=0.6381  val_P@10=0.4437
Ep062  LR0=5.00e-07  pw=1.01  aucα=0.400  token_p=0.010  dropE=(0.010,0.050)  smooth=0.010  train_loss=0.1368  train_AUPR=0.9074  train_P@5=0.9157  train_P@10=0.6258  val_loss=0.1682  val_AUPR=0.5937  val_P@5=0.6379  val_P@10=0.4435
Ep063  LR0=5.00e-07  pw=1.01  aucα=0.400  token_p=0.010  dropE=(0.010,0.050)  smooth=0.010  train_loss=0.1374  train_AUPR=0.9075  train_P@5=0.9161  train_P@10=0.6260  val_loss=0.1682  val_AUPR=0.5936  val_P@5=0.6381  val_P@10=0.4435
Ep064  LR0=5.00e-07  pw=1.00  aucα=0.400  token_p=0.010  dropE=(0.010,0.050)  smooth=0.010  train_loss=0.1373  train_AUPR=0.9077  train_P@5=0.9159  train_P@10=0.6260  val_loss=0.1682  val_AUPR=0.5934  val_P@5=0.6379  val_P@10=0.4435
Ep065  LR0=5.00e-07  pw=1.00  aucα=0.400  token_p=0.010  dropE=(0.010,0.050)  smooth=0.010  train_loss=0.1370  train_AUPR=0.9082  train_P@5=0.9171  train_P@10=0.6265  val_loss=0.1682  val_AUPR=0.5933  val_P@5=0.6375  val_P@10=0.4434
Ep066  LR0=5.00e-07  pw=1.00  aucα=0.400  token_p=0.010  dropE=(0.010,0.050)  smooth=0.010  train_loss=0.1377  train_AUPR=0.9080  train_P@5=0.9164  train_P@10=0.6262  val_loss=0.1682  val_AUPR=0.5932  val_P@5=0.6369  val_P@10=0.4434
Ep067  LR0=5.00e-07  pw=1.00  aucα=0.400  token_p=0.010  dropE=(0.010,0.050)  smooth=0.010  train_loss=0.1386  train_AUPR=0.9082  train_P@5=0.9164  train_P@10=0.6264  val_loss=0.1682  val_AUPR=0.5931  val_P@5=0.6365  val_P@10=0.4434
Ep068  LR0=5.00e-07  pw=1.00  aucα=0.400  token_p=0.010  dropE=(0.010,0.050)  smooth=0.010  train_loss=0.1367  train_AUPR=0.9083  train_P@5=0.9164  train_P@10=0.6266  val_loss=0.1682  val_AUPR=0.5929  val_P@5=0.6361  val_P@10=0.4434
Ep069  LR0=5.00e-07  pw=1.00  aucα=0.400  token_p=0.010  dropE=(0.010,0.050)  smooth=0.010  train_loss=0.1379  train_AUPR=0.9084  train_P@5=0.9171  train_P@10=0.6266  val_loss=0.1682  val_AUPR=0.5928  val_P@5=0.6357  val_P@10=0.4433
Ep070  LR0=5.00e-07  pw=1.00  aucα=0.400  token_p=0.010  dropE=(0.010,0.050)  smooth=0.010  train_loss=0.1367  train_AUPR=0.9087  train_P@5=0.9174  train_P@10=0.6268  val_loss=0.1683  val_AUPR=0.5927  val_P@5=0.6359  val_P@10=0.4434
Ep071  LR0=5.00e-07  pw=1.00  aucα=0.400  token_p=0.010  dropE=(0.010,0.050)  smooth=0.010  train_loss=0.1370  train_AUPR=0.9086  train_P@5=0.9170  train_P@10=0.6266  val_loss=0.1683  val_AUPR=0.5926  val_P@5=0.6361  val_P@10=0.4434
Ep072  LR0=5.00e-07  pw=1.00  aucα=0.400  token_p=0.010  dropE=(0.010,0.050)  smooth=0.010  train_loss=0.1363  train_AUPR=0.9087  train_P@5=0.9169  train_P@10=0.6266  val_loss=0.1683  val_AUPR=0.5925  val_P@5=0.6357  val_P@10=0.4437
Ep073  LR0=5.00e-07  pw=1.00  aucα=0.400  token_p=0.010  dropE=(0.010,0.050)  smooth=0.010  train_loss=0.1367  train_AUPR=0.9089  train_P@5=0.9174  train_P@10=0.6269  val_loss=0.1684  val_AUPR=0.5924  val_P@5=0.6353  val_P@10=0.4434
Ep074  LR0=5.00e-07  pw=1.00  aucα=0.400  token_p=0.010  dropE=(0.010,0.050)  smooth=0.010  train_loss=0.1368  train_AUPR=0.9090  train_P@5=0.9173  train_P@10=0.6269  val_loss=0.1684  val_AUPR=0.5923  val_P@5=0.6347  val_P@10=0.4435
Ep075  LR0=5.00e-07  pw=1.00  aucα=0.400  token_p=0.010  dropE=(0.010,0.050)  smooth=0.010  train_loss=0.1369  train_AUPR=0.9091  train_P@5=0.9181  train_P@10=0.6269  val_loss=0.1684  val_AUPR=0.5922  val_P@5=0.6349  val_P@10=0.4436
Ep076  LR0=5.00e-07  pw=1.00  aucα=0.400  token_p=0.010  dropE=(0.010,0.050)  smooth=0.010  train_loss=0.1370  train_AUPR=0.9092  train_P@5=0.9179  train_P@10=0.6268  val_loss=0.1684  val_AUPR=0.5921  val_P@5=0.6351  val_P@10=0.4434
Ep077  LR0=5.00e-07  pw=1.00  aucα=0.400  token_p=0.010  dropE=(0.010,0.050)  smooth=0.010  train_loss=0.1366  train_AUPR=0.9092  train_P@5=0.9180  train_P@10=0.6270  val_loss=0.1685  val_AUPR=0.5920  val_P@5=0.6351  val_P@10=0.4434
Ep078  LR0=5.00e-07  pw=1.00  aucα=0.400  token_p=0.010  dropE=(0.010,0.050)  smooth=0.010  train_loss=0.1362  train_AUPR=0.9093  train_P@5=0.9181  train_P@10=0.6270  val_loss=0.1685  val_AUPR=0.5919  val_P@5=0.6351  val_P@10=0.4435
Ep079  LR0=5.00e-07  pw=1.00  aucα=0.400  token_p=0.010  dropE=(0.010,0.050)  smooth=0.010  train_loss=0.1345  train_AUPR=0.9094  train_P@5=0.9184  train_P@10=0.6271  val_loss=0.1686  val_AUPR=0.5918  val_P@5=0.6353  val_P@10=0.4435
Early stop triggered: neither val_AUPR nor val_loss improved for 20 epochs.
Saved iPara_l1_g8_i5_do0.10_dpr0.10_lr0.0002_heads16_fold5.pth  (best val AUPR=0.6097)
Saved iPara_l1_g8_i5_do0.10_dpr0.10_lr0.0002_heads16_fold5_best_aupr.pth
Saved iPara_l1_g8_i5_do0.10_dpr0.10_lr0.0002_heads16_fold5_best_loss.pth  (best val loss=0.1682)
