{'sequence_file': 'para_tv_esmsequences_1600.npz', 'data_file': 'para_tv_esminterfaces_1600.npz', 'edge_file': 'para_tv_esmedges_1600.npz', 'vocab_size': 31, 'seq_len': 1600, 'embed_dim': 256, 'num_heads': 16, 'dropout': 0.1, 'num_layers': 1, 'num_gnn_layers': 10, 'num_int_layers': 5, 'drop_path_rate': 0.1, 'num_classes': 2, 'batch_size': 4, 'num_epochs': 100, 'warmup_epochs': 10, 'dym_start_epoch': 20, 'dym_lr_factor': 0.1, 'swa_start': 30, 'learning_rate': 0.0002, 'weight_decay': 0.0001, 'max_grad_norm': 0.5, 'accum_steps': 1, 'n_splits': 5, 'early_stop': 20, 'min_stop_epoch': 40, 'weight_start': 15.0, 'weight_end': 1.0, 'weight_anneal_tau': 8.0, 'dropedge_min': 0.01, 'dropedge_max': 0.05, 'token_drop_p': 0.01, 'apply_feature_mask_on_train_only': True, 'smooth_lambda': 0.01, 'smooth_ramp_start': 5, 'smooth_ramp_len': 10, 'aucpr_alpha': 0.4, 'aucpr_ramp_start': 3, 'aucpr_ramp_len': 7, 'aucpr_bins': 64, 'aucpr_temp': 0.05, 'label_smoothing': 0.01, 'save_best_loss_checkpoint': True, 'save_best_aupr_checkpoint': True}
Number of GPUs available: 1

── Fold 1/5
Train labels: pos=26433, neg=373034, ignore=698133, pos_rate=0.066171
Val labels: pos=6797, neg=93928, ignore=174475, pos_rate=0.067481
Initializing ClassificationModel with 10 GAT layers and residual connections...
Initializing MCModel with 10 GAT layers and 5 row attention layers (drop_path_rate=0.1)
Initializing CoreModel with 1 layers, drop_path_rate=0.1
Ep000  LR0=2.00e-05  pw=15.00  aucα=0.000  token_p=0.000  dropE=(0.000,0.000)  smooth=0.000  train_loss=0.5537  train_AUPR=0.3652  train_P@5=0.4221  train_P@10=0.3278  val_loss=0.4761  val_AUPR=0.3787  val_P@5=0.4482  val_P@10=0.3390
Ep001  LR0=3.00e-05  pw=13.35  aucα=0.000  token_p=0.000  dropE=(0.000,0.000)  smooth=0.000  train_loss=0.4811  train_AUPR=0.4462  train_P@5=0.5245  train_P@10=0.3809  val_loss=0.4448  val_AUPR=0.4473  val_P@5=0.5280  val_P@10=0.3792
Ep002  LR0=4.00e-05  pw=11.90  aucα=0.000  token_p=0.000  dropE=(0.000,0.000)  smooth=0.000  train_loss=0.4526  train_AUPR=0.4791  train_P@5=0.5564  train_P@10=0.3976  val_loss=0.4611  val_AUPR=0.4728  val_P@5=0.5548  val_P@10=0.3877
Ep003  LR0=5.00e-05  pw=10.62  aucα=0.000  token_p=0.000  dropE=(0.000,0.000)  smooth=0.000  train_loss=0.4286  train_AUPR=0.5009  train_P@5=0.5762  train_P@10=0.4035  val_loss=0.4203  val_AUPR=0.4851  val_P@5=0.5681  val_P@10=0.4036
Ep004  LR0=6.00e-05  pw=9.49  aucα=0.057  token_p=0.000  dropE=(0.000,0.000)  smooth=0.000  train_loss=0.4225  train_AUPR=0.5232  train_P@5=0.5939  train_P@10=0.4213  val_loss=0.4172  val_AUPR=0.5057  val_P@5=0.5848  val_P@10=0.4141
Ep005  LR0=7.00e-05  pw=8.49  aucα=0.114  token_p=0.000  dropE=(0.000,0.000)  smooth=0.000  train_loss=0.4168  train_AUPR=0.5539  train_P@5=0.6042  train_P@10=0.4359  val_loss=0.4061  val_AUPR=0.5287  val_P@5=0.5890  val_P@10=0.4221
Ep006  LR0=8.00e-05  pw=7.61  aucα=0.171  token_p=0.001  dropE=(0.001,0.005)  smooth=0.001  train_loss=0.4159  train_AUPR=0.5647  train_P@5=0.6157  train_P@10=0.4407  val_loss=0.3983  val_AUPR=0.5310  val_P@5=0.5896  val_P@10=0.4199
Ep007  LR0=9.00e-05  pw=6.84  aucα=0.229  token_p=0.002  dropE=(0.002,0.010)  smooth=0.002  train_loss=0.4121  train_AUPR=0.5795  train_P@5=0.6278  train_P@10=0.4448  val_loss=0.3810  val_AUPR=0.5479  val_P@5=0.6072  val_P@10=0.4298
Ep008  LR0=1.00e-04  pw=6.15  aucα=0.286  token_p=0.003  dropE=(0.003,0.015)  smooth=0.003  train_loss=0.4058  train_AUPR=0.6029  train_P@5=0.6453  train_P@10=0.4611  val_loss=0.3634  val_AUPR=0.5693  val_P@5=0.6259  val_P@10=0.4398
Ep009  LR0=1.00e-04  pw=5.55  aucα=0.343  token_p=0.004  dropE=(0.004,0.020)  smooth=0.004  train_loss=0.3994  train_AUPR=0.6017  train_P@5=0.6416  train_P@10=0.4622  val_loss=0.3609  val_AUPR=0.5619  val_P@5=0.6104  val_P@10=0.4375
[Info] Unfroze 'dym' params after warmup (epoch=10). Added core=66 tensors, other=0 tensors.
Ep010  LR0=2.00e-05  pw=5.01  aucα=0.400  token_p=0.005  dropE=(0.005,0.025)  smooth=0.005  train_loss=0.3805  train_AUPR=0.6333  train_P@5=0.6670  train_P@10=0.4744  val_loss=0.3460  val_AUPR=0.5800  val_P@5=0.6283  val_P@10=0.4414
Ep011  LR0=3.00e-05  pw=4.54  aucα=0.400  token_p=0.006  dropE=(0.006,0.030)  smooth=0.006  train_loss=0.3684  train_AUPR=0.6430  train_P@5=0.6760  train_P@10=0.4786  val_loss=0.3349  val_AUPR=0.5831  val_P@5=0.6352  val_P@10=0.4431
Ep012  LR0=4.00e-05  pw=4.12  aucα=0.400  token_p=0.007  dropE=(0.007,0.035)  smooth=0.007  train_loss=0.3591  train_AUPR=0.6483  train_P@5=0.6814  train_P@10=0.4802  val_loss=0.3220  val_AUPR=0.5856  val_P@5=0.6344  val_P@10=0.4425
Ep013  LR0=5.00e-05  pw=3.76  aucα=0.400  token_p=0.008  dropE=(0.008,0.040)  smooth=0.008  train_loss=0.3497  train_AUPR=0.6555  train_P@5=0.6869  train_P@10=0.4841  val_loss=0.3162  val_AUPR=0.5898  val_P@5=0.6388  val_P@10=0.4448
Ep014  LR0=6.00e-05  pw=3.43  aucα=0.400  token_p=0.009  dropE=(0.009,0.045)  smooth=0.009  train_loss=0.3422  train_AUPR=0.6556  train_P@5=0.6830  train_P@10=0.4849  val_loss=0.3024  val_AUPR=0.5785  val_P@5=0.6295  val_P@10=0.4433
Ep015  LR0=7.00e-05  pw=3.15  aucα=0.400  token_p=0.010  dropE=(0.010,0.050)  smooth=0.010  train_loss=0.3365  train_AUPR=0.6638  train_P@5=0.6918  train_P@10=0.4902  val_loss=0.2899  val_AUPR=0.5845  val_P@5=0.6322  val_P@10=0.4406
Ep016  LR0=8.00e-05  pw=2.89  aucα=0.400  token_p=0.010  dropE=(0.010,0.050)  smooth=0.010  train_loss=0.3264  train_AUPR=0.6591  train_P@5=0.6859  train_P@10=0.4843  val_loss=0.2781  val_AUPR=0.5858  val_P@5=0.6366  val_P@10=0.4396
Ep017  LR0=9.00e-05  pw=2.67  aucα=0.400  token_p=0.010  dropE=(0.010,0.050)  smooth=0.010  train_loss=0.3172  train_AUPR=0.6590  train_P@5=0.6876  train_P@10=0.4838  val_loss=0.2755  val_AUPR=0.5776  val_P@5=0.6257  val_P@10=0.4339
Ep018  LR0=1.00e-04  pw=2.48  aucα=0.400  token_p=0.010  dropE=(0.010,0.050)  smooth=0.010  train_loss=0.3118  train_AUPR=0.6789  train_P@5=0.7011  train_P@10=0.4997  val_loss=0.2622  val_AUPR=0.5762  val_P@5=0.6237  val_P@10=0.4385
Ep019  LR0=1.00e-04  pw=2.30  aucα=0.400  token_p=0.010  dropE=(0.010,0.050)  smooth=0.010  train_loss=0.3039  train_AUPR=0.6907  train_P@5=0.7112  train_P@10=0.5045  val_loss=0.2520  val_AUPR=0.5953  val_P@5=0.6434  val_P@10=0.4440
Ep020  LR0=1.00e-04  pw=2.15  aucα=0.400  token_p=0.010  dropE=(0.010,0.050)  smooth=0.010  train_loss=0.2969  train_AUPR=0.6935  train_P@5=0.7063  train_P@10=0.5099  val_loss=0.2403  val_AUPR=0.6021  val_P@5=0.6521  val_P@10=0.4499
Ep021  LR0=9.99e-05  pw=2.01  aucα=0.400  token_p=0.010  dropE=(0.010,0.050)  smooth=0.010  train_loss=0.2849  train_AUPR=0.7096  train_P@5=0.7317  train_P@10=0.5155  val_loss=0.2379  val_AUPR=0.5923  val_P@5=0.6432  val_P@10=0.4437
Ep022  LR0=9.97e-05  pw=1.89  aucα=0.400  token_p=0.010  dropE=(0.010,0.050)  smooth=0.010  train_loss=0.2776  train_AUPR=0.7172  train_P@5=0.7370  train_P@10=0.5213  val_loss=0.2279  val_AUPR=0.5928  val_P@5=0.6326  val_P@10=0.4395
Ep023  LR0=9.95e-05  pw=1.79  aucα=0.400  token_p=0.010  dropE=(0.010,0.050)  smooth=0.010  train_loss=0.2689  train_AUPR=0.7273  train_P@5=0.7431  train_P@10=0.5303  val_loss=0.2277  val_AUPR=0.5930  val_P@5=0.6350  val_P@10=0.4446
Ep024  LR0=9.92e-05  pw=1.70  aucα=0.400  token_p=0.010  dropE=(0.010,0.050)  smooth=0.010  train_loss=0.2598  train_AUPR=0.7322  train_P@5=0.7411  train_P@10=0.5315  val_loss=0.2171  val_AUPR=0.5966  val_P@5=0.6436  val_P@10=0.4403
Ep025  LR0=9.89e-05  pw=1.62  aucα=0.400  token_p=0.010  dropE=(0.010,0.050)  smooth=0.010  train_loss=0.2491  train_AUPR=0.7420  train_P@5=0.7595  train_P@10=0.5309  val_loss=0.2115  val_AUPR=0.5838  val_P@5=0.6185  val_P@10=0.4405
Ep026  LR0=9.85e-05  pw=1.54  aucα=0.400  token_p=0.010  dropE=(0.010,0.050)  smooth=0.010  train_loss=0.2445  train_AUPR=0.7518  train_P@5=0.7659  train_P@10=0.5363  val_loss=0.2067  val_AUPR=0.5924  val_P@5=0.6328  val_P@10=0.4411
Ep027  LR0=9.81e-05  pw=1.48  aucα=0.400  token_p=0.010  dropE=(0.010,0.050)  smooth=0.010  train_loss=0.2391  train_AUPR=0.7757  train_P@5=0.7860  train_P@10=0.5501  val_loss=0.1996  val_AUPR=0.6041  val_P@5=0.6509  val_P@10=0.4506
Ep028  LR0=9.76e-05  pw=1.42  aucα=0.400  token_p=0.010  dropE=(0.010,0.050)  smooth=0.010  train_loss=0.2284  train_AUPR=0.7699  train_P@5=0.7825  train_P@10=0.5483  val_loss=0.2066  val_AUPR=0.5903  val_P@5=0.6299  val_P@10=0.4422
Ep029  LR0=9.70e-05  pw=1.37  aucα=0.400  token_p=0.010  dropE=(0.010,0.050)  smooth=0.010  train_loss=0.2214  train_AUPR=0.7845  train_P@5=0.7959  train_P@10=0.5546  val_loss=0.2025  val_AUPR=0.5812  val_P@5=0.6209  val_P@10=0.4413
Ep030  LR0=9.46e-05  pw=1.33  aucα=0.400  token_p=0.010  dropE=(0.010,0.050)  smooth=0.010  train_loss=0.2157  train_AUPR=0.7931  train_P@5=0.8003  train_P@10=0.5579  val_loss=0.1912  val_AUPR=0.5947  val_P@5=0.6430  val_P@10=0.4482
Ep031  LR0=8.78e-05  pw=1.29  aucα=0.400  token_p=0.010  dropE=(0.010,0.050)  smooth=0.010  train_loss=0.2094  train_AUPR=0.8069  train_P@5=0.8146  train_P@10=0.5638  val_loss=0.1863  val_AUPR=0.6082  val_P@5=0.6471  val_P@10=0.4483
Ep032  LR0=7.71e-05  pw=1.26  aucα=0.400  token_p=0.010  dropE=(0.010,0.050)  smooth=0.010  train_loss=0.2013  train_AUPR=0.8181  train_P@5=0.8220  train_P@10=0.5732  val_loss=0.1835  val_AUPR=0.6101  val_P@5=0.6483  val_P@10=0.4499
Ep033  LR0=6.37e-05  pw=1.23  aucα=0.400  token_p=0.010  dropE=(0.010,0.050)  smooth=0.010  train_loss=0.1931  train_AUPR=0.8358  train_P@5=0.8380  train_P@10=0.5830  val_loss=0.1823  val_AUPR=0.6086  val_P@5=0.6448  val_P@10=0.4485
Ep034  LR0=4.87e-05  pw=1.20  aucα=0.400  token_p=0.010  dropE=(0.010,0.050)  smooth=0.010  train_loss=0.1817  train_AUPR=0.8530  train_P@5=0.8580  train_P@10=0.5907  val_loss=0.1806  val_AUPR=0.6096  val_P@5=0.6481  val_P@10=0.4483
Ep035  LR0=3.38e-05  pw=1.18  aucα=0.400  token_p=0.010  dropE=(0.010,0.050)  smooth=0.010  train_loss=0.1737  train_AUPR=0.8675  train_P@5=0.8710  train_P@10=0.6001  val_loss=0.1793  val_AUPR=0.6090  val_P@5=0.6473  val_P@10=0.4474
Ep036  LR0=2.04e-05  pw=1.16  aucα=0.400  token_p=0.010  dropE=(0.010,0.050)  smooth=0.010  train_loss=0.1637  train_AUPR=0.8788  train_P@5=0.8827  train_P@10=0.6060  val_loss=0.1780  val_AUPR=0.6082  val_P@5=0.6465  val_P@10=0.4478
Ep037  LR0=9.71e-06  pw=1.14  aucα=0.400  token_p=0.010  dropE=(0.010,0.050)  smooth=0.010  train_loss=0.1573  train_AUPR=0.8871  train_P@5=0.8933  train_P@10=0.6099  val_loss=0.1771  val_AUPR=0.6071  val_P@5=0.6452  val_P@10=0.4485
Ep038  LR0=2.86e-06  pw=1.12  aucα=0.400  token_p=0.010  dropE=(0.010,0.050)  smooth=0.010  train_loss=0.1503  train_AUPR=0.8944  train_P@5=0.9008  train_P@10=0.6142  val_loss=0.1762  val_AUPR=0.6061  val_P@5=0.6444  val_P@10=0.4486
Ep039  LR0=5.00e-07  pw=1.11  aucα=0.400  token_p=0.010  dropE=(0.010,0.050)  smooth=0.010  train_loss=0.1466  train_AUPR=0.8952  train_P@5=0.9013  train_P@10=0.6143  val_loss=0.1756  val_AUPR=0.6048  val_P@5=0.6422  val_P@10=0.4478
Ep040  LR0=5.00e-07  pw=1.09  aucα=0.400  token_p=0.010  dropE=(0.010,0.050)  smooth=0.010  train_loss=0.1461  train_AUPR=0.8955  train_P@5=0.9014  train_P@10=0.6145  val_loss=0.1750  val_AUPR=0.6038  val_P@5=0.6418  val_P@10=0.4477
Ep041  LR0=5.00e-07  pw=1.08  aucα=0.400  token_p=0.010  dropE=(0.010,0.050)  smooth=0.010  train_loss=0.1456  train_AUPR=0.8958  train_P@5=0.9019  train_P@10=0.6148  val_loss=0.1745  val_AUPR=0.6029  val_P@5=0.6420  val_P@10=0.4475
Ep042  LR0=5.00e-07  pw=1.07  aucα=0.400  token_p=0.010  dropE=(0.010,0.050)  smooth=0.010  train_loss=0.1451  train_AUPR=0.8960  train_P@5=0.9024  train_P@10=0.6147  val_loss=0.1740  val_AUPR=0.6021  val_P@5=0.6416  val_P@10=0.4479
Ep043  LR0=5.00e-07  pw=1.06  aucα=0.400  token_p=0.010  dropE=(0.010,0.050)  smooth=0.010  train_loss=0.1445  train_AUPR=0.8961  train_P@5=0.9029  train_P@10=0.6147  val_loss=0.1735  val_AUPR=0.6014  val_P@5=0.6410  val_P@10=0.4472
Ep044  LR0=5.00e-07  pw=1.06  aucα=0.400  token_p=0.010  dropE=(0.010,0.050)  smooth=0.010  train_loss=0.1441  train_AUPR=0.8962  train_P@5=0.9028  train_P@10=0.6146  val_loss=0.1731  val_AUPR=0.6008  val_P@5=0.6402  val_P@10=0.4470
Ep045  LR0=5.00e-07  pw=1.05  aucα=0.400  token_p=0.010  dropE=(0.010,0.050)  smooth=0.010  train_loss=0.1431  train_AUPR=0.8965  train_P@5=0.9034  train_P@10=0.6150  val_loss=0.1728  val_AUPR=0.6002  val_P@5=0.6400  val_P@10=0.4469
Ep046  LR0=5.00e-07  pw=1.04  aucα=0.400  token_p=0.010  dropE=(0.010,0.050)  smooth=0.010  train_loss=0.1433  train_AUPR=0.8965  train_P@5=0.9027  train_P@10=0.6150  val_loss=0.1724  val_AUPR=0.5997  val_P@5=0.6398  val_P@10=0.4469
Ep047  LR0=5.00e-07  pw=1.04  aucα=0.400  token_p=0.010  dropE=(0.010,0.050)  smooth=0.010  train_loss=0.1431  train_AUPR=0.8967  train_P@5=0.9032  train_P@10=0.6150  val_loss=0.1722  val_AUPR=0.5992  val_P@5=0.6390  val_P@10=0.4471
Ep048  LR0=5.00e-07  pw=1.03  aucα=0.400  token_p=0.010  dropE=(0.010,0.050)  smooth=0.010  train_loss=0.1445  train_AUPR=0.8967  train_P@5=0.9035  train_P@10=0.6149  val_loss=0.1719  val_AUPR=0.5988  val_P@5=0.6394  val_P@10=0.4472
Ep049  LR0=5.00e-07  pw=1.03  aucα=0.400  token_p=0.010  dropE=(0.010,0.050)  smooth=0.010  train_loss=0.1424  train_AUPR=0.8969  train_P@5=0.9036  train_P@10=0.6150  val_loss=0.1717  val_AUPR=0.5984  val_P@5=0.6404  val_P@10=0.4471
Ep050  LR0=5.00e-07  pw=1.03  aucα=0.400  token_p=0.010  dropE=(0.010,0.050)  smooth=0.010  train_loss=0.1437  train_AUPR=0.8971  train_P@5=0.9038  train_P@10=0.6151  val_loss=0.1716  val_AUPR=0.5981  val_P@5=0.6408  val_P@10=0.4470
Ep051  LR0=5.00e-07  pw=1.02  aucα=0.400  token_p=0.010  dropE=(0.010,0.050)  smooth=0.010  train_loss=0.1421  train_AUPR=0.8973  train_P@5=0.9038  train_P@10=0.6154  val_loss=0.1714  val_AUPR=0.5977  val_P@5=0.6410  val_P@10=0.4468
Ep052  LR0=5.00e-07  pw=1.02  aucα=0.400  token_p=0.010  dropE=(0.010,0.050)  smooth=0.010  train_loss=0.1422  train_AUPR=0.8975  train_P@5=0.9046  train_P@10=0.6154  val_loss=0.1713  val_AUPR=0.5974  val_P@5=0.6402  val_P@10=0.4471
Ep053  LR0=5.00e-07  pw=1.02  aucα=0.400  token_p=0.010  dropE=(0.010,0.050)  smooth=0.010  train_loss=0.1429  train_AUPR=0.8975  train_P@5=0.9045  train_P@10=0.6154  val_loss=0.1712  val_AUPR=0.5971  val_P@5=0.6410  val_P@10=0.4466
Ep054  LR0=5.00e-07  pw=1.02  aucα=0.400  token_p=0.010  dropE=(0.010,0.050)  smooth=0.010  train_loss=0.1420  train_AUPR=0.8977  train_P@5=0.9046  train_P@10=0.6157  val_loss=0.1711  val_AUPR=0.5969  val_P@5=0.6412  val_P@10=0.4467
Ep055  LR0=5.00e-07  pw=1.01  aucα=0.400  token_p=0.010  dropE=(0.010,0.050)  smooth=0.010  train_loss=0.1422  train_AUPR=0.8978  train_P@5=0.9047  train_P@10=0.6156  val_loss=0.1711  val_AUPR=0.5966  val_P@5=0.6412  val_P@10=0.4466
Ep056  LR0=5.00e-07  pw=1.01  aucα=0.400  token_p=0.010  dropE=(0.010,0.050)  smooth=0.010  train_loss=0.1414  train_AUPR=0.8982  train_P@5=0.9050  train_P@10=0.6159  val_loss=0.1710  val_AUPR=0.5964  val_P@5=0.6410  val_P@10=0.4467
Ep057  LR0=5.00e-07  pw=1.01  aucα=0.400  token_p=0.010  dropE=(0.010,0.050)  smooth=0.010  train_loss=0.1415  train_AUPR=0.8983  train_P@5=0.9052  train_P@10=0.6159  val_loss=0.1710  val_AUPR=0.5961  val_P@5=0.6406  val_P@10=0.4466
Ep058  LR0=5.00e-07  pw=1.01  aucα=0.400  token_p=0.010  dropE=(0.010,0.050)  smooth=0.010  train_loss=0.1433  train_AUPR=0.8984  train_P@5=0.9053  train_P@10=0.6158  val_loss=0.1710  val_AUPR=0.5959  val_P@5=0.6406  val_P@10=0.4469
Ep059  LR0=5.00e-07  pw=1.01  aucα=0.400  token_p=0.010  dropE=(0.010,0.050)  smooth=0.010  train_loss=0.1410  train_AUPR=0.8986  train_P@5=0.9054  train_P@10=0.6160  val_loss=0.1710  val_AUPR=0.5956  val_P@5=0.6404  val_P@10=0.4472
Ep060  LR0=5.00e-07  pw=1.01  aucα=0.400  token_p=0.010  dropE=(0.010,0.050)  smooth=0.010  train_loss=0.1426  train_AUPR=0.8987  train_P@5=0.9053  train_P@10=0.6160  val_loss=0.1710  val_AUPR=0.5954  val_P@5=0.6404  val_P@10=0.4473
Ep061  LR0=5.00e-07  pw=1.01  aucα=0.400  token_p=0.010  dropE=(0.010,0.050)  smooth=0.010  train_loss=0.1418  train_AUPR=0.8987  train_P@5=0.9058  train_P@10=0.6161  val_loss=0.1710  val_AUPR=0.5953  val_P@5=0.6404  val_P@10=0.4472
Ep062  LR0=5.00e-07  pw=1.01  aucα=0.400  token_p=0.010  dropE=(0.010,0.050)  smooth=0.010  train_loss=0.1409  train_AUPR=0.8988  train_P@5=0.9056  train_P@10=0.6162  val_loss=0.1710  val_AUPR=0.5951  val_P@5=0.6402  val_P@10=0.4472
Ep063  LR0=5.00e-07  pw=1.01  aucα=0.400  token_p=0.010  dropE=(0.010,0.050)  smooth=0.010  train_loss=0.1414  train_AUPR=0.8989  train_P@5=0.9057  train_P@10=0.6163  val_loss=0.1710  val_AUPR=0.5949  val_P@5=0.6404  val_P@10=0.4472
Ep064  LR0=5.00e-07  pw=1.00  aucα=0.400  token_p=0.010  dropE=(0.010,0.050)  smooth=0.010  train_loss=0.1404  train_AUPR=0.8990  train_P@5=0.9063  train_P@10=0.6162  val_loss=0.1711  val_AUPR=0.5948  val_P@5=0.6400  val_P@10=0.4471
Ep065  LR0=5.00e-07  pw=1.00  aucα=0.400  token_p=0.010  dropE=(0.010,0.050)  smooth=0.010  train_loss=0.1411  train_AUPR=0.8992  train_P@5=0.9064  train_P@10=0.6162  val_loss=0.1711  val_AUPR=0.5946  val_P@5=0.6396  val_P@10=0.4472
Ep066  LR0=5.00e-07  pw=1.00  aucα=0.400  token_p=0.010  dropE=(0.010,0.050)  smooth=0.010  train_loss=0.1407  train_AUPR=0.8995  train_P@5=0.9065  train_P@10=0.6163  val_loss=0.1711  val_AUPR=0.5945  val_P@5=0.6398  val_P@10=0.4472
Ep067  LR0=5.00e-07  pw=1.00  aucα=0.400  token_p=0.010  dropE=(0.010,0.050)  smooth=0.010  train_loss=0.1396  train_AUPR=0.8995  train_P@5=0.9061  train_P@10=0.6164  val_loss=0.1712  val_AUPR=0.5943  val_P@5=0.6396  val_P@10=0.4471
Ep068  LR0=5.00e-07  pw=1.00  aucα=0.400  token_p=0.010  dropE=(0.010,0.050)  smooth=0.010  train_loss=0.1399  train_AUPR=0.8995  train_P@5=0.9064  train_P@10=0.6163  val_loss=0.1712  val_AUPR=0.5941  val_P@5=0.6396  val_P@10=0.4472
Ep069  LR0=5.00e-07  pw=1.00  aucα=0.400  token_p=0.010  dropE=(0.010,0.050)  smooth=0.010  train_loss=0.1408  train_AUPR=0.8996  train_P@5=0.9064  train_P@10=0.6164  val_loss=0.1712  val_AUPR=0.5940  val_P@5=0.6396  val_P@10=0.4472
Ep070  LR0=5.00e-07  pw=1.00  aucα=0.400  token_p=0.010  dropE=(0.010,0.050)  smooth=0.010  train_loss=0.1405  train_AUPR=0.8997  train_P@5=0.9064  train_P@10=0.6165  val_loss=0.1713  val_AUPR=0.5939  val_P@5=0.6400  val_P@10=0.4470
Ep071  LR0=5.00e-07  pw=1.00  aucα=0.400  token_p=0.010  dropE=(0.010,0.050)  smooth=0.010  train_loss=0.1403  train_AUPR=0.9000  train_P@5=0.9072  train_P@10=0.6167  val_loss=0.1713  val_AUPR=0.5938  val_P@5=0.6400  val_P@10=0.4471
Ep072  LR0=5.00e-07  pw=1.00  aucα=0.400  token_p=0.010  dropE=(0.010,0.050)  smooth=0.010  train_loss=0.1404  train_AUPR=0.9000  train_P@5=0.9070  train_P@10=0.6166  val_loss=0.1713  val_AUPR=0.5937  val_P@5=0.6398  val_P@10=0.4473
Ep073  LR0=5.00e-07  pw=1.00  aucα=0.400  token_p=0.010  dropE=(0.010,0.050)  smooth=0.010  train_loss=0.1401  train_AUPR=0.9002  train_P@5=0.9068  train_P@10=0.6168  val_loss=0.1714  val_AUPR=0.5936  val_P@5=0.6400  val_P@10=0.4473
Ep074  LR0=5.00e-07  pw=1.00  aucα=0.400  token_p=0.010  dropE=(0.010,0.050)  smooth=0.010  train_loss=0.1401  train_AUPR=0.9004  train_P@5=0.9077  train_P@10=0.6170  val_loss=0.1714  val_AUPR=0.5934  val_P@5=0.6396  val_P@10=0.4470
Ep075  LR0=5.00e-07  pw=1.00  aucα=0.400  token_p=0.010  dropE=(0.010,0.050)  smooth=0.010  train_loss=0.1390  train_AUPR=0.9005  train_P@5=0.9076  train_P@10=0.6169  val_loss=0.1715  val_AUPR=0.5933  val_P@5=0.6396  val_P@10=0.4470
Ep076  LR0=5.00e-07  pw=1.00  aucα=0.400  token_p=0.010  dropE=(0.010,0.050)  smooth=0.010  train_loss=0.1392  train_AUPR=0.9006  train_P@5=0.9078  train_P@10=0.6171  val_loss=0.1715  val_AUPR=0.5932  val_P@5=0.6398  val_P@10=0.4470
Ep077  LR0=5.00e-07  pw=1.00  aucα=0.400  token_p=0.010  dropE=(0.010,0.050)  smooth=0.010  train_loss=0.1398  train_AUPR=0.9007  train_P@5=0.9078  train_P@10=0.6170  val_loss=0.1715  val_AUPR=0.5931  val_P@5=0.6396  val_P@10=0.4471
Early stop triggered: neither val_AUPR nor val_loss improved for 20 epochs.
Saved iPara_l1_g10_i5_do0.10_dpr0.10_lr0.0002_heads16_fold1.pth  (best val AUPR=0.6101)
Saved iPara_l1_g10_i5_do0.10_dpr0.10_lr0.0002_heads16_fold1_best_aupr.pth
Saved iPara_l1_g10_i5_do0.10_dpr0.10_lr0.0002_heads16_fold1_best_loss.pth  (best val loss=0.1710)

── Fold 2/5
Train labels: pos=26650, neg=374184, ignore=696766, pos_rate=0.066486
Val labels: pos=6580, neg=92778, ignore=175842, pos_rate=0.066225
Initializing ClassificationModel with 10 GAT layers and residual connections...
Initializing MCModel with 10 GAT layers and 5 row attention layers (drop_path_rate=0.1)
Initializing CoreModel with 1 layers, drop_path_rate=0.1
Ep000  LR0=2.00e-05  pw=15.00  aucα=0.000  token_p=0.000  dropE=(0.000,0.000)  smooth=0.000  train_loss=0.5397  train_AUPR=0.3806  train_P@5=0.4579  train_P@10=0.3458  val_loss=0.4850  val_AUPR=0.3831  val_P@5=0.4651  val_P@10=0.3443
Ep001  LR0=3.00e-05  pw=13.35  aucα=0.000  token_p=0.000  dropE=(0.000,0.000)  smooth=0.000  train_loss=0.4773  train_AUPR=0.4432  train_P@5=0.5159  train_P@10=0.3768  val_loss=0.4441  val_AUPR=0.4359  val_P@5=0.5154  val_P@10=0.3751
Ep002  LR0=4.00e-05  pw=11.90  aucα=0.000  token_p=0.000  dropE=(0.000,0.000)  smooth=0.000  train_loss=0.4504  train_AUPR=0.4785  train_P@5=0.5514  train_P@10=0.3972  val_loss=0.4380  val_AUPR=0.4711  val_P@5=0.5506  val_P@10=0.3932
Ep003  LR0=5.00e-05  pw=10.62  aucα=0.000  token_p=0.000  dropE=(0.000,0.000)  smooth=0.000  train_loss=0.4286  train_AUPR=0.5089  train_P@5=0.5713  train_P@10=0.4118  val_loss=0.4324  val_AUPR=0.5028  val_P@5=0.5726  val_P@10=0.4113
Ep004  LR0=6.00e-05  pw=9.49  aucα=0.057  token_p=0.000  dropE=(0.000,0.000)  smooth=0.000  train_loss=0.4261  train_AUPR=0.5308  train_P@5=0.5820  train_P@10=0.4233  val_loss=0.4075  val_AUPR=0.5242  val_P@5=0.5798  val_P@10=0.4178
Ep005  LR0=7.00e-05  pw=8.49  aucα=0.114  token_p=0.000  dropE=(0.000,0.000)  smooth=0.000  train_loss=0.4243  train_AUPR=0.5290  train_P@5=0.5963  train_P@10=0.4177  val_loss=0.4085  val_AUPR=0.5205  val_P@5=0.5917  val_P@10=0.4109
Ep006  LR0=8.00e-05  pw=7.61  aucα=0.171  token_p=0.001  dropE=(0.001,0.005)  smooth=0.001  train_loss=0.4197  train_AUPR=0.5638  train_P@5=0.6154  train_P@10=0.4345  val_loss=0.3805  val_AUPR=0.5511  val_P@5=0.6110  val_P@10=0.4299
Ep007  LR0=9.00e-05  pw=6.84  aucα=0.229  token_p=0.002  dropE=(0.002,0.010)  smooth=0.002  train_loss=0.4135  train_AUPR=0.5744  train_P@5=0.6203  train_P@10=0.4441  val_loss=0.3704  val_AUPR=0.5579  val_P@5=0.6048  val_P@10=0.4307
Ep008  LR0=1.00e-04  pw=6.15  aucα=0.286  token_p=0.003  dropE=(0.003,0.015)  smooth=0.003  train_loss=0.4088  train_AUPR=0.5908  train_P@5=0.6337  train_P@10=0.4463  val_loss=0.3633  val_AUPR=0.5659  val_P@5=0.6229  val_P@10=0.4317
Ep009  LR0=1.00e-04  pw=5.55  aucα=0.343  token_p=0.004  dropE=(0.004,0.020)  smooth=0.004  train_loss=0.4022  train_AUPR=0.5938  train_P@5=0.6316  train_P@10=0.4513  val_loss=0.3590  val_AUPR=0.5700  val_P@5=0.6179  val_P@10=0.4369
[Info] Unfroze 'dym' params after warmup (epoch=10). Added core=66 tensors, other=0 tensors.
Ep010  LR0=2.00e-05  pw=5.01  aucα=0.400  token_p=0.005  dropE=(0.005,0.025)  smooth=0.005  train_loss=0.3827  train_AUPR=0.6381  train_P@5=0.6690  train_P@10=0.4759  val_loss=0.3344  val_AUPR=0.5977  val_P@5=0.6461  val_P@10=0.4522
Ep011  LR0=3.00e-05  pw=4.54  aucα=0.400  token_p=0.006  dropE=(0.006,0.030)  smooth=0.006  train_loss=0.3723  train_AUPR=0.6460  train_P@5=0.6766  train_P@10=0.4804  val_loss=0.3247  val_AUPR=0.5987  val_P@5=0.6424  val_P@10=0.4518
Ep012  LR0=4.00e-05  pw=4.12  aucα=0.400  token_p=0.007  dropE=(0.007,0.035)  smooth=0.007  train_loss=0.3607  train_AUPR=0.6441  train_P@5=0.6753  train_P@10=0.4783  val_loss=0.3097  val_AUPR=0.5982  val_P@5=0.6485  val_P@10=0.4508
Ep013  LR0=5.00e-05  pw=3.76  aucα=0.400  token_p=0.008  dropE=(0.008,0.040)  smooth=0.008  train_loss=0.3547  train_AUPR=0.6510  train_P@5=0.6811  train_P@10=0.4827  val_loss=0.3068  val_AUPR=0.5960  val_P@5=0.6483  val_P@10=0.4450
Ep014  LR0=6.00e-05  pw=3.43  aucα=0.400  token_p=0.009  dropE=(0.009,0.045)  smooth=0.009  train_loss=0.3454  train_AUPR=0.6562  train_P@5=0.6814  train_P@10=0.4838  val_loss=0.2986  val_AUPR=0.6010  val_P@5=0.6529  val_P@10=0.4541
Ep015  LR0=7.00e-05  pw=3.15  aucα=0.400  token_p=0.010  dropE=(0.010,0.050)  smooth=0.010  train_loss=0.3383  train_AUPR=0.6691  train_P@5=0.6933  train_P@10=0.4920  val_loss=0.2854  val_AUPR=0.6069  val_P@5=0.6545  val_P@10=0.4576
Ep016  LR0=8.00e-05  pw=2.89  aucα=0.400  token_p=0.010  dropE=(0.010,0.050)  smooth=0.010  train_loss=0.3300  train_AUPR=0.6530  train_P@5=0.6759  train_P@10=0.4775  val_loss=0.2689  val_AUPR=0.6029  val_P@5=0.6501  val_P@10=0.4540
Ep017  LR0=9.00e-05  pw=2.67  aucα=0.400  token_p=0.010  dropE=(0.010,0.050)  smooth=0.010  train_loss=0.3238  train_AUPR=0.6710  train_P@5=0.6968  train_P@10=0.4917  val_loss=0.2605  val_AUPR=0.6031  val_P@5=0.6505  val_P@10=0.4525
Ep018  LR0=1.00e-04  pw=2.48  aucα=0.400  token_p=0.010  dropE=(0.010,0.050)  smooth=0.010  train_loss=0.3162  train_AUPR=0.6778  train_P@5=0.7034  train_P@10=0.4961  val_loss=0.2523  val_AUPR=0.6038  val_P@5=0.6555  val_P@10=0.4569
Ep019  LR0=1.00e-04  pw=2.30  aucα=0.400  token_p=0.010  dropE=(0.010,0.050)  smooth=0.010  train_loss=0.3074  train_AUPR=0.6831  train_P@5=0.7027  train_P@10=0.5016  val_loss=0.2476  val_AUPR=0.5944  val_P@5=0.6438  val_P@10=0.4492
Ep020  LR0=1.00e-04  pw=2.15  aucα=0.400  token_p=0.010  dropE=(0.010,0.050)  smooth=0.010  train_loss=0.2952  train_AUPR=0.6907  train_P@5=0.7106  train_P@10=0.4988  val_loss=0.2450  val_AUPR=0.5998  val_P@5=0.6432  val_P@10=0.4464
Ep021  LR0=9.99e-05  pw=2.01  aucα=0.400  token_p=0.010  dropE=(0.010,0.050)  smooth=0.010  train_loss=0.2901  train_AUPR=0.6973  train_P@5=0.7184  train_P@10=0.5075  val_loss=0.2291  val_AUPR=0.6048  val_P@5=0.6575  val_P@10=0.4530
Ep022  LR0=9.97e-05  pw=1.89  aucα=0.400  token_p=0.010  dropE=(0.010,0.050)  smooth=0.010  train_loss=0.2788  train_AUPR=0.7188  train_P@5=0.7369  train_P@10=0.5198  val_loss=0.2282  val_AUPR=0.6071  val_P@5=0.6529  val_P@10=0.4570
Ep023  LR0=9.95e-05  pw=1.79  aucα=0.400  token_p=0.010  dropE=(0.010,0.050)  smooth=0.010  train_loss=0.2719  train_AUPR=0.7203  train_P@5=0.7357  train_P@10=0.5212  val_loss=0.2147  val_AUPR=0.6089  val_P@5=0.6592  val_P@10=0.4532
Ep024  LR0=9.92e-05  pw=1.70  aucα=0.400  token_p=0.010  dropE=(0.010,0.050)  smooth=0.010  train_loss=0.2626  train_AUPR=0.7286  train_P@5=0.7384  train_P@10=0.5275  val_loss=0.2123  val_AUPR=0.6068  val_P@5=0.6577  val_P@10=0.4495
Ep025  LR0=9.89e-05  pw=1.62  aucα=0.400  token_p=0.010  dropE=(0.010,0.050)  smooth=0.010  train_loss=0.2543  train_AUPR=0.7409  train_P@5=0.7544  train_P@10=0.5342  val_loss=0.2028  val_AUPR=0.6099  val_P@5=0.6646  val_P@10=0.4568
Ep026  LR0=9.85e-05  pw=1.54  aucα=0.400  token_p=0.010  dropE=(0.010,0.050)  smooth=0.010  train_loss=0.2503  train_AUPR=0.7476  train_P@5=0.7631  train_P@10=0.5337  val_loss=0.2007  val_AUPR=0.6098  val_P@5=0.6577  val_P@10=0.4507
Ep027  LR0=9.81e-05  pw=1.48  aucα=0.400  token_p=0.010  dropE=(0.010,0.050)  smooth=0.010  train_loss=0.2392  train_AUPR=0.7568  train_P@5=0.7717  train_P@10=0.5406  val_loss=0.2004  val_AUPR=0.5977  val_P@5=0.6420  val_P@10=0.4484
Ep028  LR0=9.76e-05  pw=1.42  aucα=0.400  token_p=0.010  dropE=(0.010,0.050)  smooth=0.010  train_loss=0.2327  train_AUPR=0.7712  train_P@5=0.7824  train_P@10=0.5467  val_loss=0.1974  val_AUPR=0.5983  val_P@5=0.6461  val_P@10=0.4452
Ep029  LR0=9.70e-05  pw=1.37  aucα=0.400  token_p=0.010  dropE=(0.010,0.050)  smooth=0.010  train_loss=0.2244  train_AUPR=0.7777  train_P@5=0.7818  train_P@10=0.5565  val_loss=0.1883  val_AUPR=0.6071  val_P@5=0.6587  val_P@10=0.4525
Ep030  LR0=9.46e-05  pw=1.33  aucα=0.400  token_p=0.010  dropE=(0.010,0.050)  smooth=0.010  train_loss=0.2182  train_AUPR=0.7980  train_P@5=0.8101  train_P@10=0.5603  val_loss=0.1837  val_AUPR=0.6143  val_P@5=0.6662  val_P@10=0.4548
Ep031  LR0=8.78e-05  pw=1.29  aucα=0.400  token_p=0.010  dropE=(0.010,0.050)  smooth=0.010  train_loss=0.2129  train_AUPR=0.8125  train_P@5=0.8210  train_P@10=0.5688  val_loss=0.1818  val_AUPR=0.6152  val_P@5=0.6676  val_P@10=0.4572
Ep032  LR0=7.71e-05  pw=1.26  aucα=0.400  token_p=0.010  dropE=(0.010,0.050)  smooth=0.010  train_loss=0.2028  train_AUPR=0.8245  train_P@5=0.8314  train_P@10=0.5793  val_loss=0.1802  val_AUPR=0.6146  val_P@5=0.6636  val_P@10=0.4565
Ep033  LR0=6.37e-05  pw=1.23  aucα=0.400  token_p=0.010  dropE=(0.010,0.050)  smooth=0.010  train_loss=0.1929  train_AUPR=0.8390  train_P@5=0.8478  train_P@10=0.5833  val_loss=0.1776  val_AUPR=0.6156  val_P@5=0.6640  val_P@10=0.4563
Ep034  LR0=4.87e-05  pw=1.20  aucα=0.400  token_p=0.010  dropE=(0.010,0.050)  smooth=0.010  train_loss=0.1838  train_AUPR=0.8440  train_P@5=0.8507  train_P@10=0.5889  val_loss=0.1762  val_AUPR=0.6135  val_P@5=0.6618  val_P@10=0.4544
Ep035  LR0=3.38e-05  pw=1.18  aucα=0.400  token_p=0.010  dropE=(0.010,0.050)  smooth=0.010  train_loss=0.1752  train_AUPR=0.8668  train_P@5=0.8736  train_P@10=0.6014  val_loss=0.1746  val_AUPR=0.6135  val_P@5=0.6634  val_P@10=0.4544
Ep036  LR0=2.04e-05  pw=1.16  aucα=0.400  token_p=0.010  dropE=(0.010,0.050)  smooth=0.010  train_loss=0.1645  train_AUPR=0.8725  train_P@5=0.8789  train_P@10=0.6022  val_loss=0.1734  val_AUPR=0.6118  val_P@5=0.6614  val_P@10=0.4533
Ep037  LR0=9.71e-06  pw=1.14  aucα=0.400  token_p=0.010  dropE=(0.010,0.050)  smooth=0.010  train_loss=0.1583  train_AUPR=0.8886  train_P@5=0.8971  train_P@10=0.6109  val_loss=0.1722  val_AUPR=0.6109  val_P@5=0.6614  val_P@10=0.4539
Ep038  LR0=2.86e-06  pw=1.12  aucα=0.400  token_p=0.010  dropE=(0.010,0.050)  smooth=0.010  train_loss=0.1517  train_AUPR=0.8933  train_P@5=0.9016  train_P@10=0.6145  val_loss=0.1712  val_AUPR=0.6100  val_P@5=0.6608  val_P@10=0.4541
Ep039  LR0=5.00e-07  pw=1.11  aucα=0.400  token_p=0.010  dropE=(0.010,0.050)  smooth=0.010  train_loss=0.1481  train_AUPR=0.8947  train_P@5=0.9031  train_P@10=0.6154  val_loss=0.1705  val_AUPR=0.6089  val_P@5=0.6598  val_P@10=0.4544
Ep040  LR0=5.00e-07  pw=1.09  aucα=0.400  token_p=0.010  dropE=(0.010,0.050)  smooth=0.010  train_loss=0.1471  train_AUPR=0.8951  train_P@5=0.9037  train_P@10=0.6154  val_loss=0.1698  val_AUPR=0.6080  val_P@5=0.6581  val_P@10=0.4541
Ep041  LR0=5.00e-07  pw=1.08  aucα=0.400  token_p=0.010  dropE=(0.010,0.050)  smooth=0.010  train_loss=0.1471  train_AUPR=0.8954  train_P@5=0.9042  train_P@10=0.6158  val_loss=0.1691  val_AUPR=0.6072  val_P@5=0.6579  val_P@10=0.4537
Ep042  LR0=5.00e-07  pw=1.07  aucα=0.400  token_p=0.010  dropE=(0.010,0.050)  smooth=0.010  train_loss=0.1452  train_AUPR=0.8956  train_P@5=0.9043  train_P@10=0.6159  val_loss=0.1686  val_AUPR=0.6064  val_P@5=0.6571  val_P@10=0.4537
Ep043  LR0=5.00e-07  pw=1.06  aucα=0.400  token_p=0.010  dropE=(0.010,0.050)  smooth=0.010  train_loss=0.1453  train_AUPR=0.8958  train_P@5=0.9043  train_P@10=0.6160  val_loss=0.1681  val_AUPR=0.6057  val_P@5=0.6567  val_P@10=0.4537
Ep044  LR0=5.00e-07  pw=1.06  aucα=0.400  token_p=0.010  dropE=(0.010,0.050)  smooth=0.010  train_loss=0.1459  train_AUPR=0.8962  train_P@5=0.9046  train_P@10=0.6161  val_loss=0.1676  val_AUPR=0.6051  val_P@5=0.6565  val_P@10=0.4535
Ep045  LR0=5.00e-07  pw=1.05  aucα=0.400  token_p=0.010  dropE=(0.010,0.050)  smooth=0.010  train_loss=0.1451  train_AUPR=0.8962  train_P@5=0.9050  train_P@10=0.6161  val_loss=0.1673  val_AUPR=0.6045  val_P@5=0.6577  val_P@10=0.4537
Ep046  LR0=5.00e-07  pw=1.04  aucα=0.400  token_p=0.010  dropE=(0.010,0.050)  smooth=0.010  train_loss=0.1453  train_AUPR=0.8963  train_P@5=0.9048  train_P@10=0.6162  val_loss=0.1669  val_AUPR=0.6041  val_P@5=0.6571  val_P@10=0.4534
Ep047  LR0=5.00e-07  pw=1.04  aucα=0.400  token_p=0.010  dropE=(0.010,0.050)  smooth=0.010  train_loss=0.1443  train_AUPR=0.8965  train_P@5=0.9052  train_P@10=0.6163  val_loss=0.1666  val_AUPR=0.6036  val_P@5=0.6567  val_P@10=0.4535
Ep048  LR0=5.00e-07  pw=1.03  aucα=0.400  token_p=0.010  dropE=(0.010,0.050)  smooth=0.010  train_loss=0.1443  train_AUPR=0.8966  train_P@5=0.9045  train_P@10=0.6163  val_loss=0.1664  val_AUPR=0.6032  val_P@5=0.6557  val_P@10=0.4536
Ep049  LR0=5.00e-07  pw=1.03  aucα=0.400  token_p=0.010  dropE=(0.010,0.050)  smooth=0.010  train_loss=0.1433  train_AUPR=0.8967  train_P@5=0.9052  train_P@10=0.6162  val_loss=0.1662  val_AUPR=0.6028  val_P@5=0.6553  val_P@10=0.4537
Ep050  LR0=5.00e-07  pw=1.03  aucα=0.400  token_p=0.010  dropE=(0.010,0.050)  smooth=0.010  train_loss=0.1447  train_AUPR=0.8970  train_P@5=0.9056  train_P@10=0.6163  val_loss=0.1660  val_AUPR=0.6025  val_P@5=0.6549  val_P@10=0.4537
Ep051  LR0=5.00e-07  pw=1.02  aucα=0.400  token_p=0.010  dropE=(0.010,0.050)  smooth=0.010  train_loss=0.1437  train_AUPR=0.8972  train_P@5=0.9054  train_P@10=0.6167  val_loss=0.1658  val_AUPR=0.6022  val_P@5=0.6545  val_P@10=0.4535
Ep052  LR0=5.00e-07  pw=1.02  aucα=0.400  token_p=0.010  dropE=(0.010,0.050)  smooth=0.010  train_loss=0.1423  train_AUPR=0.8972  train_P@5=0.9053  train_P@10=0.6165  val_loss=0.1657  val_AUPR=0.6019  val_P@5=0.6541  val_P@10=0.4535
Ep053  LR0=5.00e-07  pw=1.02  aucα=0.400  token_p=0.010  dropE=(0.010,0.050)  smooth=0.010  train_loss=0.1431  train_AUPR=0.8974  train_P@5=0.9056  train_P@10=0.6165  val_loss=0.1656  val_AUPR=0.6016  val_P@5=0.6543  val_P@10=0.4531
Ep054  LR0=5.00e-07  pw=1.02  aucα=0.400  token_p=0.010  dropE=(0.010,0.050)  smooth=0.010  train_loss=0.1426  train_AUPR=0.8975  train_P@5=0.9059  train_P@10=0.6166  val_loss=0.1655  val_AUPR=0.6013  val_P@5=0.6533  val_P@10=0.4531
Ep055  LR0=5.00e-07  pw=1.01  aucα=0.400  token_p=0.010  dropE=(0.010,0.050)  smooth=0.010  train_loss=0.1430  train_AUPR=0.8977  train_P@5=0.9060  train_P@10=0.6169  val_loss=0.1655  val_AUPR=0.6010  val_P@5=0.6527  val_P@10=0.4532
Ep056  LR0=5.00e-07  pw=1.01  aucα=0.400  token_p=0.010  dropE=(0.010,0.050)  smooth=0.010  train_loss=0.1431  train_AUPR=0.8978  train_P@5=0.9063  train_P@10=0.6170  val_loss=0.1654  val_AUPR=0.6008  val_P@5=0.6523  val_P@10=0.4531
Ep057  LR0=5.00e-07  pw=1.01  aucα=0.400  token_p=0.010  dropE=(0.010,0.050)  smooth=0.010  train_loss=0.1422  train_AUPR=0.8979  train_P@5=0.9064  train_P@10=0.6169  val_loss=0.1654  val_AUPR=0.6006  val_P@5=0.6523  val_P@10=0.4528
Ep058  LR0=5.00e-07  pw=1.01  aucα=0.400  token_p=0.010  dropE=(0.010,0.050)  smooth=0.010  train_loss=0.1423  train_AUPR=0.8982  train_P@5=0.9065  train_P@10=0.6169  val_loss=0.1653  val_AUPR=0.6004  val_P@5=0.6529  val_P@10=0.4531
Ep059  LR0=5.00e-07  pw=1.01  aucα=0.400  token_p=0.010  dropE=(0.010,0.050)  smooth=0.010  train_loss=0.1425  train_AUPR=0.8984  train_P@5=0.9065  train_P@10=0.6171  val_loss=0.1653  val_AUPR=0.6002  val_P@5=0.6535  val_P@10=0.4525
Ep060  LR0=5.00e-07  pw=1.01  aucα=0.400  token_p=0.010  dropE=(0.010,0.050)  smooth=0.010  train_loss=0.1429  train_AUPR=0.8984  train_P@5=0.9067  train_P@10=0.6172  val_loss=0.1653  val_AUPR=0.6000  val_P@5=0.6535  val_P@10=0.4524
Ep061  LR0=5.00e-07  pw=1.01  aucα=0.400  token_p=0.010  dropE=(0.010,0.050)  smooth=0.010  train_loss=0.1420  train_AUPR=0.8986  train_P@5=0.9066  train_P@10=0.6171  val_loss=0.1653  val_AUPR=0.5998  val_P@5=0.6539  val_P@10=0.4526
Ep062  LR0=5.00e-07  pw=1.01  aucα=0.400  token_p=0.010  dropE=(0.010,0.050)  smooth=0.010  train_loss=0.1429  train_AUPR=0.8987  train_P@5=0.9067  train_P@10=0.6172  val_loss=0.1653  val_AUPR=0.5997  val_P@5=0.6535  val_P@10=0.4525
Ep063  LR0=5.00e-07  pw=1.01  aucα=0.400  token_p=0.010  dropE=(0.010,0.050)  smooth=0.010  train_loss=0.1415  train_AUPR=0.8989  train_P@5=0.9073  train_P@10=0.6173  val_loss=0.1653  val_AUPR=0.5995  val_P@5=0.6531  val_P@10=0.4526
Ep064  LR0=5.00e-07  pw=1.00  aucα=0.400  token_p=0.010  dropE=(0.010,0.050)  smooth=0.010  train_loss=0.1412  train_AUPR=0.8990  train_P@5=0.9080  train_P@10=0.6175  val_loss=0.1653  val_AUPR=0.5993  val_P@5=0.6529  val_P@10=0.4526
Ep065  LR0=5.00e-07  pw=1.00  aucα=0.400  token_p=0.010  dropE=(0.010,0.050)  smooth=0.010  train_loss=0.1420  train_AUPR=0.8991  train_P@5=0.9074  train_P@10=0.6175  val_loss=0.1654  val_AUPR=0.5992  val_P@5=0.6521  val_P@10=0.4525
Ep066  LR0=5.00e-07  pw=1.00  aucα=0.400  token_p=0.010  dropE=(0.010,0.050)  smooth=0.010  train_loss=0.1420  train_AUPR=0.8991  train_P@5=0.9078  train_P@10=0.6176  val_loss=0.1654  val_AUPR=0.5990  val_P@5=0.6521  val_P@10=0.4526
Ep067  LR0=5.00e-07  pw=1.00  aucα=0.400  token_p=0.010  dropE=(0.010,0.050)  smooth=0.010  train_loss=0.1428  train_AUPR=0.8993  train_P@5=0.9078  train_P@10=0.6177  val_loss=0.1654  val_AUPR=0.5989  val_P@5=0.6521  val_P@10=0.4527
Ep068  LR0=5.00e-07  pw=1.00  aucα=0.400  token_p=0.010  dropE=(0.010,0.050)  smooth=0.010  train_loss=0.1415  train_AUPR=0.8995  train_P@5=0.9078  train_P@10=0.6180  val_loss=0.1654  val_AUPR=0.5988  val_P@5=0.6521  val_P@10=0.4529
Ep069  LR0=5.00e-07  pw=1.00  aucα=0.400  token_p=0.010  dropE=(0.010,0.050)  smooth=0.010  train_loss=0.1419  train_AUPR=0.8997  train_P@5=0.9080  train_P@10=0.6180  val_loss=0.1655  val_AUPR=0.5986  val_P@5=0.6521  val_P@10=0.4530
Ep070  LR0=5.00e-07  pw=1.00  aucα=0.400  token_p=0.010  dropE=(0.010,0.050)  smooth=0.010  train_loss=0.1403  train_AUPR=0.8997  train_P@5=0.9080  train_P@10=0.6177  val_loss=0.1655  val_AUPR=0.5985  val_P@5=0.6521  val_P@10=0.4531
Ep071  LR0=5.00e-07  pw=1.00  aucα=0.400  token_p=0.010  dropE=(0.010,0.050)  smooth=0.010  train_loss=0.1410  train_AUPR=0.8998  train_P@5=0.9080  train_P@10=0.6177  val_loss=0.1655  val_AUPR=0.5984  val_P@5=0.6523  val_P@10=0.4530
Ep072  LR0=5.00e-07  pw=1.00  aucα=0.400  token_p=0.010  dropE=(0.010,0.050)  smooth=0.010  train_loss=0.1414  train_AUPR=0.8998  train_P@5=0.9084  train_P@10=0.6178  val_loss=0.1656  val_AUPR=0.5983  val_P@5=0.6521  val_P@10=0.4529
Ep073  LR0=5.00e-07  pw=1.00  aucα=0.400  token_p=0.010  dropE=(0.010,0.050)  smooth=0.010  train_loss=0.1415  train_AUPR=0.9000  train_P@5=0.9085  train_P@10=0.6179  val_loss=0.1656  val_AUPR=0.5982  val_P@5=0.6521  val_P@10=0.4529
Ep074  LR0=5.00e-07  pw=1.00  aucα=0.400  token_p=0.010  dropE=(0.010,0.050)  smooth=0.010  train_loss=0.1418  train_AUPR=0.9002  train_P@5=0.9090  train_P@10=0.6180  val_loss=0.1656  val_AUPR=0.5981  val_P@5=0.6523  val_P@10=0.4529
Ep075  LR0=5.00e-07  pw=1.00  aucα=0.400  token_p=0.010  dropE=(0.010,0.050)  smooth=0.010  train_loss=0.1416  train_AUPR=0.9001  train_P@5=0.9089  train_P@10=0.6182  val_loss=0.1657  val_AUPR=0.5980  val_P@5=0.6523  val_P@10=0.4528
Ep076  LR0=5.00e-07  pw=1.00  aucα=0.400  token_p=0.010  dropE=(0.010,0.050)  smooth=0.010  train_loss=0.1411  train_AUPR=0.9004  train_P@5=0.9092  train_P@10=0.6184  val_loss=0.1657  val_AUPR=0.5979  val_P@5=0.6523  val_P@10=0.4529
Early stop triggered: neither val_AUPR nor val_loss improved for 20 epochs.
Saved iPara_l1_g10_i5_do0.10_dpr0.10_lr0.0002_heads16_fold2.pth  (best val AUPR=0.6156)
Saved iPara_l1_g10_i5_do0.10_dpr0.10_lr0.0002_heads16_fold2_best_aupr.pth
Saved iPara_l1_g10_i5_do0.10_dpr0.10_lr0.0002_heads16_fold2_best_loss.pth  (best val loss=0.1654)

── Fold 3/5
Train labels: pos=26660, neg=375289, ignore=695651, pos_rate=0.066327
Val labels: pos=6570, neg=91673, ignore=176957, pos_rate=0.066875
Initializing ClassificationModel with 10 GAT layers and residual connections...
Initializing MCModel with 10 GAT layers and 5 row attention layers (drop_path_rate=0.1)
Initializing CoreModel with 1 layers, drop_path_rate=0.1
Ep000  LR0=2.00e-05  pw=15.00  aucα=0.000  token_p=0.000  dropE=(0.000,0.000)  smooth=0.000  train_loss=0.5534  train_AUPR=0.3616  train_P@5=0.4269  train_P@10=0.3264  val_loss=0.4872  val_AUPR=0.3768  val_P@5=0.4340  val_P@10=0.3276
Ep001  LR0=3.00e-05  pw=13.35  aucα=0.000  token_p=0.000  dropE=(0.000,0.000)  smooth=0.000  train_loss=0.4790  train_AUPR=0.4446  train_P@5=0.5254  train_P@10=0.3832  val_loss=0.4697  val_AUPR=0.4365  val_P@5=0.5177  val_P@10=0.3744
Ep002  LR0=4.00e-05  pw=11.90  aucα=0.000  token_p=0.000  dropE=(0.000,0.000)  smooth=0.000  train_loss=0.4484  train_AUPR=0.4787  train_P@5=0.5495  train_P@10=0.3951  val_loss=0.4303  val_AUPR=0.4772  val_P@5=0.5450  val_P@10=0.3900
Ep003  LR0=5.00e-05  pw=10.62  aucα=0.000  token_p=0.000  dropE=(0.000,0.000)  smooth=0.000  train_loss=0.4271  train_AUPR=0.5218  train_P@5=0.5859  train_P@10=0.4193  val_loss=0.4097  val_AUPR=0.5200  val_P@5=0.5827  val_P@10=0.4094
Ep004  LR0=6.00e-05  pw=9.49  aucα=0.057  token_p=0.000  dropE=(0.000,0.000)  smooth=0.000  train_loss=0.4226  train_AUPR=0.5411  train_P@5=0.5985  train_P@10=0.4273  val_loss=0.3959  val_AUPR=0.5342  val_P@5=0.5943  val_P@10=0.4184
Ep005  LR0=7.00e-05  pw=8.49  aucα=0.114  token_p=0.000  dropE=(0.000,0.000)  smooth=0.000  train_loss=0.4213  train_AUPR=0.5510  train_P@5=0.6051  train_P@10=0.4300  val_loss=0.3821  val_AUPR=0.5506  val_P@5=0.6081  val_P@10=0.4252
Ep006  LR0=8.00e-05  pw=7.61  aucα=0.171  token_p=0.001  dropE=(0.001,0.005)  smooth=0.001  train_loss=0.4176  train_AUPR=0.5613  train_P@5=0.6131  train_P@10=0.4320  val_loss=0.3796  val_AUPR=0.5585  val_P@5=0.6132  val_P@10=0.4265
Ep007  LR0=9.00e-05  pw=6.84  aucα=0.229  token_p=0.002  dropE=(0.002,0.010)  smooth=0.002  train_loss=0.4136  train_AUPR=0.5833  train_P@5=0.6275  train_P@10=0.4500  val_loss=0.3824  val_AUPR=0.5662  val_P@5=0.6260  val_P@10=0.4337
Ep008  LR0=1.00e-04  pw=6.15  aucα=0.286  token_p=0.003  dropE=(0.003,0.015)  smooth=0.003  train_loss=0.4088  train_AUPR=0.5937  train_P@5=0.6363  train_P@10=0.4514  val_loss=0.3627  val_AUPR=0.5748  val_P@5=0.6276  val_P@10=0.4369
Ep009  LR0=1.00e-04  pw=5.55  aucα=0.343  token_p=0.004  dropE=(0.004,0.020)  smooth=0.004  train_loss=0.4053  train_AUPR=0.6064  train_P@5=0.6452  train_P@10=0.4607  val_loss=0.3448  val_AUPR=0.5805  val_P@5=0.6193  val_P@10=0.4411
[Info] Unfroze 'dym' params after warmup (epoch=10). Added core=66 tensors, other=0 tensors.
Ep010  LR0=2.00e-05  pw=5.01  aucα=0.400  token_p=0.005  dropE=(0.005,0.025)  smooth=0.005  train_loss=0.3851  train_AUPR=0.6271  train_P@5=0.6610  train_P@10=0.4702  val_loss=0.3349  val_AUPR=0.5963  val_P@5=0.6390  val_P@10=0.4515
Ep011  LR0=3.00e-05  pw=4.54  aucα=0.400  token_p=0.006  dropE=(0.006,0.030)  smooth=0.006  train_loss=0.3731  train_AUPR=0.6372  train_P@5=0.6692  train_P@10=0.4767  val_loss=0.3230  val_AUPR=0.5957  val_P@5=0.6382  val_P@10=0.4501
Ep012  LR0=4.00e-05  pw=4.12  aucα=0.400  token_p=0.007  dropE=(0.007,0.035)  smooth=0.007  train_loss=0.3640  train_AUPR=0.6458  train_P@5=0.6758  train_P@10=0.4797  val_loss=0.3088  val_AUPR=0.6084  val_P@5=0.6443  val_P@10=0.4565
Ep013  LR0=5.00e-05  pw=3.76  aucα=0.400  token_p=0.008  dropE=(0.008,0.040)  smooth=0.008  train_loss=0.3552  train_AUPR=0.6492  train_P@5=0.6805  train_P@10=0.4806  val_loss=0.3028  val_AUPR=0.5966  val_P@5=0.6390  val_P@10=0.4451
Ep014  LR0=6.00e-05  pw=3.43  aucα=0.400  token_p=0.009  dropE=(0.009,0.045)  smooth=0.009  train_loss=0.3464  train_AUPR=0.6494  train_P@5=0.6802  train_P@10=0.4818  val_loss=0.2893  val_AUPR=0.6023  val_P@5=0.6352  val_P@10=0.4514
Ep015  LR0=7.00e-05  pw=3.15  aucα=0.400  token_p=0.010  dropE=(0.010,0.050)  smooth=0.010  train_loss=0.3404  train_AUPR=0.6559  train_P@5=0.6803  train_P@10=0.4879  val_loss=0.2856  val_AUPR=0.6028  val_P@5=0.6443  val_P@10=0.4541
Ep016  LR0=8.00e-05  pw=2.89  aucα=0.400  token_p=0.010  dropE=(0.010,0.050)  smooth=0.010  train_loss=0.3305  train_AUPR=0.6622  train_P@5=0.6903  train_P@10=0.4900  val_loss=0.2718  val_AUPR=0.5987  val_P@5=0.6376  val_P@10=0.4518
Ep017  LR0=9.00e-05  pw=2.67  aucα=0.400  token_p=0.010  dropE=(0.010,0.050)  smooth=0.010  train_loss=0.3227  train_AUPR=0.6706  train_P@5=0.6942  train_P@10=0.4938  val_loss=0.2606  val_AUPR=0.6065  val_P@5=0.6490  val_P@10=0.4536
Ep018  LR0=1.00e-04  pw=2.48  aucα=0.400  token_p=0.010  dropE=(0.010,0.050)  smooth=0.010  train_loss=0.3153  train_AUPR=0.6723  train_P@5=0.6972  train_P@10=0.4965  val_loss=0.2512  val_AUPR=0.5940  val_P@5=0.6260  val_P@10=0.4483
Ep019  LR0=1.00e-04  pw=2.30  aucα=0.400  token_p=0.010  dropE=(0.010,0.050)  smooth=0.010  train_loss=0.3077  train_AUPR=0.6814  train_P@5=0.7036  train_P@10=0.5041  val_loss=0.2463  val_AUPR=0.6004  val_P@5=0.6376  val_P@10=0.4539
Ep020  LR0=1.00e-04  pw=2.15  aucα=0.400  token_p=0.010  dropE=(0.010,0.050)  smooth=0.010  train_loss=0.2980  train_AUPR=0.6872  train_P@5=0.7080  train_P@10=0.5062  val_loss=0.2480  val_AUPR=0.5855  val_P@5=0.6305  val_P@10=0.4372
Ep021  LR0=9.99e-05  pw=2.01  aucα=0.400  token_p=0.010  dropE=(0.010,0.050)  smooth=0.010  train_loss=0.2900  train_AUPR=0.7068  train_P@5=0.7239  train_P@10=0.5153  val_loss=0.2243  val_AUPR=0.6131  val_P@5=0.6488  val_P@10=0.4551
Ep022  LR0=9.97e-05  pw=1.89  aucα=0.400  token_p=0.010  dropE=(0.010,0.050)  smooth=0.010  train_loss=0.2810  train_AUPR=0.7217  train_P@5=0.7370  train_P@10=0.5234  val_loss=0.2175  val_AUPR=0.6111  val_P@5=0.6521  val_P@10=0.4513
Ep023  LR0=9.95e-05  pw=1.79  aucα=0.400  token_p=0.010  dropE=(0.010,0.050)  smooth=0.010  train_loss=0.2722  train_AUPR=0.7239  train_P@5=0.7406  train_P@10=0.5260  val_loss=0.2165  val_AUPR=0.6109  val_P@5=0.6478  val_P@10=0.4562
Ep024  LR0=9.92e-05  pw=1.70  aucα=0.400  token_p=0.010  dropE=(0.010,0.050)  smooth=0.010  train_loss=0.2643  train_AUPR=0.7267  train_P@5=0.7417  train_P@10=0.5289  val_loss=0.2125  val_AUPR=0.5933  val_P@5=0.6311  val_P@10=0.4442
Ep025  LR0=9.89e-05  pw=1.62  aucα=0.400  token_p=0.010  dropE=(0.010,0.050)  smooth=0.010  train_loss=0.2543  train_AUPR=0.7418  train_P@5=0.7493  train_P@10=0.5376  val_loss=0.2096  val_AUPR=0.5938  val_P@5=0.6262  val_P@10=0.4400
Ep026  LR0=9.85e-05  pw=1.54  aucα=0.400  token_p=0.010  dropE=(0.010,0.050)  smooth=0.010  train_loss=0.2486  train_AUPR=0.7559  train_P@5=0.7673  train_P@10=0.5424  val_loss=0.1976  val_AUPR=0.6150  val_P@5=0.6515  val_P@10=0.4564
Ep027  LR0=9.81e-05  pw=1.48  aucα=0.400  token_p=0.010  dropE=(0.010,0.050)  smooth=0.010  train_loss=0.2396  train_AUPR=0.7691  train_P@5=0.7802  train_P@10=0.5473  val_loss=0.1986  val_AUPR=0.6032  val_P@5=0.6421  val_P@10=0.4485
Ep028  LR0=9.76e-05  pw=1.42  aucα=0.400  token_p=0.010  dropE=(0.010,0.050)  smooth=0.010  train_loss=0.2334  train_AUPR=0.7698  train_P@5=0.7760  train_P@10=0.5497  val_loss=0.1923  val_AUPR=0.6087  val_P@5=0.6323  val_P@10=0.4499
Ep029  LR0=9.70e-05  pw=1.37  aucα=0.400  token_p=0.010  dropE=(0.010,0.050)  smooth=0.010  train_loss=0.2247  train_AUPR=0.7833  train_P@5=0.7923  train_P@10=0.5578  val_loss=0.1920  val_AUPR=0.6041  val_P@5=0.6386  val_P@10=0.4472
Ep030  LR0=9.46e-05  pw=1.33  aucα=0.400  token_p=0.010  dropE=(0.010,0.050)  smooth=0.010  train_loss=0.2177  train_AUPR=0.7993  train_P@5=0.8059  train_P@10=0.5632  val_loss=0.1904  val_AUPR=0.5998  val_P@5=0.6397  val_P@10=0.4473
Ep031  LR0=8.78e-05  pw=1.29  aucα=0.400  token_p=0.010  dropE=(0.010,0.050)  smooth=0.010  train_loss=0.2129  train_AUPR=0.8066  train_P@5=0.8130  train_P@10=0.5695  val_loss=0.1836  val_AUPR=0.6116  val_P@5=0.6445  val_P@10=0.4556
Ep032  LR0=7.71e-05  pw=1.26  aucα=0.400  token_p=0.010  dropE=(0.010,0.050)  smooth=0.010  train_loss=0.2034  train_AUPR=0.8270  train_P@5=0.8302  train_P@10=0.5813  val_loss=0.1794  val_AUPR=0.6147  val_P@5=0.6447  val_P@10=0.4582
Ep033  LR0=6.37e-05  pw=1.23  aucα=0.400  token_p=0.010  dropE=(0.010,0.050)  smooth=0.010  train_loss=0.1936  train_AUPR=0.8397  train_P@5=0.8440  train_P@10=0.5874  val_loss=0.1775  val_AUPR=0.6154  val_P@5=0.6466  val_P@10=0.4553
Ep034  LR0=4.87e-05  pw=1.20  aucα=0.400  token_p=0.010  dropE=(0.010,0.050)  smooth=0.010  train_loss=0.1826  train_AUPR=0.8505  train_P@5=0.8550  train_P@10=0.5941  val_loss=0.1766  val_AUPR=0.6126  val_P@5=0.6443  val_P@10=0.4550
Ep035  LR0=3.38e-05  pw=1.18  aucα=0.400  token_p=0.010  dropE=(0.010,0.050)  smooth=0.010  train_loss=0.1733  train_AUPR=0.8695  train_P@5=0.8744  train_P@10=0.6035  val_loss=0.1753  val_AUPR=0.6103  val_P@5=0.6401  val_P@10=0.4561
Ep036  LR0=2.04e-05  pw=1.16  aucα=0.400  token_p=0.010  dropE=(0.010,0.050)  smooth=0.010  train_loss=0.1654  train_AUPR=0.8796  train_P@5=0.8823  train_P@10=0.6102  val_loss=0.1742  val_AUPR=0.6085  val_P@5=0.6425  val_P@10=0.4549
Ep037  LR0=9.71e-06  pw=1.14  aucα=0.400  token_p=0.010  dropE=(0.010,0.050)  smooth=0.010  train_loss=0.1570  train_AUPR=0.8896  train_P@5=0.8958  train_P@10=0.6144  val_loss=0.1731  val_AUPR=0.6071  val_P@5=0.6407  val_P@10=0.4549
Ep038  LR0=2.86e-06  pw=1.12  aucα=0.400  token_p=0.010  dropE=(0.010,0.050)  smooth=0.010  train_loss=0.1507  train_AUPR=0.8949  train_P@5=0.9007  train_P@10=0.6175  val_loss=0.1724  val_AUPR=0.6053  val_P@5=0.6397  val_P@10=0.4544
Ep039  LR0=5.00e-07  pw=1.11  aucα=0.400  token_p=0.010  dropE=(0.010,0.050)  smooth=0.010  train_loss=0.1473  train_AUPR=0.8972  train_P@5=0.9030  train_P@10=0.6187  val_loss=0.1718  val_AUPR=0.6038  val_P@5=0.6407  val_P@10=0.4545
Ep040  LR0=5.00e-07  pw=1.09  aucα=0.400  token_p=0.010  dropE=(0.010,0.050)  smooth=0.010  train_loss=0.1456  train_AUPR=0.8975  train_P@5=0.9034  train_P@10=0.6188  val_loss=0.1713  val_AUPR=0.6024  val_P@5=0.6405  val_P@10=0.4540
Ep041  LR0=5.00e-07  pw=1.08  aucα=0.400  token_p=0.010  dropE=(0.010,0.050)  smooth=0.010  train_loss=0.1442  train_AUPR=0.8977  train_P@5=0.9039  train_P@10=0.6189  val_loss=0.1707  val_AUPR=0.6011  val_P@5=0.6390  val_P@10=0.4529
Ep042  LR0=5.00e-07  pw=1.07  aucα=0.400  token_p=0.010  dropE=(0.010,0.050)  smooth=0.010  train_loss=0.1454  train_AUPR=0.8980  train_P@5=0.9044  train_P@10=0.6190  val_loss=0.1703  val_AUPR=0.6000  val_P@5=0.6376  val_P@10=0.4524
Ep043  LR0=5.00e-07  pw=1.06  aucα=0.400  token_p=0.010  dropE=(0.010,0.050)  smooth=0.010  train_loss=0.1452  train_AUPR=0.8982  train_P@5=0.9045  train_P@10=0.6192  val_loss=0.1698  val_AUPR=0.5990  val_P@5=0.6376  val_P@10=0.4521
Ep044  LR0=5.00e-07  pw=1.06  aucα=0.400  token_p=0.010  dropE=(0.010,0.050)  smooth=0.010  train_loss=0.1437  train_AUPR=0.8985  train_P@5=0.9050  train_P@10=0.6192  val_loss=0.1695  val_AUPR=0.5982  val_P@5=0.6372  val_P@10=0.4516
Ep045  LR0=5.00e-07  pw=1.05  aucα=0.400  token_p=0.010  dropE=(0.010,0.050)  smooth=0.010  train_loss=0.1433  train_AUPR=0.8986  train_P@5=0.9048  train_P@10=0.6194  val_loss=0.1691  val_AUPR=0.5974  val_P@5=0.6364  val_P@10=0.4518
Ep046  LR0=5.00e-07  pw=1.04  aucα=0.400  token_p=0.010  dropE=(0.010,0.050)  smooth=0.010  train_loss=0.1422  train_AUPR=0.8988  train_P@5=0.9053  train_P@10=0.6194  val_loss=0.1688  val_AUPR=0.5967  val_P@5=0.6362  val_P@10=0.4515
Ep047  LR0=5.00e-07  pw=1.04  aucα=0.400  token_p=0.010  dropE=(0.010,0.050)  smooth=0.010  train_loss=0.1431  train_AUPR=0.8989  train_P@5=0.9052  train_P@10=0.6194  val_loss=0.1686  val_AUPR=0.5960  val_P@5=0.6356  val_P@10=0.4514
Ep048  LR0=5.00e-07  pw=1.03  aucα=0.400  token_p=0.010  dropE=(0.010,0.050)  smooth=0.010  train_loss=0.1434  train_AUPR=0.8991  train_P@5=0.9055  train_P@10=0.6196  val_loss=0.1684  val_AUPR=0.5954  val_P@5=0.6350  val_P@10=0.4511
Ep049  LR0=5.00e-07  pw=1.03  aucα=0.400  token_p=0.010  dropE=(0.010,0.050)  smooth=0.010  train_loss=0.1431  train_AUPR=0.8994  train_P@5=0.9058  train_P@10=0.6197  val_loss=0.1682  val_AUPR=0.5949  val_P@5=0.6342  val_P@10=0.4510
Ep050  LR0=5.00e-07  pw=1.03  aucα=0.400  token_p=0.010  dropE=(0.010,0.050)  smooth=0.010  train_loss=0.1431  train_AUPR=0.8996  train_P@5=0.9055  train_P@10=0.6198  val_loss=0.1680  val_AUPR=0.5944  val_P@5=0.6338  val_P@10=0.4507
Ep051  LR0=5.00e-07  pw=1.02  aucα=0.400  token_p=0.010  dropE=(0.010,0.050)  smooth=0.010  train_loss=0.1416  train_AUPR=0.8999  train_P@5=0.9058  train_P@10=0.6201  val_loss=0.1679  val_AUPR=0.5940  val_P@5=0.6331  val_P@10=0.4507
Ep052  LR0=5.00e-07  pw=1.02  aucα=0.400  token_p=0.010  dropE=(0.010,0.050)  smooth=0.010  train_loss=0.1422  train_AUPR=0.8999  train_P@5=0.9059  train_P@10=0.6199  val_loss=0.1678  val_AUPR=0.5935  val_P@5=0.6325  val_P@10=0.4506
Ep053  LR0=5.00e-07  pw=1.02  aucα=0.400  token_p=0.010  dropE=(0.010,0.050)  smooth=0.010  train_loss=0.1424  train_AUPR=0.9000  train_P@5=0.9057  train_P@10=0.6199  val_loss=0.1677  val_AUPR=0.5931  val_P@5=0.6321  val_P@10=0.4507
Ep054  LR0=5.00e-07  pw=1.02  aucα=0.400  token_p=0.010  dropE=(0.010,0.050)  smooth=0.010  train_loss=0.1418  train_AUPR=0.9002  train_P@5=0.9055  train_P@10=0.6201  val_loss=0.1677  val_AUPR=0.5927  val_P@5=0.6321  val_P@10=0.4509
Ep055  LR0=5.00e-07  pw=1.01  aucα=0.400  token_p=0.010  dropE=(0.010,0.050)  smooth=0.010  train_loss=0.1413  train_AUPR=0.9003  train_P@5=0.9061  train_P@10=0.6200  val_loss=0.1676  val_AUPR=0.5923  val_P@5=0.6321  val_P@10=0.4506
Ep056  LR0=5.00e-07  pw=1.01  aucα=0.400  token_p=0.010  dropE=(0.010,0.050)  smooth=0.010  train_loss=0.1408  train_AUPR=0.9004  train_P@5=0.9064  train_P@10=0.6201  val_loss=0.1676  val_AUPR=0.5920  val_P@5=0.6323  val_P@10=0.4506
Ep057  LR0=5.00e-07  pw=1.01  aucα=0.400  token_p=0.010  dropE=(0.010,0.050)  smooth=0.010  train_loss=0.1417  train_AUPR=0.9007  train_P@5=0.9068  train_P@10=0.6203  val_loss=0.1676  val_AUPR=0.5916  val_P@5=0.6319  val_P@10=0.4507
Ep058  LR0=5.00e-07  pw=1.01  aucα=0.400  token_p=0.010  dropE=(0.010,0.050)  smooth=0.010  train_loss=0.1403  train_AUPR=0.9008  train_P@5=0.9066  train_P@10=0.6205  val_loss=0.1676  val_AUPR=0.5913  val_P@5=0.6315  val_P@10=0.4509
Ep059  LR0=5.00e-07  pw=1.01  aucα=0.400  token_p=0.010  dropE=(0.010,0.050)  smooth=0.010  train_loss=0.1414  train_AUPR=0.9009  train_P@5=0.9070  train_P@10=0.6204  val_loss=0.1676  val_AUPR=0.5910  val_P@5=0.6313  val_P@10=0.4505
Ep060  LR0=5.00e-07  pw=1.01  aucα=0.400  token_p=0.010  dropE=(0.010,0.050)  smooth=0.010  train_loss=0.1407  train_AUPR=0.9012  train_P@5=0.9070  train_P@10=0.6205  val_loss=0.1676  val_AUPR=0.5907  val_P@5=0.6311  val_P@10=0.4506
Ep061  LR0=5.00e-07  pw=1.01  aucα=0.400  token_p=0.010  dropE=(0.010,0.050)  smooth=0.010  train_loss=0.1408  train_AUPR=0.9012  train_P@5=0.9072  train_P@10=0.6204  val_loss=0.1676  val_AUPR=0.5904  val_P@5=0.6305  val_P@10=0.4504
Ep062  LR0=5.00e-07  pw=1.01  aucα=0.400  token_p=0.010  dropE=(0.010,0.050)  smooth=0.010  train_loss=0.1409  train_AUPR=0.9013  train_P@5=0.9068  train_P@10=0.6205  val_loss=0.1676  val_AUPR=0.5902  val_P@5=0.6305  val_P@10=0.4497
Ep063  LR0=5.00e-07  pw=1.01  aucα=0.400  token_p=0.010  dropE=(0.010,0.050)  smooth=0.010  train_loss=0.1397  train_AUPR=0.9015  train_P@5=0.9073  train_P@10=0.6208  val_loss=0.1676  val_AUPR=0.5899  val_P@5=0.6301  val_P@10=0.4495
Ep064  LR0=5.00e-07  pw=1.00  aucα=0.400  token_p=0.010  dropE=(0.010,0.050)  smooth=0.010  train_loss=0.1405  train_AUPR=0.9016  train_P@5=0.9075  train_P@10=0.6209  val_loss=0.1677  val_AUPR=0.5897  val_P@5=0.6299  val_P@10=0.4496
Ep065  LR0=5.00e-07  pw=1.00  aucα=0.400  token_p=0.010  dropE=(0.010,0.050)  smooth=0.010  train_loss=0.1409  train_AUPR=0.9018  train_P@5=0.9076  train_P@10=0.6210  val_loss=0.1677  val_AUPR=0.5895  val_P@5=0.6291  val_P@10=0.4495
Ep066  LR0=5.00e-07  pw=1.00  aucα=0.400  token_p=0.010  dropE=(0.010,0.050)  smooth=0.010  train_loss=0.1403  train_AUPR=0.9021  train_P@5=0.9080  train_P@10=0.6211  val_loss=0.1677  val_AUPR=0.5893  val_P@5=0.6295  val_P@10=0.4495
Ep067  LR0=5.00e-07  pw=1.00  aucα=0.400  token_p=0.010  dropE=(0.010,0.050)  smooth=0.010  train_loss=0.1389  train_AUPR=0.9021  train_P@5=0.9077  train_P@10=0.6210  val_loss=0.1678  val_AUPR=0.5890  val_P@5=0.6289  val_P@10=0.4494
Ep068  LR0=5.00e-07  pw=1.00  aucα=0.400  token_p=0.010  dropE=(0.010,0.050)  smooth=0.010  train_loss=0.1411  train_AUPR=0.9022  train_P@5=0.9077  train_P@10=0.6210  val_loss=0.1678  val_AUPR=0.5888  val_P@5=0.6285  val_P@10=0.4491
Ep069  LR0=5.00e-07  pw=1.00  aucα=0.400  token_p=0.010  dropE=(0.010,0.050)  smooth=0.010  train_loss=0.1395  train_AUPR=0.9024  train_P@5=0.9076  train_P@10=0.6212  val_loss=0.1679  val_AUPR=0.5886  val_P@5=0.6281  val_P@10=0.4489
Ep070  LR0=5.00e-07  pw=1.00  aucα=0.400  token_p=0.010  dropE=(0.010,0.050)  smooth=0.010  train_loss=0.1407  train_AUPR=0.9025  train_P@5=0.9080  train_P@10=0.6213  val_loss=0.1679  val_AUPR=0.5884  val_P@5=0.6281  val_P@10=0.4488
Ep071  LR0=5.00e-07  pw=1.00  aucα=0.400  token_p=0.010  dropE=(0.010,0.050)  smooth=0.010  train_loss=0.1390  train_AUPR=0.9025  train_P@5=0.9079  train_P@10=0.6213  val_loss=0.1680  val_AUPR=0.5882  val_P@5=0.6281  val_P@10=0.4489
Ep072  LR0=5.00e-07  pw=1.00  aucα=0.400  token_p=0.010  dropE=(0.010,0.050)  smooth=0.010  train_loss=0.1408  train_AUPR=0.9027  train_P@5=0.9080  train_P@10=0.6215  val_loss=0.1680  val_AUPR=0.5880  val_P@5=0.6279  val_P@10=0.4487
Ep073  LR0=5.00e-07  pw=1.00  aucα=0.400  token_p=0.010  dropE=(0.010,0.050)  smooth=0.010  train_loss=0.1395  train_AUPR=0.9029  train_P@5=0.9084  train_P@10=0.6215  val_loss=0.1681  val_AUPR=0.5879  val_P@5=0.6281  val_P@10=0.4486
Ep074  LR0=5.00e-07  pw=1.00  aucα=0.400  token_p=0.010  dropE=(0.010,0.050)  smooth=0.010  train_loss=0.1396  train_AUPR=0.9029  train_P@5=0.9088  train_P@10=0.6216  val_loss=0.1681  val_AUPR=0.5877  val_P@5=0.6279  val_P@10=0.4486
Early stop triggered: neither val_AUPR nor val_loss improved for 20 epochs.
Saved iPara_l1_g10_i5_do0.10_dpr0.10_lr0.0002_heads16_fold3.pth  (best val AUPR=0.6154)
Saved iPara_l1_g10_i5_do0.10_dpr0.10_lr0.0002_heads16_fold3_best_aupr.pth
Saved iPara_l1_g10_i5_do0.10_dpr0.10_lr0.0002_heads16_fold3_best_loss.pth  (best val loss=0.1677)

── Fold 4/5
Train labels: pos=26560, neg=372298, ignore=700342, pos_rate=0.066590
Val labels: pos=6670, neg=94664, ignore=172266, pos_rate=0.065822
Initializing ClassificationModel with 10 GAT layers and residual connections...
Initializing MCModel with 10 GAT layers and 5 row attention layers (drop_path_rate=0.1)
Initializing CoreModel with 1 layers, drop_path_rate=0.1
Ep000  LR0=2.00e-05  pw=15.00  aucα=0.000  token_p=0.000  dropE=(0.000,0.000)  smooth=0.000  train_loss=0.5365  train_AUPR=0.3953  train_P@5=0.4605  train_P@10=0.3458  val_loss=0.4919  val_AUPR=0.3853  val_P@5=0.4538  val_P@10=0.3494
Ep001  LR0=3.00e-05  pw=13.35  aucα=0.000  token_p=0.000  dropE=(0.000,0.000)  smooth=0.000  train_loss=0.4674  train_AUPR=0.4484  train_P@5=0.5215  train_P@10=0.3829  val_loss=0.4561  val_AUPR=0.4386  val_P@5=0.5116  val_P@10=0.3797
Ep002  LR0=4.00e-05  pw=11.90  aucα=0.000  token_p=0.000  dropE=(0.000,0.000)  smooth=0.000  train_loss=0.4427  train_AUPR=0.4812  train_P@5=0.5519  train_P@10=0.3979  val_loss=0.4402  val_AUPR=0.4623  val_P@5=0.5468  val_P@10=0.3848
Ep003  LR0=5.00e-05  pw=10.62  aucα=0.000  token_p=0.000  dropE=(0.000,0.000)  smooth=0.000  train_loss=0.4296  train_AUPR=0.5088  train_P@5=0.5763  train_P@10=0.4141  val_loss=0.4318  val_AUPR=0.4889  val_P@5=0.5647  val_P@10=0.4024
Ep004  LR0=6.00e-05  pw=9.49  aucα=0.057  token_p=0.000  dropE=(0.000,0.000)  smooth=0.000  train_loss=0.4215  train_AUPR=0.5307  train_P@5=0.5888  train_P@10=0.4200  val_loss=0.4252  val_AUPR=0.5125  val_P@5=0.5825  val_P@10=0.4070
Ep005  LR0=7.00e-05  pw=8.49  aucα=0.114  token_p=0.000  dropE=(0.000,0.000)  smooth=0.000  train_loss=0.4180  train_AUPR=0.5569  train_P@5=0.6064  train_P@10=0.4337  val_loss=0.3952  val_AUPR=0.5426  val_P@5=0.5914  val_P@10=0.4261
Ep006  LR0=8.00e-05  pw=7.61  aucα=0.171  token_p=0.001  dropE=(0.001,0.005)  smooth=0.001  train_loss=0.4166  train_AUPR=0.5712  train_P@5=0.6193  train_P@10=0.4416  val_loss=0.3938  val_AUPR=0.5555  val_P@5=0.6105  val_P@10=0.4352
Ep007  LR0=9.00e-05  pw=6.84  aucα=0.229  token_p=0.002  dropE=(0.002,0.010)  smooth=0.002  train_loss=0.4112  train_AUPR=0.5821  train_P@5=0.6241  train_P@10=0.4474  val_loss=0.3743  val_AUPR=0.5589  val_P@5=0.6062  val_P@10=0.4350
Ep008  LR0=1.00e-04  pw=6.15  aucα=0.286  token_p=0.003  dropE=(0.003,0.015)  smooth=0.003  train_loss=0.4073  train_AUPR=0.6061  train_P@5=0.6393  train_P@10=0.4585  val_loss=0.3637  val_AUPR=0.5818  val_P@5=0.6228  val_P@10=0.4402
Ep009  LR0=1.00e-04  pw=5.55  aucα=0.343  token_p=0.004  dropE=(0.004,0.020)  smooth=0.004  train_loss=0.4011  train_AUPR=0.5806  train_P@5=0.6221  train_P@10=0.4461  val_loss=0.3756  val_AUPR=0.5528  val_P@5=0.6040  val_P@10=0.4269
[Info] Unfroze 'dym' params after warmup (epoch=10). Added core=66 tensors, other=0 tensors.
Ep010  LR0=2.00e-05  pw=5.01  aucα=0.400  token_p=0.005  dropE=(0.005,0.025)  smooth=0.005  train_loss=0.3844  train_AUPR=0.6273  train_P@5=0.6583  train_P@10=0.4724  val_loss=0.3389  val_AUPR=0.5907  val_P@5=0.6415  val_P@10=0.4481
Ep011  LR0=3.00e-05  pw=4.54  aucα=0.400  token_p=0.006  dropE=(0.006,0.030)  smooth=0.006  train_loss=0.3722  train_AUPR=0.6369  train_P@5=0.6674  train_P@10=0.4764  val_loss=0.3268  val_AUPR=0.5927  val_P@5=0.6394  val_P@10=0.4482
Ep012  LR0=4.00e-05  pw=4.12  aucα=0.400  token_p=0.007  dropE=(0.007,0.035)  smooth=0.007  train_loss=0.3623  train_AUPR=0.6470  train_P@5=0.6753  train_P@10=0.4789  val_loss=0.3153  val_AUPR=0.5974  val_P@5=0.6459  val_P@10=0.4479
Ep013  LR0=5.00e-05  pw=3.76  aucα=0.400  token_p=0.008  dropE=(0.008,0.040)  smooth=0.008  train_loss=0.3542  train_AUPR=0.6522  train_P@5=0.6788  train_P@10=0.4836  val_loss=0.3032  val_AUPR=0.6021  val_P@5=0.6506  val_P@10=0.4527
Ep014  LR0=6.00e-05  pw=3.43  aucα=0.400  token_p=0.009  dropE=(0.009,0.045)  smooth=0.009  train_loss=0.3459  train_AUPR=0.6475  train_P@5=0.6756  train_P@10=0.4839  val_loss=0.3032  val_AUPR=0.5862  val_P@5=0.6465  val_P@10=0.4460
Ep015  LR0=7.00e-05  pw=3.15  aucα=0.400  token_p=0.010  dropE=(0.010,0.050)  smooth=0.010  train_loss=0.3391  train_AUPR=0.6546  train_P@5=0.6817  train_P@10=0.4832  val_loss=0.2773  val_AUPR=0.6050  val_P@5=0.6520  val_P@10=0.4528
Ep016  LR0=8.00e-05  pw=2.89  aucα=0.400  token_p=0.010  dropE=(0.010,0.050)  smooth=0.010  train_loss=0.3291  train_AUPR=0.6626  train_P@5=0.6840  train_P@10=0.4907  val_loss=0.2719  val_AUPR=0.6014  val_P@5=0.6392  val_P@10=0.4485
Ep017  LR0=9.00e-05  pw=2.67  aucα=0.400  token_p=0.010  dropE=(0.010,0.050)  smooth=0.010  train_loss=0.3206  train_AUPR=0.6682  train_P@5=0.6947  train_P@10=0.4924  val_loss=0.2635  val_AUPR=0.6049  val_P@5=0.6455  val_P@10=0.4487
Ep018  LR0=1.00e-04  pw=2.48  aucα=0.400  token_p=0.010  dropE=(0.010,0.050)  smooth=0.010  train_loss=0.3139  train_AUPR=0.6727  train_P@5=0.6953  train_P@10=0.4938  val_loss=0.2530  val_AUPR=0.6015  val_P@5=0.6544  val_P@10=0.4467
Ep019  LR0=1.00e-04  pw=2.30  aucα=0.400  token_p=0.010  dropE=(0.010,0.050)  smooth=0.010  train_loss=0.3066  train_AUPR=0.6792  train_P@5=0.7051  train_P@10=0.4945  val_loss=0.2448  val_AUPR=0.6126  val_P@5=0.6613  val_P@10=0.4521
Ep020  LR0=1.00e-04  pw=2.15  aucα=0.400  token_p=0.010  dropE=(0.010,0.050)  smooth=0.010  train_loss=0.2974  train_AUPR=0.6960  train_P@5=0.7150  train_P@10=0.5080  val_loss=0.2343  val_AUPR=0.6119  val_P@5=0.6668  val_P@10=0.4547
Ep021  LR0=9.99e-05  pw=2.01  aucα=0.400  token_p=0.010  dropE=(0.010,0.050)  smooth=0.010  train_loss=0.2884  train_AUPR=0.7050  train_P@5=0.7193  train_P@10=0.5144  val_loss=0.2254  val_AUPR=0.6152  val_P@5=0.6717  val_P@10=0.4565
Ep022  LR0=9.97e-05  pw=1.89  aucα=0.400  token_p=0.010  dropE=(0.010,0.050)  smooth=0.010  train_loss=0.2780  train_AUPR=0.7102  train_P@5=0.7265  train_P@10=0.5150  val_loss=0.2218  val_AUPR=0.6081  val_P@5=0.6542  val_P@10=0.4521
Ep023  LR0=9.95e-05  pw=1.79  aucα=0.400  token_p=0.010  dropE=(0.010,0.050)  smooth=0.010  train_loss=0.2701  train_AUPR=0.7298  train_P@5=0.7461  train_P@10=0.5280  val_loss=0.2171  val_AUPR=0.6091  val_P@5=0.6555  val_P@10=0.4502
Ep024  LR0=9.92e-05  pw=1.70  aucα=0.400  token_p=0.010  dropE=(0.010,0.050)  smooth=0.010  train_loss=0.2624  train_AUPR=0.7375  train_P@5=0.7422  train_P@10=0.5333  val_loss=0.2086  val_AUPR=0.6196  val_P@5=0.6662  val_P@10=0.4563
Ep025  LR0=9.89e-05  pw=1.62  aucα=0.400  token_p=0.010  dropE=(0.010,0.050)  smooth=0.010  train_loss=0.2520  train_AUPR=0.7461  train_P@5=0.7562  train_P@10=0.5374  val_loss=0.2033  val_AUPR=0.6116  val_P@5=0.6595  val_P@10=0.4544
Ep026  LR0=9.85e-05  pw=1.54  aucα=0.400  token_p=0.010  dropE=(0.010,0.050)  smooth=0.010  train_loss=0.2444  train_AUPR=0.7442  train_P@5=0.7569  train_P@10=0.5362  val_loss=0.2005  val_AUPR=0.6081  val_P@5=0.6522  val_P@10=0.4553
Ep027  LR0=9.81e-05  pw=1.48  aucα=0.400  token_p=0.010  dropE=(0.010,0.050)  smooth=0.010  train_loss=0.2386  train_AUPR=0.7716  train_P@5=0.7819  train_P@10=0.5533  val_loss=0.1980  val_AUPR=0.6072  val_P@5=0.6512  val_P@10=0.4523
Ep028  LR0=9.76e-05  pw=1.42  aucα=0.400  token_p=0.010  dropE=(0.010,0.050)  smooth=0.010  train_loss=0.2293  train_AUPR=0.7798  train_P@5=0.7893  train_P@10=0.5545  val_loss=0.1903  val_AUPR=0.6156  val_P@5=0.6510  val_P@10=0.4486
Ep029  LR0=9.70e-05  pw=1.37  aucα=0.400  token_p=0.010  dropE=(0.010,0.050)  smooth=0.010  train_loss=0.2229  train_AUPR=0.7861  train_P@5=0.7937  train_P@10=0.5591  val_loss=0.1890  val_AUPR=0.6163  val_P@5=0.6599  val_P@10=0.4550
Ep030  LR0=9.46e-05  pw=1.33  aucα=0.400  token_p=0.010  dropE=(0.010,0.050)  smooth=0.010  train_loss=0.2167  train_AUPR=0.8030  train_P@5=0.8115  train_P@10=0.5674  val_loss=0.1818  val_AUPR=0.6297  val_P@5=0.6713  val_P@10=0.4606
Ep031  LR0=8.78e-05  pw=1.29  aucα=0.400  token_p=0.010  dropE=(0.010,0.050)  smooth=0.010  train_loss=0.2083  train_AUPR=0.8155  train_P@5=0.8232  train_P@10=0.5752  val_loss=0.1789  val_AUPR=0.6322  val_P@5=0.6684  val_P@10=0.4608
Ep032  LR0=7.71e-05  pw=1.26  aucα=0.400  token_p=0.010  dropE=(0.010,0.050)  smooth=0.010  train_loss=0.2022  train_AUPR=0.8256  train_P@5=0.8323  train_P@10=0.5804  val_loss=0.1770  val_AUPR=0.6307  val_P@5=0.6605  val_P@10=0.4595
Ep033  LR0=6.37e-05  pw=1.23  aucα=0.400  token_p=0.010  dropE=(0.010,0.050)  smooth=0.010  train_loss=0.1934  train_AUPR=0.8352  train_P@5=0.8430  train_P@10=0.5824  val_loss=0.1756  val_AUPR=0.6300  val_P@5=0.6601  val_P@10=0.4571
Ep034  LR0=4.87e-05  pw=1.20  aucα=0.400  token_p=0.010  dropE=(0.010,0.050)  smooth=0.010  train_loss=0.1836  train_AUPR=0.8553  train_P@5=0.8612  train_P@10=0.5958  val_loss=0.1736  val_AUPR=0.6288  val_P@5=0.6567  val_P@10=0.4561
Ep035  LR0=3.38e-05  pw=1.18  aucα=0.400  token_p=0.010  dropE=(0.010,0.050)  smooth=0.010  train_loss=0.1730  train_AUPR=0.8745  train_P@5=0.8839  train_P@10=0.6052  val_loss=0.1724  val_AUPR=0.6274  val_P@5=0.6585  val_P@10=0.4561
Ep036  LR0=2.04e-05  pw=1.16  aucα=0.400  token_p=0.010  dropE=(0.010,0.050)  smooth=0.010  train_loss=0.1635  train_AUPR=0.8737  train_P@5=0.8815  train_P@10=0.6054  val_loss=0.1715  val_AUPR=0.6254  val_P@5=0.6552  val_P@10=0.4550
Ep037  LR0=9.71e-06  pw=1.14  aucα=0.400  token_p=0.010  dropE=(0.010,0.050)  smooth=0.010  train_loss=0.1564  train_AUPR=0.8876  train_P@5=0.8949  train_P@10=0.6140  val_loss=0.1704  val_AUPR=0.6240  val_P@5=0.6552  val_P@10=0.4550
Ep038  LR0=2.86e-06  pw=1.12  aucα=0.400  token_p=0.010  dropE=(0.010,0.050)  smooth=0.010  train_loss=0.1504  train_AUPR=0.8967  train_P@5=0.9045  train_P@10=0.6189  val_loss=0.1697  val_AUPR=0.6222  val_P@5=0.6526  val_P@10=0.4560
Ep039  LR0=5.00e-07  pw=1.11  aucα=0.400  token_p=0.010  dropE=(0.010,0.050)  smooth=0.010  train_loss=0.1465  train_AUPR=0.8983  train_P@5=0.9061  train_P@10=0.6197  val_loss=0.1691  val_AUPR=0.6207  val_P@5=0.6520  val_P@10=0.4557
Ep040  LR0=5.00e-07  pw=1.09  aucα=0.400  token_p=0.010  dropE=(0.010,0.050)  smooth=0.010  train_loss=0.1452  train_AUPR=0.8988  train_P@5=0.9066  train_P@10=0.6201  val_loss=0.1685  val_AUPR=0.6193  val_P@5=0.6522  val_P@10=0.4556
Ep041  LR0=5.00e-07  pw=1.08  aucα=0.400  token_p=0.010  dropE=(0.010,0.050)  smooth=0.010  train_loss=0.1447  train_AUPR=0.8990  train_P@5=0.9064  train_P@10=0.6201  val_loss=0.1680  val_AUPR=0.6180  val_P@5=0.6512  val_P@10=0.4551
Ep042  LR0=5.00e-07  pw=1.07  aucα=0.400  token_p=0.010  dropE=(0.010,0.050)  smooth=0.010  train_loss=0.1440  train_AUPR=0.8992  train_P@5=0.9070  train_P@10=0.6203  val_loss=0.1675  val_AUPR=0.6169  val_P@5=0.6500  val_P@10=0.4547
Ep043  LR0=5.00e-07  pw=1.06  aucα=0.400  token_p=0.010  dropE=(0.010,0.050)  smooth=0.010  train_loss=0.1439  train_AUPR=0.8996  train_P@5=0.9079  train_P@10=0.6206  val_loss=0.1671  val_AUPR=0.6158  val_P@5=0.6484  val_P@10=0.4543
Ep044  LR0=5.00e-07  pw=1.06  aucα=0.400  token_p=0.010  dropE=(0.010,0.050)  smooth=0.010  train_loss=0.1437  train_AUPR=0.8998  train_P@5=0.9078  train_P@10=0.6206  val_loss=0.1667  val_AUPR=0.6149  val_P@5=0.6480  val_P@10=0.4546
Ep045  LR0=5.00e-07  pw=1.05  aucα=0.400  token_p=0.010  dropE=(0.010,0.050)  smooth=0.010  train_loss=0.1435  train_AUPR=0.8998  train_P@5=0.9080  train_P@10=0.6204  val_loss=0.1664  val_AUPR=0.6140  val_P@5=0.6475  val_P@10=0.4543
Ep046  LR0=5.00e-07  pw=1.04  aucα=0.400  token_p=0.010  dropE=(0.010,0.050)  smooth=0.010  train_loss=0.1433  train_AUPR=0.9002  train_P@5=0.9087  train_P@10=0.6207  val_loss=0.1661  val_AUPR=0.6132  val_P@5=0.6467  val_P@10=0.4536
Ep047  LR0=5.00e-07  pw=1.04  aucα=0.400  token_p=0.010  dropE=(0.010,0.050)  smooth=0.010  train_loss=0.1420  train_AUPR=0.9004  train_P@5=0.9083  train_P@10=0.6207  val_loss=0.1659  val_AUPR=0.6125  val_P@5=0.6471  val_P@10=0.4531
Ep048  LR0=5.00e-07  pw=1.03  aucα=0.400  token_p=0.010  dropE=(0.010,0.050)  smooth=0.010  train_loss=0.1415  train_AUPR=0.9005  train_P@5=0.9086  train_P@10=0.6210  val_loss=0.1657  val_AUPR=0.6119  val_P@5=0.6471  val_P@10=0.4532
Ep049  LR0=5.00e-07  pw=1.03  aucα=0.400  token_p=0.010  dropE=(0.010,0.050)  smooth=0.010  train_loss=0.1423  train_AUPR=0.9005  train_P@5=0.9084  train_P@10=0.6209  val_loss=0.1655  val_AUPR=0.6113  val_P@5=0.6471  val_P@10=0.4530
Ep050  LR0=5.00e-07  pw=1.03  aucα=0.400  token_p=0.010  dropE=(0.010,0.050)  smooth=0.010  train_loss=0.1416  train_AUPR=0.9007  train_P@5=0.9088  train_P@10=0.6210  val_loss=0.1654  val_AUPR=0.6107  val_P@5=0.6475  val_P@10=0.4531
Ep051  LR0=5.00e-07  pw=1.02  aucα=0.400  token_p=0.010  dropE=(0.010,0.050)  smooth=0.010  train_loss=0.1414  train_AUPR=0.9010  train_P@5=0.9087  train_P@10=0.6211  val_loss=0.1653  val_AUPR=0.6102  val_P@5=0.6475  val_P@10=0.4527
Ep052  LR0=5.00e-07  pw=1.02  aucα=0.400  token_p=0.010  dropE=(0.010,0.050)  smooth=0.010  train_loss=0.1404  train_AUPR=0.9011  train_P@5=0.9095  train_P@10=0.6212  val_loss=0.1652  val_AUPR=0.6097  val_P@5=0.6465  val_P@10=0.4530
Ep053  LR0=5.00e-07  pw=1.02  aucα=0.400  token_p=0.010  dropE=(0.010,0.050)  smooth=0.010  train_loss=0.1413  train_AUPR=0.9014  train_P@5=0.9096  train_P@10=0.6214  val_loss=0.1651  val_AUPR=0.6093  val_P@5=0.6469  val_P@10=0.4530
Ep054  LR0=5.00e-07  pw=1.02  aucα=0.400  token_p=0.010  dropE=(0.010,0.050)  smooth=0.010  train_loss=0.1403  train_AUPR=0.9016  train_P@5=0.9096  train_P@10=0.6214  val_loss=0.1651  val_AUPR=0.6089  val_P@5=0.6467  val_P@10=0.4528
Ep055  LR0=5.00e-07  pw=1.01  aucα=0.400  token_p=0.010  dropE=(0.010,0.050)  smooth=0.010  train_loss=0.1417  train_AUPR=0.9016  train_P@5=0.9098  train_P@10=0.6215  val_loss=0.1650  val_AUPR=0.6084  val_P@5=0.6459  val_P@10=0.4530
Ep056  LR0=5.00e-07  pw=1.01  aucα=0.400  token_p=0.010  dropE=(0.010,0.050)  smooth=0.010  train_loss=0.1421  train_AUPR=0.9018  train_P@5=0.9102  train_P@10=0.6216  val_loss=0.1650  val_AUPR=0.6081  val_P@5=0.6457  val_P@10=0.4530
Ep057  LR0=5.00e-07  pw=1.01  aucα=0.400  token_p=0.010  dropE=(0.010,0.050)  smooth=0.010  train_loss=0.1401  train_AUPR=0.9019  train_P@5=0.9100  train_P@10=0.6215  val_loss=0.1650  val_AUPR=0.6077  val_P@5=0.6455  val_P@10=0.4532
Ep058  LR0=5.00e-07  pw=1.01  aucα=0.400  token_p=0.010  dropE=(0.010,0.050)  smooth=0.010  train_loss=0.1406  train_AUPR=0.9021  train_P@5=0.9100  train_P@10=0.6216  val_loss=0.1650  val_AUPR=0.6074  val_P@5=0.6453  val_P@10=0.4533
Ep059  LR0=5.00e-07  pw=1.01  aucα=0.400  token_p=0.010  dropE=(0.010,0.050)  smooth=0.010  train_loss=0.1403  train_AUPR=0.9022  train_P@5=0.9103  train_P@10=0.6216  val_loss=0.1650  val_AUPR=0.6071  val_P@5=0.6449  val_P@10=0.4533
Ep060  LR0=5.00e-07  pw=1.01  aucα=0.400  token_p=0.010  dropE=(0.010,0.050)  smooth=0.010  train_loss=0.1412  train_AUPR=0.9024  train_P@5=0.9109  train_P@10=0.6219  val_loss=0.1650  val_AUPR=0.6068  val_P@5=0.6445  val_P@10=0.4535
Ep061  LR0=5.00e-07  pw=1.01  aucα=0.400  token_p=0.010  dropE=(0.010,0.050)  smooth=0.010  train_loss=0.1398  train_AUPR=0.9025  train_P@5=0.9107  train_P@10=0.6220  val_loss=0.1651  val_AUPR=0.6065  val_P@5=0.6441  val_P@10=0.4536
Ep062  LR0=5.00e-07  pw=1.01  aucα=0.400  token_p=0.010  dropE=(0.010,0.050)  smooth=0.010  train_loss=0.1408  train_AUPR=0.9027  train_P@5=0.9109  train_P@10=0.6219  val_loss=0.1651  val_AUPR=0.6062  val_P@5=0.6435  val_P@10=0.4535
Ep063  LR0=5.00e-07  pw=1.01  aucα=0.400  token_p=0.010  dropE=(0.010,0.050)  smooth=0.010  train_loss=0.1395  train_AUPR=0.9028  train_P@5=0.9108  train_P@10=0.6219  val_loss=0.1651  val_AUPR=0.6060  val_P@5=0.6431  val_P@10=0.4535
Ep064  LR0=5.00e-07  pw=1.00  aucα=0.400  token_p=0.010  dropE=(0.010,0.050)  smooth=0.010  train_loss=0.1406  train_AUPR=0.9028  train_P@5=0.9112  train_P@10=0.6219  val_loss=0.1651  val_AUPR=0.6058  val_P@5=0.6431  val_P@10=0.4533
Ep065  LR0=5.00e-07  pw=1.00  aucα=0.400  token_p=0.010  dropE=(0.010,0.050)  smooth=0.010  train_loss=0.1396  train_AUPR=0.9029  train_P@5=0.9114  train_P@10=0.6223  val_loss=0.1652  val_AUPR=0.6055  val_P@5=0.6429  val_P@10=0.4536
Ep066  LR0=5.00e-07  pw=1.00  aucα=0.400  token_p=0.010  dropE=(0.010,0.050)  smooth=0.010  train_loss=0.1383  train_AUPR=0.9029  train_P@5=0.9112  train_P@10=0.6222  val_loss=0.1652  val_AUPR=0.6053  val_P@5=0.6425  val_P@10=0.4536
Ep067  LR0=5.00e-07  pw=1.00  aucα=0.400  token_p=0.010  dropE=(0.010,0.050)  smooth=0.010  train_loss=0.1393  train_AUPR=0.9030  train_P@5=0.9113  train_P@10=0.6222  val_loss=0.1653  val_AUPR=0.6051  val_P@5=0.6423  val_P@10=0.4538
Ep068  LR0=5.00e-07  pw=1.00  aucα=0.400  token_p=0.010  dropE=(0.010,0.050)  smooth=0.010  train_loss=0.1392  train_AUPR=0.9031  train_P@5=0.9115  train_P@10=0.6224  val_loss=0.1653  val_AUPR=0.6049  val_P@5=0.6421  val_P@10=0.4535
Ep069  LR0=5.00e-07  pw=1.00  aucα=0.400  token_p=0.010  dropE=(0.010,0.050)  smooth=0.010  train_loss=0.1399  train_AUPR=0.9032  train_P@5=0.9113  train_P@10=0.6223  val_loss=0.1653  val_AUPR=0.6047  val_P@5=0.6415  val_P@10=0.4534
Ep070  LR0=5.00e-07  pw=1.00  aucα=0.400  token_p=0.010  dropE=(0.010,0.050)  smooth=0.010  train_loss=0.1402  train_AUPR=0.9033  train_P@5=0.9115  train_P@10=0.6224  val_loss=0.1654  val_AUPR=0.6046  val_P@5=0.6419  val_P@10=0.4532
Ep071  LR0=5.00e-07  pw=1.00  aucα=0.400  token_p=0.010  dropE=(0.010,0.050)  smooth=0.010  train_loss=0.1407  train_AUPR=0.9035  train_P@5=0.9116  train_P@10=0.6224  val_loss=0.1654  val_AUPR=0.6044  val_P@5=0.6417  val_P@10=0.4532
Ep072  LR0=5.00e-07  pw=1.00  aucα=0.400  token_p=0.010  dropE=(0.010,0.050)  smooth=0.010  train_loss=0.1383  train_AUPR=0.9036  train_P@5=0.9118  train_P@10=0.6225  val_loss=0.1655  val_AUPR=0.6042  val_P@5=0.6415  val_P@10=0.4532
Ep073  LR0=5.00e-07  pw=1.00  aucα=0.400  token_p=0.010  dropE=(0.010,0.050)  smooth=0.010  train_loss=0.1396  train_AUPR=0.9037  train_P@5=0.9118  train_P@10=0.6225  val_loss=0.1655  val_AUPR=0.6041  val_P@5=0.6417  val_P@10=0.4532
Ep074  LR0=5.00e-07  pw=1.00  aucα=0.400  token_p=0.010  dropE=(0.010,0.050)  smooth=0.010  train_loss=0.1399  train_AUPR=0.9039  train_P@5=0.9121  train_P@10=0.6227  val_loss=0.1655  val_AUPR=0.6039  val_P@5=0.6417  val_P@10=0.4532
Ep075  LR0=5.00e-07  pw=1.00  aucα=0.400  token_p=0.010  dropE=(0.010,0.050)  smooth=0.010  train_loss=0.1398  train_AUPR=0.9042  train_P@5=0.9127  train_P@10=0.6230  val_loss=0.1656  val_AUPR=0.6037  val_P@5=0.6413  val_P@10=0.4532
Ep076  LR0=5.00e-07  pw=1.00  aucα=0.400  token_p=0.010  dropE=(0.010,0.050)  smooth=0.010  train_loss=0.1392  train_AUPR=0.9041  train_P@5=0.9127  train_P@10=0.6228  val_loss=0.1656  val_AUPR=0.6036  val_P@5=0.6413  val_P@10=0.4531
Early stop triggered: neither val_AUPR nor val_loss improved for 20 epochs.
Saved iPara_l1_g10_i5_do0.10_dpr0.10_lr0.0002_heads16_fold4.pth  (best val AUPR=0.6322)
Saved iPara_l1_g10_i5_do0.10_dpr0.10_lr0.0002_heads16_fold4_best_aupr.pth
Saved iPara_l1_g10_i5_do0.10_dpr0.10_lr0.0002_heads16_fold4_best_loss.pth  (best val loss=0.1650)

── Fold 5/5
Train labels: pos=26617, neg=373043, ignore=699540, pos_rate=0.066599
Val labels: pos=6613, neg=93919, ignore=173068, pos_rate=0.065780
Initializing ClassificationModel with 10 GAT layers and residual connections...
Initializing MCModel with 10 GAT layers and 5 row attention layers (drop_path_rate=0.1)
Initializing CoreModel with 1 layers, drop_path_rate=0.1
Ep000  LR0=2.00e-05  pw=15.00  aucα=0.000  token_p=0.000  dropE=(0.000,0.000)  smooth=0.000  train_loss=0.5370  train_AUPR=0.3827  train_P@5=0.4528  train_P@10=0.3406  val_loss=0.4909  val_AUPR=0.3661  val_P@5=0.4252  val_P@10=0.3241
Ep001  LR0=3.00e-05  pw=13.35  aucα=0.000  token_p=0.000  dropE=(0.000,0.000)  smooth=0.000  train_loss=0.4778  train_AUPR=0.4464  train_P@5=0.5164  train_P@10=0.3791  val_loss=0.4442  val_AUPR=0.4364  val_P@5=0.5066  val_P@10=0.3737
Ep002  LR0=4.00e-05  pw=11.90  aucα=0.000  token_p=0.000  dropE=(0.000,0.000)  smooth=0.000  train_loss=0.4492  train_AUPR=0.4917  train_P@5=0.5541  train_P@10=0.4008  val_loss=0.4206  val_AUPR=0.4751  val_P@5=0.5545  val_P@10=0.3939
Ep003  LR0=5.00e-05  pw=10.62  aucα=0.000  token_p=0.000  dropE=(0.000,0.000)  smooth=0.000  train_loss=0.4289  train_AUPR=0.5121  train_P@5=0.5670  train_P@10=0.4148  val_loss=0.4136  val_AUPR=0.4913  val_P@5=0.5611  val_P@10=0.4081
Ep004  LR0=6.00e-05  pw=9.49  aucα=0.057  token_p=0.000  dropE=(0.000,0.000)  smooth=0.000  train_loss=0.4267  train_AUPR=0.5321  train_P@5=0.5950  train_P@10=0.4243  val_loss=0.4002  val_AUPR=0.5134  val_P@5=0.5836  val_P@10=0.4178
Ep005  LR0=7.00e-05  pw=8.49  aucα=0.114  token_p=0.000  dropE=(0.000,0.000)  smooth=0.000  train_loss=0.4254  train_AUPR=0.5378  train_P@5=0.5847  train_P@10=0.4285  val_loss=0.3944  val_AUPR=0.5135  val_P@5=0.5657  val_P@10=0.4184
Ep006  LR0=8.00e-05  pw=7.61  aucα=0.171  token_p=0.001  dropE=(0.001,0.005)  smooth=0.001  train_loss=0.4195  train_AUPR=0.5403  train_P@5=0.5829  train_P@10=0.4296  val_loss=0.3921  val_AUPR=0.5002  val_P@5=0.5549  val_P@10=0.4180
Ep007  LR0=9.00e-05  pw=6.84  aucα=0.229  token_p=0.002  dropE=(0.002,0.010)  smooth=0.002  train_loss=0.4133  train_AUPR=0.5885  train_P@5=0.6296  train_P@10=0.4512  val_loss=0.3668  val_AUPR=0.5624  val_P@5=0.6076  val_P@10=0.4392
Ep008  LR0=1.00e-04  pw=6.15  aucα=0.286  token_p=0.003  dropE=(0.003,0.015)  smooth=0.003  train_loss=0.4075  train_AUPR=0.5957  train_P@5=0.6361  train_P@10=0.4557  val_loss=0.3597  val_AUPR=0.5590  val_P@5=0.6100  val_P@10=0.4401
Ep009  LR0=1.00e-04  pw=5.55  aucα=0.343  token_p=0.004  dropE=(0.004,0.020)  smooth=0.004  train_loss=0.4022  train_AUPR=0.6055  train_P@5=0.6451  train_P@10=0.4542  val_loss=0.3615  val_AUPR=0.5747  val_P@5=0.6142  val_P@10=0.4387
[Info] Unfroze 'dym' params after warmup (epoch=10). Added core=66 tensors, other=0 tensors.
Ep010  LR0=2.00e-05  pw=5.01  aucα=0.400  token_p=0.005  dropE=(0.005,0.025)  smooth=0.005  train_loss=0.3826  train_AUPR=0.6345  train_P@5=0.6669  train_P@10=0.4734  val_loss=0.3359  val_AUPR=0.5903  val_P@5=0.6246  val_P@10=0.4454
Ep011  LR0=3.00e-05  pw=4.54  aucα=0.400  token_p=0.006  dropE=(0.006,0.030)  smooth=0.006  train_loss=0.3702  train_AUPR=0.6397  train_P@5=0.6710  train_P@10=0.4757  val_loss=0.3230  val_AUPR=0.5965  val_P@5=0.6307  val_P@10=0.4507
Ep012  LR0=4.00e-05  pw=4.12  aucα=0.400  token_p=0.007  dropE=(0.007,0.035)  smooth=0.007  train_loss=0.3613  train_AUPR=0.6502  train_P@5=0.6793  train_P@10=0.4841  val_loss=0.3148  val_AUPR=0.6015  val_P@5=0.6387  val_P@10=0.4521
Ep013  LR0=5.00e-05  pw=3.76  aucα=0.400  token_p=0.008  dropE=(0.008,0.040)  smooth=0.008  train_loss=0.3522  train_AUPR=0.6587  train_P@5=0.6875  train_P@10=0.4881  val_loss=0.3028  val_AUPR=0.5983  val_P@5=0.6369  val_P@10=0.4517
Ep014  LR0=6.00e-05  pw=3.43  aucα=0.400  token_p=0.009  dropE=(0.009,0.045)  smooth=0.009  train_loss=0.3445  train_AUPR=0.6594  train_P@5=0.6845  train_P@10=0.4888  val_loss=0.2902  val_AUPR=0.6018  val_P@5=0.6423  val_P@10=0.4563
Ep015  LR0=7.00e-05  pw=3.15  aucα=0.400  token_p=0.010  dropE=(0.010,0.050)  smooth=0.010  train_loss=0.3352  train_AUPR=0.6576  train_P@5=0.6878  train_P@10=0.4895  val_loss=0.2861  val_AUPR=0.5789  val_P@5=0.6196  val_P@10=0.4446
Ep016  LR0=8.00e-05  pw=2.89  aucα=0.400  token_p=0.010  dropE=(0.010,0.050)  smooth=0.010  train_loss=0.3280  train_AUPR=0.6672  train_P@5=0.6954  train_P@10=0.4913  val_loss=0.2722  val_AUPR=0.6012  val_P@5=0.6486  val_P@10=0.4473
Ep017  LR0=9.00e-05  pw=2.67  aucα=0.400  token_p=0.010  dropE=(0.010,0.050)  smooth=0.010  train_loss=0.3192  train_AUPR=0.6770  train_P@5=0.6965  train_P@10=0.4982  val_loss=0.2625  val_AUPR=0.5991  val_P@5=0.6359  val_P@10=0.4486
Ep018  LR0=1.00e-04  pw=2.48  aucα=0.400  token_p=0.010  dropE=(0.010,0.050)  smooth=0.010  train_loss=0.3118  train_AUPR=0.6783  train_P@5=0.7005  train_P@10=0.4993  val_loss=0.2529  val_AUPR=0.5947  val_P@5=0.6335  val_P@10=0.4421
Ep019  LR0=1.00e-04  pw=2.30  aucα=0.400  token_p=0.010  dropE=(0.010,0.050)  smooth=0.010  train_loss=0.3053  train_AUPR=0.6861  train_P@5=0.7065  train_P@10=0.5050  val_loss=0.2435  val_AUPR=0.6020  val_P@5=0.6419  val_P@10=0.4491
Ep020  LR0=1.00e-04  pw=2.15  aucα=0.400  token_p=0.010  dropE=(0.010,0.050)  smooth=0.010  train_loss=0.2942  train_AUPR=0.7014  train_P@5=0.7236  train_P@10=0.5132  val_loss=0.2429  val_AUPR=0.5993  val_P@5=0.6442  val_P@10=0.4467
Ep021  LR0=9.99e-05  pw=2.01  aucα=0.400  token_p=0.010  dropE=(0.010,0.050)  smooth=0.010  train_loss=0.2867  train_AUPR=0.7067  train_P@5=0.7211  train_P@10=0.5193  val_loss=0.2324  val_AUPR=0.6006  val_P@5=0.6442  val_P@10=0.4466
Ep022  LR0=9.97e-05  pw=1.89  aucα=0.400  token_p=0.010  dropE=(0.010,0.050)  smooth=0.010  train_loss=0.2759  train_AUPR=0.7100  train_P@5=0.7316  train_P@10=0.5155  val_loss=0.2254  val_AUPR=0.5921  val_P@5=0.6297  val_P@10=0.4391
Ep023  LR0=9.95e-05  pw=1.79  aucα=0.400  token_p=0.010  dropE=(0.010,0.050)  smooth=0.010  train_loss=0.2673  train_AUPR=0.7327  train_P@5=0.7467  train_P@10=0.5298  val_loss=0.2184  val_AUPR=0.6035  val_P@5=0.6462  val_P@10=0.4457
Ep024  LR0=9.92e-05  pw=1.70  aucα=0.400  token_p=0.010  dropE=(0.010,0.050)  smooth=0.010  train_loss=0.2593  train_AUPR=0.7447  train_P@5=0.7628  train_P@10=0.5354  val_loss=0.2141  val_AUPR=0.5922  val_P@5=0.6273  val_P@10=0.4427
Ep025  LR0=9.89e-05  pw=1.62  aucα=0.400  token_p=0.010  dropE=(0.010,0.050)  smooth=0.010  train_loss=0.2510  train_AUPR=0.7459  train_P@5=0.7622  train_P@10=0.5386  val_loss=0.2078  val_AUPR=0.6061  val_P@5=0.6480  val_P@10=0.4432
Ep026  LR0=9.85e-05  pw=1.54  aucα=0.400  token_p=0.010  dropE=(0.010,0.050)  smooth=0.010  train_loss=0.2427  train_AUPR=0.7668  train_P@5=0.7809  train_P@10=0.5471  val_loss=0.2028  val_AUPR=0.6092  val_P@5=0.6385  val_P@10=0.4457
Ep027  LR0=9.81e-05  pw=1.48  aucα=0.400  token_p=0.010  dropE=(0.010,0.050)  smooth=0.010  train_loss=0.2344  train_AUPR=0.7783  train_P@5=0.7892  train_P@10=0.5539  val_loss=0.1993  val_AUPR=0.6058  val_P@5=0.6435  val_P@10=0.4490
Ep028  LR0=9.76e-05  pw=1.42  aucα=0.400  token_p=0.010  dropE=(0.010,0.050)  smooth=0.010  train_loss=0.2272  train_AUPR=0.7866  train_P@5=0.7980  train_P@10=0.5581  val_loss=0.1944  val_AUPR=0.6128  val_P@5=0.6458  val_P@10=0.4465
Ep029  LR0=9.70e-05  pw=1.37  aucα=0.400  token_p=0.010  dropE=(0.010,0.050)  smooth=0.010  train_loss=0.2200  train_AUPR=0.7836  train_P@5=0.7957  train_P@10=0.5549  val_loss=0.1966  val_AUPR=0.5876  val_P@5=0.6236  val_P@10=0.4369
Ep030  LR0=9.46e-05  pw=1.33  aucα=0.400  token_p=0.010  dropE=(0.010,0.050)  smooth=0.010  train_loss=0.2142  train_AUPR=0.7998  train_P@5=0.8058  train_P@10=0.5671  val_loss=0.1932  val_AUPR=0.5893  val_P@5=0.6176  val_P@10=0.4401
Ep031  LR0=8.78e-05  pw=1.29  aucα=0.400  token_p=0.010  dropE=(0.010,0.050)  smooth=0.010  train_loss=0.2049  train_AUPR=0.7937  train_P@5=0.7971  train_P@10=0.5640  val_loss=0.1910  val_AUPR=0.5942  val_P@5=0.6152  val_P@10=0.4437
Ep032  LR0=7.71e-05  pw=1.26  aucα=0.400  token_p=0.010  dropE=(0.010,0.050)  smooth=0.010  train_loss=0.2008  train_AUPR=0.8330  train_P@5=0.8412  train_P@10=0.5855  val_loss=0.1851  val_AUPR=0.6068  val_P@5=0.6287  val_P@10=0.4460
Ep033  LR0=6.37e-05  pw=1.23  aucα=0.400  token_p=0.010  dropE=(0.010,0.050)  smooth=0.010  train_loss=0.1889  train_AUPR=0.8416  train_P@5=0.8479  train_P@10=0.5900  val_loss=0.1825  val_AUPR=0.6104  val_P@5=0.6367  val_P@10=0.4477
Ep034  LR0=4.87e-05  pw=1.20  aucα=0.400  token_p=0.010  dropE=(0.010,0.050)  smooth=0.010  train_loss=0.1806  train_AUPR=0.8626  train_P@5=0.8696  train_P@10=0.6032  val_loss=0.1807  val_AUPR=0.6111  val_P@5=0.6399  val_P@10=0.4482
Ep035  LR0=3.38e-05  pw=1.18  aucα=0.400  token_p=0.010  dropE=(0.010,0.050)  smooth=0.010  train_loss=0.1700  train_AUPR=0.8682  train_P@5=0.8739  train_P@10=0.6034  val_loss=0.1795  val_AUPR=0.6104  val_P@5=0.6407  val_P@10=0.4490
Ep036  LR0=2.04e-05  pw=1.16  aucα=0.400  token_p=0.010  dropE=(0.010,0.050)  smooth=0.010  train_loss=0.1617  train_AUPR=0.8836  train_P@5=0.8907  train_P@10=0.6126  val_loss=0.1786  val_AUPR=0.6088  val_P@5=0.6401  val_P@10=0.4488
Ep037  LR0=9.71e-06  pw=1.14  aucα=0.400  token_p=0.010  dropE=(0.010,0.050)  smooth=0.010  train_loss=0.1533  train_AUPR=0.8919  train_P@5=0.8999  train_P@10=0.6182  val_loss=0.1776  val_AUPR=0.6078  val_P@5=0.6385  val_P@10=0.4488
Ep038  LR0=2.86e-06  pw=1.12  aucα=0.400  token_p=0.010  dropE=(0.010,0.050)  smooth=0.010  train_loss=0.1467  train_AUPR=0.8995  train_P@5=0.9065  train_P@10=0.6225  val_loss=0.1767  val_AUPR=0.6067  val_P@5=0.6375  val_P@10=0.4475
Ep039  LR0=5.00e-07  pw=1.11  aucα=0.400  token_p=0.010  dropE=(0.010,0.050)  smooth=0.010  train_loss=0.1430  train_AUPR=0.9012  train_P@5=0.9088  train_P@10=0.6231  val_loss=0.1759  val_AUPR=0.6055  val_P@5=0.6361  val_P@10=0.4474
Ep040  LR0=5.00e-07  pw=1.09  aucα=0.400  token_p=0.010  dropE=(0.010,0.050)  smooth=0.010  train_loss=0.1438  train_AUPR=0.9017  train_P@5=0.9091  train_P@10=0.6231  val_loss=0.1752  val_AUPR=0.6047  val_P@5=0.6351  val_P@10=0.4480
Ep041  LR0=5.00e-07  pw=1.08  aucα=0.400  token_p=0.010  dropE=(0.010,0.050)  smooth=0.010  train_loss=0.1422  train_AUPR=0.9019  train_P@5=0.9096  train_P@10=0.6234  val_loss=0.1745  val_AUPR=0.6038  val_P@5=0.6341  val_P@10=0.4481
Ep042  LR0=5.00e-07  pw=1.07  aucα=0.400  token_p=0.010  dropE=(0.010,0.050)  smooth=0.010  train_loss=0.1416  train_AUPR=0.9023  train_P@5=0.9096  train_P@10=0.6235  val_loss=0.1739  val_AUPR=0.6031  val_P@5=0.6343  val_P@10=0.4477
Ep043  LR0=5.00e-07  pw=1.06  aucα=0.400  token_p=0.010  dropE=(0.010,0.050)  smooth=0.010  train_loss=0.1411  train_AUPR=0.9027  train_P@5=0.9102  train_P@10=0.6237  val_loss=0.1734  val_AUPR=0.6025  val_P@5=0.6333  val_P@10=0.4480
Ep044  LR0=5.00e-07  pw=1.06  aucα=0.400  token_p=0.010  dropE=(0.010,0.050)  smooth=0.010  train_loss=0.1407  train_AUPR=0.9028  train_P@5=0.9104  train_P@10=0.6237  val_loss=0.1729  val_AUPR=0.6019  val_P@5=0.6327  val_P@10=0.4478
Ep045  LR0=5.00e-07  pw=1.05  aucα=0.400  token_p=0.010  dropE=(0.010,0.050)  smooth=0.010  train_loss=0.1411  train_AUPR=0.9031  train_P@5=0.9107  train_P@10=0.6239  val_loss=0.1725  val_AUPR=0.6013  val_P@5=0.6323  val_P@10=0.4477
Ep046  LR0=5.00e-07  pw=1.04  aucα=0.400  token_p=0.010  dropE=(0.010,0.050)  smooth=0.010  train_loss=0.1388  train_AUPR=0.9031  train_P@5=0.9108  train_P@10=0.6239  val_loss=0.1721  val_AUPR=0.6009  val_P@5=0.6313  val_P@10=0.4472
Ep047  LR0=5.00e-07  pw=1.04  aucα=0.400  token_p=0.010  dropE=(0.010,0.050)  smooth=0.010  train_loss=0.1398  train_AUPR=0.9034  train_P@5=0.9110  train_P@10=0.6240  val_loss=0.1718  val_AUPR=0.6005  val_P@5=0.6305  val_P@10=0.4470
Ep048  LR0=5.00e-07  pw=1.03  aucα=0.400  token_p=0.010  dropE=(0.010,0.050)  smooth=0.010  train_loss=0.1391  train_AUPR=0.9036  train_P@5=0.9115  train_P@10=0.6240  val_loss=0.1715  val_AUPR=0.6000  val_P@5=0.6305  val_P@10=0.4472
Ep049  LR0=5.00e-07  pw=1.03  aucα=0.400  token_p=0.010  dropE=(0.010,0.050)  smooth=0.010  train_loss=0.1392  train_AUPR=0.9039  train_P@5=0.9118  train_P@10=0.6243  val_loss=0.1713  val_AUPR=0.5997  val_P@5=0.6303  val_P@10=0.4471
Ep050  LR0=5.00e-07  pw=1.03  aucα=0.400  token_p=0.010  dropE=(0.010,0.050)  smooth=0.010  train_loss=0.1383  train_AUPR=0.9041  train_P@5=0.9118  train_P@10=0.6245  val_loss=0.1711  val_AUPR=0.5994  val_P@5=0.6307  val_P@10=0.4472
Ep051  LR0=5.00e-07  pw=1.02  aucα=0.400  token_p=0.010  dropE=(0.010,0.050)  smooth=0.010  train_loss=0.1387  train_AUPR=0.9042  train_P@5=0.9123  train_P@10=0.6245  val_loss=0.1709  val_AUPR=0.5990  val_P@5=0.6305  val_P@10=0.4473
Ep052  LR0=5.00e-07  pw=1.02  aucα=0.400  token_p=0.010  dropE=(0.010,0.050)  smooth=0.010  train_loss=0.1381  train_AUPR=0.9044  train_P@5=0.9124  train_P@10=0.6247  val_loss=0.1708  val_AUPR=0.5987  val_P@5=0.6301  val_P@10=0.4472
Ep053  LR0=5.00e-07  pw=1.02  aucα=0.400  token_p=0.010  dropE=(0.010,0.050)  smooth=0.010  train_loss=0.1382  train_AUPR=0.9043  train_P@5=0.9124  train_P@10=0.6248  val_loss=0.1707  val_AUPR=0.5984  val_P@5=0.6297  val_P@10=0.4470
Ep054  LR0=5.00e-07  pw=1.02  aucα=0.400  token_p=0.010  dropE=(0.010,0.050)  smooth=0.010  train_loss=0.1377  train_AUPR=0.9046  train_P@5=0.9125  train_P@10=0.6250  val_loss=0.1706  val_AUPR=0.5981  val_P@5=0.6297  val_P@10=0.4472
Ep055  LR0=5.00e-07  pw=1.01  aucα=0.400  token_p=0.010  dropE=(0.010,0.050)  smooth=0.010  train_loss=0.1382  train_AUPR=0.9048  train_P@5=0.9128  train_P@10=0.6249  val_loss=0.1705  val_AUPR=0.5978  val_P@5=0.6291  val_P@10=0.4471
Ep056  LR0=5.00e-07  pw=1.01  aucα=0.400  token_p=0.010  dropE=(0.010,0.050)  smooth=0.010  train_loss=0.1378  train_AUPR=0.9048  train_P@5=0.9125  train_P@10=0.6251  val_loss=0.1704  val_AUPR=0.5976  val_P@5=0.6295  val_P@10=0.4471
Ep057  LR0=5.00e-07  pw=1.01  aucα=0.400  token_p=0.010  dropE=(0.010,0.050)  smooth=0.010  train_loss=0.1388  train_AUPR=0.9049  train_P@5=0.9127  train_P@10=0.6251  val_loss=0.1704  val_AUPR=0.5974  val_P@5=0.6297  val_P@10=0.4473
Ep058  LR0=5.00e-07  pw=1.01  aucα=0.400  token_p=0.010  dropE=(0.010,0.050)  smooth=0.010  train_loss=0.1380  train_AUPR=0.9050  train_P@5=0.9131  train_P@10=0.6251  val_loss=0.1704  val_AUPR=0.5971  val_P@5=0.6301  val_P@10=0.4470
Ep059  LR0=5.00e-07  pw=1.01  aucα=0.400  token_p=0.010  dropE=(0.010,0.050)  smooth=0.010  train_loss=0.1373  train_AUPR=0.9052  train_P@5=0.9131  train_P@10=0.6251  val_loss=0.1703  val_AUPR=0.5969  val_P@5=0.6297  val_P@10=0.4468
Ep060  LR0=5.00e-07  pw=1.01  aucα=0.400  token_p=0.010  dropE=(0.010,0.050)  smooth=0.010  train_loss=0.1374  train_AUPR=0.9052  train_P@5=0.9129  train_P@10=0.6250  val_loss=0.1703  val_AUPR=0.5967  val_P@5=0.6301  val_P@10=0.4468
Ep061  LR0=5.00e-07  pw=1.01  aucα=0.400  token_p=0.010  dropE=(0.010,0.050)  smooth=0.010  train_loss=0.1380  train_AUPR=0.9055  train_P@5=0.9134  train_P@10=0.6253  val_loss=0.1703  val_AUPR=0.5965  val_P@5=0.6301  val_P@10=0.4468
Ep062  LR0=5.00e-07  pw=1.01  aucα=0.400  token_p=0.010  dropE=(0.010,0.050)  smooth=0.010  train_loss=0.1374  train_AUPR=0.9056  train_P@5=0.9136  train_P@10=0.6257  val_loss=0.1703  val_AUPR=0.5963  val_P@5=0.6299  val_P@10=0.4470
Ep063  LR0=5.00e-07  pw=1.01  aucα=0.400  token_p=0.010  dropE=(0.010,0.050)  smooth=0.010  train_loss=0.1378  train_AUPR=0.9059  train_P@5=0.9143  train_P@10=0.6256  val_loss=0.1703  val_AUPR=0.5962  val_P@5=0.6293  val_P@10=0.4470
Ep064  LR0=5.00e-07  pw=1.00  aucα=0.400  token_p=0.010  dropE=(0.010,0.050)  smooth=0.010  train_loss=0.1369  train_AUPR=0.9061  train_P@5=0.9140  train_P@10=0.6257  val_loss=0.1703  val_AUPR=0.5960  val_P@5=0.6293  val_P@10=0.4468
Ep065  LR0=5.00e-07  pw=1.00  aucα=0.400  token_p=0.010  dropE=(0.010,0.050)  smooth=0.010  train_loss=0.1361  train_AUPR=0.9061  train_P@5=0.9141  train_P@10=0.6258  val_loss=0.1703  val_AUPR=0.5958  val_P@5=0.6297  val_P@10=0.4467
Ep066  LR0=5.00e-07  pw=1.00  aucα=0.400  token_p=0.010  dropE=(0.010,0.050)  smooth=0.010  train_loss=0.1368  train_AUPR=0.9061  train_P@5=0.9143  train_P@10=0.6256  val_loss=0.1704  val_AUPR=0.5957  val_P@5=0.6297  val_P@10=0.4466
Ep067  LR0=5.00e-07  pw=1.00  aucα=0.400  token_p=0.010  dropE=(0.010,0.050)  smooth=0.010  train_loss=0.1377  train_AUPR=0.9062  train_P@5=0.9146  train_P@10=0.6257  val_loss=0.1704  val_AUPR=0.5955  val_P@5=0.6295  val_P@10=0.4466
Ep068  LR0=5.00e-07  pw=1.00  aucα=0.400  token_p=0.010  dropE=(0.010,0.050)  smooth=0.010  train_loss=0.1365  train_AUPR=0.9066  train_P@5=0.9144  train_P@10=0.6260  val_loss=0.1704  val_AUPR=0.5954  val_P@5=0.6293  val_P@10=0.4464
Ep069  LR0=5.00e-07  pw=1.00  aucα=0.400  token_p=0.010  dropE=(0.010,0.050)  smooth=0.010  train_loss=0.1372  train_AUPR=0.9067  train_P@5=0.9148  train_P@10=0.6261  val_loss=0.1704  val_AUPR=0.5953  val_P@5=0.6289  val_P@10=0.4463
Ep070  LR0=5.00e-07  pw=1.00  aucα=0.400  token_p=0.010  dropE=(0.010,0.050)  smooth=0.010  train_loss=0.1365  train_AUPR=0.9067  train_P@5=0.9148  train_P@10=0.6262  val_loss=0.1705  val_AUPR=0.5951  val_P@5=0.6295  val_P@10=0.4464
Ep071  LR0=5.00e-07  pw=1.00  aucα=0.400  token_p=0.010  dropE=(0.010,0.050)  smooth=0.010  train_loss=0.1357  train_AUPR=0.9069  train_P@5=0.9145  train_P@10=0.6262  val_loss=0.1705  val_AUPR=0.5950  val_P@5=0.6293  val_P@10=0.4465
Ep072  LR0=5.00e-07  pw=1.00  aucα=0.400  token_p=0.010  dropE=(0.010,0.050)  smooth=0.010  train_loss=0.1371  train_AUPR=0.9069  train_P@5=0.9144  train_P@10=0.6261  val_loss=0.1705  val_AUPR=0.5949  val_P@5=0.6295  val_P@10=0.4466
Ep073  LR0=5.00e-07  pw=1.00  aucα=0.400  token_p=0.010  dropE=(0.010,0.050)  smooth=0.010  train_loss=0.1370  train_AUPR=0.9071  train_P@5=0.9150  train_P@10=0.6264  val_loss=0.1706  val_AUPR=0.5947  val_P@5=0.6295  val_P@10=0.4465
Ep074  LR0=5.00e-07  pw=1.00  aucα=0.400  token_p=0.010  dropE=(0.010,0.050)  smooth=0.010  train_loss=0.1373  train_AUPR=0.9071  train_P@5=0.9146  train_P@10=0.6265  val_loss=0.1706  val_AUPR=0.5946  val_P@5=0.6291  val_P@10=0.4465
Ep075  LR0=5.00e-07  pw=1.00  aucα=0.400  token_p=0.010  dropE=(0.010,0.050)  smooth=0.010  train_loss=0.1373  train_AUPR=0.9073  train_P@5=0.9152  train_P@10=0.6266  val_loss=0.1706  val_AUPR=0.5945  val_P@5=0.6291  val_P@10=0.4463
Ep076  LR0=5.00e-07  pw=1.00  aucα=0.400  token_p=0.010  dropE=(0.010,0.050)  smooth=0.010  train_loss=0.1371  train_AUPR=0.9074  train_P@5=0.9152  train_P@10=0.6267  val_loss=0.1707  val_AUPR=0.5944  val_P@5=0.6291  val_P@10=0.4463
Ep077  LR0=5.00e-07  pw=1.00  aucα=0.400  token_p=0.010  dropE=(0.010,0.050)  smooth=0.010  train_loss=0.1354  train_AUPR=0.9076  train_P@5=0.9158  train_P@10=0.6267  val_loss=0.1707  val_AUPR=0.5943  val_P@5=0.6289  val_P@10=0.4463
Ep078  LR0=5.00e-07  pw=1.00  aucα=0.400  token_p=0.010  dropE=(0.010,0.050)  smooth=0.010  train_loss=0.1356  train_AUPR=0.9079  train_P@5=0.9161  train_P@10=0.6267  val_loss=0.1707  val_AUPR=0.5942  val_P@5=0.6289  val_P@10=0.4464
Early stop triggered: neither val_AUPR nor val_loss improved for 20 epochs.
Saved iPara_l1_g10_i5_do0.10_dpr0.10_lr0.0002_heads16_fold5.pth  (best val AUPR=0.6128)
Saved iPara_l1_g10_i5_do0.10_dpr0.10_lr0.0002_heads16_fold5_best_aupr.pth
Saved iPara_l1_g10_i5_do0.10_dpr0.10_lr0.0002_heads16_fold5_best_loss.pth  (best val loss=0.1704)
