Device: cuda
Visible GPUs: 1
GPU 0: NVIDIA RTX PRO 6000 Blackwell Server Edition
Config:
  sequence_file: para_tv_esmsequences_1600.npz
  data_file: para_tv_esminterfaces_1600.npz
  edge_file: para_tv_esmedges_1600.npz
  seq_len: 1600
  vocab_size: 31
  num_classes: 2
  pad_id: 1
  eoc_id: 24
  embed_dim: 256
  num_heads: 16
  num_layers: 1
  num_gnn_layers: 6
  num_int_layers: 5
  dropout: 0.1
  drop_path_rate: 0.1
  batch_size: 4
  num_epochs: 70
  warmup_epochs: 10
  min_stop_epoch: 45
  early_stop: 20
  learning_rate: 0.0002
  weight_decay: 0.0001
  max_grad_norm: 0.5
  accum_steps: 1
  amp: True
  weight_start: 20.0
  weight_end: 1.0
  weight_anneal_tau: 8.0
  dropedge_min: 0.02
  dropedge_max: 0.08
  token_drop_p: 0.02
  smooth_lambda: 0.01
  aucpr_alpha: 0.3
  aucpr_ramp_start: 10
  aucpr_ramp_len: 10
  aucpr_bins: 64
  aucpr_temp: 0.05
  antibody_loss_weight: 1.0
  antigen_loss_weight: 1.0
  n_splits: 5
  num_workers: 0
  select_ab_weight: 0.5
  select_ag_weight: 0.5
Dataset size: 858

==========================================================================================
Fold 1/5
==========================================================================================
Train labels: valid=399467, pos=26433, neg=373034, ignore=698133, pos_frac=0.06617
Val labels: valid=100725, pos=6797, neg=93928, ignore=174475, pos_frac=0.06748
Initializing ClassificationModel with 6 GAT layers and residual connections...
Initializing MCModel with 6 GAT layers and 5 row attention layers (drop_path_rate=0.1)
Initializing CoreModel with 1 layers, drop_path_rate=0.1
Ep001  LR0=2.00e-04  pw=20.00  aucα=0.000  token_p=0.020  dropE=(0.020,0.080)  smooth=0.010  train_loss=1.1060  train_AUPR_all=0.2395  train_AUPR_ab=0.2770  train_AUPR_ag=0.1855  train_P@5_ab=0.5000  train_P@5_ag=0.6000  val_loss=1.0783  val_AUPR_all=0.4454  val_AUPR_ab=0.5545  val_AUPR_ag=0.2930  val_P@5_ab=0.7500  val_P@5_ag=1.0000  select=0.4237
  Saved checkpoint: checkpoints_old/iPara_balanced_l1_g6_i5_do0.10_dpr0.10_lr0.0002_heads16_fold1.pth  select=0.4237  val_ab=0.5545  val_ag=0.2930  val_all=0.4454
Ep002  LR0=2.00e-04  pw=17.77  aucα=0.000  token_p=0.020  dropE=(0.020,0.080)  smooth=0.010  train_loss=0.7703  train_AUPR_all=0.4041  train_AUPR_ab=0.4886  train_AUPR_ag=0.2598  train_P@5_ab=0.5500  train_P@5_ag=1.0000  val_loss=1.1555  val_AUPR_all=0.4510  val_AUPR_ab=0.5477  val_AUPR_ag=0.3225  val_P@5_ab=0.8500  val_P@5_ag=0.9500  select=0.4351
  Saved checkpoint: checkpoints_old/iPara_balanced_l1_g6_i5_do0.10_dpr0.10_lr0.0002_heads16_fold1.pth  select=0.4351  val_ab=0.5477  val_ag=0.3225  val_all=0.4510
Ep003  LR0=2.00e-04  pw=15.80  aucα=0.000  token_p=0.020  dropE=(0.020,0.080)  smooth=0.010  train_loss=0.6908  train_AUPR_all=0.4546  train_AUPR_ab=0.5346  train_AUPR_ag=0.3061  train_P@5_ab=0.6000  train_P@5_ag=0.9000  val_loss=0.9719  val_AUPR_all=0.5094  val_AUPR_ab=0.6071  val_AUPR_ag=0.3464  val_P@5_ab=0.9000  val_P@5_ag=0.9500  select=0.4768
  Saved checkpoint: checkpoints_old/iPara_balanced_l1_g6_i5_do0.10_dpr0.10_lr0.0002_heads16_fold1.pth  select=0.4768  val_ab=0.6071  val_ag=0.3464  val_all=0.5094
Ep004  LR0=1.99e-04  pw=14.06  aucα=0.000  token_p=0.020  dropE=(0.020,0.080)  smooth=0.010  train_loss=0.6282  train_AUPR_all=0.4805  train_AUPR_ab=0.5697  train_AUPR_ag=0.3205  train_P@5_ab=0.8000  train_P@5_ag=0.9000  val_loss=0.8271  val_AUPR_all=0.5249  val_AUPR_ab=0.6235  val_AUPR_ag=0.3566  val_P@5_ab=0.9000  val_P@5_ag=1.0000  select=0.4900
  Saved checkpoint: checkpoints_old/iPara_balanced_l1_g6_i5_do0.10_dpr0.10_lr0.0002_heads16_fold1.pth  select=0.4900  val_ab=0.6235  val_ag=0.3566  val_all=0.5249
Unfreezing DyM parameters.
Ep005  LR0=1.98e-04  pw=12.52  aucα=0.000  token_p=0.020  dropE=(0.020,0.080)  smooth=0.010  train_loss=0.5961  train_AUPR_all=0.4911  train_AUPR_ab=0.5754  train_AUPR_ag=0.3390  train_P@5_ab=0.7000  train_P@5_ag=0.8000  val_loss=0.8736  val_AUPR_all=0.5034  val_AUPR_ab=0.6145  val_AUPR_ag=0.3382  val_P@5_ab=0.7000  val_P@5_ag=1.0000  select=0.4764
Ep006  LR0=1.97e-04  pw=11.17  aucα=0.000  token_p=0.020  dropE=(0.020,0.080)  smooth=0.010  train_loss=0.5453  train_AUPR_all=0.5106  train_AUPR_ab=0.6031  train_AUPR_ag=0.3461  train_P@5_ab=0.6500  train_P@5_ag=0.9000  val_loss=0.7442  val_AUPR_all=0.5468  val_AUPR_ab=0.6686  val_AUPR_ag=0.3535  val_P@5_ab=0.9000  val_P@5_ag=1.0000  select=0.5111
  Saved checkpoint: checkpoints_old/iPara_balanced_l1_g6_i5_do0.10_dpr0.10_lr0.0002_heads16_fold1.pth  select=0.5111  val_ab=0.6686  val_ag=0.3535  val_all=0.5468
Ep007  LR0=1.96e-04  pw=9.97  aucα=0.000  token_p=0.020  dropE=(0.020,0.080)  smooth=0.010  train_loss=0.5034  train_AUPR_all=0.5321  train_AUPR_ab=0.6258  train_AUPR_ag=0.3630  train_P@5_ab=0.8000  train_P@5_ag=0.9500  val_loss=0.7204  val_AUPR_all=0.5479  val_AUPR_ab=0.6657  val_AUPR_ag=0.3630  val_P@5_ab=0.9500  val_P@5_ag=1.0000  select=0.5143
  Saved checkpoint: checkpoints_old/iPara_balanced_l1_g6_i5_do0.10_dpr0.10_lr0.0002_heads16_fold1.pth  select=0.5143  val_ab=0.6657  val_ag=0.3630  val_all=0.5479
Ep008  LR0=1.95e-04  pw=8.92  aucα=0.000  token_p=0.020  dropE=(0.020,0.080)  smooth=0.010  train_loss=0.4710  train_AUPR_all=0.5426  train_AUPR_ab=0.6420  train_AUPR_ag=0.3709  train_P@5_ab=0.7000  train_P@5_ag=0.6500  val_loss=0.6892  val_AUPR_all=0.5562  val_AUPR_ab=0.6793  val_AUPR_ag=0.3644  val_P@5_ab=0.8500  val_P@5_ag=1.0000  select=0.5219
  Saved checkpoint: checkpoints_old/iPara_balanced_l1_g6_i5_do0.10_dpr0.10_lr0.0002_heads16_fold1.pth  select=0.5219  val_ab=0.6793  val_ag=0.3644  val_all=0.5562
Ep009  LR0=1.94e-04  pw=7.99  aucα=0.000  token_p=0.020  dropE=(0.020,0.080)  smooth=0.010  train_loss=0.4338  train_AUPR_all=0.5605  train_AUPR_ab=0.6630  train_AUPR_ag=0.3856  train_P@5_ab=1.0000  train_P@5_ag=0.8500  val_loss=0.6752  val_AUPR_all=0.5601  val_AUPR_ab=0.6951  val_AUPR_ag=0.3527  val_P@5_ab=1.0000  val_P@5_ag=1.0000  select=0.5239
  Saved checkpoint: checkpoints_old/iPara_balanced_l1_g6_i5_do0.10_dpr0.10_lr0.0002_heads16_fold1.pth  select=0.5239  val_ab=0.6951  val_ag=0.3527  val_all=0.5601
Ep010  LR0=1.92e-04  pw=7.17  aucα=0.030  token_p=0.020  dropE=(0.020,0.080)  smooth=0.010  train_loss=0.4242  train_AUPR_all=0.5620  train_AUPR_ab=0.6664  train_AUPR_ag=0.3919  train_P@5_ab=0.9000  train_P@5_ag=0.9000  val_loss=0.6121  val_AUPR_all=0.5641  val_AUPR_ab=0.6825  val_AUPR_ag=0.3733  val_P@5_ab=0.9000  val_P@5_ag=1.0000  select=0.5279
  Saved checkpoint: checkpoints_old/iPara_balanced_l1_g6_i5_do0.10_dpr0.10_lr0.0002_heads16_fold1.pth  select=0.5279  val_ab=0.6825  val_ag=0.3733  val_all=0.5641
Ep011  LR0=1.90e-04  pw=6.44  aucα=0.060  token_p=0.020  dropE=(0.020,0.080)  smooth=0.010  train_loss=0.4099  train_AUPR_all=0.5755  train_AUPR_ab=0.6773  train_AUPR_ag=0.4039  train_P@5_ab=0.6500  train_P@5_ag=0.8500  val_loss=0.6015  val_AUPR_all=0.5709  val_AUPR_ab=0.7018  val_AUPR_ag=0.3548  val_P@5_ab=0.9500  val_P@5_ag=1.0000  select=0.5283
  Saved checkpoint: checkpoints_old/iPara_balanced_l1_g6_i5_do0.10_dpr0.10_lr0.0002_heads16_fold1.pth  select=0.5283  val_ab=0.7018  val_ag=0.3548  val_all=0.5709
Ep012  LR0=1.88e-04  pw=5.80  aucα=0.090  token_p=0.020  dropE=(0.020,0.080)  smooth=0.010  train_loss=0.4039  train_AUPR_all=0.5814  train_AUPR_ab=0.6871  train_AUPR_ag=0.4056  train_P@5_ab=0.9500  train_P@5_ag=0.8500  val_loss=0.5435  val_AUPR_all=0.5763  val_AUPR_ab=0.6992  val_AUPR_ag=0.3724  val_P@5_ab=0.9000  val_P@5_ag=0.9500  select=0.5358
  Saved checkpoint: checkpoints_old/iPara_balanced_l1_g6_i5_do0.10_dpr0.10_lr0.0002_heads16_fold1.pth  select=0.5358  val_ab=0.6992  val_ag=0.3724  val_all=0.5763
Ep013  LR0=1.86e-04  pw=5.24  aucα=0.120  token_p=0.020  dropE=(0.020,0.080)  smooth=0.010  train_loss=0.3903  train_AUPR_all=0.5914  train_AUPR_ab=0.6923  train_AUPR_ag=0.4247  train_P@5_ab=0.9500  train_P@5_ag=0.8500  val_loss=0.5522  val_AUPR_all=0.5735  val_AUPR_ab=0.7100  val_AUPR_ag=0.3580  val_P@5_ab=0.9500  val_P@5_ag=1.0000  select=0.5340
Ep014  LR0=1.83e-04  pw=4.74  aucα=0.150  token_p=0.020  dropE=(0.020,0.080)  smooth=0.010  train_loss=0.3803  train_AUPR_all=0.6116  train_AUPR_ab=0.7129  train_AUPR_ag=0.4461  train_P@5_ab=1.0000  train_P@5_ag=0.9000  val_loss=0.5093  val_AUPR_all=0.5682  val_AUPR_ab=0.6975  val_AUPR_ag=0.3810  val_P@5_ab=0.9500  val_P@5_ag=1.0000  select=0.5392
  Saved checkpoint: checkpoints_old/iPara_balanced_l1_g6_i5_do0.10_dpr0.10_lr0.0002_heads16_fold1.pth  select=0.5392  val_ab=0.6975  val_ag=0.3810  val_all=0.5682
Ep015  LR0=1.81e-04  pw=4.30  aucα=0.180  token_p=0.020  dropE=(0.020,0.080)  smooth=0.010  train_loss=0.3726  train_AUPR_all=0.6104  train_AUPR_ab=0.7102  train_AUPR_ag=0.4469  train_P@5_ab=1.0000  train_P@5_ag=0.8000  val_loss=0.4949  val_AUPR_all=0.5775  val_AUPR_ab=0.7209  val_AUPR_ag=0.3731  val_P@5_ab=0.9500  val_P@5_ag=0.9500  select=0.5470
  Saved checkpoint: checkpoints_old/iPara_balanced_l1_g6_i5_do0.10_dpr0.10_lr0.0002_heads16_fold1.pth  select=0.5470  val_ab=0.7209  val_ag=0.3731  val_all=0.5775
Ep016  LR0=1.78e-04  pw=3.91  aucα=0.210  token_p=0.020  dropE=(0.020,0.080)  smooth=0.010  train_loss=0.3665  train_AUPR_all=0.6242  train_AUPR_ab=0.7263  train_AUPR_ag=0.4594  train_P@5_ab=0.9500  train_P@5_ag=0.8500  val_loss=0.4783  val_AUPR_all=0.5871  val_AUPR_ab=0.7292  val_AUPR_ag=0.3682  val_P@5_ab=0.9000  val_P@5_ag=1.0000  select=0.5487
  Saved checkpoint: checkpoints_old/iPara_balanced_l1_g6_i5_do0.10_dpr0.10_lr0.0002_heads16_fold1.pth  select=0.5487  val_ab=0.7292  val_ag=0.3682  val_all=0.5871
Ep017  LR0=1.75e-04  pw=3.57  aucα=0.240  token_p=0.020  dropE=(0.020,0.080)  smooth=0.010  train_loss=0.3541  train_AUPR_all=0.6377  train_AUPR_ab=0.7324  train_AUPR_ag=0.4861  train_P@5_ab=1.0000  train_P@5_ag=0.9000  val_loss=0.4437  val_AUPR_all=0.5952  val_AUPR_ab=0.7376  val_AUPR_ag=0.3725  val_P@5_ab=0.9500  val_P@5_ag=0.9000  select=0.5551
  Saved checkpoint: checkpoints_old/iPara_balanced_l1_g6_i5_do0.10_dpr0.10_lr0.0002_heads16_fold1.pth  select=0.5551  val_ab=0.7376  val_ag=0.3725  val_all=0.5952
Ep018  LR0=1.72e-04  pw=3.27  aucα=0.270  token_p=0.020  dropE=(0.020,0.080)  smooth=0.010  train_loss=0.3496  train_AUPR_all=0.6456  train_AUPR_ab=0.7392  train_AUPR_ag=0.4970  train_P@5_ab=1.0000  train_P@5_ag=0.9500  val_loss=0.4500  val_AUPR_all=0.5744  val_AUPR_ab=0.7155  val_AUPR_ag=0.3556  val_P@5_ab=0.9500  val_P@5_ag=0.7500  select=0.5355
Ep019  LR0=1.69e-04  pw=3.00  aucα=0.300  token_p=0.020  dropE=(0.020,0.080)  smooth=0.010  train_loss=0.3466  train_AUPR_all=0.6525  train_AUPR_ab=0.7433  train_AUPR_ag=0.5096  train_P@5_ab=1.0000  train_P@5_ag=0.9000  val_loss=0.4362  val_AUPR_all=0.5828  val_AUPR_ab=0.7333  val_AUPR_ag=0.3530  val_P@5_ab=1.0000  val_P@5_ag=0.8000  select=0.5432
Ep020  LR0=1.66e-04  pw=2.77  aucα=0.300  token_p=0.020  dropE=(0.020,0.080)  smooth=0.010  train_loss=0.3273  train_AUPR_all=0.6631  train_AUPR_ab=0.7491  train_AUPR_ag=0.5286  train_P@5_ab=1.0000  train_P@5_ag=0.9000  val_loss=0.4101  val_AUPR_all=0.5914  val_AUPR_ab=0.7411  val_AUPR_ag=0.3606  val_P@5_ab=1.0000  val_P@5_ag=1.0000  select=0.5509
Ep021  LR0=1.62e-04  pw=2.56  aucα=0.300  token_p=0.020  dropE=(0.020,0.080)  smooth=0.010  train_loss=0.3111  train_AUPR_all=0.6752  train_AUPR_ab=0.7585  train_AUPR_ag=0.5453  train_P@5_ab=0.9500  train_P@5_ag=1.0000  val_loss=0.4247  val_AUPR_all=0.5793  val_AUPR_ab=0.7354  val_AUPR_ag=0.3607  val_P@5_ab=0.9500  val_P@5_ag=1.0000  select=0.5480
Ep022  LR0=1.59e-04  pw=2.38  aucα=0.300  token_p=0.020  dropE=(0.020,0.080)  smooth=0.010  train_loss=0.2978  train_AUPR_all=0.6850  train_AUPR_ab=0.7663  train_AUPR_ag=0.5591  train_P@5_ab=0.9500  train_P@5_ag=1.0000  val_loss=0.3895  val_AUPR_all=0.5912  val_AUPR_ab=0.7487  val_AUPR_ag=0.3597  val_P@5_ab=1.0000  val_P@5_ag=0.9500  select=0.5542
Ep023  LR0=1.55e-04  pw=2.21  aucα=0.300  token_p=0.020  dropE=(0.020,0.080)  smooth=0.010  train_loss=0.2774  train_AUPR_all=0.7053  train_AUPR_ab=0.7781  train_AUPR_ag=0.5952  train_P@5_ab=0.9500  train_P@5_ag=1.0000  val_loss=0.3894  val_AUPR_all=0.5860  val_AUPR_ab=0.7455  val_AUPR_ag=0.3520  val_P@5_ab=1.0000  val_P@5_ag=0.9500  select=0.5488
Ep024  LR0=1.51e-04  pw=2.07  aucα=0.300  token_p=0.020  dropE=(0.020,0.080)  smooth=0.010  train_loss=0.2667  train_AUPR_all=0.7083  train_AUPR_ab=0.7821  train_AUPR_ag=0.5969  train_P@5_ab=1.0000  train_P@5_ag=0.9500  val_loss=0.3720  val_AUPR_all=0.5959  val_AUPR_ab=0.7539  val_AUPR_ag=0.3633  val_P@5_ab=1.0000  val_P@5_ag=0.9000  select=0.5586
  Saved checkpoint: checkpoints_old/iPara_balanced_l1_g6_i5_do0.10_dpr0.10_lr0.0002_heads16_fold1.pth  select=0.5586  val_ab=0.7539  val_ag=0.3633  val_all=0.5959
Ep025  LR0=1.48e-04  pw=1.95  aucα=0.300  token_p=0.020  dropE=(0.020,0.080)  smooth=0.010  train_loss=0.2562  train_AUPR_all=0.7182  train_AUPR_ab=0.7840  train_AUPR_ag=0.6201  train_P@5_ab=0.9500  train_P@5_ag=0.8500  val_loss=0.3754  val_AUPR_all=0.5945  val_AUPR_ab=0.7531  val_AUPR_ag=0.3690  val_P@5_ab=1.0000  val_P@5_ag=1.0000  select=0.5611
  Saved checkpoint: checkpoints_old/iPara_balanced_l1_g6_i5_do0.10_dpr0.10_lr0.0002_heads16_fold1.pth  select=0.5611  val_ab=0.7531  val_ag=0.3690  val_all=0.5945
Ep026  LR0=1.44e-04  pw=1.83  aucα=0.300  token_p=0.020  dropE=(0.020,0.080)  smooth=0.010  train_loss=0.2450  train_AUPR_all=0.7257  train_AUPR_ab=0.7878  train_AUPR_ag=0.6328  train_P@5_ab=0.9500  train_P@5_ag=0.8500  val_loss=0.3557  val_AUPR_all=0.6025  val_AUPR_ab=0.7568  val_AUPR_ag=0.3864  val_P@5_ab=0.9500  val_P@5_ag=1.0000  select=0.5716
  Saved checkpoint: checkpoints_old/iPara_balanced_l1_g6_i5_do0.10_dpr0.10_lr0.0002_heads16_fold1.pth  select=0.5716  val_ab=0.7568  val_ag=0.3864  val_all=0.6025
Ep027  LR0=1.39e-04  pw=1.74  aucα=0.300  token_p=0.020  dropE=(0.020,0.080)  smooth=0.010  train_loss=0.2349  train_AUPR_all=0.7357  train_AUPR_ab=0.7959  train_AUPR_ag=0.6464  train_P@5_ab=0.9500  train_P@5_ag=0.9500  val_loss=0.3744  val_AUPR_all=0.5952  val_AUPR_ab=0.7543  val_AUPR_ag=0.3660  val_P@5_ab=1.0000  val_P@5_ag=0.9000  select=0.5602
Ep028  LR0=1.35e-04  pw=1.65  aucα=0.300  token_p=0.020  dropE=(0.020,0.080)  smooth=0.010  train_loss=0.2253  train_AUPR_all=0.7468  train_AUPR_ab=0.8061  train_AUPR_ag=0.6593  train_P@5_ab=1.0000  train_P@5_ag=0.9500  val_loss=0.3845  val_AUPR_all=0.5436  val_AUPR_ab=0.7462  val_AUPR_ag=0.3257  val_P@5_ab=0.9000  val_P@5_ag=0.5500  select=0.5359
Ep029  LR0=1.31e-04  pw=1.57  aucα=0.300  token_p=0.020  dropE=(0.020,0.080)  smooth=0.010  train_loss=0.2159  train_AUPR_all=0.7553  train_AUPR_ab=0.8058  train_AUPR_ag=0.6820  train_P@5_ab=1.0000  train_P@5_ag=1.0000  val_loss=0.3642  val_AUPR_all=0.5830  val_AUPR_ab=0.7483  val_AUPR_ag=0.3531  val_P@5_ab=1.0000  val_P@5_ag=0.7500  select=0.5507
Ep030  LR0=1.27e-04  pw=1.51  aucα=0.300  token_p=0.020  dropE=(0.020,0.080)  smooth=0.010  train_loss=0.2070  train_AUPR_all=0.7673  train_AUPR_ab=0.8184  train_AUPR_ag=0.6930  train_P@5_ab=1.0000  train_P@5_ag=0.9500  val_loss=0.3524  val_AUPR_all=0.5725  val_AUPR_ab=0.7439  val_AUPR_ag=0.3636  val_P@5_ab=0.9500  val_P@5_ag=0.8000  select=0.5538
Ep031  LR0=1.22e-04  pw=1.45  aucα=0.300  token_p=0.020  dropE=(0.020,0.080)  smooth=0.010  train_loss=0.2008  train_AUPR_all=0.7728  train_AUPR_ab=0.8193  train_AUPR_ag=0.7058  train_P@5_ab=1.0000  train_P@5_ag=0.9500  val_loss=0.3506  val_AUPR_all=0.5782  val_AUPR_ab=0.7494  val_AUPR_ag=0.3608  val_P@5_ab=0.9500  val_P@5_ag=0.8500  select=0.5551
Ep032  LR0=1.18e-04  pw=1.39  aucα=0.300  token_p=0.020  dropE=(0.020,0.080)  smooth=0.010  train_loss=0.1900  train_AUPR_all=0.7894  train_AUPR_ab=0.8342  train_AUPR_ag=0.7247  train_P@5_ab=1.0000  train_P@5_ag=1.0000  val_loss=0.3412  val_AUPR_all=0.5886  val_AUPR_ab=0.7588  val_AUPR_ag=0.3660  val_P@5_ab=0.9000  val_P@5_ag=0.8000  select=0.5624
Ep033  LR0=1.14e-04  pw=1.35  aucα=0.300  token_p=0.020  dropE=(0.020,0.080)  smooth=0.010  train_loss=0.1812  train_AUPR_all=0.7977  train_AUPR_ab=0.8398  train_AUPR_ag=0.7369  train_P@5_ab=1.0000  train_P@5_ag=1.0000  val_loss=0.3401  val_AUPR_all=0.5852  val_AUPR_ab=0.7572  val_AUPR_ag=0.3839  val_P@5_ab=1.0000  val_P@5_ag=0.7000  select=0.5706
Ep034  LR0=1.09e-04  pw=1.31  aucα=0.300  token_p=0.020  dropE=(0.020,0.080)  smooth=0.010  train_loss=0.1825  train_AUPR_all=0.7924  train_AUPR_ab=0.8342  train_AUPR_ag=0.7328  train_P@5_ab=1.0000  train_P@5_ag=0.9500  val_loss=0.3615  val_AUPR_all=0.5675  val_AUPR_ab=0.7404  val_AUPR_ag=0.3422  val_P@5_ab=1.0000  val_P@5_ag=0.8500  select=0.5413
Ep035  LR0=1.05e-04  pw=1.27  aucα=0.300  token_p=0.020  dropE=(0.020,0.080)  smooth=0.010  train_loss=0.1735  train_AUPR_all=0.8052  train_AUPR_ab=0.8434  train_AUPR_ag=0.7506  train_P@5_ab=1.0000  train_P@5_ag=1.0000  val_loss=0.3592  val_AUPR_all=0.5706  val_AUPR_ab=0.7517  val_AUPR_ag=0.3441  val_P@5_ab=0.9500  val_P@5_ag=0.7500  select=0.5479
Ep036  LR0=1.00e-04  pw=1.24  aucα=0.300  token_p=0.020  dropE=(0.020,0.080)  smooth=0.010  train_loss=0.1675  train_AUPR_all=0.8158  train_AUPR_ab=0.8511  train_AUPR_ag=0.7658  train_P@5_ab=1.0000  train_P@5_ag=0.9500  val_loss=0.3201  val_AUPR_all=0.5975  val_AUPR_ab=0.7614  val_AUPR_ag=0.3805  val_P@5_ab=1.0000  val_P@5_ag=0.9000  select=0.5710
Ep037  LR0=9.58e-05  pw=1.21  aucα=0.300  token_p=0.020  dropE=(0.020,0.080)  smooth=0.010  train_loss=0.1613  train_AUPR_all=0.8238  train_AUPR_ab=0.8608  train_AUPR_ag=0.7713  train_P@5_ab=1.0000  train_P@5_ag=0.9000  val_loss=0.3556  val_AUPR_all=0.5702  val_AUPR_ab=0.7574  val_AUPR_ag=0.3379  val_P@5_ab=0.9500  val_P@5_ag=0.8000  select=0.5476
Ep038  LR0=9.13e-05  pw=1.19  aucα=0.300  token_p=0.020  dropE=(0.020,0.080)  smooth=0.010  train_loss=0.1550  train_AUPR_all=0.8325  train_AUPR_ab=0.8663  train_AUPR_ag=0.7842  train_P@5_ab=1.0000  train_P@5_ag=1.0000  val_loss=0.3557  val_AUPR_all=0.5601  val_AUPR_ab=0.7493  val_AUPR_ag=0.3389  val_P@5_ab=0.8500  val_P@5_ag=0.6000  select=0.5441
Ep039  LR0=8.69e-05  pw=1.16  aucα=0.300  token_p=0.020  dropE=(0.020,0.080)  smooth=0.010  train_loss=0.1519  train_AUPR_all=0.8364  train_AUPR_ab=0.8710  train_AUPR_ag=0.7869  train_P@5_ab=1.0000  train_P@5_ag=1.0000  val_loss=0.3546  val_AUPR_all=0.5721  val_AUPR_ab=0.7578  val_AUPR_ag=0.3422  val_P@5_ab=0.9000  val_P@5_ag=0.5500  select=0.5500
Ep040  LR0=8.24e-05  pw=1.15  aucα=0.300  token_p=0.020  dropE=(0.020,0.080)  smooth=0.010  train_loss=0.1463  train_AUPR_all=0.8463  train_AUPR_ab=0.8786  train_AUPR_ag=0.7999  train_P@5_ab=1.0000  train_P@5_ag=1.0000  val_loss=0.3364  val_AUPR_all=0.5790  val_AUPR_ab=0.7542  val_AUPR_ag=0.3466  val_P@5_ab=0.9500  val_P@5_ag=0.4500  select=0.5504
Ep041  LR0=7.81e-05  pw=1.13  aucα=0.300  token_p=0.020  dropE=(0.020,0.080)  smooth=0.010  train_loss=0.1408  train_AUPR_all=0.8538  train_AUPR_ab=0.8846  train_AUPR_ag=0.8098  train_P@5_ab=1.0000  train_P@5_ag=0.9500  val_loss=0.3468  val_AUPR_all=0.5704  val_AUPR_ab=0.7513  val_AUPR_ag=0.3394  val_P@5_ab=0.8000  val_P@5_ag=0.7000  select=0.5454
Ep042  LR0=7.37e-05  pw=1.11  aucα=0.300  token_p=0.020  dropE=(0.020,0.080)  smooth=0.010  train_loss=0.1388  train_AUPR_all=0.8559  train_AUPR_ab=0.8864  train_AUPR_ag=0.8123  train_P@5_ab=1.0000  train_P@5_ag=1.0000  val_loss=0.3451  val_AUPR_all=0.5651  val_AUPR_ab=0.7472  val_AUPR_ag=0.3483  val_P@5_ab=1.0000  val_P@5_ag=0.5000  select=0.5478
Ep043  LR0=6.94e-05  pw=1.10  aucα=0.300  token_p=0.020  dropE=(0.020,0.080)  smooth=0.010  train_loss=0.1336  train_AUPR_all=0.8658  train_AUPR_ab=0.8950  train_AUPR_ag=0.8237  train_P@5_ab=0.9500  train_P@5_ag=1.0000  val_loss=0.3404  val_AUPR_all=0.5732  val_AUPR_ab=0.7463  val_AUPR_ag=0.3381  val_P@5_ab=0.8000  val_P@5_ag=0.6000  select=0.5422
Ep044  LR0=6.52e-05  pw=1.09  aucα=0.300  token_p=0.020  dropE=(0.020,0.080)  smooth=0.010  train_loss=0.1361  train_AUPR_all=0.8588  train_AUPR_ab=0.8903  train_AUPR_ag=0.8133  train_P@5_ab=1.0000  train_P@5_ag=1.0000  val_loss=0.3367  val_AUPR_all=0.5803  val_AUPR_ab=0.7484  val_AUPR_ag=0.3649  val_P@5_ab=0.9000  val_P@5_ag=0.6000  select=0.5566
Ep045  LR0=6.10e-05  pw=1.08  aucα=0.300  token_p=0.020  dropE=(0.020,0.080)  smooth=0.010  train_loss=0.1266  train_AUPR_all=0.8748  train_AUPR_ab=0.9016  train_AUPR_ag=0.8361  train_P@5_ab=1.0000  train_P@5_ag=0.9500  val_loss=0.3441  val_AUPR_all=0.5730  val_AUPR_ab=0.7577  val_AUPR_ag=0.3534  val_P@5_ab=0.9500  val_P@5_ag=0.6500  select=0.5556
Ep046  LR0=5.70e-05  pw=1.07  aucα=0.300  token_p=0.020  dropE=(0.020,0.080)  smooth=0.010  train_loss=0.1258  train_AUPR_all=0.8756  train_AUPR_ab=0.9021  train_AUPR_ag=0.8375  train_P@5_ab=1.0000  train_P@5_ag=1.0000  val_loss=0.3474  val_AUPR_all=0.5707  val_AUPR_ab=0.7459  val_AUPR_ag=0.3542  val_P@5_ab=0.9000  val_P@5_ag=0.7000  select=0.5500
Early stopping at epoch 46. Best select=0.5716 at epoch 26.
Final saved checkpoint for fold 1: checkpoints_old/iPara_balanced_l1_g6_i5_do0.10_dpr0.10_lr0.0002_heads16_fold1.pth
Best select=0.5716 at epoch 26

==========================================================================================
Fold 2/5
==========================================================================================
Train labels: valid=400834, pos=26650, neg=374184, ignore=696766, pos_frac=0.06649
Val labels: valid=99358, pos=6580, neg=92778, ignore=175842, pos_frac=0.06623
Initializing ClassificationModel with 6 GAT layers and residual connections...
Initializing MCModel with 6 GAT layers and 5 row attention layers (drop_path_rate=0.1)
Initializing CoreModel with 1 layers, drop_path_rate=0.1
Ep001  LR0=2.00e-04  pw=20.00  aucα=0.000  token_p=0.020  dropE=(0.020,0.080)  smooth=0.010  train_loss=1.1416  train_AUPR_all=0.2520  train_AUPR_ab=0.3208  train_AUPR_ag=0.1714  train_P@5_ab=0.4500  train_P@5_ag=0.4500  val_loss=1.0890  val_AUPR_all=0.4267  val_AUPR_ab=0.4978  val_AUPR_ag=0.3129  val_P@5_ab=0.8000  val_P@5_ag=0.9000  select=0.4054
  Saved checkpoint: checkpoints_old/iPara_balanced_l1_g6_i5_do0.10_dpr0.10_lr0.0002_heads16_fold2.pth  select=0.4054  val_ab=0.4978  val_ag=0.3129  val_all=0.4267
Ep002  LR0=2.00e-04  pw=17.77  aucα=0.000  token_p=0.020  dropE=(0.020,0.080)  smooth=0.010  train_loss=0.8129  train_AUPR_all=0.3653  train_AUPR_ab=0.4527  train_AUPR_ag=0.2297  train_P@5_ab=0.7000  train_P@5_ag=0.8500  val_loss=1.0150  val_AUPR_all=0.4424  val_AUPR_ab=0.5330  val_AUPR_ag=0.3053  val_P@5_ab=0.7500  val_P@5_ag=0.7500  select=0.4192
  Saved checkpoint: checkpoints_old/iPara_balanced_l1_g6_i5_do0.10_dpr0.10_lr0.0002_heads16_fold2.pth  select=0.4192  val_ab=0.5330  val_ag=0.3053  val_all=0.4424
Ep003  LR0=2.00e-04  pw=15.80  aucα=0.000  token_p=0.020  dropE=(0.020,0.080)  smooth=0.010  train_loss=0.7164  train_AUPR_all=0.4271  train_AUPR_ab=0.5161  train_AUPR_ag=0.2753  train_P@5_ab=0.5500  train_P@5_ag=0.8000  val_loss=0.9158  val_AUPR_all=0.4961  val_AUPR_ab=0.5745  val_AUPR_ag=0.3423  val_P@5_ab=0.4500  val_P@5_ag=0.9500  select=0.4584
  Saved checkpoint: checkpoints_old/iPara_balanced_l1_g6_i5_do0.10_dpr0.10_lr0.0002_heads16_fold2.pth  select=0.4584  val_ab=0.5745  val_ag=0.3423  val_all=0.4961
Ep004  LR0=1.99e-04  pw=14.06  aucα=0.000  token_p=0.020  dropE=(0.020,0.080)  smooth=0.010  train_loss=0.6470  train_AUPR_all=0.4735  train_AUPR_ab=0.5693  train_AUPR_ag=0.3057  train_P@5_ab=0.8500  train_P@5_ag=0.9000  val_loss=0.8608  val_AUPR_all=0.5113  val_AUPR_ab=0.6107  val_AUPR_ag=0.3638  val_P@5_ab=0.7500  val_P@5_ag=0.8000  select=0.4872
  Saved checkpoint: checkpoints_old/iPara_balanced_l1_g6_i5_do0.10_dpr0.10_lr0.0002_heads16_fold2.pth  select=0.4872  val_ab=0.6107  val_ag=0.3638  val_all=0.5113
Unfreezing DyM parameters.
Ep005  LR0=1.98e-04  pw=12.52  aucα=0.000  token_p=0.020  dropE=(0.020,0.080)  smooth=0.010  train_loss=0.5961  train_AUPR_all=0.4956  train_AUPR_ab=0.5857  train_AUPR_ag=0.3353  train_P@5_ab=0.8500  train_P@5_ag=1.0000  val_loss=0.7633  val_AUPR_all=0.5343  val_AUPR_ab=0.6226  val_AUPR_ag=0.3720  val_P@5_ab=0.7000  val_P@5_ag=0.9000  select=0.4973
  Saved checkpoint: checkpoints_old/iPara_balanced_l1_g6_i5_do0.10_dpr0.10_lr0.0002_heads16_fold2.pth  select=0.4973  val_ab=0.6226  val_ag=0.3720  val_all=0.5343
Ep006  LR0=1.97e-04  pw=11.17  aucα=0.000  token_p=0.020  dropE=(0.020,0.080)  smooth=0.010  train_loss=0.5498  train_AUPR_all=0.5060  train_AUPR_ab=0.5968  train_AUPR_ag=0.3439  train_P@5_ab=0.8000  train_P@5_ag=0.9500  val_loss=0.7155  val_AUPR_all=0.5568  val_AUPR_ab=0.6509  val_AUPR_ag=0.3826  val_P@5_ab=0.9000  val_P@5_ag=0.9500  select=0.5168
  Saved checkpoint: checkpoints_old/iPara_balanced_l1_g6_i5_do0.10_dpr0.10_lr0.0002_heads16_fold2.pth  select=0.5168  val_ab=0.6509  val_ag=0.3826  val_all=0.5568
Ep007  LR0=1.96e-04  pw=9.97  aucα=0.000  token_p=0.020  dropE=(0.020,0.080)  smooth=0.010  train_loss=0.5146  train_AUPR_all=0.5238  train_AUPR_ab=0.6178  train_AUPR_ag=0.3553  train_P@5_ab=0.7000  train_P@5_ag=0.9000  val_loss=0.7043  val_AUPR_all=0.5540  val_AUPR_ab=0.6549  val_AUPR_ag=0.3880  val_P@5_ab=0.7500  val_P@5_ag=0.9000  select=0.5215
  Saved checkpoint: checkpoints_old/iPara_balanced_l1_g6_i5_do0.10_dpr0.10_lr0.0002_heads16_fold2.pth  select=0.5215  val_ab=0.6549  val_ag=0.3880  val_all=0.5540
Ep008  LR0=1.95e-04  pw=8.92  aucα=0.000  token_p=0.020  dropE=(0.020,0.080)  smooth=0.010  train_loss=0.4752  train_AUPR_all=0.5274  train_AUPR_ab=0.6257  train_AUPR_ag=0.3605  train_P@5_ab=0.8000  train_P@5_ag=0.8500  val_loss=0.6686  val_AUPR_all=0.5557  val_AUPR_ab=0.6621  val_AUPR_ag=0.3846  val_P@5_ab=0.8500  val_P@5_ag=0.9000  select=0.5234
  Saved checkpoint: checkpoints_old/iPara_balanced_l1_g6_i5_do0.10_dpr0.10_lr0.0002_heads16_fold2.pth  select=0.5234  val_ab=0.6621  val_ag=0.3846  val_all=0.5557
Ep009  LR0=1.94e-04  pw=7.99  aucα=0.000  token_p=0.020  dropE=(0.020,0.080)  smooth=0.010  train_loss=0.4427  train_AUPR_all=0.5531  train_AUPR_ab=0.6548  train_AUPR_ag=0.3779  train_P@5_ab=0.8500  train_P@5_ag=0.8500  val_loss=0.6118  val_AUPR_all=0.5718  val_AUPR_ab=0.6842  val_AUPR_ag=0.3932  val_P@5_ab=0.9500  val_P@5_ag=0.7000  select=0.5387
  Saved checkpoint: checkpoints_old/iPara_balanced_l1_g6_i5_do0.10_dpr0.10_lr0.0002_heads16_fold2.pth  select=0.5387  val_ab=0.6842  val_ag=0.3932  val_all=0.5718
Ep010  LR0=1.92e-04  pw=7.17  aucα=0.030  token_p=0.020  dropE=(0.020,0.080)  smooth=0.010  train_loss=0.4314  train_AUPR_all=0.5673  train_AUPR_ab=0.6711  train_AUPR_ag=0.3936  train_P@5_ab=0.8000  train_P@5_ag=0.8000  val_loss=0.5798  val_AUPR_all=0.5877  val_AUPR_ab=0.6951  val_AUPR_ag=0.4055  val_P@5_ab=0.9000  val_P@5_ag=0.9500  select=0.5503
  Saved checkpoint: checkpoints_old/iPara_balanced_l1_g6_i5_do0.10_dpr0.10_lr0.0002_heads16_fold2.pth  select=0.5503  val_ab=0.6951  val_ag=0.4055  val_all=0.5877
Ep011  LR0=1.90e-04  pw=6.44  aucα=0.060  token_p=0.020  dropE=(0.020,0.080)  smooth=0.010  train_loss=0.4154  train_AUPR_all=0.5745  train_AUPR_ab=0.6808  train_AUPR_ag=0.3969  train_P@5_ab=0.8500  train_P@5_ag=0.9500  val_loss=0.5604  val_AUPR_all=0.5820  val_AUPR_ab=0.6901  val_AUPR_ag=0.3991  val_P@5_ab=0.8000  val_P@5_ag=0.8000  select=0.5446
Ep012  LR0=1.88e-04  pw=5.80  aucα=0.090  token_p=0.020  dropE=(0.020,0.080)  smooth=0.010  train_loss=0.4090  train_AUPR_all=0.5827  train_AUPR_ab=0.6872  train_AUPR_ag=0.4073  train_P@5_ab=0.9500  train_P@5_ag=0.9500  val_loss=0.5562  val_AUPR_all=0.5791  val_AUPR_ab=0.6887  val_AUPR_ag=0.3930  val_P@5_ab=0.9500  val_P@5_ag=0.9000  select=0.5409
Ep013  LR0=1.86e-04  pw=5.24  aucα=0.120  token_p=0.020  dropE=(0.020,0.080)  smooth=0.010  train_loss=0.3969  train_AUPR_all=0.5942  train_AUPR_ab=0.6968  train_AUPR_ag=0.4235  train_P@5_ab=0.9000  train_P@5_ag=0.9500  val_loss=0.5509  val_AUPR_all=0.5697  val_AUPR_ab=0.6951  val_AUPR_ag=0.3851  val_P@5_ab=0.8000  val_P@5_ag=0.9000  select=0.5401
Ep014  LR0=1.83e-04  pw=4.74  aucα=0.150  token_p=0.020  dropE=(0.020,0.080)  smooth=0.010  train_loss=0.3866  train_AUPR_all=0.6005  train_AUPR_ab=0.7056  train_AUPR_ag=0.4284  train_P@5_ab=0.9500  train_P@5_ag=0.9000  val_loss=0.5012  val_AUPR_all=0.5946  val_AUPR_ab=0.7102  val_AUPR_ag=0.4088  val_P@5_ab=0.9000  val_P@5_ag=0.8500  select=0.5595
  Saved checkpoint: checkpoints_old/iPara_balanced_l1_g6_i5_do0.10_dpr0.10_lr0.0002_heads16_fold2.pth  select=0.5595  val_ab=0.7102  val_ag=0.4088  val_all=0.5946
Ep015  LR0=1.81e-04  pw=4.30  aucα=0.180  token_p=0.020  dropE=(0.020,0.080)  smooth=0.010  train_loss=0.3762  train_AUPR_all=0.6129  train_AUPR_ab=0.7164  train_AUPR_ag=0.4459  train_P@5_ab=1.0000  train_P@5_ag=0.8500  val_loss=0.4702  val_AUPR_all=0.6004  val_AUPR_ab=0.7195  val_AUPR_ag=0.4134  val_P@5_ab=0.8500  val_P@5_ag=0.9500  select=0.5664
  Saved checkpoint: checkpoints_old/iPara_balanced_l1_g6_i5_do0.10_dpr0.10_lr0.0002_heads16_fold2.pth  select=0.5664  val_ab=0.7195  val_ag=0.4134  val_all=0.6004
Ep016  LR0=1.78e-04  pw=3.91  aucα=0.210  token_p=0.020  dropE=(0.020,0.080)  smooth=0.010  train_loss=0.3684  train_AUPR_all=0.6199  train_AUPR_ab=0.7189  train_AUPR_ag=0.4605  train_P@5_ab=0.9000  train_P@5_ag=1.0000  val_loss=0.4766  val_AUPR_all=0.5998  val_AUPR_ab=0.7306  val_AUPR_ag=0.3989  val_P@5_ab=0.8500  val_P@5_ag=0.9500  select=0.5647
Ep017  LR0=1.75e-04  pw=3.57  aucα=0.240  token_p=0.020  dropE=(0.020,0.080)  smooth=0.010  train_loss=0.3637  train_AUPR_all=0.6277  train_AUPR_ab=0.7291  train_AUPR_ag=0.4637  train_P@5_ab=1.0000  train_P@5_ag=1.0000  val_loss=0.4634  val_AUPR_all=0.6014  val_AUPR_ab=0.7207  val_AUPR_ag=0.4049  val_P@5_ab=0.9500  val_P@5_ag=0.9000  select=0.5628
Ep018  LR0=1.72e-04  pw=3.27  aucα=0.270  token_p=0.020  dropE=(0.020,0.080)  smooth=0.010  train_loss=0.3557  train_AUPR_all=0.6387  train_AUPR_ab=0.7350  train_AUPR_ag=0.4860  train_P@5_ab=0.9500  train_P@5_ag=0.9500  val_loss=0.4345  val_AUPR_all=0.5888  val_AUPR_ab=0.7141  val_AUPR_ag=0.3976  val_P@5_ab=0.9000  val_P@5_ag=0.9500  select=0.5558
Ep019  LR0=1.69e-04  pw=3.00  aucα=0.300  token_p=0.020  dropE=(0.020,0.080)  smooth=0.010  train_loss=0.3500  train_AUPR_all=0.6485  train_AUPR_ab=0.7437  train_AUPR_ag=0.4972  train_P@5_ab=0.9500  train_P@5_ag=0.9500  val_loss=0.4204  val_AUPR_all=0.6002  val_AUPR_ab=0.7315  val_AUPR_ag=0.3951  val_P@5_ab=0.9000  val_P@5_ag=0.9500  select=0.5633
Ep020  LR0=1.66e-04  pw=2.77  aucα=0.300  token_p=0.020  dropE=(0.020,0.080)  smooth=0.010  train_loss=0.3343  train_AUPR_all=0.6585  train_AUPR_ab=0.7472  train_AUPR_ag=0.5196  train_P@5_ab=0.9500  train_P@5_ag=0.9000  val_loss=0.4196  val_AUPR_all=0.6088  val_AUPR_ab=0.7422  val_AUPR_ag=0.3994  val_P@5_ab=0.8500  val_P@5_ag=0.9000  select=0.5708
  Saved checkpoint: checkpoints_old/iPara_balanced_l1_g6_i5_do0.10_dpr0.10_lr0.0002_heads16_fold2.pth  select=0.5708  val_ab=0.7422  val_ag=0.3994  val_all=0.6088
Ep021  LR0=1.62e-04  pw=2.56  aucα=0.300  token_p=0.020  dropE=(0.020,0.080)  smooth=0.010  train_loss=0.3144  train_AUPR_all=0.6706  train_AUPR_ab=0.7555  train_AUPR_ag=0.5395  train_P@5_ab=1.0000  train_P@5_ag=1.0000  val_loss=0.3855  val_AUPR_all=0.6076  val_AUPR_ab=0.7433  val_AUPR_ag=0.4012  val_P@5_ab=0.9500  val_P@5_ag=0.9000  select=0.5722
  Saved checkpoint: checkpoints_old/iPara_balanced_l1_g6_i5_do0.10_dpr0.10_lr0.0002_heads16_fold2.pth  select=0.5722  val_ab=0.7433  val_ag=0.4012  val_all=0.6076
Ep022  LR0=1.59e-04  pw=2.38  aucα=0.300  token_p=0.020  dropE=(0.020,0.080)  smooth=0.010  train_loss=0.3014  train_AUPR_all=0.6816  train_AUPR_ab=0.7624  train_AUPR_ag=0.5583  train_P@5_ab=1.0000  train_P@5_ag=1.0000  val_loss=0.3846  val_AUPR_all=0.5984  val_AUPR_ab=0.7511  val_AUPR_ag=0.3600  val_P@5_ab=1.0000  val_P@5_ag=0.7000  select=0.5555
Ep023  LR0=1.55e-04  pw=2.21  aucα=0.300  token_p=0.020  dropE=(0.020,0.080)  smooth=0.010  train_loss=0.2876  train_AUPR_all=0.6881  train_AUPR_ab=0.7680  train_AUPR_ag=0.5672  train_P@5_ab=0.9500  train_P@5_ag=1.0000  val_loss=0.3785  val_AUPR_all=0.6139  val_AUPR_ab=0.7457  val_AUPR_ag=0.4130  val_P@5_ab=0.9000  val_P@5_ag=0.9500  select=0.5794
  Saved checkpoint: checkpoints_old/iPara_balanced_l1_g6_i5_do0.10_dpr0.10_lr0.0002_heads16_fold2.pth  select=0.5794  val_ab=0.7457  val_ag=0.4130  val_all=0.6139
Ep024  LR0=1.51e-04  pw=2.07  aucα=0.300  token_p=0.020  dropE=(0.020,0.080)  smooth=0.010  train_loss=0.2772  train_AUPR_all=0.6949  train_AUPR_ab=0.7700  train_AUPR_ag=0.5824  train_P@5_ab=0.9500  train_P@5_ag=1.0000  val_loss=0.3679  val_AUPR_all=0.6061  val_AUPR_ab=0.7417  val_AUPR_ag=0.4064  val_P@5_ab=0.9000  val_P@5_ag=0.8500  select=0.5740
Ep025  LR0=1.48e-04  pw=1.95  aucα=0.300  token_p=0.020  dropE=(0.020,0.080)  smooth=0.010  train_loss=0.2622  train_AUPR_all=0.7075  train_AUPR_ab=0.7753  train_AUPR_ag=0.6067  train_P@5_ab=1.0000  train_P@5_ag=1.0000  val_loss=0.3849  val_AUPR_all=0.5847  val_AUPR_ab=0.7380  val_AUPR_ag=0.3611  val_P@5_ab=0.9500  val_P@5_ag=0.8000  select=0.5495
Ep026  LR0=1.44e-04  pw=1.83  aucα=0.300  token_p=0.020  dropE=(0.020,0.080)  smooth=0.010  train_loss=0.2521  train_AUPR_all=0.7179  train_AUPR_ab=0.7841  train_AUPR_ag=0.6209  train_P@5_ab=1.0000  train_P@5_ag=1.0000  val_loss=0.3847  val_AUPR_all=0.5951  val_AUPR_ab=0.7440  val_AUPR_ag=0.3773  val_P@5_ab=0.9500  val_P@5_ag=0.8500  select=0.5607
Ep027  LR0=1.39e-04  pw=1.74  aucα=0.300  token_p=0.020  dropE=(0.020,0.080)  smooth=0.010  train_loss=0.2395  train_AUPR_all=0.7306  train_AUPR_ab=0.7939  train_AUPR_ag=0.6380  train_P@5_ab=1.0000  train_P@5_ag=1.0000  val_loss=0.3457  val_AUPR_all=0.6056  val_AUPR_ab=0.7396  val_AUPR_ag=0.4062  val_P@5_ab=0.9500  val_P@5_ag=0.9500  select=0.5729
Ep028  LR0=1.35e-04  pw=1.65  aucα=0.300  token_p=0.020  dropE=(0.020,0.080)  smooth=0.010  train_loss=0.2330  train_AUPR_all=0.7354  train_AUPR_ab=0.7953  train_AUPR_ag=0.6487  train_P@5_ab=1.0000  train_P@5_ag=1.0000  val_loss=0.3541  val_AUPR_all=0.6038  val_AUPR_ab=0.7569  val_AUPR_ag=0.3922  val_P@5_ab=0.9500  val_P@5_ag=0.8500  select=0.5745
Ep029  LR0=1.31e-04  pw=1.57  aucα=0.300  token_p=0.020  dropE=(0.020,0.080)  smooth=0.010  train_loss=0.2224  train_AUPR_all=0.7470  train_AUPR_ab=0.8031  train_AUPR_ag=0.6665  train_P@5_ab=1.0000  train_P@5_ag=1.0000  val_loss=0.3453  val_AUPR_all=0.6024  val_AUPR_ab=0.7500  val_AUPR_ag=0.3873  val_P@5_ab=0.9500  val_P@5_ag=0.8500  select=0.5686
Ep030  LR0=1.27e-04  pw=1.51  aucα=0.300  token_p=0.020  dropE=(0.020,0.080)  smooth=0.010  train_loss=0.2166  train_AUPR_all=0.7520  train_AUPR_ab=0.8081  train_AUPR_ag=0.6713  train_P@5_ab=1.0000  train_P@5_ag=1.0000  val_loss=0.3299  val_AUPR_all=0.6096  val_AUPR_ab=0.7522  val_AUPR_ag=0.4061  val_P@5_ab=1.0000  val_P@5_ag=0.8500  select=0.5791
Ep031  LR0=1.22e-04  pw=1.45  aucα=0.300  token_p=0.020  dropE=(0.020,0.080)  smooth=0.010  train_loss=0.2063  train_AUPR_all=0.7643  train_AUPR_ab=0.8137  train_AUPR_ag=0.6943  train_P@5_ab=0.9500  train_P@5_ag=0.9500  val_loss=0.3435  val_AUPR_all=0.6045  val_AUPR_ab=0.7488  val_AUPR_ag=0.4057  val_P@5_ab=0.9500  val_P@5_ag=0.9500  select=0.5772
Ep032  LR0=1.18e-04  pw=1.39  aucα=0.300  token_p=0.020  dropE=(0.020,0.080)  smooth=0.010  train_loss=0.1986  train_AUPR_all=0.7748  train_AUPR_ab=0.8264  train_AUPR_ag=0.7009  train_P@5_ab=1.0000  train_P@5_ag=0.9500  val_loss=0.3448  val_AUPR_all=0.6080  val_AUPR_ab=0.7426  val_AUPR_ag=0.4050  val_P@5_ab=0.9000  val_P@5_ag=0.9500  select=0.5738
Ep033  LR0=1.14e-04  pw=1.35  aucα=0.300  token_p=0.020  dropE=(0.020,0.080)  smooth=0.010  train_loss=0.1926  train_AUPR_all=0.7793  train_AUPR_ab=0.8245  train_AUPR_ag=0.7153  train_P@5_ab=0.9000  train_P@5_ag=1.0000  val_loss=0.3370  val_AUPR_all=0.5947  val_AUPR_ab=0.7422  val_AUPR_ag=0.4075  val_P@5_ab=1.0000  val_P@5_ag=0.9000  select=0.5749
Ep034  LR0=1.09e-04  pw=1.31  aucα=0.300  token_p=0.020  dropE=(0.020,0.080)  smooth=0.010  train_loss=0.1855  train_AUPR_all=0.7913  train_AUPR_ab=0.8364  train_AUPR_ag=0.7275  train_P@5_ab=1.0000  train_P@5_ag=1.0000  val_loss=0.3455  val_AUPR_all=0.5989  val_AUPR_ab=0.7513  val_AUPR_ag=0.4035  val_P@5_ab=0.9000  val_P@5_ag=0.8500  select=0.5774
Ep035  LR0=1.05e-04  pw=1.27  aucα=0.300  token_p=0.020  dropE=(0.020,0.080)  smooth=0.010  train_loss=0.1828  train_AUPR_all=0.7930  train_AUPR_ab=0.8350  train_AUPR_ag=0.7342  train_P@5_ab=0.9500  train_P@5_ag=1.0000  val_loss=0.3376  val_AUPR_all=0.5948  val_AUPR_ab=0.7443  val_AUPR_ag=0.3921  val_P@5_ab=1.0000  val_P@5_ag=0.8500  select=0.5682
Ep036  LR0=1.00e-04  pw=1.24  aucα=0.300  token_p=0.020  dropE=(0.020,0.080)  smooth=0.010  train_loss=0.1750  train_AUPR_all=0.8029  train_AUPR_ab=0.8417  train_AUPR_ag=0.7487  train_P@5_ab=1.0000  train_P@5_ag=1.0000  val_loss=0.3335  val_AUPR_all=0.5927  val_AUPR_ab=0.7463  val_AUPR_ag=0.3910  val_P@5_ab=0.9500  val_P@5_ag=0.8000  select=0.5686
Ep037  LR0=9.58e-05  pw=1.21  aucα=0.300  token_p=0.020  dropE=(0.020,0.080)  smooth=0.010  train_loss=0.1707  train_AUPR_all=0.8102  train_AUPR_ab=0.8523  train_AUPR_ag=0.7509  train_P@5_ab=1.0000  train_P@5_ag=1.0000  val_loss=0.3333  val_AUPR_all=0.5999  val_AUPR_ab=0.7505  val_AUPR_ag=0.4013  val_P@5_ab=0.9500  val_P@5_ag=0.9000  select=0.5759
Ep038  LR0=9.13e-05  pw=1.19  aucα=0.300  token_p=0.020  dropE=(0.020,0.080)  smooth=0.010  train_loss=0.1623  train_AUPR_all=0.8224  train_AUPR_ab=0.8597  train_AUPR_ag=0.7702  train_P@5_ab=1.0000  train_P@5_ag=0.9500  val_loss=0.3263  val_AUPR_all=0.5926  val_AUPR_ab=0.7483  val_AUPR_ag=0.3861  val_P@5_ab=0.9000  val_P@5_ag=0.7000  select=0.5672
Ep039  LR0=8.69e-05  pw=1.16  aucα=0.300  token_p=0.020  dropE=(0.020,0.080)  smooth=0.010  train_loss=0.1582  train_AUPR_all=0.8275  train_AUPR_ab=0.8638  train_AUPR_ag=0.7763  train_P@5_ab=1.0000  train_P@5_ag=0.9500  val_loss=0.3410  val_AUPR_all=0.5957  val_AUPR_ab=0.7498  val_AUPR_ag=0.3845  val_P@5_ab=0.9500  val_P@5_ag=0.7000  select=0.5672
Ep040  LR0=8.24e-05  pw=1.15  aucα=0.300  token_p=0.020  dropE=(0.020,0.080)  smooth=0.010  train_loss=0.1543  train_AUPR_all=0.8328  train_AUPR_ab=0.8662  train_AUPR_ag=0.7861  train_P@5_ab=1.0000  train_P@5_ag=1.0000  val_loss=0.3207  val_AUPR_all=0.5951  val_AUPR_ab=0.7476  val_AUPR_ag=0.4110  val_P@5_ab=1.0000  val_P@5_ag=0.8000  select=0.5793
Ep041  LR0=7.81e-05  pw=1.13  aucα=0.300  token_p=0.020  dropE=(0.020,0.080)  smooth=0.010  train_loss=0.1522  train_AUPR_all=0.8352  train_AUPR_ab=0.8695  train_AUPR_ag=0.7873  train_P@5_ab=1.0000  train_P@5_ag=1.0000  val_loss=0.3425  val_AUPR_all=0.5934  val_AUPR_ab=0.7541  val_AUPR_ag=0.3918  val_P@5_ab=1.0000  val_P@5_ag=0.9000  select=0.5729
Ep042  LR0=7.37e-05  pw=1.11  aucα=0.300  token_p=0.020  dropE=(0.020,0.080)  smooth=0.010  train_loss=0.1487  train_AUPR_all=0.8417  train_AUPR_ab=0.8727  train_AUPR_ag=0.7986  train_P@5_ab=1.0000  train_P@5_ag=1.0000  val_loss=0.3261  val_AUPR_all=0.5945  val_AUPR_ab=0.7490  val_AUPR_ag=0.3921  val_P@5_ab=1.0000  val_P@5_ag=0.9500  select=0.5705
Ep043  LR0=6.94e-05  pw=1.10  aucα=0.300  token_p=0.020  dropE=(0.020,0.080)  smooth=0.010  train_loss=0.1449  train_AUPR_all=0.8458  train_AUPR_ab=0.8786  train_AUPR_ag=0.7994  train_P@5_ab=1.0000  train_P@5_ag=1.0000  val_loss=0.3370  val_AUPR_all=0.5914  val_AUPR_ab=0.7491  val_AUPR_ag=0.3852  val_P@5_ab=0.9500  val_P@5_ag=0.9000  select=0.5672
Ep044  LR0=6.52e-05  pw=1.09  aucα=0.300  token_p=0.020  dropE=(0.020,0.080)  smooth=0.010  train_loss=0.1404  train_AUPR_all=0.8540  train_AUPR_ab=0.8860  train_AUPR_ag=0.8088  train_P@5_ab=1.0000  train_P@5_ag=1.0000  val_loss=0.3398  val_AUPR_all=0.5789  val_AUPR_ab=0.7380  val_AUPR_ag=0.3870  val_P@5_ab=0.9000  val_P@5_ag=0.7500  select=0.5625
Ep045  LR0=6.10e-05  pw=1.08  aucα=0.300  token_p=0.020  dropE=(0.020,0.080)  smooth=0.010  train_loss=0.1359  train_AUPR_all=0.8610  train_AUPR_ab=0.8921  train_AUPR_ag=0.8170  train_P@5_ab=1.0000  train_P@5_ag=1.0000  val_loss=0.3345  val_AUPR_all=0.5822  val_AUPR_ab=0.7479  val_AUPR_ag=0.3741  val_P@5_ab=0.8500  val_P@5_ag=0.8000  select=0.5610
Early stopping at epoch 45. Best select=0.5794 at epoch 23.
Final saved checkpoint for fold 2: checkpoints_old/iPara_balanced_l1_g6_i5_do0.10_dpr0.10_lr0.0002_heads16_fold2.pth
Best select=0.5794 at epoch 23

==========================================================================================
Fold 3/5
==========================================================================================
Train labels: valid=401949, pos=26660, neg=375289, ignore=695651, pos_frac=0.06633
Val labels: valid=98243, pos=6570, neg=91673, ignore=176957, pos_frac=0.06687
Initializing ClassificationModel with 6 GAT layers and residual connections...
Initializing MCModel with 6 GAT layers and 5 row attention layers (drop_path_rate=0.1)
Initializing CoreModel with 1 layers, drop_path_rate=0.1
Ep001  LR0=2.00e-04  pw=20.00  aucα=0.000  token_p=0.020  dropE=(0.020,0.080)  smooth=0.010  train_loss=1.1873  train_AUPR_all=0.1976  train_AUPR_ab=0.2226  train_AUPR_ag=0.1583  train_P@5_ab=0.2000  train_P@5_ag=0.0500  val_loss=1.1268  val_AUPR_all=0.4062  val_AUPR_ab=0.4831  val_AUPR_ag=0.3099  val_P@5_ab=0.6500  val_P@5_ag=0.9000  select=0.3965
  Saved checkpoint: checkpoints_old/iPara_balanced_l1_g6_i5_do0.10_dpr0.10_lr0.0002_heads16_fold3.pth  select=0.3965  val_ab=0.4831  val_ag=0.3099  val_all=0.4062
Ep002  LR0=2.00e-04  pw=17.77  aucα=0.000  token_p=0.020  dropE=(0.020,0.080)  smooth=0.010  train_loss=0.8104  train_AUPR_all=0.3786  train_AUPR_ab=0.4655  train_AUPR_ag=0.2360  train_P@5_ab=0.9000  train_P@5_ag=0.5500  val_loss=1.0587  val_AUPR_all=0.4664  val_AUPR_ab=0.5459  val_AUPR_ag=0.3438  val_P@5_ab=0.8000  val_P@5_ag=1.0000  select=0.4448
  Saved checkpoint: checkpoints_old/iPara_balanced_l1_g6_i5_do0.10_dpr0.10_lr0.0002_heads16_fold3.pth  select=0.4448  val_ab=0.5459  val_ag=0.3438  val_all=0.4664
Ep003  LR0=2.00e-04  pw=15.80  aucα=0.000  token_p=0.020  dropE=(0.020,0.080)  smooth=0.010  train_loss=0.7092  train_AUPR_all=0.4405  train_AUPR_ab=0.5307  train_AUPR_ag=0.2874  train_P@5_ab=0.8500  train_P@5_ag=0.6000  val_loss=0.9772  val_AUPR_all=0.4673  val_AUPR_ab=0.5648  val_AUPR_ag=0.2995  val_P@5_ab=0.6000  val_P@5_ag=0.8500  select=0.4322
Ep004  LR0=1.99e-04  pw=14.06  aucα=0.000  token_p=0.020  dropE=(0.020,0.080)  smooth=0.010  train_loss=0.6465  train_AUPR_all=0.4635  train_AUPR_ab=0.5497  train_AUPR_ag=0.3097  train_P@5_ab=0.7000  train_P@5_ag=0.9000  val_loss=0.8117  val_AUPR_all=0.5317  val_AUPR_ab=0.6219  val_AUPR_ag=0.3718  val_P@5_ab=0.8500  val_P@5_ag=0.9000  select=0.4969
  Saved checkpoint: checkpoints_old/iPara_balanced_l1_g6_i5_do0.10_dpr0.10_lr0.0002_heads16_fold3.pth  select=0.4969  val_ab=0.6219  val_ag=0.3718  val_all=0.5317
Unfreezing DyM parameters.
Ep005  LR0=1.98e-04  pw=12.52  aucα=0.000  token_p=0.020  dropE=(0.020,0.080)  smooth=0.010  train_loss=0.5883  train_AUPR_all=0.4892  train_AUPR_ab=0.5818  train_AUPR_ag=0.3316  train_P@5_ab=0.9000  train_P@5_ag=0.7500  val_loss=0.7936  val_AUPR_all=0.5311  val_AUPR_ab=0.6145  val_AUPR_ag=0.3680  val_P@5_ab=0.7000  val_P@5_ag=1.0000  select=0.4913
Ep006  LR0=1.97e-04  pw=11.17  aucα=0.000  token_p=0.020  dropE=(0.020,0.080)  smooth=0.010  train_loss=0.5572  train_AUPR_all=0.5048  train_AUPR_ab=0.5935  train_AUPR_ag=0.3434  train_P@5_ab=0.8500  train_P@5_ag=0.9000  val_loss=0.7487  val_AUPR_all=0.5446  val_AUPR_ab=0.6634  val_AUPR_ag=0.3549  val_P@5_ab=0.9500  val_P@5_ag=0.9500  select=0.5091
  Saved checkpoint: checkpoints_old/iPara_balanced_l1_g6_i5_do0.10_dpr0.10_lr0.0002_heads16_fold3.pth  select=0.5091  val_ab=0.6634  val_ag=0.3549  val_all=0.5446
Ep007  LR0=1.96e-04  pw=9.97  aucα=0.000  token_p=0.020  dropE=(0.020,0.080)  smooth=0.010  train_loss=0.5113  train_AUPR_all=0.5265  train_AUPR_ab=0.6207  train_AUPR_ag=0.3570  train_P@5_ab=0.8500  train_P@5_ag=0.7500  val_loss=0.6695  val_AUPR_all=0.5599  val_AUPR_ab=0.6669  val_AUPR_ag=0.3898  val_P@5_ab=1.0000  val_P@5_ag=1.0000  select=0.5283
  Saved checkpoint: checkpoints_old/iPara_balanced_l1_g6_i5_do0.10_dpr0.10_lr0.0002_heads16_fold3.pth  select=0.5283  val_ab=0.6669  val_ag=0.3898  val_all=0.5599
Ep008  LR0=1.95e-04  pw=8.92  aucα=0.000  token_p=0.020  dropE=(0.020,0.080)  smooth=0.010  train_loss=0.4734  train_AUPR_all=0.5437  train_AUPR_ab=0.6356  train_AUPR_ag=0.3764  train_P@5_ab=0.8000  train_P@5_ag=0.9500  val_loss=0.6558  val_AUPR_all=0.5593  val_AUPR_ab=0.6854  val_AUPR_ag=0.3644  val_P@5_ab=1.0000  val_P@5_ag=0.9500  select=0.5249
Ep009  LR0=1.94e-04  pw=7.99  aucα=0.000  token_p=0.020  dropE=(0.020,0.080)  smooth=0.010  train_loss=0.4522  train_AUPR_all=0.5498  train_AUPR_ab=0.6499  train_AUPR_ag=0.3740  train_P@5_ab=0.9000  train_P@5_ag=0.9500  val_loss=0.6457  val_AUPR_all=0.5602  val_AUPR_ab=0.6886  val_AUPR_ag=0.3604  val_P@5_ab=0.9500  val_P@5_ag=0.9500  select=0.5245
Ep010  LR0=1.92e-04  pw=7.17  aucα=0.030  token_p=0.020  dropE=(0.020,0.080)  smooth=0.010  train_loss=0.4311  train_AUPR_all=0.5693  train_AUPR_ab=0.6718  train_AUPR_ag=0.3922  train_P@5_ab=0.9000  train_P@5_ag=0.9000  val_loss=0.5612  val_AUPR_all=0.5920  val_AUPR_ab=0.7022  val_AUPR_ag=0.3976  val_P@5_ab=1.0000  val_P@5_ag=0.9500  select=0.5499
  Saved checkpoint: checkpoints_old/iPara_balanced_l1_g6_i5_do0.10_dpr0.10_lr0.0002_heads16_fold3.pth  select=0.5499  val_ab=0.7022  val_ag=0.3976  val_all=0.5920
Ep011  LR0=1.90e-04  pw=6.44  aucα=0.060  token_p=0.020  dropE=(0.020,0.080)  smooth=0.010  train_loss=0.4201  train_AUPR_all=0.5727  train_AUPR_ab=0.6714  train_AUPR_ag=0.4031  train_P@5_ab=0.9500  train_P@5_ag=1.0000  val_loss=0.5391  val_AUPR_all=0.5958  val_AUPR_ab=0.7114  val_AUPR_ag=0.3994  val_P@5_ab=1.0000  val_P@5_ag=0.9500  select=0.5554
  Saved checkpoint: checkpoints_old/iPara_balanced_l1_g6_i5_do0.10_dpr0.10_lr0.0002_heads16_fold3.pth  select=0.5554  val_ab=0.7114  val_ag=0.3994  val_all=0.5958
Ep012  LR0=1.88e-04  pw=5.80  aucα=0.090  token_p=0.020  dropE=(0.020,0.080)  smooth=0.010  train_loss=0.4076  train_AUPR_all=0.5802  train_AUPR_ab=0.6825  train_AUPR_ag=0.4079  train_P@5_ab=0.9000  train_P@5_ag=0.8000  val_loss=0.5260  val_AUPR_all=0.5925  val_AUPR_ab=0.7014  val_AUPR_ag=0.4069  val_P@5_ab=1.0000  val_P@5_ag=0.9000  select=0.5542
Ep013  LR0=1.86e-04  pw=5.24  aucα=0.120  token_p=0.020  dropE=(0.020,0.080)  smooth=0.010  train_loss=0.3963  train_AUPR_all=0.5914  train_AUPR_ab=0.6945  train_AUPR_ag=0.4203  train_P@5_ab=0.9000  train_P@5_ag=0.9500  val_loss=0.5040  val_AUPR_all=0.5852  val_AUPR_ab=0.7123  val_AUPR_ag=0.3784  val_P@5_ab=1.0000  val_P@5_ag=0.9500  select=0.5453
Ep014  LR0=1.83e-04  pw=4.74  aucα=0.150  token_p=0.020  dropE=(0.020,0.080)  smooth=0.010  train_loss=0.3900  train_AUPR_all=0.5966  train_AUPR_ab=0.6951  train_AUPR_ag=0.4334  train_P@5_ab=1.0000  train_P@5_ag=1.0000  val_loss=0.4782  val_AUPR_all=0.5956  val_AUPR_ab=0.7109  val_AUPR_ag=0.4099  val_P@5_ab=0.9500  val_P@5_ag=1.0000  select=0.5604
  Saved checkpoint: checkpoints_old/iPara_balanced_l1_g6_i5_do0.10_dpr0.10_lr0.0002_heads16_fold3.pth  select=0.5604  val_ab=0.7109  val_ag=0.4099  val_all=0.5956
Ep015  LR0=1.81e-04  pw=4.30  aucα=0.180  token_p=0.020  dropE=(0.020,0.080)  smooth=0.010  train_loss=0.3770  train_AUPR_all=0.6094  train_AUPR_ab=0.7097  train_AUPR_ag=0.4463  train_P@5_ab=0.9500  train_P@5_ag=1.0000  val_loss=0.4948  val_AUPR_all=0.5942  val_AUPR_ab=0.7145  val_AUPR_ag=0.3914  val_P@5_ab=0.9000  val_P@5_ag=0.9500  select=0.5529
Ep016  LR0=1.78e-04  pw=3.91  aucα=0.210  token_p=0.020  dropE=(0.020,0.080)  smooth=0.010  train_loss=0.3712  train_AUPR_all=0.6216  train_AUPR_ab=0.7187  train_AUPR_ag=0.4651  train_P@5_ab=1.0000  train_P@5_ag=0.9000  val_loss=0.4682  val_AUPR_all=0.5979  val_AUPR_ab=0.7230  val_AUPR_ag=0.3884  val_P@5_ab=1.0000  val_P@5_ag=0.9500  select=0.5557
Ep017  LR0=1.75e-04  pw=3.57  aucα=0.240  token_p=0.020  dropE=(0.020,0.080)  smooth=0.010  train_loss=0.3665  train_AUPR_all=0.6247  train_AUPR_ab=0.7193  train_AUPR_ag=0.4715  train_P@5_ab=0.9500  train_P@5_ag=0.7500  val_loss=0.4218  val_AUPR_all=0.6010  val_AUPR_ab=0.7257  val_AUPR_ag=0.3990  val_P@5_ab=0.9000  val_P@5_ag=1.0000  select=0.5624
  Saved checkpoint: checkpoints_old/iPara_balanced_l1_g6_i5_do0.10_dpr0.10_lr0.0002_heads16_fold3.pth  select=0.5624  val_ab=0.7257  val_ag=0.3990  val_all=0.6010
Ep018  LR0=1.72e-04  pw=3.27  aucα=0.270  token_p=0.020  dropE=(0.020,0.080)  smooth=0.010  train_loss=0.3529  train_AUPR_all=0.6410  train_AUPR_ab=0.7314  train_AUPR_ag=0.4970  train_P@5_ab=0.9500  train_P@5_ag=0.9500  val_loss=0.4114  val_AUPR_all=0.6114  val_AUPR_ab=0.7347  val_AUPR_ag=0.4132  val_P@5_ab=1.0000  val_P@5_ag=1.0000  select=0.5740
  Saved checkpoint: checkpoints_old/iPara_balanced_l1_g6_i5_do0.10_dpr0.10_lr0.0002_heads16_fold3.pth  select=0.5740  val_ab=0.7347  val_ag=0.4132  val_all=0.6114
Ep019  LR0=1.69e-04  pw=3.00  aucα=0.300  token_p=0.020  dropE=(0.020,0.080)  smooth=0.010  train_loss=0.3500  train_AUPR_all=0.6489  train_AUPR_ab=0.7420  train_AUPR_ag=0.5022  train_P@5_ab=1.0000  train_P@5_ag=0.9500  val_loss=0.3981  val_AUPR_all=0.6094  val_AUPR_ab=0.7333  val_AUPR_ag=0.4074  val_P@5_ab=1.0000  val_P@5_ag=0.9000  select=0.5704
Ep020  LR0=1.66e-04  pw=2.77  aucα=0.300  token_p=0.020  dropE=(0.020,0.080)  smooth=0.010  train_loss=0.3290  train_AUPR_all=0.6626  train_AUPR_ab=0.7504  train_AUPR_ag=0.5261  train_P@5_ab=0.9500  train_P@5_ag=0.9000  val_loss=0.3814  val_AUPR_all=0.6243  val_AUPR_ab=0.7497  val_AUPR_ag=0.4230  val_P@5_ab=1.0000  val_P@5_ag=1.0000  select=0.5864
  Saved checkpoint: checkpoints_old/iPara_balanced_l1_g6_i5_do0.10_dpr0.10_lr0.0002_heads16_fold3.pth  select=0.5864  val_ab=0.7497  val_ag=0.4230  val_all=0.6243
Ep021  LR0=1.62e-04  pw=2.56  aucα=0.300  token_p=0.020  dropE=(0.020,0.080)  smooth=0.010  train_loss=0.3123  train_AUPR_all=0.6733  train_AUPR_ab=0.7572  train_AUPR_ag=0.5448  train_P@5_ab=0.9500  train_P@5_ag=0.9500  val_loss=0.3788  val_AUPR_all=0.6047  val_AUPR_ab=0.7340  val_AUPR_ag=0.4037  val_P@5_ab=0.9000  val_P@5_ag=0.9000  select=0.5688
Ep022  LR0=1.59e-04  pw=2.38  aucα=0.300  token_p=0.020  dropE=(0.020,0.080)  smooth=0.010  train_loss=0.3045  train_AUPR_all=0.6731  train_AUPR_ab=0.7532  train_AUPR_ag=0.5512  train_P@5_ab=0.9500  train_P@5_ag=1.0000  val_loss=0.3581  val_AUPR_all=0.6124  val_AUPR_ab=0.7407  val_AUPR_ag=0.4095  val_P@5_ab=1.0000  val_P@5_ag=1.0000  select=0.5751
Ep023  LR0=1.55e-04  pw=2.21  aucα=0.300  token_p=0.020  dropE=(0.020,0.080)  smooth=0.010  train_loss=0.2870  train_AUPR_all=0.6847  train_AUPR_ab=0.7594  train_AUPR_ag=0.5717  train_P@5_ab=0.9500  train_P@5_ag=0.9500  val_loss=0.3773  val_AUPR_all=0.6055  val_AUPR_ab=0.7459  val_AUPR_ag=0.3866  val_P@5_ab=0.9500  val_P@5_ag=1.0000  select=0.5663
Ep024  LR0=1.51e-04  pw=2.07  aucα=0.300  token_p=0.020  dropE=(0.020,0.080)  smooth=0.010  train_loss=0.2731  train_AUPR_all=0.6989  train_AUPR_ab=0.7669  train_AUPR_ag=0.5983  train_P@5_ab=1.0000  train_P@5_ag=0.9500  val_loss=0.3572  val_AUPR_all=0.6108  val_AUPR_ab=0.7469  val_AUPR_ag=0.4091  val_P@5_ab=1.0000  val_P@5_ag=0.9000  select=0.5780
Ep025  LR0=1.48e-04  pw=1.95  aucα=0.300  token_p=0.020  dropE=(0.020,0.080)  smooth=0.010  train_loss=0.2606  train_AUPR_all=0.7063  train_AUPR_ab=0.7723  train_AUPR_ag=0.6088  train_P@5_ab=1.0000  train_P@5_ag=1.0000  val_loss=0.3693  val_AUPR_all=0.6146  val_AUPR_ab=0.7496  val_AUPR_ag=0.4080  val_P@5_ab=1.0000  val_P@5_ag=0.9000  select=0.5788
Ep026  LR0=1.44e-04  pw=1.83  aucα=0.300  token_p=0.020  dropE=(0.020,0.080)  smooth=0.010  train_loss=0.2503  train_AUPR_all=0.7170  train_AUPR_ab=0.7824  train_AUPR_ag=0.6205  train_P@5_ab=1.0000  train_P@5_ag=0.9000  val_loss=0.3407  val_AUPR_all=0.6031  val_AUPR_ab=0.7429  val_AUPR_ag=0.4018  val_P@5_ab=1.0000  val_P@5_ag=0.8500  select=0.5724
Ep027  LR0=1.39e-04  pw=1.74  aucα=0.300  token_p=0.020  dropE=(0.020,0.080)  smooth=0.010  train_loss=0.2352  train_AUPR_all=0.7361  train_AUPR_ab=0.7938  train_AUPR_ag=0.6526  train_P@5_ab=1.0000  train_P@5_ag=1.0000  val_loss=0.3688  val_AUPR_all=0.5884  val_AUPR_ab=0.7396  val_AUPR_ag=0.3916  val_P@5_ab=0.9500  val_P@5_ag=0.9000  select=0.5656
Ep028  LR0=1.35e-04  pw=1.65  aucα=0.300  token_p=0.020  dropE=(0.020,0.080)  smooth=0.010  train_loss=0.2285  train_AUPR_all=0.7404  train_AUPR_ab=0.7924  train_AUPR_ag=0.6661  train_P@5_ab=1.0000  train_P@5_ag=1.0000  val_loss=0.3435  val_AUPR_all=0.6094  val_AUPR_ab=0.7523  val_AUPR_ag=0.3945  val_P@5_ab=1.0000  val_P@5_ag=1.0000  select=0.5734
Ep029  LR0=1.31e-04  pw=1.57  aucα=0.300  token_p=0.020  dropE=(0.020,0.080)  smooth=0.010  train_loss=0.2184  train_AUPR_all=0.7510  train_AUPR_ab=0.8032  train_AUPR_ag=0.6758  train_P@5_ab=0.9500  train_P@5_ag=0.9500  val_loss=0.3548  val_AUPR_all=0.6023  val_AUPR_ab=0.7579  val_AUPR_ag=0.3706  val_P@5_ab=1.0000  val_P@5_ag=1.0000  select=0.5643
Ep030  LR0=1.27e-04  pw=1.51  aucα=0.300  token_p=0.020  dropE=(0.020,0.080)  smooth=0.010  train_loss=0.2106  train_AUPR_all=0.7577  train_AUPR_ab=0.8044  train_AUPR_ag=0.6916  train_P@5_ab=0.9500  train_P@5_ag=1.0000  val_loss=0.3369  val_AUPR_all=0.6002  val_AUPR_ab=0.7489  val_AUPR_ag=0.3995  val_P@5_ab=1.0000  val_P@5_ag=1.0000  select=0.5742
Ep031  LR0=1.22e-04  pw=1.45  aucα=0.300  token_p=0.020  dropE=(0.020,0.080)  smooth=0.010  train_loss=0.2042  train_AUPR_all=0.7666  train_AUPR_ab=0.8115  train_AUPR_ag=0.7030  train_P@5_ab=1.0000  train_P@5_ag=0.9500  val_loss=0.3366  val_AUPR_all=0.5970  val_AUPR_ab=0.7490  val_AUPR_ag=0.3971  val_P@5_ab=1.0000  val_P@5_ag=0.9500  select=0.5730
Ep032  LR0=1.18e-04  pw=1.39  aucα=0.300  token_p=0.020  dropE=(0.020,0.080)  smooth=0.010  train_loss=0.1986  train_AUPR_all=0.7725  train_AUPR_ab=0.8193  train_AUPR_ag=0.7059  train_P@5_ab=0.9500  train_P@5_ag=1.0000  val_loss=0.3311  val_AUPR_all=0.6063  val_AUPR_ab=0.7530  val_AUPR_ag=0.4103  val_P@5_ab=0.9500  val_P@5_ag=1.0000  select=0.5816
Ep033  LR0=1.14e-04  pw=1.35  aucα=0.300  token_p=0.020  dropE=(0.020,0.080)  smooth=0.010  train_loss=0.1866  train_AUPR_all=0.7880  train_AUPR_ab=0.8268  train_AUPR_ag=0.7337  train_P@5_ab=0.9000  train_P@5_ag=1.0000  val_loss=0.3386  val_AUPR_all=0.6036  val_AUPR_ab=0.7569  val_AUPR_ag=0.3832  val_P@5_ab=1.0000  val_P@5_ag=0.9500  select=0.5700
Ep034  LR0=1.09e-04  pw=1.31  aucα=0.300  token_p=0.020  dropE=(0.020,0.080)  smooth=0.010  train_loss=0.1815  train_AUPR_all=0.7941  train_AUPR_ab=0.8319  train_AUPR_ag=0.7411  train_P@5_ab=1.0000  train_P@5_ag=1.0000  val_loss=0.3276  val_AUPR_all=0.6006  val_AUPR_ab=0.7488  val_AUPR_ag=0.3897  val_P@5_ab=1.0000  val_P@5_ag=0.9000  select=0.5692
Ep035  LR0=1.05e-04  pw=1.27  aucα=0.300  token_p=0.020  dropE=(0.020,0.080)  smooth=0.010  train_loss=0.1767  train_AUPR_all=0.8013  train_AUPR_ab=0.8406  train_AUPR_ag=0.7461  train_P@5_ab=1.0000  train_P@5_ag=1.0000  val_loss=0.3186  val_AUPR_all=0.6112  val_AUPR_ab=0.7579  val_AUPR_ag=0.4050  val_P@5_ab=1.0000  val_P@5_ag=0.9500  select=0.5814
Ep036  LR0=1.00e-04  pw=1.24  aucα=0.300  token_p=0.020  dropE=(0.020,0.080)  smooth=0.010  train_loss=0.1739  train_AUPR_all=0.8028  train_AUPR_ab=0.8406  train_AUPR_ag=0.7497  train_P@5_ab=1.0000  train_P@5_ag=0.9500  val_loss=0.3230  val_AUPR_all=0.6150  val_AUPR_ab=0.7631  val_AUPR_ag=0.4064  val_P@5_ab=1.0000  val_P@5_ag=0.9500  select=0.5847
Ep037  LR0=9.58e-05  pw=1.21  aucα=0.300  token_p=0.020  dropE=(0.020,0.080)  smooth=0.010  train_loss=0.1684  train_AUPR_all=0.8121  train_AUPR_ab=0.8496  train_AUPR_ag=0.7593  train_P@5_ab=1.0000  train_P@5_ag=0.9500  val_loss=0.3207  val_AUPR_all=0.6138  val_AUPR_ab=0.7608  val_AUPR_ag=0.3963  val_P@5_ab=1.0000  val_P@5_ag=0.9500  select=0.5786
Ep038  LR0=9.13e-05  pw=1.19  aucα=0.300  token_p=0.020  dropE=(0.020,0.080)  smooth=0.010  train_loss=0.1596  train_AUPR_all=0.8259  train_AUPR_ab=0.8600  train_AUPR_ag=0.7783  train_P@5_ab=0.9500  train_P@5_ag=1.0000  val_loss=0.3328  val_AUPR_all=0.6002  val_AUPR_ab=0.7548  val_AUPR_ag=0.3879  val_P@5_ab=1.0000  val_P@5_ag=0.8500  select=0.5714
Ep039  LR0=8.69e-05  pw=1.16  aucα=0.300  token_p=0.020  dropE=(0.020,0.080)  smooth=0.010  train_loss=0.1562  train_AUPR_all=0.8293  train_AUPR_ab=0.8613  train_AUPR_ag=0.7844  train_P@5_ab=0.9500  train_P@5_ag=0.9500  val_loss=0.3334  val_AUPR_all=0.5878  val_AUPR_ab=0.7432  val_AUPR_ag=0.3740  val_P@5_ab=0.9500  val_P@5_ag=0.7500  select=0.5586
Ep040  LR0=8.24e-05  pw=1.15  aucα=0.300  token_p=0.020  dropE=(0.020,0.080)  smooth=0.010  train_loss=0.1515  train_AUPR_all=0.8377  train_AUPR_ab=0.8670  train_AUPR_ag=0.7971  train_P@5_ab=1.0000  train_P@5_ag=1.0000  val_loss=0.3254  val_AUPR_all=0.6090  val_AUPR_ab=0.7557  val_AUPR_ag=0.3981  val_P@5_ab=0.9500  val_P@5_ag=0.8500  select=0.5769
Ep041  LR0=7.81e-05  pw=1.13  aucα=0.300  token_p=0.020  dropE=(0.020,0.080)  smooth=0.010  train_loss=0.1442  train_AUPR_all=0.8482  train_AUPR_ab=0.8762  train_AUPR_ag=0.8093  train_P@5_ab=1.0000  train_P@5_ag=1.0000  val_loss=0.3286  val_AUPR_all=0.6003  val_AUPR_ab=0.7568  val_AUPR_ag=0.3977  val_P@5_ab=1.0000  val_P@5_ag=0.7000  select=0.5773
Ep042  LR0=7.37e-05  pw=1.11  aucα=0.300  token_p=0.020  dropE=(0.020,0.080)  smooth=0.010  train_loss=0.1426  train_AUPR_all=0.8519  train_AUPR_ab=0.8796  train_AUPR_ag=0.8135  train_P@5_ab=1.0000  train_P@5_ag=1.0000  val_loss=0.3205  val_AUPR_all=0.6037  val_AUPR_ab=0.7614  val_AUPR_ag=0.3733  val_P@5_ab=1.0000  val_P@5_ag=0.4500  select=0.5673
Ep043  LR0=6.94e-05  pw=1.10  aucα=0.300  token_p=0.020  dropE=(0.020,0.080)  smooth=0.010  train_loss=0.1402  train_AUPR_all=0.8532  train_AUPR_ab=0.8828  train_AUPR_ag=0.8119  train_P@5_ab=1.0000  train_P@5_ag=0.9500  val_loss=0.3216  val_AUPR_all=0.5980  val_AUPR_ab=0.7506  val_AUPR_ag=0.3791  val_P@5_ab=1.0000  val_P@5_ag=0.6000  select=0.5649
Ep044  LR0=6.52e-05  pw=1.09  aucα=0.300  token_p=0.020  dropE=(0.020,0.080)  smooth=0.010  train_loss=0.1399  train_AUPR_all=0.8531  train_AUPR_ab=0.8802  train_AUPR_ag=0.8156  train_P@5_ab=1.0000  train_P@5_ag=1.0000  val_loss=0.3236  val_AUPR_all=0.6045  val_AUPR_ab=0.7610  val_AUPR_ag=0.3832  val_P@5_ab=1.0000  val_P@5_ag=0.6000  select=0.5721
Ep045  LR0=6.10e-05  pw=1.08  aucα=0.300  token_p=0.020  dropE=(0.020,0.080)  smooth=0.010  train_loss=0.1325  train_AUPR_all=0.8657  train_AUPR_ab=0.8898  train_AUPR_ag=0.8321  train_P@5_ab=1.0000  train_P@5_ag=1.0000  val_loss=0.3227  val_AUPR_all=0.5992  val_AUPR_ab=0.7549  val_AUPR_ag=0.3933  val_P@5_ab=0.9500  val_P@5_ag=0.6000  select=0.5741
Early stopping at epoch 45. Best select=0.5864 at epoch 20.
Final saved checkpoint for fold 3: checkpoints_old/iPara_balanced_l1_g6_i5_do0.10_dpr0.10_lr0.0002_heads16_fold3.pth
Best select=0.5864 at epoch 20

==========================================================================================
Fold 4/5
==========================================================================================
Train labels: valid=398858, pos=26560, neg=372298, ignore=700342, pos_frac=0.06659
Val labels: valid=101334, pos=6670, neg=94664, ignore=172266, pos_frac=0.06582
Initializing ClassificationModel with 6 GAT layers and residual connections...
Initializing MCModel with 6 GAT layers and 5 row attention layers (drop_path_rate=0.1)
Initializing CoreModel with 1 layers, drop_path_rate=0.1
Ep001  LR0=2.00e-04  pw=20.00  aucα=0.000  token_p=0.020  dropE=(0.020,0.080)  smooth=0.010  train_loss=1.1097  train_AUPR_all=0.2035  train_AUPR_ab=0.2343  train_AUPR_ag=0.1641  train_P@5_ab=0.1500  train_P@5_ag=0.2000  val_loss=1.0425  val_AUPR_all=0.4315  val_AUPR_ab=0.5243  val_AUPR_ag=0.3008  val_P@5_ab=0.7500  val_P@5_ag=0.8500  select=0.4125
  Saved checkpoint: checkpoints_old/iPara_balanced_l1_g6_i5_do0.10_dpr0.10_lr0.0002_heads16_fold4.pth  select=0.4125  val_ab=0.5243  val_ag=0.3008  val_all=0.4315
Ep002  LR0=2.00e-04  pw=17.77  aucα=0.000  token_p=0.020  dropE=(0.020,0.080)  smooth=0.010  train_loss=0.7932  train_AUPR_all=0.3979  train_AUPR_ab=0.4761  train_AUPR_ag=0.2723  train_P@5_ab=0.7000  train_P@5_ag=0.7500  val_loss=1.0559  val_AUPR_all=0.4675  val_AUPR_ab=0.5750  val_AUPR_ag=0.2983  val_P@5_ab=0.8000  val_P@5_ag=0.9500  select=0.4366
  Saved checkpoint: checkpoints_old/iPara_balanced_l1_g6_i5_do0.10_dpr0.10_lr0.0002_heads16_fold4.pth  select=0.4366  val_ab=0.5750  val_ag=0.2983  val_all=0.4675
Ep003  LR0=2.00e-04  pw=15.80  aucα=0.000  token_p=0.020  dropE=(0.020,0.080)  smooth=0.010  train_loss=0.7071  train_AUPR_all=0.4337  train_AUPR_ab=0.5218  train_AUPR_ag=0.2887  train_P@5_ab=0.6500  train_P@5_ag=0.9500  val_loss=0.9062  val_AUPR_all=0.5015  val_AUPR_ab=0.6083  val_AUPR_ag=0.3322  val_P@5_ab=0.7000  val_P@5_ag=0.8000  select=0.4702
  Saved checkpoint: checkpoints_old/iPara_balanced_l1_g6_i5_do0.10_dpr0.10_lr0.0002_heads16_fold4.pth  select=0.4702  val_ab=0.6083  val_ag=0.3322  val_all=0.5015
Ep004  LR0=1.99e-04  pw=14.06  aucα=0.000  token_p=0.020  dropE=(0.020,0.080)  smooth=0.010  train_loss=0.6341  train_AUPR_all=0.4736  train_AUPR_ab=0.5591  train_AUPR_ag=0.3200  train_P@5_ab=0.5500  train_P@5_ag=0.7000  val_loss=0.8353  val_AUPR_all=0.5191  val_AUPR_ab=0.6192  val_AUPR_ag=0.3418  val_P@5_ab=0.9000  val_P@5_ag=0.9500  select=0.4805
  Saved checkpoint: checkpoints_old/iPara_balanced_l1_g6_i5_do0.10_dpr0.10_lr0.0002_heads16_fold4.pth  select=0.4805  val_ab=0.6192  val_ag=0.3418  val_all=0.5191
Unfreezing DyM parameters.
Ep005  LR0=1.98e-04  pw=12.52  aucα=0.000  token_p=0.020  dropE=(0.020,0.080)  smooth=0.010  train_loss=0.5883  train_AUPR_all=0.4977  train_AUPR_ab=0.5874  train_AUPR_ag=0.3413  train_P@5_ab=0.7500  train_P@5_ag=0.7000  val_loss=0.7849  val_AUPR_all=0.5321  val_AUPR_ab=0.6520  val_AUPR_ag=0.3422  val_P@5_ab=0.9000  val_P@5_ag=0.9500  select=0.4971
  Saved checkpoint: checkpoints_old/iPara_balanced_l1_g6_i5_do0.10_dpr0.10_lr0.0002_heads16_fold4.pth  select=0.4971  val_ab=0.6520  val_ag=0.3422  val_all=0.5321
Ep006  LR0=1.97e-04  pw=11.17  aucα=0.000  token_p=0.020  dropE=(0.020,0.080)  smooth=0.010  train_loss=0.5406  train_AUPR_all=0.5159  train_AUPR_ab=0.6086  train_AUPR_ag=0.3502  train_P@5_ab=0.8000  train_P@5_ag=0.9500  val_loss=0.7418  val_AUPR_all=0.5660  val_AUPR_ab=0.6832  val_AUPR_ag=0.3740  val_P@5_ab=0.8500  val_P@5_ag=1.0000  select=0.5286
  Saved checkpoint: checkpoints_old/iPara_balanced_l1_g6_i5_do0.10_dpr0.10_lr0.0002_heads16_fold4.pth  select=0.5286  val_ab=0.6832  val_ag=0.3740  val_all=0.5660
Ep007  LR0=1.96e-04  pw=9.97  aucα=0.000  token_p=0.020  dropE=(0.020,0.080)  smooth=0.010  train_loss=0.5049  train_AUPR_all=0.5327  train_AUPR_ab=0.6356  train_AUPR_ag=0.3562  train_P@5_ab=0.9000  train_P@5_ag=0.9000  val_loss=0.7081  val_AUPR_all=0.5510  val_AUPR_ab=0.6662  val_AUPR_ag=0.3567  val_P@5_ab=0.8500  val_P@5_ag=1.0000  select=0.5114
Ep008  LR0=1.95e-04  pw=8.92  aucα=0.000  token_p=0.020  dropE=(0.020,0.080)  smooth=0.010  train_loss=0.4721  train_AUPR_all=0.5438  train_AUPR_ab=0.6383  train_AUPR_ag=0.3768  train_P@5_ab=0.9500  train_P@5_ag=0.9500  val_loss=0.6964  val_AUPR_all=0.5624  val_AUPR_ab=0.6929  val_AUPR_ag=0.3513  val_P@5_ab=0.9500  val_P@5_ag=0.9000  select=0.5221
Ep009  LR0=1.94e-04  pw=7.99  aucα=0.000  token_p=0.020  dropE=(0.020,0.080)  smooth=0.010  train_loss=0.4405  train_AUPR_all=0.5520  train_AUPR_ab=0.6571  train_AUPR_ag=0.3713  train_P@5_ab=0.9000  train_P@5_ag=0.9500  val_loss=0.6174  val_AUPR_all=0.5819  val_AUPR_ab=0.7054  val_AUPR_ag=0.3808  val_P@5_ab=0.9500  val_P@5_ag=1.0000  select=0.5431
  Saved checkpoint: checkpoints_old/iPara_balanced_l1_g6_i5_do0.10_dpr0.10_lr0.0002_heads16_fold4.pth  select=0.5431  val_ab=0.7054  val_ag=0.3808  val_all=0.5819
Ep010  LR0=1.92e-04  pw=7.17  aucα=0.030  token_p=0.020  dropE=(0.020,0.080)  smooth=0.010  train_loss=0.4261  train_AUPR_all=0.5674  train_AUPR_ab=0.6640  train_AUPR_ag=0.3948  train_P@5_ab=0.8500  train_P@5_ag=0.9500  val_loss=0.5839  val_AUPR_all=0.5830  val_AUPR_ab=0.7139  val_AUPR_ag=0.3735  val_P@5_ab=1.0000  val_P@5_ag=1.0000  select=0.5437
  Saved checkpoint: checkpoints_old/iPara_balanced_l1_g6_i5_do0.10_dpr0.10_lr0.0002_heads16_fold4.pth  select=0.5437  val_ab=0.7139  val_ag=0.3735  val_all=0.5830
Ep011  LR0=1.90e-04  pw=6.44  aucα=0.060  token_p=0.020  dropE=(0.020,0.080)  smooth=0.010  train_loss=0.4151  train_AUPR_all=0.5738  train_AUPR_ab=0.6700  train_AUPR_ag=0.4048  train_P@5_ab=1.0000  train_P@5_ag=0.9500  val_loss=0.5682  val_AUPR_all=0.5950  val_AUPR_ab=0.7247  val_AUPR_ag=0.3884  val_P@5_ab=0.9500  val_P@5_ag=0.9500  select=0.5565
  Saved checkpoint: checkpoints_old/iPara_balanced_l1_g6_i5_do0.10_dpr0.10_lr0.0002_heads16_fold4.pth  select=0.5565  val_ab=0.7247  val_ag=0.3884  val_all=0.5950
Ep012  LR0=1.88e-04  pw=5.80  aucα=0.090  token_p=0.020  dropE=(0.020,0.080)  smooth=0.010  train_loss=0.4043  train_AUPR_all=0.5882  train_AUPR_ab=0.6882  train_AUPR_ag=0.4177  train_P@5_ab=0.9500  train_P@5_ag=0.9500  val_loss=0.5336  val_AUPR_all=0.5845  val_AUPR_ab=0.7154  val_AUPR_ag=0.3783  val_P@5_ab=0.9500  val_P@5_ag=0.9000  select=0.5468
Ep013  LR0=1.86e-04  pw=5.24  aucα=0.120  token_p=0.020  dropE=(0.020,0.080)  smooth=0.010  train_loss=0.3930  train_AUPR_all=0.5973  train_AUPR_ab=0.6996  train_AUPR_ag=0.4238  train_P@5_ab=0.9000  train_P@5_ag=0.9500  val_loss=0.5141  val_AUPR_all=0.5987  val_AUPR_ab=0.7288  val_AUPR_ag=0.3937  val_P@5_ab=0.9500  val_P@5_ag=1.0000  select=0.5613
  Saved checkpoint: checkpoints_old/iPara_balanced_l1_g6_i5_do0.10_dpr0.10_lr0.0002_heads16_fold4.pth  select=0.5613  val_ab=0.7288  val_ag=0.3937  val_all=0.5987
Ep014  LR0=1.83e-04  pw=4.74  aucα=0.150  token_p=0.020  dropE=(0.020,0.080)  smooth=0.010  train_loss=0.3832  train_AUPR_all=0.6075  train_AUPR_ab=0.7047  train_AUPR_ag=0.4443  train_P@5_ab=0.8500  train_P@5_ag=1.0000  val_loss=0.5018  val_AUPR_all=0.5865  val_AUPR_ab=0.7203  val_AUPR_ag=0.3744  val_P@5_ab=0.9500  val_P@5_ag=1.0000  select=0.5474
Ep015  LR0=1.81e-04  pw=4.30  aucα=0.180  token_p=0.020  dropE=(0.020,0.080)  smooth=0.010  train_loss=0.3771  train_AUPR_all=0.6134  train_AUPR_ab=0.7139  train_AUPR_ag=0.4495  train_P@5_ab=0.9500  train_P@5_ag=1.0000  val_loss=0.5057  val_AUPR_all=0.5947  val_AUPR_ab=0.7366  val_AUPR_ag=0.3811  val_P@5_ab=0.9500  val_P@5_ag=0.8500  select=0.5589
Ep016  LR0=1.78e-04  pw=3.91  aucα=0.210  token_p=0.020  dropE=(0.020,0.080)  smooth=0.010  train_loss=0.3675  train_AUPR_all=0.6209  train_AUPR_ab=0.7186  train_AUPR_ag=0.4612  train_P@5_ab=0.9500  train_P@5_ag=0.8500  val_loss=0.4965  val_AUPR_all=0.5927  val_AUPR_ab=0.7394  val_AUPR_ag=0.3611  val_P@5_ab=1.0000  val_P@5_ag=0.9000  select=0.5503
Ep017  LR0=1.75e-04  pw=3.57  aucα=0.240  token_p=0.020  dropE=(0.020,0.080)  smooth=0.010  train_loss=0.3617  train_AUPR_all=0.6327  train_AUPR_ab=0.7299  train_AUPR_ag=0.4737  train_P@5_ab=0.9500  train_P@5_ag=1.0000  val_loss=0.4674  val_AUPR_all=0.6035  val_AUPR_ab=0.7391  val_AUPR_ag=0.3956  val_P@5_ab=1.0000  val_P@5_ag=0.9000  select=0.5673
  Saved checkpoint: checkpoints_old/iPara_balanced_l1_g6_i5_do0.10_dpr0.10_lr0.0002_heads16_fold4.pth  select=0.5673  val_ab=0.7391  val_ag=0.3956  val_all=0.6035
Ep018  LR0=1.72e-04  pw=3.27  aucα=0.270  token_p=0.020  dropE=(0.020,0.080)  smooth=0.010  train_loss=0.3543  train_AUPR_all=0.6433  train_AUPR_ab=0.7370  train_AUPR_ag=0.4933  train_P@5_ab=0.9500  train_P@5_ag=1.0000  val_loss=0.4461  val_AUPR_all=0.6141  val_AUPR_ab=0.7588  val_AUPR_ag=0.3942  val_P@5_ab=1.0000  val_P@5_ag=0.9000  select=0.5765
  Saved checkpoint: checkpoints_old/iPara_balanced_l1_g6_i5_do0.10_dpr0.10_lr0.0002_heads16_fold4.pth  select=0.5765  val_ab=0.7588  val_ag=0.3942  val_all=0.6141
Ep019  LR0=1.69e-04  pw=3.00  aucα=0.300  token_p=0.020  dropE=(0.020,0.080)  smooth=0.010  train_loss=0.3487  train_AUPR_all=0.6528  train_AUPR_ab=0.7426  train_AUPR_ag=0.5112  train_P@5_ab=1.0000  train_P@5_ag=0.9000  val_loss=0.4180  val_AUPR_all=0.6041  val_AUPR_ab=0.7457  val_AUPR_ag=0.3968  val_P@5_ab=1.0000  val_P@5_ag=1.0000  select=0.5713
Ep020  LR0=1.66e-04  pw=2.77  aucα=0.300  token_p=0.020  dropE=(0.020,0.080)  smooth=0.010  train_loss=0.3290  train_AUPR_all=0.6639  train_AUPR_ab=0.7517  train_AUPR_ag=0.5250  train_P@5_ab=1.0000  train_P@5_ag=0.9500  val_loss=0.4122  val_AUPR_all=0.6063  val_AUPR_ab=0.7457  val_AUPR_ag=0.3989  val_P@5_ab=1.0000  val_P@5_ag=0.8500  select=0.5723
Ep021  LR0=1.62e-04  pw=2.56  aucα=0.300  token_p=0.020  dropE=(0.020,0.080)  smooth=0.010  train_loss=0.3160  train_AUPR_all=0.6694  train_AUPR_ab=0.7518  train_AUPR_ag=0.5418  train_P@5_ab=1.0000  train_P@5_ag=1.0000  val_loss=0.4151  val_AUPR_all=0.6034  val_AUPR_ab=0.7496  val_AUPR_ag=0.3869  val_P@5_ab=1.0000  val_P@5_ag=0.9000  select=0.5682
Ep022  LR0=1.59e-04  pw=2.38  aucα=0.300  token_p=0.020  dropE=(0.020,0.080)  smooth=0.010  train_loss=0.3016  train_AUPR_all=0.6772  train_AUPR_ab=0.7593  train_AUPR_ag=0.5501  train_P@5_ab=0.9000  train_P@5_ag=0.9500  val_loss=0.3751  val_AUPR_all=0.6256  val_AUPR_ab=0.7649  val_AUPR_ag=0.4152  val_P@5_ab=1.0000  val_P@5_ag=0.9500  select=0.5901
  Saved checkpoint: checkpoints_old/iPara_balanced_l1_g6_i5_do0.10_dpr0.10_lr0.0002_heads16_fold4.pth  select=0.5901  val_ab=0.7649  val_ag=0.4152  val_all=0.6256
Ep023  LR0=1.55e-04  pw=2.21  aucα=0.300  token_p=0.020  dropE=(0.020,0.080)  smooth=0.010  train_loss=0.2858  train_AUPR_all=0.6927  train_AUPR_ab=0.7715  train_AUPR_ag=0.5709  train_P@5_ab=1.0000  train_P@5_ag=0.9000  val_loss=0.3851  val_AUPR_all=0.6125  val_AUPR_ab=0.7636  val_AUPR_ag=0.4080  val_P@5_ab=1.0000  val_P@5_ag=0.9500  select=0.5858
Ep024  LR0=1.51e-04  pw=2.07  aucα=0.300  token_p=0.020  dropE=(0.020,0.080)  smooth=0.010  train_loss=0.2739  train_AUPR_all=0.7004  train_AUPR_ab=0.7774  train_AUPR_ag=0.5823  train_P@5_ab=1.0000  train_P@5_ag=1.0000  val_loss=0.4058  val_AUPR_all=0.5939  val_AUPR_ab=0.7594  val_AUPR_ag=0.3880  val_P@5_ab=1.0000  val_P@5_ag=0.9000  select=0.5737
Ep025  LR0=1.48e-04  pw=1.95  aucα=0.300  token_p=0.020  dropE=(0.020,0.080)  smooth=0.010  train_loss=0.2578  train_AUPR_all=0.7171  train_AUPR_ab=0.7827  train_AUPR_ag=0.6195  train_P@5_ab=0.9500  train_P@5_ag=1.0000  val_loss=0.3553  val_AUPR_all=0.6178  val_AUPR_ab=0.7555  val_AUPR_ag=0.4115  val_P@5_ab=0.9500  val_P@5_ag=0.9500  select=0.5835
Ep026  LR0=1.44e-04  pw=1.83  aucα=0.300  token_p=0.020  dropE=(0.020,0.080)  smooth=0.010  train_loss=0.2468  train_AUPR_all=0.7251  train_AUPR_ab=0.7899  train_AUPR_ag=0.6293  train_P@5_ab=1.0000  train_P@5_ag=1.0000  val_loss=0.3551  val_AUPR_all=0.6218  val_AUPR_ab=0.7700  val_AUPR_ag=0.4008  val_P@5_ab=1.0000  val_P@5_ag=1.0000  select=0.5854
Ep027  LR0=1.39e-04  pw=1.74  aucα=0.300  token_p=0.020  dropE=(0.020,0.080)  smooth=0.010  train_loss=0.2388  train_AUPR_all=0.7330  train_AUPR_ab=0.7958  train_AUPR_ag=0.6400  train_P@5_ab=1.0000  train_P@5_ag=1.0000  val_loss=0.3636  val_AUPR_all=0.6115  val_AUPR_ab=0.7627  val_AUPR_ag=0.3817  val_P@5_ab=0.9500  val_P@5_ag=0.9500  select=0.5722
Ep028  LR0=1.35e-04  pw=1.65  aucα=0.300  token_p=0.020  dropE=(0.020,0.080)  smooth=0.010  train_loss=0.2288  train_AUPR_all=0.7416  train_AUPR_ab=0.8038  train_AUPR_ag=0.6497  train_P@5_ab=1.0000  train_P@5_ag=0.9500  val_loss=0.3627  val_AUPR_all=0.6118  val_AUPR_ab=0.7618  val_AUPR_ag=0.4051  val_P@5_ab=0.9500  val_P@5_ag=0.9000  select=0.5834
Ep029  LR0=1.31e-04  pw=1.57  aucα=0.300  token_p=0.020  dropE=(0.020,0.080)  smooth=0.010  train_loss=0.2172  train_AUPR_all=0.7555  train_AUPR_ab=0.8115  train_AUPR_ag=0.6731  train_P@5_ab=0.8500  train_P@5_ag=1.0000  val_loss=0.3472  val_AUPR_all=0.6036  val_AUPR_ab=0.7658  val_AUPR_ag=0.3956  val_P@5_ab=0.9500  val_P@5_ag=0.8000  select=0.5807
Ep030  LR0=1.27e-04  pw=1.51  aucα=0.300  token_p=0.020  dropE=(0.020,0.080)  smooth=0.010  train_loss=0.2123  train_AUPR_all=0.7577  train_AUPR_ab=0.8111  train_AUPR_ag=0.6797  train_P@5_ab=0.9000  train_P@5_ag=1.0000  val_loss=0.3287  val_AUPR_all=0.6344  val_AUPR_ab=0.7731  val_AUPR_ag=0.4341  val_P@5_ab=0.9000  val_P@5_ag=1.0000  select=0.6036
  Saved checkpoint: checkpoints_old/iPara_balanced_l1_g6_i5_do0.10_dpr0.10_lr0.0002_heads16_fold4.pth  select=0.6036  val_ab=0.7731  val_ag=0.4341  val_all=0.6344
Ep031  LR0=1.22e-04  pw=1.45  aucα=0.300  token_p=0.020  dropE=(0.020,0.080)  smooth=0.010  train_loss=0.2003  train_AUPR_all=0.7759  train_AUPR_ab=0.8253  train_AUPR_ag=0.7041  train_P@5_ab=1.0000  train_P@5_ag=1.0000  val_loss=0.3358  val_AUPR_all=0.6214  val_AUPR_ab=0.7649  val_AUPR_ag=0.4238  val_P@5_ab=0.9000  val_P@5_ag=0.9000  select=0.5944
Ep032  LR0=1.18e-04  pw=1.39  aucα=0.300  token_p=0.020  dropE=(0.020,0.080)  smooth=0.010  train_loss=0.1930  train_AUPR_all=0.7831  train_AUPR_ab=0.8314  train_AUPR_ag=0.7130  train_P@5_ab=1.0000  train_P@5_ag=1.0000  val_loss=0.3340  val_AUPR_all=0.6216  val_AUPR_ab=0.7689  val_AUPR_ag=0.4330  val_P@5_ab=0.9500  val_P@5_ag=0.9500  select=0.6009
Ep033  LR0=1.14e-04  pw=1.35  aucα=0.300  token_p=0.020  dropE=(0.020,0.080)  smooth=0.010  train_loss=0.1831  train_AUPR_all=0.7972  train_AUPR_ab=0.8429  train_AUPR_ag=0.7309  train_P@5_ab=1.0000  train_P@5_ag=1.0000  val_loss=0.3217  val_AUPR_all=0.6245  val_AUPR_ab=0.7694  val_AUPR_ag=0.4270  val_P@5_ab=0.9000  val_P@5_ag=1.0000  select=0.5982
Ep034  LR0=1.09e-04  pw=1.31  aucα=0.300  token_p=0.020  dropE=(0.020,0.080)  smooth=0.010  train_loss=0.1803  train_AUPR_all=0.8003  train_AUPR_ab=0.8437  train_AUPR_ag=0.7378  train_P@5_ab=0.9500  train_P@5_ag=1.0000  val_loss=0.3261  val_AUPR_all=0.6121  val_AUPR_ab=0.7596  val_AUPR_ag=0.4040  val_P@5_ab=0.9500  val_P@5_ag=0.9500  select=0.5818
Ep035  LR0=1.05e-04  pw=1.27  aucα=0.300  token_p=0.020  dropE=(0.020,0.080)  smooth=0.010  train_loss=0.1768  train_AUPR_all=0.8033  train_AUPR_ab=0.8479  train_AUPR_ag=0.7387  train_P@5_ab=1.0000  train_P@5_ag=1.0000  val_loss=0.3266  val_AUPR_all=0.6119  val_AUPR_ab=0.7476  val_AUPR_ag=0.4257  val_P@5_ab=0.9500  val_P@5_ag=0.8000  select=0.5866
Ep036  LR0=1.00e-04  pw=1.24  aucα=0.300  token_p=0.020  dropE=(0.020,0.080)  smooth=0.010  train_loss=0.1656  train_AUPR_all=0.8192  train_AUPR_ab=0.8596  train_AUPR_ag=0.7610  train_P@5_ab=1.0000  train_P@5_ag=1.0000  val_loss=0.3237  val_AUPR_all=0.6209  val_AUPR_ab=0.7644  val_AUPR_ag=0.4176  val_P@5_ab=0.8500  val_P@5_ag=0.6000  select=0.5910
Ep037  LR0=9.58e-05  pw=1.21  aucα=0.300  token_p=0.020  dropE=(0.020,0.080)  smooth=0.010  train_loss=0.1621  train_AUPR_all=0.8233  train_AUPR_ab=0.8595  train_AUPR_ag=0.7717  train_P@5_ab=1.0000  train_P@5_ag=1.0000  val_loss=0.3192  val_AUPR_all=0.6216  val_AUPR_ab=0.7647  val_AUPR_ag=0.4209  val_P@5_ab=0.8500  val_P@5_ag=0.8000  select=0.5928
Ep038  LR0=9.13e-05  pw=1.19  aucα=0.300  token_p=0.020  dropE=(0.020,0.080)  smooth=0.010  train_loss=0.1584  train_AUPR_all=0.8284  train_AUPR_ab=0.8665  train_AUPR_ag=0.7733  train_P@5_ab=1.0000  train_P@5_ag=1.0000  val_loss=0.3209  val_AUPR_all=0.6114  val_AUPR_ab=0.7592  val_AUPR_ag=0.4176  val_P@5_ab=0.9500  val_P@5_ag=1.0000  select=0.5884
Ep039  LR0=8.69e-05  pw=1.16  aucα=0.300  token_p=0.020  dropE=(0.020,0.080)  smooth=0.010  train_loss=0.1545  train_AUPR_all=0.8346  train_AUPR_ab=0.8721  train_AUPR_ag=0.7804  train_P@5_ab=1.0000  train_P@5_ag=1.0000  val_loss=0.3192  val_AUPR_all=0.6046  val_AUPR_ab=0.7493  val_AUPR_ag=0.4325  val_P@5_ab=0.9000  val_P@5_ag=0.9000  select=0.5909
Ep040  LR0=8.24e-05  pw=1.15  aucα=0.300  token_p=0.020  dropE=(0.020,0.080)  smooth=0.010  train_loss=0.1468  train_AUPR_all=0.8459  train_AUPR_ab=0.8793  train_AUPR_ag=0.7979  train_P@5_ab=1.0000  train_P@5_ag=1.0000  val_loss=0.3178  val_AUPR_all=0.6109  val_AUPR_ab=0.7463  val_AUPR_ag=0.4386  val_P@5_ab=1.0000  val_P@5_ag=0.6000  select=0.5924
Ep041  LR0=7.81e-05  pw=1.13  aucα=0.300  token_p=0.020  dropE=(0.020,0.080)  smooth=0.010  train_loss=0.1453  train_AUPR_all=0.8469  train_AUPR_ab=0.8814  train_AUPR_ag=0.7971  train_P@5_ab=0.9500  train_P@5_ag=1.0000  val_loss=0.3092  val_AUPR_all=0.6274  val_AUPR_ab=0.7658  val_AUPR_ag=0.4316  val_P@5_ab=0.8500  val_P@5_ag=0.9500  select=0.5987
Ep042  LR0=7.37e-05  pw=1.11  aucα=0.300  token_p=0.020  dropE=(0.020,0.080)  smooth=0.010  train_loss=0.1404  train_AUPR_all=0.8555  train_AUPR_ab=0.8877  train_AUPR_ag=0.8093  train_P@5_ab=1.0000  train_P@5_ag=1.0000  val_loss=0.3157  val_AUPR_all=0.6224  val_AUPR_ab=0.7685  val_AUPR_ag=0.4269  val_P@5_ab=0.9000  val_P@5_ag=0.7000  select=0.5977
Ep043  LR0=6.94e-05  pw=1.10  aucα=0.300  token_p=0.020  dropE=(0.020,0.080)  smooth=0.010  train_loss=0.1395  train_AUPR_all=0.8547  train_AUPR_ab=0.8870  train_AUPR_ag=0.8081  train_P@5_ab=1.0000  train_P@5_ag=1.0000  val_loss=0.3168  val_AUPR_all=0.6172  val_AUPR_ab=0.7638  val_AUPR_ag=0.4190  val_P@5_ab=0.8500  val_P@5_ag=0.6500  select=0.5914
Ep044  LR0=6.52e-05  pw=1.09  aucα=0.300  token_p=0.020  dropE=(0.020,0.080)  smooth=0.010  train_loss=0.1311  train_AUPR_all=0.8687  train_AUPR_ab=0.8979  train_AUPR_ag=0.8265  train_P@5_ab=1.0000  train_P@5_ag=1.0000  val_loss=0.3167  val_AUPR_all=0.6147  val_AUPR_ab=0.7647  val_AUPR_ag=0.4071  val_P@5_ab=0.8000  val_P@5_ag=0.7500  select=0.5859
Ep045  LR0=6.10e-05  pw=1.08  aucα=0.300  token_p=0.020  dropE=(0.020,0.080)  smooth=0.010  train_loss=0.1293  train_AUPR_all=0.8711  train_AUPR_ab=0.9006  train_AUPR_ag=0.8286  train_P@5_ab=1.0000  train_P@5_ag=1.0000  val_loss=0.3175  val_AUPR_all=0.6118  val_AUPR_ab=0.7633  val_AUPR_ag=0.4217  val_P@5_ab=0.9000  val_P@5_ag=0.5500  select=0.5925
Ep046  LR0=5.70e-05  pw=1.07  aucα=0.300  token_p=0.020  dropE=(0.020,0.080)  smooth=0.010  train_loss=0.1256  train_AUPR_all=0.8767  train_AUPR_ab=0.9054  train_AUPR_ag=0.8350  train_P@5_ab=1.0000  train_P@5_ag=1.0000  val_loss=0.3239  val_AUPR_all=0.6126  val_AUPR_ab=0.7580  val_AUPR_ag=0.4186  val_P@5_ab=0.9500  val_P@5_ag=0.6000  select=0.5883
Ep047  LR0=5.30e-05  pw=1.06  aucα=0.300  token_p=0.020  dropE=(0.020,0.080)  smooth=0.010  train_loss=0.1283  train_AUPR_all=0.8725  train_AUPR_ab=0.9028  train_AUPR_ag=0.8284  train_P@5_ab=1.0000  train_P@5_ag=1.0000  val_loss=0.3174  val_AUPR_all=0.6179  val_AUPR_ab=0.7666  val_AUPR_ag=0.4124  val_P@5_ab=0.8500  val_P@5_ag=0.5000  select=0.5895
Ep048  LR0=4.91e-05  pw=1.05  aucα=0.300  token_p=0.020  dropE=(0.020,0.080)  smooth=0.010  train_loss=0.1239  train_AUPR_all=0.8782  train_AUPR_ab=0.9058  train_AUPR_ag=0.8382  train_P@5_ab=1.0000  train_P@5_ag=0.9500  val_loss=0.3213  val_AUPR_all=0.6097  val_AUPR_ab=0.7574  val_AUPR_ag=0.4148  val_P@5_ab=0.7000  val_P@5_ag=0.6000  select=0.5861
Ep049  LR0=4.53e-05  pw=1.05  aucα=0.300  token_p=0.020  dropE=(0.020,0.080)  smooth=0.010  train_loss=0.1185  train_AUPR_all=0.8878  train_AUPR_ab=0.9139  train_AUPR_ag=0.8499  train_P@5_ab=1.0000  train_P@5_ag=1.0000  val_loss=0.3210  val_AUPR_all=0.6131  val_AUPR_ab=0.7506  val_AUPR_ag=0.4294  val_P@5_ab=0.8500  val_P@5_ag=0.6500  select=0.5900
Ep050  LR0=4.16e-05  pw=1.04  aucα=0.300  token_p=0.020  dropE=(0.020,0.080)  smooth=0.010  train_loss=0.1188  train_AUPR_all=0.8869  train_AUPR_ab=0.9140  train_AUPR_ag=0.8475  train_P@5_ab=1.0000  train_P@5_ag=1.0000  val_loss=0.3211  val_AUPR_all=0.6066  val_AUPR_ab=0.7495  val_AUPR_ag=0.4215  val_P@5_ab=0.9000  val_P@5_ag=0.5000  select=0.5855
Early stopping at epoch 50. Best select=0.6036 at epoch 30.
Final saved checkpoint for fold 4: checkpoints_old/iPara_balanced_l1_g6_i5_do0.10_dpr0.10_lr0.0002_heads16_fold4.pth
Best select=0.6036 at epoch 30

==========================================================================================
Fold 5/5
==========================================================================================
Train labels: valid=399660, pos=26617, neg=373043, ignore=699540, pos_frac=0.06660
Val labels: valid=100532, pos=6613, neg=93919, ignore=173068, pos_frac=0.06578
Initializing ClassificationModel with 6 GAT layers and residual connections...
Initializing MCModel with 6 GAT layers and 5 row attention layers (drop_path_rate=0.1)
Initializing CoreModel with 1 layers, drop_path_rate=0.1
Ep001  LR0=2.00e-04  pw=20.00  aucα=0.000  token_p=0.020  dropE=(0.020,0.080)  smooth=0.010  train_loss=1.2029  train_AUPR_all=0.1866  train_AUPR_ab=0.2105  train_AUPR_ag=0.1574  train_P@5_ab=0.2000  train_P@5_ag=0.1000  val_loss=1.0569  val_AUPR_all=0.4054  val_AUPR_ab=0.4928  val_AUPR_ag=0.2616  val_P@5_ab=0.4500  val_P@5_ag=0.9500  select=0.3772
  Saved checkpoint: checkpoints_old/iPara_balanced_l1_g6_i5_do0.10_dpr0.10_lr0.0002_heads16_fold5.pth  select=0.3772  val_ab=0.4928  val_ag=0.2616  val_all=0.4054
Ep002  LR0=2.00e-04  pw=17.77  aucα=0.000  token_p=0.020  dropE=(0.020,0.080)  smooth=0.010  train_loss=0.8379  train_AUPR_all=0.3694  train_AUPR_ab=0.4487  train_AUPR_ag=0.2558  train_P@5_ab=0.6500  train_P@5_ag=0.8500  val_loss=0.9328  val_AUPR_all=0.4723  val_AUPR_ab=0.5805  val_AUPR_ag=0.2894  val_P@5_ab=0.6000  val_P@5_ag=0.9000  select=0.4349
  Saved checkpoint: checkpoints_old/iPara_balanced_l1_g6_i5_do0.10_dpr0.10_lr0.0002_heads16_fold5.pth  select=0.4349  val_ab=0.5805  val_ag=0.2894  val_all=0.4723
Ep003  LR0=2.00e-04  pw=15.80  aucα=0.000  token_p=0.020  dropE=(0.020,0.080)  smooth=0.010  train_loss=0.7117  train_AUPR_all=0.4339  train_AUPR_ab=0.5104  train_AUPR_ag=0.2930  train_P@5_ab=0.8000  train_P@5_ag=0.9500  val_loss=0.8560  val_AUPR_all=0.4990  val_AUPR_ab=0.6143  val_AUPR_ag=0.3103  val_P@5_ab=0.6500  val_P@5_ag=0.9000  select=0.4623
  Saved checkpoint: checkpoints_old/iPara_balanced_l1_g6_i5_do0.10_dpr0.10_lr0.0002_heads16_fold5.pth  select=0.4623  val_ab=0.6143  val_ag=0.3103  val_all=0.4990
Ep004  LR0=1.99e-04  pw=14.06  aucα=0.000  token_p=0.020  dropE=(0.020,0.080)  smooth=0.010  train_loss=0.6619  train_AUPR_all=0.4610  train_AUPR_ab=0.5395  train_AUPR_ag=0.3182  train_P@5_ab=0.8000  train_P@5_ag=1.0000  val_loss=0.8217  val_AUPR_all=0.4996  val_AUPR_ab=0.6361  val_AUPR_ag=0.2951  val_P@5_ab=0.6000  val_P@5_ag=0.9000  select=0.4656
  Saved checkpoint: checkpoints_old/iPara_balanced_l1_g6_i5_do0.10_dpr0.10_lr0.0002_heads16_fold5.pth  select=0.4656  val_ab=0.6361  val_ag=0.2951  val_all=0.4996
Unfreezing DyM parameters.
Ep005  LR0=1.98e-04  pw=12.52  aucα=0.000  token_p=0.020  dropE=(0.020,0.080)  smooth=0.010  train_loss=0.5977  train_AUPR_all=0.4857  train_AUPR_ab=0.5634  train_AUPR_ag=0.3376  train_P@5_ab=0.8500  train_P@5_ag=0.9000  val_loss=0.8114  val_AUPR_all=0.5162  val_AUPR_ab=0.6577  val_AUPR_ag=0.3103  val_P@5_ab=1.0000  val_P@5_ag=0.9000  select=0.4840
  Saved checkpoint: checkpoints_old/iPara_balanced_l1_g6_i5_do0.10_dpr0.10_lr0.0002_heads16_fold5.pth  select=0.4840  val_ab=0.6577  val_ag=0.3103  val_all=0.5162
Ep006  LR0=1.97e-04  pw=11.17  aucα=0.000  token_p=0.020  dropE=(0.020,0.080)  smooth=0.010  train_loss=0.5542  train_AUPR_all=0.5111  train_AUPR_ab=0.5933  train_AUPR_ag=0.3552  train_P@5_ab=0.5000  train_P@5_ag=1.0000  val_loss=0.7142  val_AUPR_all=0.5409  val_AUPR_ab=0.6765  val_AUPR_ag=0.3273  val_P@5_ab=0.8000  val_P@5_ag=0.7500  select=0.5019
  Saved checkpoint: checkpoints_old/iPara_balanced_l1_g6_i5_do0.10_dpr0.10_lr0.0002_heads16_fold5.pth  select=0.5019  val_ab=0.6765  val_ag=0.3273  val_all=0.5409
Ep007  LR0=1.96e-04  pw=9.97  aucα=0.000  token_p=0.020  dropE=(0.020,0.080)  smooth=0.010  train_loss=0.5127  train_AUPR_all=0.5284  train_AUPR_ab=0.6167  train_AUPR_ag=0.3664  train_P@5_ab=0.7500  train_P@5_ag=0.9000  val_loss=0.6711  val_AUPR_all=0.5523  val_AUPR_ab=0.6921  val_AUPR_ag=0.3428  val_P@5_ab=0.9000  val_P@5_ag=0.8000  select=0.5175
  Saved checkpoint: checkpoints_old/iPara_balanced_l1_g6_i5_do0.10_dpr0.10_lr0.0002_heads16_fold5.pth  select=0.5175  val_ab=0.6921  val_ag=0.3428  val_all=0.5523
Ep008  LR0=1.95e-04  pw=8.92  aucα=0.000  token_p=0.020  dropE=(0.020,0.080)  smooth=0.010  train_loss=0.4735  train_AUPR_all=0.5397  train_AUPR_ab=0.6327  train_AUPR_ag=0.3751  train_P@5_ab=0.9000  train_P@5_ag=0.8500  val_loss=0.6562  val_AUPR_all=0.5587  val_AUPR_ab=0.7058  val_AUPR_ag=0.3429  val_P@5_ab=0.9500  val_P@5_ag=0.9500  select=0.5243
  Saved checkpoint: checkpoints_old/iPara_balanced_l1_g6_i5_do0.10_dpr0.10_lr0.0002_heads16_fold5.pth  select=0.5243  val_ab=0.7058  val_ag=0.3429  val_all=0.5587
Ep009  LR0=1.94e-04  pw=7.99  aucα=0.000  token_p=0.020  dropE=(0.020,0.080)  smooth=0.010  train_loss=0.4465  train_AUPR_all=0.5472  train_AUPR_ab=0.6414  train_AUPR_ag=0.3795  train_P@5_ab=0.8000  train_P@5_ag=0.9500  val_loss=0.6162  val_AUPR_all=0.5693  val_AUPR_ab=0.6941  val_AUPR_ag=0.3639  val_P@5_ab=1.0000  val_P@5_ag=1.0000  select=0.5290
  Saved checkpoint: checkpoints_old/iPara_balanced_l1_g6_i5_do0.10_dpr0.10_lr0.0002_heads16_fold5.pth  select=0.5290  val_ab=0.6941  val_ag=0.3639  val_all=0.5693
Ep010  LR0=1.92e-04  pw=7.17  aucα=0.030  token_p=0.020  dropE=(0.020,0.080)  smooth=0.010  train_loss=0.4280  train_AUPR_all=0.5646  train_AUPR_ab=0.6607  train_AUPR_ag=0.3987  train_P@5_ab=0.8500  train_P@5_ag=0.8500  val_loss=0.5921  val_AUPR_all=0.5848  val_AUPR_ab=0.7205  val_AUPR_ag=0.3764  val_P@5_ab=1.0000  val_P@5_ag=0.9500  select=0.5485
  Saved checkpoint: checkpoints_old/iPara_balanced_l1_g6_i5_do0.10_dpr0.10_lr0.0002_heads16_fold5.pth  select=0.5485  val_ab=0.7205  val_ag=0.3764  val_all=0.5848
Ep011  LR0=1.90e-04  pw=6.44  aucα=0.060  token_p=0.020  dropE=(0.020,0.080)  smooth=0.010  train_loss=0.4185  train_AUPR_all=0.5719  train_AUPR_ab=0.6641  train_AUPR_ag=0.4114  train_P@5_ab=0.8500  train_P@5_ag=0.9500  val_loss=0.5735  val_AUPR_all=0.5600  val_AUPR_ab=0.7174  val_AUPR_ag=0.3508  val_P@5_ab=1.0000  val_P@5_ag=0.9000  select=0.5341
Ep012  LR0=1.88e-04  pw=5.80  aucα=0.090  token_p=0.020  dropE=(0.020,0.080)  smooth=0.010  train_loss=0.4047  train_AUPR_all=0.5799  train_AUPR_ab=0.6764  train_AUPR_ag=0.4170  train_P@5_ab=0.8000  train_P@5_ag=0.9000  val_loss=0.6248  val_AUPR_all=0.5551  val_AUPR_ab=0.7248  val_AUPR_ag=0.3159  val_P@5_ab=1.0000  val_P@5_ag=0.8000  select=0.5203
Ep013  LR0=1.86e-04  pw=5.24  aucα=0.120  token_p=0.020  dropE=(0.020,0.080)  smooth=0.010  train_loss=0.3966  train_AUPR_all=0.5895  train_AUPR_ab=0.6835  train_AUPR_ag=0.4327  train_P@5_ab=0.9000  train_P@5_ag=1.0000  val_loss=0.5366  val_AUPR_all=0.5647  val_AUPR_ab=0.7167  val_AUPR_ag=0.3413  val_P@5_ab=0.7500  val_P@5_ag=0.9500  select=0.5290
Ep014  LR0=1.83e-04  pw=4.74  aucα=0.150  token_p=0.020  dropE=(0.020,0.080)  smooth=0.010  train_loss=0.3860  train_AUPR_all=0.5990  train_AUPR_ab=0.6929  train_AUPR_ag=0.4416  train_P@5_ab=0.8500  train_P@5_ag=0.9500  val_loss=0.4864  val_AUPR_all=0.5892  val_AUPR_ab=0.7369  val_AUPR_ag=0.3637  val_P@5_ab=1.0000  val_P@5_ag=0.9000  select=0.5503
  Saved checkpoint: checkpoints_old/iPara_balanced_l1_g6_i5_do0.10_dpr0.10_lr0.0002_heads16_fold5.pth  select=0.5503  val_ab=0.7369  val_ag=0.3637  val_all=0.5892
Ep015  LR0=1.81e-04  pw=4.30  aucα=0.180  token_p=0.020  dropE=(0.020,0.080)  smooth=0.010  train_loss=0.3738  train_AUPR_all=0.6142  train_AUPR_ab=0.7063  train_AUPR_ag=0.4631  train_P@5_ab=1.0000  train_P@5_ag=0.9000  val_loss=0.4863  val_AUPR_all=0.5832  val_AUPR_ab=0.7186  val_AUPR_ag=0.3696  val_P@5_ab=1.0000  val_P@5_ag=0.9500  select=0.5441
Ep016  LR0=1.78e-04  pw=3.91  aucα=0.210  token_p=0.020  dropE=(0.020,0.080)  smooth=0.010  train_loss=0.3679  train_AUPR_all=0.6248  train_AUPR_ab=0.7193  train_AUPR_ag=0.4749  train_P@5_ab=1.0000  train_P@5_ag=0.9000  val_loss=0.4445  val_AUPR_all=0.6026  val_AUPR_ab=0.7400  val_AUPR_ag=0.3850  val_P@5_ab=1.0000  val_P@5_ag=1.0000  select=0.5625
  Saved checkpoint: checkpoints_old/iPara_balanced_l1_g6_i5_do0.10_dpr0.10_lr0.0002_heads16_fold5.pth  select=0.5625  val_ab=0.7400  val_ag=0.3850  val_all=0.6026
Ep017  LR0=1.75e-04  pw=3.57  aucα=0.240  token_p=0.020  dropE=(0.020,0.080)  smooth=0.010  train_loss=0.3575  train_AUPR_all=0.6323  train_AUPR_ab=0.7211  train_AUPR_ag=0.4900  train_P@5_ab=1.0000  train_P@5_ag=0.9500  val_loss=0.4466  val_AUPR_all=0.5967  val_AUPR_ab=0.7485  val_AUPR_ag=0.3583  val_P@5_ab=1.0000  val_P@5_ag=0.9000  select=0.5534
Ep018  LR0=1.72e-04  pw=3.27  aucα=0.270  token_p=0.020  dropE=(0.020,0.080)  smooth=0.010  train_loss=0.3544  train_AUPR_all=0.6417  train_AUPR_ab=0.7308  train_AUPR_ag=0.5021  train_P@5_ab=0.9000  train_P@5_ag=0.9000  val_loss=0.4168  val_AUPR_all=0.6065  val_AUPR_ab=0.7498  val_AUPR_ag=0.3749  val_P@5_ab=1.0000  val_P@5_ag=1.0000  select=0.5624
Ep019  LR0=1.69e-04  pw=3.00  aucα=0.300  token_p=0.020  dropE=(0.020,0.080)  smooth=0.010  train_loss=0.3460  train_AUPR_all=0.6585  train_AUPR_ab=0.7433  train_AUPR_ag=0.5256  train_P@5_ab=1.0000  train_P@5_ag=0.9000  val_loss=0.4094  val_AUPR_all=0.5985  val_AUPR_ab=0.7455  val_AUPR_ag=0.3696  val_P@5_ab=1.0000  val_P@5_ag=0.9000  select=0.5576
Ep020  LR0=1.66e-04  pw=2.77  aucα=0.300  token_p=0.020  dropE=(0.020,0.080)  smooth=0.010  train_loss=0.3244  train_AUPR_all=0.6700  train_AUPR_ab=0.7517  train_AUPR_ag=0.5431  train_P@5_ab=1.0000  train_P@5_ag=0.9500  val_loss=0.4091  val_AUPR_all=0.5908  val_AUPR_ab=0.7471  val_AUPR_ag=0.3733  val_P@5_ab=1.0000  val_P@5_ag=1.0000  select=0.5602
Ep021  LR0=1.62e-04  pw=2.56  aucα=0.300  token_p=0.020  dropE=(0.020,0.080)  smooth=0.010  train_loss=0.3083  train_AUPR_all=0.6812  train_AUPR_ab=0.7626  train_AUPR_ag=0.5545  train_P@5_ab=1.0000  train_P@5_ag=1.0000  val_loss=0.3980  val_AUPR_all=0.6003  val_AUPR_ab=0.7485  val_AUPR_ag=0.3709  val_P@5_ab=1.0000  val_P@5_ag=1.0000  select=0.5597
Ep022  LR0=1.59e-04  pw=2.38  aucα=0.300  token_p=0.020  dropE=(0.020,0.080)  smooth=0.010  train_loss=0.2956  train_AUPR_all=0.6885  train_AUPR_ab=0.7649  train_AUPR_ag=0.5716  train_P@5_ab=1.0000  train_P@5_ag=0.9000  val_loss=0.3794  val_AUPR_all=0.6036  val_AUPR_ab=0.7560  val_AUPR_ag=0.3715  val_P@5_ab=1.0000  val_P@5_ag=1.0000  select=0.5638
  Saved checkpoint: checkpoints_old/iPara_balanced_l1_g6_i5_do0.10_dpr0.10_lr0.0002_heads16_fold5.pth  select=0.5638  val_ab=0.7560  val_ag=0.3715  val_all=0.6036
Ep023  LR0=1.55e-04  pw=2.21  aucα=0.300  token_p=0.020  dropE=(0.020,0.080)  smooth=0.010  train_loss=0.2799  train_AUPR_all=0.7008  train_AUPR_ab=0.7725  train_AUPR_ag=0.5920  train_P@5_ab=1.0000  train_P@5_ag=0.9500  val_loss=0.3753  val_AUPR_all=0.6039  val_AUPR_ab=0.7555  val_AUPR_ag=0.3814  val_P@5_ab=1.0000  val_P@5_ag=0.7500  select=0.5684
  Saved checkpoint: checkpoints_old/iPara_balanced_l1_g6_i5_do0.10_dpr0.10_lr0.0002_heads16_fold5.pth  select=0.5684  val_ab=0.7555  val_ag=0.3814  val_all=0.6039
Ep024  LR0=1.51e-04  pw=2.07  aucα=0.300  token_p=0.020  dropE=(0.020,0.080)  smooth=0.010  train_loss=0.2661  train_AUPR_all=0.7116  train_AUPR_ab=0.7790  train_AUPR_ag=0.6102  train_P@5_ab=0.9500  train_P@5_ag=0.9500  val_loss=0.3765  val_AUPR_all=0.5959  val_AUPR_ab=0.7628  val_AUPR_ag=0.3571  val_P@5_ab=1.0000  val_P@5_ag=0.9500  select=0.5600
Ep025  LR0=1.48e-04  pw=1.95  aucα=0.300  token_p=0.020  dropE=(0.020,0.080)  smooth=0.010  train_loss=0.2574  train_AUPR_all=0.7166  train_AUPR_ab=0.7843  train_AUPR_ag=0.6150  train_P@5_ab=1.0000  train_P@5_ag=0.9500  val_loss=0.3801  val_AUPR_all=0.5945  val_AUPR_ab=0.7515  val_AUPR_ag=0.3670  val_P@5_ab=1.0000  val_P@5_ag=0.8500  select=0.5593
Ep026  LR0=1.44e-04  pw=1.83  aucα=0.300  token_p=0.020  dropE=(0.020,0.080)  smooth=0.010  train_loss=0.2461  train_AUPR_all=0.7268  train_AUPR_ab=0.7876  train_AUPR_ag=0.6371  train_P@5_ab=0.9500  train_P@5_ag=0.9500  val_loss=0.3618  val_AUPR_all=0.5956  val_AUPR_ab=0.7583  val_AUPR_ag=0.3597  val_P@5_ab=1.0000  val_P@5_ag=0.9500  select=0.5590
Ep027  LR0=1.39e-04  pw=1.74  aucα=0.300  token_p=0.020  dropE=(0.020,0.080)  smooth=0.010  train_loss=0.2338  train_AUPR_all=0.7380  train_AUPR_ab=0.7985  train_AUPR_ag=0.6481  train_P@5_ab=1.0000  train_P@5_ag=0.9000  val_loss=0.3654  val_AUPR_all=0.5981  val_AUPR_ab=0.7523  val_AUPR_ag=0.3860  val_P@5_ab=1.0000  val_P@5_ag=1.0000  select=0.5692
  Saved checkpoint: checkpoints_old/iPara_balanced_l1_g6_i5_do0.10_dpr0.10_lr0.0002_heads16_fold5.pth  select=0.5692  val_ab=0.7523  val_ag=0.3860  val_all=0.5981
Ep028  LR0=1.35e-04  pw=1.65  aucα=0.300  token_p=0.020  dropE=(0.020,0.080)  smooth=0.010  train_loss=0.2243  train_AUPR_all=0.7509  train_AUPR_ab=0.8046  train_AUPR_ag=0.6731  train_P@5_ab=1.0000  train_P@5_ag=0.9500  val_loss=0.3666  val_AUPR_all=0.6030  val_AUPR_ab=0.7642  val_AUPR_ag=0.3768  val_P@5_ab=1.0000  val_P@5_ag=0.7500  select=0.5705
  Saved checkpoint: checkpoints_old/iPara_balanced_l1_g6_i5_do0.10_dpr0.10_lr0.0002_heads16_fold5.pth  select=0.5705  val_ab=0.7642  val_ag=0.3768  val_all=0.6030
Ep029  LR0=1.31e-04  pw=1.57  aucα=0.300  token_p=0.020  dropE=(0.020,0.080)  smooth=0.010  train_loss=0.2163  train_AUPR_all=0.7538  train_AUPR_ab=0.8025  train_AUPR_ag=0.6835  train_P@5_ab=0.8500  train_P@5_ag=0.9000  val_loss=0.3349  val_AUPR_all=0.6164  val_AUPR_ab=0.7753  val_AUPR_ag=0.3901  val_P@5_ab=1.0000  val_P@5_ag=1.0000  select=0.5827
  Saved checkpoint: checkpoints_old/iPara_balanced_l1_g6_i5_do0.10_dpr0.10_lr0.0002_heads16_fold5.pth  select=0.5827  val_ab=0.7753  val_ag=0.3901  val_all=0.6164
Ep030  LR0=1.27e-04  pw=1.51  aucα=0.300  token_p=0.020  dropE=(0.020,0.080)  smooth=0.010  train_loss=0.2067  train_AUPR_all=0.7683  train_AUPR_ab=0.8192  train_AUPR_ag=0.6941  train_P@5_ab=1.0000  train_P@5_ag=0.8500  val_loss=0.3485  val_AUPR_all=0.6010  val_AUPR_ab=0.7599  val_AUPR_ag=0.3888  val_P@5_ab=0.9500  val_P@5_ag=0.9000  select=0.5744
Ep031  LR0=1.22e-04  pw=1.45  aucα=0.300  token_p=0.020  dropE=(0.020,0.080)  smooth=0.010  train_loss=0.1964  train_AUPR_all=0.7809  train_AUPR_ab=0.8269  train_AUPR_ag=0.7146  train_P@5_ab=1.0000  train_P@5_ag=0.9500  val_loss=0.3472  val_AUPR_all=0.5996  val_AUPR_ab=0.7603  val_AUPR_ag=0.3915  val_P@5_ab=1.0000  val_P@5_ag=0.9000  select=0.5759
Ep032  LR0=1.18e-04  pw=1.39  aucα=0.300  token_p=0.020  dropE=(0.020,0.080)  smooth=0.010  train_loss=0.1927  train_AUPR_all=0.7842  train_AUPR_ab=0.8294  train_AUPR_ag=0.7194  train_P@5_ab=1.0000  train_P@5_ag=1.0000  val_loss=0.3356  val_AUPR_all=0.5898  val_AUPR_ab=0.7492  val_AUPR_ag=0.3797  val_P@5_ab=0.9000  val_P@5_ag=0.9000  select=0.5644
Ep033  LR0=1.14e-04  pw=1.35  aucα=0.300  token_p=0.020  dropE=(0.020,0.080)  smooth=0.010  train_loss=0.1860  train_AUPR_all=0.7909  train_AUPR_ab=0.8346  train_AUPR_ag=0.7284  train_P@5_ab=1.0000  train_P@5_ag=1.0000  val_loss=0.3406  val_AUPR_all=0.5984  val_AUPR_ab=0.7675  val_AUPR_ag=0.3618  val_P@5_ab=0.9500  val_P@5_ag=0.9000  select=0.5647
Ep034  LR0=1.09e-04  pw=1.31  aucα=0.300  token_p=0.020  dropE=(0.020,0.080)  smooth=0.010  train_loss=0.1795  train_AUPR_all=0.8004  train_AUPR_ab=0.8424  train_AUPR_ag=0.7400  train_P@5_ab=1.0000  train_P@5_ag=1.0000  val_loss=0.3362  val_AUPR_all=0.5869  val_AUPR_ab=0.7622  val_AUPR_ag=0.3734  val_P@5_ab=1.0000  val_P@5_ag=1.0000  select=0.5678
Ep035  LR0=1.05e-04  pw=1.27  aucα=0.300  token_p=0.020  dropE=(0.020,0.080)  smooth=0.010  train_loss=0.1725  train_AUPR_all=0.8085  train_AUPR_ab=0.8490  train_AUPR_ag=0.7498  train_P@5_ab=0.9500  train_P@5_ag=1.0000  val_loss=0.3429  val_AUPR_all=0.5947  val_AUPR_ab=0.7547  val_AUPR_ag=0.3742  val_P@5_ab=0.9500  val_P@5_ag=0.9000  select=0.5644
Ep036  LR0=1.00e-04  pw=1.24  aucα=0.300  token_p=0.020  dropE=(0.020,0.080)  smooth=0.010  train_loss=0.1668  train_AUPR_all=0.8178  train_AUPR_ab=0.8554  train_AUPR_ag=0.7639  train_P@5_ab=0.9500  train_P@5_ag=1.0000  val_loss=0.3371  val_AUPR_all=0.5884  val_AUPR_ab=0.7591  val_AUPR_ag=0.3728  val_P@5_ab=1.0000  val_P@5_ag=1.0000  select=0.5660
Ep037  LR0=9.58e-05  pw=1.21  aucα=0.300  token_p=0.020  dropE=(0.020,0.080)  smooth=0.010  train_loss=0.1612  train_AUPR_all=0.8245  train_AUPR_ab=0.8628  train_AUPR_ag=0.7692  train_P@5_ab=0.9500  train_P@5_ag=0.9500  val_loss=0.3362  val_AUPR_all=0.5873  val_AUPR_ab=0.7592  val_AUPR_ag=0.3854  val_P@5_ab=0.9000  val_P@5_ag=0.9500  select=0.5723
Ep038  LR0=9.13e-05  pw=1.19  aucα=0.300  token_p=0.020  dropE=(0.020,0.080)  smooth=0.010  train_loss=0.1556  train_AUPR_all=0.8328  train_AUPR_ab=0.8679  train_AUPR_ag=0.7824  train_P@5_ab=0.9500  train_P@5_ag=1.0000  val_loss=0.3334  val_AUPR_all=0.5997  val_AUPR_ab=0.7591  val_AUPR_ag=0.3903  val_P@5_ab=0.9500  val_P@5_ag=0.9000  select=0.5747
Ep039  LR0=8.69e-05  pw=1.16  aucα=0.300  token_p=0.020  dropE=(0.020,0.080)  smooth=0.010  train_loss=0.1492  train_AUPR_all=0.8425  train_AUPR_ab=0.8737  train_AUPR_ag=0.7983  train_P@5_ab=1.0000  train_P@5_ag=1.0000  val_loss=0.3294  val_AUPR_all=0.5875  val_AUPR_ab=0.7555  val_AUPR_ag=0.3808  val_P@5_ab=0.9000  val_P@5_ag=0.7000  select=0.5681
Ep040  LR0=8.24e-05  pw=1.15  aucα=0.300  token_p=0.020  dropE=(0.020,0.080)  smooth=0.010  train_loss=0.1472  train_AUPR_all=0.8451  train_AUPR_ab=0.8767  train_AUPR_ag=0.8001  train_P@5_ab=1.0000  train_P@5_ag=1.0000  val_loss=0.3313  val_AUPR_all=0.5854  val_AUPR_ab=0.7585  val_AUPR_ag=0.3778  val_P@5_ab=0.9500  val_P@5_ag=0.7500  select=0.5682
Ep041  LR0=7.81e-05  pw=1.13  aucα=0.300  token_p=0.020  dropE=(0.020,0.080)  smooth=0.010  train_loss=0.1457  train_AUPR_all=0.8472  train_AUPR_ab=0.8792  train_AUPR_ag=0.8014  train_P@5_ab=1.0000  train_P@5_ag=1.0000  val_loss=0.3406  val_AUPR_all=0.5836  val_AUPR_ab=0.7492  val_AUPR_ag=0.3756  val_P@5_ab=0.8500  val_P@5_ag=0.7000  select=0.5624
Ep042  LR0=7.37e-05  pw=1.11  aucα=0.300  token_p=0.020  dropE=(0.020,0.080)  smooth=0.010  train_loss=0.1384  train_AUPR_all=0.8584  train_AUPR_ab=0.8889  train_AUPR_ag=0.8147  train_P@5_ab=1.0000  train_P@5_ag=1.0000  val_loss=0.3382  val_AUPR_all=0.5884  val_AUPR_ab=0.7526  val_AUPR_ag=0.3821  val_P@5_ab=0.9000  val_P@5_ag=0.7000  select=0.5674
Ep043  LR0=6.94e-05  pw=1.10  aucα=0.300  token_p=0.020  dropE=(0.020,0.080)  smooth=0.010  train_loss=0.1382  train_AUPR_all=0.8582  train_AUPR_ab=0.8889  train_AUPR_ag=0.8141  train_P@5_ab=1.0000  train_P@5_ag=1.0000  val_loss=0.3366  val_AUPR_all=0.5825  val_AUPR_ab=0.7618  val_AUPR_ag=0.3742  val_P@5_ab=0.8500  val_P@5_ag=0.6500  select=0.5680
Ep044  LR0=6.52e-05  pw=1.09  aucα=0.300  token_p=0.020  dropE=(0.020,0.080)  smooth=0.010  train_loss=0.1343  train_AUPR_all=0.8630  train_AUPR_ab=0.8927  train_AUPR_ag=0.8203  train_P@5_ab=0.9500  train_P@5_ag=1.0000  val_loss=0.3363  val_AUPR_all=0.5838  val_AUPR_ab=0.7491  val_AUPR_ag=0.3782  val_P@5_ab=0.7500  val_P@5_ag=0.6500  select=0.5637
Ep045  LR0=6.10e-05  pw=1.08  aucα=0.300  token_p=0.020  dropE=(0.020,0.080)  smooth=0.010  train_loss=0.1317  train_AUPR_all=0.8667  train_AUPR_ab=0.8967  train_AUPR_ag=0.8235  train_P@5_ab=1.0000  train_P@5_ag=1.0000  val_loss=0.3351  val_AUPR_all=0.5862  val_AUPR_ab=0.7458  val_AUPR_ag=0.3840  val_P@5_ab=0.8500  val_P@5_ag=0.5000  select=0.5649
Ep046  LR0=5.70e-05  pw=1.07  aucα=0.300  token_p=0.020  dropE=(0.020,0.080)  smooth=0.010  train_loss=0.1270  train_AUPR_all=0.8758  train_AUPR_ab=0.9041  train_AUPR_ag=0.8351  train_P@5_ab=1.0000  train_P@5_ag=1.0000  val_loss=0.3308  val_AUPR_all=0.5837  val_AUPR_ab=0.7479  val_AUPR_ag=0.3718  val_P@5_ab=0.8500  val_P@5_ag=0.7000  select=0.5598
Ep047  LR0=5.30e-05  pw=1.06  aucα=0.300  token_p=0.020  dropE=(0.020,0.080)  smooth=0.010  train_loss=0.1256  train_AUPR_all=0.8760  train_AUPR_ab=0.9044  train_AUPR_ag=0.8351  train_P@5_ab=1.0000  train_P@5_ag=1.0000  val_loss=0.3317  val_AUPR_all=0.5872  val_AUPR_ab=0.7517  val_AUPR_ag=0.3772  val_P@5_ab=0.8500  val_P@5_ag=0.7000  select=0.5644
Ep048  LR0=4.91e-05  pw=1.05  aucα=0.300  token_p=0.020  dropE=(0.020,0.080)  smooth=0.010  train_loss=0.1215  train_AUPR_all=0.8830  train_AUPR_ab=0.9102  train_AUPR_ag=0.8435  train_P@5_ab=1.0000  train_P@5_ag=1.0000  val_loss=0.3389  val_AUPR_all=0.5867  val_AUPR_ab=0.7441  val_AUPR_ag=0.3719  val_P@5_ab=0.8000  val_P@5_ag=0.5000  select=0.5580
Ep049  LR0=4.53e-05  pw=1.05  aucα=0.300  token_p=0.020  dropE=(0.020,0.080)  smooth=0.010  train_loss=0.1179  train_AUPR_all=0.8891  train_AUPR_ab=0.9160  train_AUPR_ag=0.8496  train_P@5_ab=0.9500  train_P@5_ag=1.0000  val_loss=0.3294  val_AUPR_all=0.5888  val_AUPR_ab=0.7521  val_AUPR_ag=0.3749  val_P@5_ab=0.9000  val_P@5_ag=0.6500  select=0.5635
Early stopping at epoch 49. Best select=0.5827 at epoch 29.
Final saved checkpoint for fold 5: checkpoints_old/iPara_balanced_l1_g6_i5_do0.10_dpr0.10_lr0.0002_heads16_fold5.pth
Best select=0.5827 at epoch 29
