{'sequence_file': 'para_tv_esmsequences_1600.npz', 'data_file': 'para_tv_esminterfaces_1600.npz', 'edge_file': 'para_tv_esmedges_1600.npz', 'vocab_size': 31, 'seq_len': 1600, 'embed_dim': 256, 'num_heads': 16, 'dropout': 0.1, 'num_layers': 1, 'num_gnn_layers': 8, 'num_int_layers': 4, 'drop_path_rate': 0.1, 'num_classes': 2, 'batch_size': 4, 'num_epochs': 100, 'warmup_epochs': 10, 'dym_start_epoch': 20, 'dym_lr_factor': 0.1, 'swa_start': 30, 'learning_rate': 0.0002, 'weight_decay': 0.0001, 'max_grad_norm': 0.5, 'accum_steps': 1, 'n_splits': 5, 'early_stop': 20, 'min_stop_epoch': 40, 'weight_start': 15.0, 'weight_end': 1.0, 'weight_anneal_tau': 8.0, 'dropedge_min': 0.01, 'dropedge_max': 0.05, 'token_drop_p': 0.01, 'apply_feature_mask_on_train_only': True, 'smooth_lambda': 0.01, 'smooth_ramp_start': 5, 'smooth_ramp_len': 10, 'aucpr_alpha': 0.4, 'aucpr_ramp_start': 3, 'aucpr_ramp_len': 7, 'aucpr_bins': 64, 'aucpr_temp': 0.05, 'label_smoothing': 0.01, 'save_best_loss_checkpoint': True, 'save_best_aupr_checkpoint': True}
Number of GPUs available: 1

── Fold 1/5
Train labels: pos=26433, neg=373034, ignore=698133, pos_rate=0.066171
Val labels: pos=6797, neg=93928, ignore=174475, pos_rate=0.067481
Initializing ClassificationModel with 8 GAT layers and residual connections...
Initializing MCModel with 8 GAT layers and 4 row attention layers (drop_path_rate=0.1)
Initializing CoreModel with 1 layers, drop_path_rate=0.1
Ep000  LR0=2.00e-05  pw=15.00  aucα=0.000  token_p=0.000  dropE=(0.000,0.000)  smooth=0.000  train_loss=0.5533  train_AUPR=0.3723  train_P@5=0.4314  train_P@10=0.3322  val_loss=0.5103  val_AUPR=0.3793  val_P@5=0.4537  val_P@10=0.3383
Ep001  LR0=3.00e-05  pw=13.35  aucα=0.000  token_p=0.000  dropE=(0.000,0.000)  smooth=0.000  train_loss=0.4803  train_AUPR=0.4407  train_P@5=0.5138  train_P@10=0.3737  val_loss=0.4956  val_AUPR=0.4463  val_P@5=0.5242  val_P@10=0.3757
Ep002  LR0=4.00e-05  pw=11.90  aucα=0.000  token_p=0.000  dropE=(0.000,0.000)  smooth=0.000  train_loss=0.4562  train_AUPR=0.4753  train_P@5=0.5457  train_P@10=0.3967  val_loss=0.4302  val_AUPR=0.4712  val_P@5=0.5439  val_P@10=0.3945
Ep003  LR0=5.00e-05  pw=10.62  aucα=0.000  token_p=0.000  dropE=(0.000,0.000)  smooth=0.000  train_loss=0.4309  train_AUPR=0.4907  train_P@5=0.5525  train_P@10=0.4027  val_loss=0.4459  val_AUPR=0.4815  val_P@5=0.5498  val_P@10=0.3874
Ep004  LR0=6.00e-05  pw=9.49  aucα=0.057  token_p=0.000  dropE=(0.000,0.000)  smooth=0.000  train_loss=0.4275  train_AUPR=0.5373  train_P@5=0.5933  train_P@10=0.4255  val_loss=0.4052  val_AUPR=0.5179  val_P@5=0.5830  val_P@10=0.4178
Ep005  LR0=7.00e-05  pw=8.49  aucα=0.114  token_p=0.000  dropE=(0.000,0.000)  smooth=0.000  train_loss=0.4203  train_AUPR=0.5592  train_P@5=0.6086  train_P@10=0.4355  val_loss=0.4070  val_AUPR=0.5274  val_P@5=0.5911  val_P@10=0.4181
Ep006  LR0=8.00e-05  pw=7.61  aucα=0.171  token_p=0.001  dropE=(0.001,0.005)  smooth=0.001  train_loss=0.4146  train_AUPR=0.5714  train_P@5=0.6196  train_P@10=0.4402  val_loss=0.3841  val_AUPR=0.5436  val_P@5=0.6066  val_P@10=0.4287
Ep007  LR0=9.00e-05  pw=6.84  aucα=0.229  token_p=0.002  dropE=(0.002,0.010)  smooth=0.002  train_loss=0.4102  train_AUPR=0.5764  train_P@5=0.6258  train_P@10=0.4466  val_loss=0.3808  val_AUPR=0.5488  val_P@5=0.6120  val_P@10=0.4300
Ep008  LR0=1.00e-04  pw=6.15  aucα=0.286  token_p=0.003  dropE=(0.003,0.015)  smooth=0.003  train_loss=0.4049  train_AUPR=0.6024  train_P@5=0.6394  train_P@10=0.4591  val_loss=0.3713  val_AUPR=0.5591  val_P@5=0.6164  val_P@10=0.4343
Ep009  LR0=1.00e-04  pw=5.55  aucα=0.343  token_p=0.004  dropE=(0.004,0.020)  smooth=0.004  train_loss=0.4012  train_AUPR=0.6002  train_P@5=0.6385  train_P@10=0.4553  val_loss=0.3568  val_AUPR=0.5637  val_P@5=0.6235  val_P@10=0.4317
[Info] Unfroze 'dym' params after warmup (epoch=10). Added core=54 tensors, other=0 tensors.
Ep010  LR0=2.00e-05  pw=5.01  aucα=0.400  token_p=0.005  dropE=(0.005,0.025)  smooth=0.005  train_loss=0.3814  train_AUPR=0.6357  train_P@5=0.6659  train_P@10=0.4735  val_loss=0.3458  val_AUPR=0.5839  val_P@5=0.6332  val_P@10=0.4398
Ep011  LR0=3.00e-05  pw=4.54  aucα=0.400  token_p=0.006  dropE=(0.006,0.030)  smooth=0.006  train_loss=0.3677  train_AUPR=0.6444  train_P@5=0.6747  train_P@10=0.4803  val_loss=0.3384  val_AUPR=0.5843  val_P@5=0.6348  val_P@10=0.4428
Ep012  LR0=4.00e-05  pw=4.12  aucα=0.400  token_p=0.007  dropE=(0.007,0.035)  smooth=0.007  train_loss=0.3597  train_AUPR=0.6488  train_P@5=0.6783  train_P@10=0.4821  val_loss=0.3259  val_AUPR=0.5826  val_P@5=0.6295  val_P@10=0.4414
Ep013  LR0=5.00e-05  pw=3.76  aucα=0.400  token_p=0.008  dropE=(0.008,0.040)  smooth=0.008  train_loss=0.3501  train_AUPR=0.6543  train_P@5=0.6826  train_P@10=0.4859  val_loss=0.3116  val_AUPR=0.5897  val_P@5=0.6412  val_P@10=0.4470
Ep014  LR0=6.00e-05  pw=3.43  aucα=0.400  token_p=0.009  dropE=(0.009,0.045)  smooth=0.009  train_loss=0.3422  train_AUPR=0.6553  train_P@5=0.6836  train_P@10=0.4861  val_loss=0.3046  val_AUPR=0.5809  val_P@5=0.6263  val_P@10=0.4414
Ep015  LR0=7.00e-05  pw=3.15  aucα=0.400  token_p=0.010  dropE=(0.010,0.050)  smooth=0.010  train_loss=0.3345  train_AUPR=0.6608  train_P@5=0.6887  train_P@10=0.4889  val_loss=0.2873  val_AUPR=0.5805  val_P@5=0.6402  val_P@10=0.4421
Ep016  LR0=8.00e-05  pw=2.89  aucα=0.400  token_p=0.010  dropE=(0.010,0.050)  smooth=0.010  train_loss=0.3282  train_AUPR=0.6693  train_P@5=0.6956  train_P@10=0.4929  val_loss=0.2909  val_AUPR=0.5789  val_P@5=0.6374  val_P@10=0.4424
Ep017  LR0=9.00e-05  pw=2.67  aucα=0.400  token_p=0.010  dropE=(0.010,0.050)  smooth=0.010  train_loss=0.3186  train_AUPR=0.6716  train_P@5=0.6991  train_P@10=0.4916  val_loss=0.2820  val_AUPR=0.5808  val_P@5=0.6336  val_P@10=0.4419
Ep018  LR0=1.00e-04  pw=2.48  aucα=0.400  token_p=0.010  dropE=(0.010,0.050)  smooth=0.010  train_loss=0.3127  train_AUPR=0.6816  train_P@5=0.7031  train_P@10=0.5020  val_loss=0.2633  val_AUPR=0.5954  val_P@5=0.6489  val_P@10=0.4477
Ep019  LR0=1.00e-04  pw=2.30  aucα=0.400  token_p=0.010  dropE=(0.010,0.050)  smooth=0.010  train_loss=0.3029  train_AUPR=0.6901  train_P@5=0.7148  train_P@10=0.5037  val_loss=0.2563  val_AUPR=0.5866  val_P@5=0.6372  val_P@10=0.4393
Ep020  LR0=1.00e-04  pw=2.15  aucα=0.400  token_p=0.010  dropE=(0.010,0.050)  smooth=0.010  train_loss=0.2950  train_AUPR=0.6919  train_P@5=0.7113  train_P@10=0.5038  val_loss=0.2448  val_AUPR=0.5995  val_P@5=0.6521  val_P@10=0.4501
Ep021  LR0=9.99e-05  pw=2.01  aucα=0.400  token_p=0.010  dropE=(0.010,0.050)  smooth=0.010  train_loss=0.2862  train_AUPR=0.7118  train_P@5=0.7327  train_P@10=0.5175  val_loss=0.2374  val_AUPR=0.5914  val_P@5=0.6299  val_P@10=0.4466
Ep022  LR0=9.97e-05  pw=1.89  aucα=0.400  token_p=0.010  dropE=(0.010,0.050)  smooth=0.010  train_loss=0.2761  train_AUPR=0.7086  train_P@5=0.7308  train_P@10=0.5129  val_loss=0.2307  val_AUPR=0.5846  val_P@5=0.6291  val_P@10=0.4394
Ep023  LR0=9.95e-05  pw=1.79  aucα=0.400  token_p=0.010  dropE=(0.010,0.050)  smooth=0.010  train_loss=0.2677  train_AUPR=0.7263  train_P@5=0.7395  train_P@10=0.5235  val_loss=0.2328  val_AUPR=0.5750  val_P@5=0.6088  val_P@10=0.4371
Ep024  LR0=9.92e-05  pw=1.70  aucα=0.400  token_p=0.010  dropE=(0.010,0.050)  smooth=0.010  train_loss=0.2576  train_AUPR=0.7413  train_P@5=0.7545  train_P@10=0.5328  val_loss=0.2199  val_AUPR=0.5833  val_P@5=0.6199  val_P@10=0.4417
Ep025  LR0=9.89e-05  pw=1.62  aucα=0.400  token_p=0.010  dropE=(0.010,0.050)  smooth=0.010  train_loss=0.2526  train_AUPR=0.7511  train_P@5=0.7631  train_P@10=0.5364  val_loss=0.2096  val_AUPR=0.5956  val_P@5=0.6364  val_P@10=0.4480
Ep026  LR0=9.85e-05  pw=1.54  aucα=0.400  token_p=0.010  dropE=(0.010,0.050)  smooth=0.010  train_loss=0.2449  train_AUPR=0.7597  train_P@5=0.7688  train_P@10=0.5402  val_loss=0.2085  val_AUPR=0.5875  val_P@5=0.6344  val_P@10=0.4479
Ep027  LR0=9.81e-05  pw=1.48  aucα=0.400  token_p=0.010  dropE=(0.010,0.050)  smooth=0.010  train_loss=0.2371  train_AUPR=0.7628  train_P@5=0.7738  train_P@10=0.5441  val_loss=0.2047  val_AUPR=0.5922  val_P@5=0.6336  val_P@10=0.4447
Ep028  LR0=9.76e-05  pw=1.42  aucα=0.400  token_p=0.010  dropE=(0.010,0.050)  smooth=0.010  train_loss=0.2308  train_AUPR=0.7833  train_P@5=0.7938  train_P@10=0.5542  val_loss=0.1998  val_AUPR=0.5881  val_P@5=0.6237  val_P@10=0.4456
Ep029  LR0=9.70e-05  pw=1.37  aucα=0.400  token_p=0.010  dropE=(0.010,0.050)  smooth=0.010  train_loss=0.2219  train_AUPR=0.7877  train_P@5=0.7967  train_P@10=0.5558  val_loss=0.1983  val_AUPR=0.6008  val_P@5=0.6426  val_P@10=0.4489
Ep030  LR0=9.46e-05  pw=1.33  aucα=0.400  token_p=0.010  dropE=(0.010,0.050)  smooth=0.010  train_loss=0.2167  train_AUPR=0.7977  train_P@5=0.8080  train_P@10=0.5606  val_loss=0.1963  val_AUPR=0.5809  val_P@5=0.6205  val_P@10=0.4391
Ep031  LR0=8.78e-05  pw=1.29  aucα=0.400  token_p=0.010  dropE=(0.010,0.050)  smooth=0.010  train_loss=0.2096  train_AUPR=0.8102  train_P@5=0.8149  train_P@10=0.5690  val_loss=0.1916  val_AUPR=0.5918  val_P@5=0.6338  val_P@10=0.4491
Ep032  LR0=7.71e-05  pw=1.26  aucα=0.400  token_p=0.010  dropE=(0.010,0.050)  smooth=0.010  train_loss=0.2031  train_AUPR=0.8172  train_P@5=0.8231  train_P@10=0.5767  val_loss=0.1894  val_AUPR=0.5943  val_P@5=0.6299  val_P@10=0.4493
Ep033  LR0=6.37e-05  pw=1.23  aucα=0.400  token_p=0.010  dropE=(0.010,0.050)  smooth=0.010  train_loss=0.1945  train_AUPR=0.8327  train_P@5=0.8399  train_P@10=0.5817  val_loss=0.1859  val_AUPR=0.5993  val_P@5=0.6317  val_P@10=0.4508
Ep034  LR0=4.87e-05  pw=1.20  aucα=0.400  token_p=0.010  dropE=(0.010,0.050)  smooth=0.010  train_loss=0.1846  train_AUPR=0.8533  train_P@5=0.8577  train_P@10=0.5943  val_loss=0.1838  val_AUPR=0.5990  val_P@5=0.6317  val_P@10=0.4506
Ep035  LR0=3.38e-05  pw=1.18  aucα=0.400  token_p=0.010  dropE=(0.010,0.050)  smooth=0.010  train_loss=0.1750  train_AUPR=0.8611  train_P@5=0.8644  train_P@10=0.5967  val_loss=0.1821  val_AUPR=0.5972  val_P@5=0.6295  val_P@10=0.4498
Ep036  LR0=2.04e-05  pw=1.16  aucα=0.400  token_p=0.010  dropE=(0.010,0.050)  smooth=0.010  train_loss=0.1670  train_AUPR=0.8743  train_P@5=0.8786  train_P@10=0.6043  val_loss=0.1807  val_AUPR=0.5971  val_P@5=0.6299  val_P@10=0.4499
Ep037  LR0=9.71e-06  pw=1.14  aucα=0.400  token_p=0.010  dropE=(0.010,0.050)  smooth=0.010  train_loss=0.1595  train_AUPR=0.8832  train_P@5=0.8872  train_P@10=0.6078  val_loss=0.1799  val_AUPR=0.5952  val_P@5=0.6293  val_P@10=0.4499
Ep038  LR0=2.86e-06  pw=1.12  aucα=0.400  token_p=0.010  dropE=(0.010,0.050)  smooth=0.010  train_loss=0.1545  train_AUPR=0.8887  train_P@5=0.8925  train_P@10=0.6119  val_loss=0.1791  val_AUPR=0.5936  val_P@5=0.6289  val_P@10=0.4493
Ep039  LR0=5.00e-07  pw=1.11  aucα=0.400  token_p=0.010  dropE=(0.010,0.050)  smooth=0.010  train_loss=0.1516  train_AUPR=0.8910  train_P@5=0.8942  train_P@10=0.6131  val_loss=0.1783  val_AUPR=0.5928  val_P@5=0.6289  val_P@10=0.4491
Ep040  LR0=5.00e-07  pw=1.09  aucα=0.400  token_p=0.010  dropE=(0.010,0.050)  smooth=0.010  train_loss=0.1493  train_AUPR=0.8916  train_P@5=0.8954  train_P@10=0.6132  val_loss=0.1775  val_AUPR=0.5920  val_P@5=0.6291  val_P@10=0.4490
Ep041  LR0=5.00e-07  pw=1.08  aucα=0.400  token_p=0.010  dropE=(0.010,0.050)  smooth=0.010  train_loss=0.1500  train_AUPR=0.8919  train_P@5=0.8957  train_P@10=0.6132  val_loss=0.1768  val_AUPR=0.5913  val_P@5=0.6301  val_P@10=0.4491
Ep042  LR0=5.00e-07  pw=1.07  aucα=0.400  token_p=0.010  dropE=(0.010,0.050)  smooth=0.010  train_loss=0.1468  train_AUPR=0.8921  train_P@5=0.8957  train_P@10=0.6134  val_loss=0.1762  val_AUPR=0.5905  val_P@5=0.6291  val_P@10=0.4493
Ep043  LR0=5.00e-07  pw=1.06  aucα=0.400  token_p=0.010  dropE=(0.010,0.050)  smooth=0.010  train_loss=0.1472  train_AUPR=0.8925  train_P@5=0.8968  train_P@10=0.6137  val_loss=0.1757  val_AUPR=0.5898  val_P@5=0.6281  val_P@10=0.4496
Ep044  LR0=5.00e-07  pw=1.06  aucα=0.400  token_p=0.010  dropE=(0.010,0.050)  smooth=0.010  train_loss=0.1483  train_AUPR=0.8926  train_P@5=0.8965  train_P@10=0.6138  val_loss=0.1752  val_AUPR=0.5892  val_P@5=0.6273  val_P@10=0.4493
Ep045  LR0=5.00e-07  pw=1.05  aucα=0.400  token_p=0.010  dropE=(0.010,0.050)  smooth=0.010  train_loss=0.1470  train_AUPR=0.8928  train_P@5=0.8967  train_P@10=0.6137  val_loss=0.1748  val_AUPR=0.5886  val_P@5=0.6275  val_P@10=0.4493
Ep046  LR0=5.00e-07  pw=1.04  aucα=0.400  token_p=0.010  dropE=(0.010,0.050)  smooth=0.010  train_loss=0.1470  train_AUPR=0.8929  train_P@5=0.8969  train_P@10=0.6137  val_loss=0.1744  val_AUPR=0.5881  val_P@5=0.6269  val_P@10=0.4494
Ep047  LR0=5.00e-07  pw=1.04  aucα=0.400  token_p=0.010  dropE=(0.010,0.050)  smooth=0.010  train_loss=0.1469  train_AUPR=0.8931  train_P@5=0.8976  train_P@10=0.6138  val_loss=0.1741  val_AUPR=0.5876  val_P@5=0.6271  val_P@10=0.4498
Ep048  LR0=5.00e-07  pw=1.03  aucα=0.400  token_p=0.010  dropE=(0.010,0.050)  smooth=0.010  train_loss=0.1466  train_AUPR=0.8932  train_P@5=0.8973  train_P@10=0.6139  val_loss=0.1739  val_AUPR=0.5872  val_P@5=0.6267  val_P@10=0.4501
Ep049  LR0=5.00e-07  pw=1.03  aucα=0.400  token_p=0.010  dropE=(0.010,0.050)  smooth=0.010  train_loss=0.1464  train_AUPR=0.8933  train_P@5=0.8975  train_P@10=0.6140  val_loss=0.1736  val_AUPR=0.5867  val_P@5=0.6267  val_P@10=0.4504
Ep050  LR0=5.00e-07  pw=1.03  aucα=0.400  token_p=0.010  dropE=(0.010,0.050)  smooth=0.010  train_loss=0.1462  train_AUPR=0.8935  train_P@5=0.8974  train_P@10=0.6142  val_loss=0.1734  val_AUPR=0.5863  val_P@5=0.6263  val_P@10=0.4503
Ep051  LR0=5.00e-07  pw=1.02  aucα=0.400  token_p=0.010  dropE=(0.010,0.050)  smooth=0.010  train_loss=0.1462  train_AUPR=0.8937  train_P@5=0.8982  train_P@10=0.6144  val_loss=0.1733  val_AUPR=0.5860  val_P@5=0.6263  val_P@10=0.4500
Ep052  LR0=5.00e-07  pw=1.02  aucα=0.400  token_p=0.010  dropE=(0.010,0.050)  smooth=0.010  train_loss=0.1456  train_AUPR=0.8938  train_P@5=0.8980  train_P@10=0.6144  val_loss=0.1731  val_AUPR=0.5856  val_P@5=0.6267  val_P@10=0.4504
Ep053  LR0=5.00e-07  pw=1.02  aucα=0.400  token_p=0.010  dropE=(0.010,0.050)  smooth=0.010  train_loss=0.1455  train_AUPR=0.8938  train_P@5=0.8982  train_P@10=0.6144  val_loss=0.1730  val_AUPR=0.5854  val_P@5=0.6269  val_P@10=0.4506
Ep054  LR0=5.00e-07  pw=1.02  aucα=0.400  token_p=0.010  dropE=(0.010,0.050)  smooth=0.010  train_loss=0.1448  train_AUPR=0.8939  train_P@5=0.8982  train_P@10=0.6145  val_loss=0.1729  val_AUPR=0.5851  val_P@5=0.6265  val_P@10=0.4506
Ep055  LR0=5.00e-07  pw=1.01  aucα=0.400  token_p=0.010  dropE=(0.010,0.050)  smooth=0.010  train_loss=0.1450  train_AUPR=0.8941  train_P@5=0.8983  train_P@10=0.6147  val_loss=0.1728  val_AUPR=0.5848  val_P@5=0.6265  val_P@10=0.4506
Ep056  LR0=5.00e-07  pw=1.01  aucα=0.400  token_p=0.010  dropE=(0.010,0.050)  smooth=0.010  train_loss=0.1450  train_AUPR=0.8943  train_P@5=0.8984  train_P@10=0.6146  val_loss=0.1727  val_AUPR=0.5846  val_P@5=0.6265  val_P@10=0.4504
Ep057  LR0=5.00e-07  pw=1.01  aucα=0.400  token_p=0.010  dropE=(0.010,0.050)  smooth=0.010  train_loss=0.1449  train_AUPR=0.8946  train_P@5=0.8989  train_P@10=0.6149  val_loss=0.1727  val_AUPR=0.5844  val_P@5=0.6269  val_P@10=0.4505
Ep058  LR0=5.00e-07  pw=1.01  aucα=0.400  token_p=0.010  dropE=(0.010,0.050)  smooth=0.010  train_loss=0.1455  train_AUPR=0.8947  train_P@5=0.8988  train_P@10=0.6149  val_loss=0.1726  val_AUPR=0.5841  val_P@5=0.6271  val_P@10=0.4506
Ep059  LR0=5.00e-07  pw=1.01  aucα=0.400  token_p=0.010  dropE=(0.010,0.050)  smooth=0.010  train_loss=0.1445  train_AUPR=0.8948  train_P@5=0.8988  train_P@10=0.6150  val_loss=0.1726  val_AUPR=0.5839  val_P@5=0.6269  val_P@10=0.4506
Ep060  LR0=5.00e-07  pw=1.01  aucα=0.400  token_p=0.010  dropE=(0.010,0.050)  smooth=0.010  train_loss=0.1445  train_AUPR=0.8950  train_P@5=0.8993  train_P@10=0.6151  val_loss=0.1726  val_AUPR=0.5837  val_P@5=0.6267  val_P@10=0.4507
Ep061  LR0=5.00e-07  pw=1.01  aucα=0.400  token_p=0.010  dropE=(0.010,0.050)  smooth=0.010  train_loss=0.1443  train_AUPR=0.8952  train_P@5=0.8991  train_P@10=0.6150  val_loss=0.1726  val_AUPR=0.5835  val_P@5=0.6269  val_P@10=0.4506
Ep062  LR0=5.00e-07  pw=1.01  aucα=0.400  token_p=0.010  dropE=(0.010,0.050)  smooth=0.010  train_loss=0.1448  train_AUPR=0.8954  train_P@5=0.8995  train_P@10=0.6152  val_loss=0.1726  val_AUPR=0.5833  val_P@5=0.6271  val_P@10=0.4507
Ep063  LR0=5.00e-07  pw=1.01  aucα=0.400  token_p=0.010  dropE=(0.010,0.050)  smooth=0.010  train_loss=0.1445  train_AUPR=0.8954  train_P@5=0.8993  train_P@10=0.6154  val_loss=0.1726  val_AUPR=0.5831  val_P@5=0.6273  val_P@10=0.4506
Ep064  LR0=5.00e-07  pw=1.00  aucα=0.400  token_p=0.010  dropE=(0.010,0.050)  smooth=0.010  train_loss=0.1441  train_AUPR=0.8952  train_P@5=0.8989  train_P@10=0.6150  val_loss=0.1726  val_AUPR=0.5829  val_P@5=0.6271  val_P@10=0.4506
Ep065  LR0=5.00e-07  pw=1.00  aucα=0.400  token_p=0.010  dropE=(0.010,0.050)  smooth=0.010  train_loss=0.1438  train_AUPR=0.8955  train_P@5=0.8996  train_P@10=0.6153  val_loss=0.1726  val_AUPR=0.5827  val_P@5=0.6271  val_P@10=0.4509
Ep066  LR0=5.00e-07  pw=1.00  aucα=0.400  token_p=0.010  dropE=(0.010,0.050)  smooth=0.010  train_loss=0.1442  train_AUPR=0.8957  train_P@5=0.8997  train_P@10=0.6154  val_loss=0.1726  val_AUPR=0.5826  val_P@5=0.6271  val_P@10=0.4507
Ep067  LR0=5.00e-07  pw=1.00  aucα=0.400  token_p=0.010  dropE=(0.010,0.050)  smooth=0.010  train_loss=0.1435  train_AUPR=0.8958  train_P@5=0.8994  train_P@10=0.6155  val_loss=0.1726  val_AUPR=0.5824  val_P@5=0.6273  val_P@10=0.4503
Ep068  LR0=5.00e-07  pw=1.00  aucα=0.400  token_p=0.010  dropE=(0.010,0.050)  smooth=0.010  train_loss=0.1433  train_AUPR=0.8960  train_P@5=0.9001  train_P@10=0.6158  val_loss=0.1727  val_AUPR=0.5823  val_P@5=0.6273  val_P@10=0.4502
Ep069  LR0=5.00e-07  pw=1.00  aucα=0.400  token_p=0.010  dropE=(0.010,0.050)  smooth=0.010  train_loss=0.1446  train_AUPR=0.8961  train_P@5=0.9001  train_P@10=0.6154  val_loss=0.1727  val_AUPR=0.5821  val_P@5=0.6273  val_P@10=0.4501
Ep070  LR0=5.00e-07  pw=1.00  aucα=0.400  token_p=0.010  dropE=(0.010,0.050)  smooth=0.010  train_loss=0.1435  train_AUPR=0.8961  train_P@5=0.9003  train_P@10=0.6157  val_loss=0.1727  val_AUPR=0.5819  val_P@5=0.6267  val_P@10=0.4500
Ep071  LR0=5.00e-07  pw=1.00  aucα=0.400  token_p=0.010  dropE=(0.010,0.050)  smooth=0.010  train_loss=0.1450  train_AUPR=0.8962  train_P@5=0.9006  train_P@10=0.6155  val_loss=0.1727  val_AUPR=0.5818  val_P@5=0.6269  val_P@10=0.4501
Ep072  LR0=5.00e-07  pw=1.00  aucα=0.400  token_p=0.010  dropE=(0.010,0.050)  smooth=0.010  train_loss=0.1441  train_AUPR=0.8963  train_P@5=0.9006  train_P@10=0.6157  val_loss=0.1728  val_AUPR=0.5816  val_P@5=0.6269  val_P@10=0.4500
Ep073  LR0=5.00e-07  pw=1.00  aucα=0.400  token_p=0.010  dropE=(0.010,0.050)  smooth=0.010  train_loss=0.1449  train_AUPR=0.8965  train_P@5=0.9010  train_P@10=0.6158  val_loss=0.1728  val_AUPR=0.5815  val_P@5=0.6271  val_P@10=0.4501
Ep074  LR0=5.00e-07  pw=1.00  aucα=0.400  token_p=0.010  dropE=(0.010,0.050)  smooth=0.010  train_loss=0.1429  train_AUPR=0.8965  train_P@5=0.9009  train_P@10=0.6157  val_loss=0.1728  val_AUPR=0.5814  val_P@5=0.6269  val_P@10=0.4500
Ep075  LR0=5.00e-07  pw=1.00  aucα=0.400  token_p=0.010  dropE=(0.010,0.050)  smooth=0.010  train_loss=0.1437  train_AUPR=0.8968  train_P@5=0.9008  train_P@10=0.6160  val_loss=0.1729  val_AUPR=0.5813  val_P@5=0.6273  val_P@10=0.4500
Ep076  LR0=5.00e-07  pw=1.00  aucα=0.400  token_p=0.010  dropE=(0.010,0.050)  smooth=0.010  train_loss=0.1438  train_AUPR=0.8971  train_P@5=0.9012  train_P@10=0.6161  val_loss=0.1729  val_AUPR=0.5812  val_P@5=0.6273  val_P@10=0.4499
Ep077  LR0=5.00e-07  pw=1.00  aucα=0.400  token_p=0.010  dropE=(0.010,0.050)  smooth=0.010  train_loss=0.1427  train_AUPR=0.8973  train_P@5=0.9014  train_P@10=0.6161  val_loss=0.1729  val_AUPR=0.5811  val_P@5=0.6271  val_P@10=0.4499
Ep078  LR0=5.00e-07  pw=1.00  aucα=0.400  token_p=0.010  dropE=(0.010,0.050)  smooth=0.010  train_loss=0.1448  train_AUPR=0.8972  train_P@5=0.9015  train_P@10=0.6163  val_loss=0.1729  val_AUPR=0.5810  val_P@5=0.6271  val_P@10=0.4499
Ep079  LR0=5.00e-07  pw=1.00  aucα=0.400  token_p=0.010  dropE=(0.010,0.050)  smooth=0.010  train_loss=0.1433  train_AUPR=0.8972  train_P@5=0.9015  train_P@10=0.6163  val_loss=0.1730  val_AUPR=0.5809  val_P@5=0.6273  val_P@10=0.4497
Early stop triggered: neither val_AUPR nor val_loss improved for 20 epochs.
Saved iPara_l1_g8_i4_do0.10_dpr0.10_lr0.0002_heads16_fold1.pth  (best val AUPR=0.6008)
Saved iPara_l1_g8_i4_do0.10_dpr0.10_lr0.0002_heads16_fold1_best_aupr.pth
Saved iPara_l1_g8_i4_do0.10_dpr0.10_lr0.0002_heads16_fold1_best_loss.pth  (best val loss=0.1726)

── Fold 2/5
Train labels: pos=26650, neg=374184, ignore=696766, pos_rate=0.066486
Val labels: pos=6580, neg=92778, ignore=175842, pos_rate=0.066225
Initializing ClassificationModel with 8 GAT layers and residual connections...
Initializing MCModel with 8 GAT layers and 4 row attention layers (drop_path_rate=0.1)
Initializing CoreModel with 1 layers, drop_path_rate=0.1
Ep000  LR0=2.00e-05  pw=15.00  aucα=0.000  token_p=0.000  dropE=(0.000,0.000)  smooth=0.000  train_loss=0.5575  train_AUPR=0.3693  train_P@5=0.4379  train_P@10=0.3364  val_loss=0.4930  val_AUPR=0.3694  val_P@5=0.4409  val_P@10=0.3310
Ep001  LR0=3.00e-05  pw=13.35  aucα=0.000  token_p=0.000  dropE=(0.000,0.000)  smooth=0.000  train_loss=0.4833  train_AUPR=0.4364  train_P@5=0.5136  train_P@10=0.3776  val_loss=0.4454  val_AUPR=0.4337  val_P@5=0.5134  val_P@10=0.3745
Ep002  LR0=4.00e-05  pw=11.90  aucα=0.000  token_p=0.000  dropE=(0.000,0.000)  smooth=0.000  train_loss=0.4563  train_AUPR=0.4831  train_P@5=0.5498  train_P@10=0.3977  val_loss=0.4328  val_AUPR=0.4793  val_P@5=0.5553  val_P@10=0.3967
Ep003  LR0=5.00e-05  pw=10.62  aucα=0.000  token_p=0.000  dropE=(0.000,0.000)  smooth=0.000  train_loss=0.4288  train_AUPR=0.4976  train_P@5=0.5523  train_P@10=0.4048  val_loss=0.4319  val_AUPR=0.4929  val_P@5=0.5512  val_P@10=0.4014
Ep004  LR0=6.00e-05  pw=9.49  aucα=0.057  token_p=0.000  dropE=(0.000,0.000)  smooth=0.000  train_loss=0.4286  train_AUPR=0.5310  train_P@5=0.5913  train_P@10=0.4185  val_loss=0.4083  val_AUPR=0.5267  val_P@5=0.5927  val_P@10=0.4185
Ep005  LR0=7.00e-05  pw=8.49  aucα=0.114  token_p=0.000  dropE=(0.000,0.000)  smooth=0.000  train_loss=0.4230  train_AUPR=0.5643  train_P@5=0.6070  train_P@10=0.4367  val_loss=0.4014  val_AUPR=0.5510  val_P@5=0.5979  val_P@10=0.4298
Ep006  LR0=8.00e-05  pw=7.61  aucα=0.171  token_p=0.001  dropE=(0.001,0.005)  smooth=0.001  train_loss=0.4176  train_AUPR=0.5751  train_P@5=0.6180  train_P@10=0.4402  val_loss=0.3805  val_AUPR=0.5617  val_P@5=0.6130  val_P@10=0.4303
Ep007  LR0=9.00e-05  pw=6.84  aucα=0.229  token_p=0.002  dropE=(0.002,0.010)  smooth=0.002  train_loss=0.4159  train_AUPR=0.5705  train_P@5=0.6091  train_P@10=0.4408  val_loss=0.3859  val_AUPR=0.5483  val_P@5=0.5939  val_P@10=0.4257
Ep008  LR0=1.00e-04  pw=6.15  aucα=0.286  token_p=0.003  dropE=(0.003,0.015)  smooth=0.003  train_loss=0.4066  train_AUPR=0.6049  train_P@5=0.6395  train_P@10=0.4558  val_loss=0.3590  val_AUPR=0.5817  val_P@5=0.6290  val_P@10=0.4429
Ep009  LR0=1.00e-04  pw=5.55  aucα=0.343  token_p=0.004  dropE=(0.004,0.020)  smooth=0.004  train_loss=0.4007  train_AUPR=0.6139  train_P@5=0.6482  train_P@10=0.4604  val_loss=0.3549  val_AUPR=0.5883  val_P@5=0.6374  val_P@10=0.4497
[Info] Unfroze 'dym' params after warmup (epoch=10). Added core=54 tensors, other=0 tensors.
Ep010  LR0=2.00e-05  pw=5.01  aucα=0.400  token_p=0.005  dropE=(0.005,0.025)  smooth=0.005  train_loss=0.3811  train_AUPR=0.6387  train_P@5=0.6637  train_P@10=0.4754  val_loss=0.3388  val_AUPR=0.6004  val_P@5=0.6445  val_P@10=0.4544
Ep011  LR0=3.00e-05  pw=4.54  aucα=0.400  token_p=0.006  dropE=(0.006,0.030)  smooth=0.006  train_loss=0.3693  train_AUPR=0.6475  train_P@5=0.6754  train_P@10=0.4791  val_loss=0.3283  val_AUPR=0.6033  val_P@5=0.6559  val_P@10=0.4491
Ep012  LR0=4.00e-05  pw=4.12  aucα=0.400  token_p=0.007  dropE=(0.007,0.035)  smooth=0.007  train_loss=0.3604  train_AUPR=0.6516  train_P@5=0.6747  train_P@10=0.4823  val_loss=0.3217  val_AUPR=0.5970  val_P@5=0.6398  val_P@10=0.4466
Ep013  LR0=5.00e-05  pw=3.76  aucα=0.400  token_p=0.008  dropE=(0.008,0.040)  smooth=0.008  train_loss=0.3517  train_AUPR=0.6550  train_P@5=0.6824  train_P@10=0.4855  val_loss=0.3020  val_AUPR=0.6018  val_P@5=0.6549  val_P@10=0.4497
Ep014  LR0=6.00e-05  pw=3.43  aucα=0.400  token_p=0.009  dropE=(0.009,0.045)  smooth=0.009  train_loss=0.3442  train_AUPR=0.6607  train_P@5=0.6855  train_P@10=0.4865  val_loss=0.2938  val_AUPR=0.5985  val_P@5=0.6481  val_P@10=0.4473
Ep015  LR0=7.00e-05  pw=3.15  aucα=0.400  token_p=0.010  dropE=(0.010,0.050)  smooth=0.010  train_loss=0.3382  train_AUPR=0.6668  train_P@5=0.6895  train_P@10=0.4922  val_loss=0.2841  val_AUPR=0.5978  val_P@5=0.6475  val_P@10=0.4479
Ep016  LR0=8.00e-05  pw=2.89  aucα=0.400  token_p=0.010  dropE=(0.010,0.050)  smooth=0.010  train_loss=0.3289  train_AUPR=0.6587  train_P@5=0.6812  train_P@10=0.4919  val_loss=0.2715  val_AUPR=0.6024  val_P@5=0.6501  val_P@10=0.4549
Ep017  LR0=9.00e-05  pw=2.67  aucα=0.400  token_p=0.010  dropE=(0.010,0.050)  smooth=0.010  train_loss=0.3194  train_AUPR=0.6587  train_P@5=0.6806  train_P@10=0.4886  val_loss=0.2680  val_AUPR=0.5935  val_P@5=0.6400  val_P@10=0.4449
Ep018  LR0=1.00e-04  pw=2.48  aucα=0.400  token_p=0.010  dropE=(0.010,0.050)  smooth=0.010  train_loss=0.3162  train_AUPR=0.6770  train_P@5=0.6984  train_P@10=0.4966  val_loss=0.2549  val_AUPR=0.5976  val_P@5=0.6485  val_P@10=0.4438
Ep019  LR0=1.00e-04  pw=2.30  aucα=0.400  token_p=0.010  dropE=(0.010,0.050)  smooth=0.010  train_loss=0.3044  train_AUPR=0.6781  train_P@5=0.6997  train_P@10=0.4974  val_loss=0.2506  val_AUPR=0.5986  val_P@5=0.6459  val_P@10=0.4488
Ep020  LR0=1.00e-04  pw=2.15  aucα=0.400  token_p=0.010  dropE=(0.010,0.050)  smooth=0.010  train_loss=0.2957  train_AUPR=0.6922  train_P@5=0.7135  train_P@10=0.5048  val_loss=0.2441  val_AUPR=0.5932  val_P@5=0.6501  val_P@10=0.4407
Ep021  LR0=9.99e-05  pw=2.01  aucα=0.400  token_p=0.010  dropE=(0.010,0.050)  smooth=0.010  train_loss=0.2885  train_AUPR=0.6915  train_P@5=0.7106  train_P@10=0.5089  val_loss=0.2377  val_AUPR=0.5963  val_P@5=0.6436  val_P@10=0.4498
Ep022  LR0=9.97e-05  pw=1.89  aucα=0.400  token_p=0.010  dropE=(0.010,0.050)  smooth=0.010  train_loss=0.2786  train_AUPR=0.7082  train_P@5=0.7288  train_P@10=0.5141  val_loss=0.2306  val_AUPR=0.5860  val_P@5=0.6378  val_P@10=0.4390
Ep023  LR0=9.95e-05  pw=1.79  aucα=0.400  token_p=0.010  dropE=(0.010,0.050)  smooth=0.010  train_loss=0.2716  train_AUPR=0.7280  train_P@5=0.7395  train_P@10=0.5275  val_loss=0.2155  val_AUPR=0.6099  val_P@5=0.6666  val_P@10=0.4525
Ep024  LR0=9.92e-05  pw=1.70  aucα=0.400  token_p=0.010  dropE=(0.010,0.050)  smooth=0.010  train_loss=0.2638  train_AUPR=0.7356  train_P@5=0.7531  train_P@10=0.5307  val_loss=0.2162  val_AUPR=0.6000  val_P@5=0.6592  val_P@10=0.4467
Ep025  LR0=9.89e-05  pw=1.62  aucα=0.400  token_p=0.010  dropE=(0.010,0.050)  smooth=0.010  train_loss=0.2546  train_AUPR=0.7463  train_P@5=0.7555  train_P@10=0.5366  val_loss=0.2036  val_AUPR=0.6185  val_P@5=0.6728  val_P@10=0.4581
Ep026  LR0=9.85e-05  pw=1.54  aucα=0.400  token_p=0.010  dropE=(0.010,0.050)  smooth=0.010  train_loss=0.2463  train_AUPR=0.7484  train_P@5=0.7641  train_P@10=0.5368  val_loss=0.2027  val_AUPR=0.5933  val_P@5=0.6436  val_P@10=0.4386
Ep027  LR0=9.81e-05  pw=1.48  aucα=0.400  token_p=0.010  dropE=(0.010,0.050)  smooth=0.010  train_loss=0.2386  train_AUPR=0.7746  train_P@5=0.7856  train_P@10=0.5506  val_loss=0.1985  val_AUPR=0.6136  val_P@5=0.6648  val_P@10=0.4522
Ep028  LR0=9.76e-05  pw=1.42  aucα=0.400  token_p=0.010  dropE=(0.010,0.050)  smooth=0.010  train_loss=0.2298  train_AUPR=0.7724  train_P@5=0.7801  train_P@10=0.5524  val_loss=0.1990  val_AUPR=0.6071  val_P@5=0.6600  val_P@10=0.4549
Ep029  LR0=9.70e-05  pw=1.37  aucα=0.400  token_p=0.010  dropE=(0.010,0.050)  smooth=0.010  train_loss=0.2240  train_AUPR=0.7830  train_P@5=0.7946  train_P@10=0.5552  val_loss=0.1931  val_AUPR=0.6008  val_P@5=0.6505  val_P@10=0.4454
Ep030  LR0=9.46e-05  pw=1.33  aucα=0.400  token_p=0.010  dropE=(0.010,0.050)  smooth=0.010  train_loss=0.2176  train_AUPR=0.7932  train_P@5=0.8027  train_P@10=0.5611  val_loss=0.1922  val_AUPR=0.5918  val_P@5=0.6404  val_P@10=0.4391
Ep031  LR0=8.78e-05  pw=1.29  aucα=0.400  token_p=0.010  dropE=(0.010,0.050)  smooth=0.010  train_loss=0.2079  train_AUPR=0.8064  train_P@5=0.8145  train_P@10=0.5675  val_loss=0.1884  val_AUPR=0.5983  val_P@5=0.6467  val_P@10=0.4431
Ep032  LR0=7.71e-05  pw=1.26  aucα=0.400  token_p=0.010  dropE=(0.010,0.050)  smooth=0.010  train_loss=0.2020  train_AUPR=0.8231  train_P@5=0.8289  train_P@10=0.5758  val_loss=0.1860  val_AUPR=0.5970  val_P@5=0.6451  val_P@10=0.4411
Ep033  LR0=6.37e-05  pw=1.23  aucα=0.400  token_p=0.010  dropE=(0.010,0.050)  smooth=0.010  train_loss=0.1950  train_AUPR=0.8317  train_P@5=0.8353  train_P@10=0.5852  val_loss=0.1824  val_AUPR=0.6044  val_P@5=0.6519  val_P@10=0.4461
Ep034  LR0=4.87e-05  pw=1.20  aucα=0.400  token_p=0.010  dropE=(0.010,0.050)  smooth=0.010  train_loss=0.1842  train_AUPR=0.8431  train_P@5=0.8440  train_P@10=0.5919  val_loss=0.1810  val_AUPR=0.6036  val_P@5=0.6527  val_P@10=0.4468
Ep035  LR0=3.38e-05  pw=1.18  aucα=0.400  token_p=0.010  dropE=(0.010,0.050)  smooth=0.010  train_loss=0.1744  train_AUPR=0.8641  train_P@5=0.8667  train_P@10=0.6012  val_loss=0.1791  val_AUPR=0.6056  val_P@5=0.6531  val_P@10=0.4476
Ep036  LR0=2.04e-05  pw=1.16  aucα=0.400  token_p=0.010  dropE=(0.010,0.050)  smooth=0.010  train_loss=0.1669  train_AUPR=0.8717  train_P@5=0.8750  train_P@10=0.6047  val_loss=0.1778  val_AUPR=0.6038  val_P@5=0.6511  val_P@10=0.4466
Ep037  LR0=9.71e-06  pw=1.14  aucα=0.400  token_p=0.010  dropE=(0.010,0.050)  smooth=0.010  train_loss=0.1594  train_AUPR=0.8842  train_P@5=0.8882  train_P@10=0.6118  val_loss=0.1768  val_AUPR=0.6030  val_P@5=0.6505  val_P@10=0.4460
Ep038  LR0=2.86e-06  pw=1.12  aucα=0.400  token_p=0.010  dropE=(0.010,0.050)  smooth=0.010  train_loss=0.1541  train_AUPR=0.8914  train_P@5=0.8948  train_P@10=0.6166  val_loss=0.1758  val_AUPR=0.6019  val_P@5=0.6497  val_P@10=0.4462
Ep039  LR0=5.00e-07  pw=1.11  aucα=0.400  token_p=0.010  dropE=(0.010,0.050)  smooth=0.010  train_loss=0.1507  train_AUPR=0.8923  train_P@5=0.8957  train_P@10=0.6166  val_loss=0.1750  val_AUPR=0.6007  val_P@5=0.6465  val_P@10=0.4460
Ep040  LR0=5.00e-07  pw=1.09  aucα=0.400  token_p=0.010  dropE=(0.010,0.050)  smooth=0.010  train_loss=0.1483  train_AUPR=0.8928  train_P@5=0.8968  train_P@10=0.6169  val_loss=0.1743  val_AUPR=0.5997  val_P@5=0.6449  val_P@10=0.4463
Ep041  LR0=5.00e-07  pw=1.08  aucα=0.400  token_p=0.010  dropE=(0.010,0.050)  smooth=0.010  train_loss=0.1486  train_AUPR=0.8930  train_P@5=0.8970  train_P@10=0.6170  val_loss=0.1736  val_AUPR=0.5988  val_P@5=0.6449  val_P@10=0.4464
Ep042  LR0=5.00e-07  pw=1.07  aucα=0.400  token_p=0.010  dropE=(0.010,0.050)  smooth=0.010  train_loss=0.1478  train_AUPR=0.8930  train_P@5=0.8968  train_P@10=0.6172  val_loss=0.1730  val_AUPR=0.5980  val_P@5=0.6432  val_P@10=0.4462
Ep043  LR0=5.00e-07  pw=1.06  aucα=0.400  token_p=0.010  dropE=(0.010,0.050)  smooth=0.010  train_loss=0.1480  train_AUPR=0.8932  train_P@5=0.8970  train_P@10=0.6171  val_loss=0.1725  val_AUPR=0.5972  val_P@5=0.6432  val_P@10=0.4471
Ep044  LR0=5.00e-07  pw=1.06  aucα=0.400  token_p=0.010  dropE=(0.010,0.050)  smooth=0.010  train_loss=0.1474  train_AUPR=0.8934  train_P@5=0.8970  train_P@10=0.6174  val_loss=0.1720  val_AUPR=0.5966  val_P@5=0.6436  val_P@10=0.4473
Ep045  LR0=5.00e-07  pw=1.05  aucα=0.400  token_p=0.010  dropE=(0.010,0.050)  smooth=0.010  train_loss=0.1474  train_AUPR=0.8936  train_P@5=0.8972  train_P@10=0.6172  val_loss=0.1716  val_AUPR=0.5960  val_P@5=0.6441  val_P@10=0.4469
Ep046  LR0=5.00e-07  pw=1.04  aucα=0.400  token_p=0.010  dropE=(0.010,0.050)  smooth=0.010  train_loss=0.1468  train_AUPR=0.8940  train_P@5=0.8978  train_P@10=0.6174  val_loss=0.1713  val_AUPR=0.5955  val_P@5=0.6434  val_P@10=0.4470
Ep047  LR0=5.00e-07  pw=1.04  aucα=0.400  token_p=0.010  dropE=(0.010,0.050)  smooth=0.010  train_loss=0.1465  train_AUPR=0.8939  train_P@5=0.8980  train_P@10=0.6173  val_loss=0.1709  val_AUPR=0.5950  val_P@5=0.6428  val_P@10=0.4468
Ep048  LR0=5.00e-07  pw=1.03  aucα=0.400  token_p=0.010  dropE=(0.010,0.050)  smooth=0.010  train_loss=0.1465  train_AUPR=0.8941  train_P@5=0.8982  train_P@10=0.6175  val_loss=0.1707  val_AUPR=0.5946  val_P@5=0.6432  val_P@10=0.4464
Ep049  LR0=5.00e-07  pw=1.03  aucα=0.400  token_p=0.010  dropE=(0.010,0.050)  smooth=0.010  train_loss=0.1465  train_AUPR=0.8943  train_P@5=0.8983  train_P@10=0.6177  val_loss=0.1704  val_AUPR=0.5941  val_P@5=0.6430  val_P@10=0.4462
Ep050  LR0=5.00e-07  pw=1.03  aucα=0.400  token_p=0.010  dropE=(0.010,0.050)  smooth=0.010  train_loss=0.1462  train_AUPR=0.8946  train_P@5=0.8987  train_P@10=0.6178  val_loss=0.1702  val_AUPR=0.5938  val_P@5=0.6428  val_P@10=0.4460
Ep051  LR0=5.00e-07  pw=1.02  aucα=0.400  token_p=0.010  dropE=(0.010,0.050)  smooth=0.010  train_loss=0.1457  train_AUPR=0.8947  train_P@5=0.8989  train_P@10=0.6180  val_loss=0.1701  val_AUPR=0.5934  val_P@5=0.6428  val_P@10=0.4462
Ep052  LR0=5.00e-07  pw=1.02  aucα=0.400  token_p=0.010  dropE=(0.010,0.050)  smooth=0.010  train_loss=0.1450  train_AUPR=0.8947  train_P@5=0.8985  train_P@10=0.6180  val_loss=0.1699  val_AUPR=0.5931  val_P@5=0.6430  val_P@10=0.4462
Ep053  LR0=5.00e-07  pw=1.02  aucα=0.400  token_p=0.010  dropE=(0.010,0.050)  smooth=0.010  train_loss=0.1444  train_AUPR=0.8948  train_P@5=0.8987  train_P@10=0.6182  val_loss=0.1698  val_AUPR=0.5928  val_P@5=0.6424  val_P@10=0.4462
Ep054  LR0=5.00e-07  pw=1.02  aucα=0.400  token_p=0.010  dropE=(0.010,0.050)  smooth=0.010  train_loss=0.1451  train_AUPR=0.8950  train_P@5=0.8990  train_P@10=0.6184  val_loss=0.1697  val_AUPR=0.5925  val_P@5=0.6420  val_P@10=0.4461
Ep055  LR0=5.00e-07  pw=1.01  aucα=0.400  token_p=0.010  dropE=(0.010,0.050)  smooth=0.010  train_loss=0.1456  train_AUPR=0.8952  train_P@5=0.8989  train_P@10=0.6184  val_loss=0.1696  val_AUPR=0.5923  val_P@5=0.6418  val_P@10=0.4461
Ep056  LR0=5.00e-07  pw=1.01  aucα=0.400  token_p=0.010  dropE=(0.010,0.050)  smooth=0.010  train_loss=0.1445  train_AUPR=0.8952  train_P@5=0.8994  train_P@10=0.6184  val_loss=0.1696  val_AUPR=0.5920  val_P@5=0.6416  val_P@10=0.4462
Ep057  LR0=5.00e-07  pw=1.01  aucα=0.400  token_p=0.010  dropE=(0.010,0.050)  smooth=0.010  train_loss=0.1446  train_AUPR=0.8952  train_P@5=0.8990  train_P@10=0.6184  val_loss=0.1695  val_AUPR=0.5918  val_P@5=0.6412  val_P@10=0.4462
Ep058  LR0=5.00e-07  pw=1.01  aucα=0.400  token_p=0.010  dropE=(0.010,0.050)  smooth=0.010  train_loss=0.1436  train_AUPR=0.8950  train_P@5=0.8990  train_P@10=0.6184  val_loss=0.1695  val_AUPR=0.5916  val_P@5=0.6414  val_P@10=0.4461
Ep059  LR0=5.00e-07  pw=1.01  aucα=0.400  token_p=0.010  dropE=(0.010,0.050)  smooth=0.010  train_loss=0.1441  train_AUPR=0.8955  train_P@5=0.8989  train_P@10=0.6186  val_loss=0.1695  val_AUPR=0.5913  val_P@5=0.6412  val_P@10=0.4461
Ep060  LR0=5.00e-07  pw=1.01  aucα=0.400  token_p=0.010  dropE=(0.010,0.050)  smooth=0.010  train_loss=0.1449  train_AUPR=0.8957  train_P@5=0.8993  train_P@10=0.6187  val_loss=0.1695  val_AUPR=0.5911  val_P@5=0.6410  val_P@10=0.4461
Ep061  LR0=5.00e-07  pw=1.01  aucα=0.400  token_p=0.010  dropE=(0.010,0.050)  smooth=0.010  train_loss=0.1445  train_AUPR=0.8958  train_P@5=0.8999  train_P@10=0.6187  val_loss=0.1695  val_AUPR=0.5909  val_P@5=0.6412  val_P@10=0.4463
Ep062  LR0=5.00e-07  pw=1.01  aucα=0.400  token_p=0.010  dropE=(0.010,0.050)  smooth=0.010  train_loss=0.1445  train_AUPR=0.8960  train_P@5=0.9000  train_P@10=0.6187  val_loss=0.1694  val_AUPR=0.5907  val_P@5=0.6412  val_P@10=0.4466
Ep063  LR0=5.00e-07  pw=1.01  aucα=0.400  token_p=0.010  dropE=(0.010,0.050)  smooth=0.010  train_loss=0.1442  train_AUPR=0.8960  train_P@5=0.9003  train_P@10=0.6189  val_loss=0.1695  val_AUPR=0.5906  val_P@5=0.6410  val_P@10=0.4467
Ep064  LR0=5.00e-07  pw=1.00  aucα=0.400  token_p=0.010  dropE=(0.010,0.050)  smooth=0.010  train_loss=0.1437  train_AUPR=0.8959  train_P@5=0.9000  train_P@10=0.6188  val_loss=0.1695  val_AUPR=0.5904  val_P@5=0.6406  val_P@10=0.4466
Ep065  LR0=5.00e-07  pw=1.00  aucα=0.400  token_p=0.010  dropE=(0.010,0.050)  smooth=0.010  train_loss=0.1431  train_AUPR=0.8961  train_P@5=0.8998  train_P@10=0.6191  val_loss=0.1695  val_AUPR=0.5902  val_P@5=0.6406  val_P@10=0.4465
Ep066  LR0=5.00e-07  pw=1.00  aucα=0.400  token_p=0.010  dropE=(0.010,0.050)  smooth=0.010  train_loss=0.1427  train_AUPR=0.8963  train_P@5=0.9002  train_P@10=0.6190  val_loss=0.1695  val_AUPR=0.5900  val_P@5=0.6404  val_P@10=0.4464
Ep067  LR0=5.00e-07  pw=1.00  aucα=0.400  token_p=0.010  dropE=(0.010,0.050)  smooth=0.010  train_loss=0.1441  train_AUPR=0.8966  train_P@5=0.9006  train_P@10=0.6191  val_loss=0.1695  val_AUPR=0.5898  val_P@5=0.6404  val_P@10=0.4464
Ep068  LR0=5.00e-07  pw=1.00  aucα=0.400  token_p=0.010  dropE=(0.010,0.050)  smooth=0.010  train_loss=0.1429  train_AUPR=0.8966  train_P@5=0.9007  train_P@10=0.6191  val_loss=0.1695  val_AUPR=0.5897  val_P@5=0.6408  val_P@10=0.4463
Ep069  LR0=5.00e-07  pw=1.00  aucα=0.400  token_p=0.010  dropE=(0.010,0.050)  smooth=0.010  train_loss=0.1430  train_AUPR=0.8969  train_P@5=0.9016  train_P@10=0.6191  val_loss=0.1696  val_AUPR=0.5895  val_P@5=0.6408  val_P@10=0.4464
Ep070  LR0=5.00e-07  pw=1.00  aucα=0.400  token_p=0.010  dropE=(0.010,0.050)  smooth=0.010  train_loss=0.1437  train_AUPR=0.8970  train_P@5=0.9016  train_P@10=0.6194  val_loss=0.1696  val_AUPR=0.5894  val_P@5=0.6408  val_P@10=0.4466
Ep071  LR0=5.00e-07  pw=1.00  aucα=0.400  token_p=0.010  dropE=(0.010,0.050)  smooth=0.010  train_loss=0.1437  train_AUPR=0.8972  train_P@5=0.9013  train_P@10=0.6195  val_loss=0.1696  val_AUPR=0.5893  val_P@5=0.6408  val_P@10=0.4465
Ep072  LR0=5.00e-07  pw=1.00  aucα=0.400  token_p=0.010  dropE=(0.010,0.050)  smooth=0.010  train_loss=0.1437  train_AUPR=0.8973  train_P@5=0.9012  train_P@10=0.6193  val_loss=0.1697  val_AUPR=0.5891  val_P@5=0.6408  val_P@10=0.4465
Ep073  LR0=5.00e-07  pw=1.00  aucα=0.400  token_p=0.010  dropE=(0.010,0.050)  smooth=0.010  train_loss=0.1427  train_AUPR=0.8972  train_P@5=0.9014  train_P@10=0.6194  val_loss=0.1697  val_AUPR=0.5890  val_P@5=0.6402  val_P@10=0.4467
Ep074  LR0=5.00e-07  pw=1.00  aucα=0.400  token_p=0.010  dropE=(0.010,0.050)  smooth=0.010  train_loss=0.1436  train_AUPR=0.8974  train_P@5=0.9015  train_P@10=0.6193  val_loss=0.1697  val_AUPR=0.5889  val_P@5=0.6402  val_P@10=0.4471
Ep075  LR0=5.00e-07  pw=1.00  aucα=0.400  token_p=0.010  dropE=(0.010,0.050)  smooth=0.010  train_loss=0.1439  train_AUPR=0.8976  train_P@5=0.9017  train_P@10=0.6193  val_loss=0.1698  val_AUPR=0.5888  val_P@5=0.6400  val_P@10=0.4471
Ep076  LR0=5.00e-07  pw=1.00  aucα=0.400  token_p=0.010  dropE=(0.010,0.050)  smooth=0.010  train_loss=0.1423  train_AUPR=0.8975  train_P@5=0.9019  train_P@10=0.6196  val_loss=0.1698  val_AUPR=0.5887  val_P@5=0.6396  val_P@10=0.4471
Ep077  LR0=5.00e-07  pw=1.00  aucα=0.400  token_p=0.010  dropE=(0.010,0.050)  smooth=0.010  train_loss=0.1420  train_AUPR=0.8975  train_P@5=0.9016  train_P@10=0.6196  val_loss=0.1698  val_AUPR=0.5885  val_P@5=0.6394  val_P@10=0.4471
Early stop triggered: neither val_AUPR nor val_loss improved for 20 epochs.
Saved iPara_l1_g8_i4_do0.10_dpr0.10_lr0.0002_heads16_fold2.pth  (best val AUPR=0.6185)
Saved iPara_l1_g8_i4_do0.10_dpr0.10_lr0.0002_heads16_fold2_best_aupr.pth
Saved iPara_l1_g8_i4_do0.10_dpr0.10_lr0.0002_heads16_fold2_best_loss.pth  (best val loss=0.1695)

── Fold 3/5
Train labels: pos=26660, neg=375289, ignore=695651, pos_rate=0.066327
Val labels: pos=6570, neg=91673, ignore=176957, pos_rate=0.066875
Initializing ClassificationModel with 8 GAT layers and residual connections...
Initializing MCModel with 8 GAT layers and 4 row attention layers (drop_path_rate=0.1)
Initializing CoreModel with 1 layers, drop_path_rate=0.1
Ep000  LR0=2.00e-05  pw=15.00  aucα=0.000  token_p=0.000  dropE=(0.000,0.000)  smooth=0.000  train_loss=0.5564  train_AUPR=0.3835  train_P@5=0.4519  train_P@10=0.3424  val_loss=0.5023  val_AUPR=0.3858  val_P@5=0.4473  val_P@10=0.3370
Ep001  LR0=3.00e-05  pw=13.35  aucα=0.000  token_p=0.000  dropE=(0.000,0.000)  smooth=0.000  train_loss=0.4756  train_AUPR=0.4451  train_P@5=0.5246  train_P@10=0.3835  val_loss=0.4541  val_AUPR=0.4397  val_P@5=0.5116  val_P@10=0.3777
Ep002  LR0=4.00e-05  pw=11.90  aucα=0.000  token_p=0.000  dropE=(0.000,0.000)  smooth=0.000  train_loss=0.4452  train_AUPR=0.4851  train_P@5=0.5566  train_P@10=0.4040  val_loss=0.4278  val_AUPR=0.4861  val_P@5=0.5592  val_P@10=0.3960
Ep003  LR0=5.00e-05  pw=10.62  aucα=0.000  token_p=0.000  dropE=(0.000,0.000)  smooth=0.000  train_loss=0.4293  train_AUPR=0.5060  train_P@5=0.5758  train_P@10=0.4121  val_loss=0.4180  val_AUPR=0.4996  val_P@5=0.5796  val_P@10=0.4045
Ep004  LR0=6.00e-05  pw=9.49  aucα=0.057  token_p=0.000  dropE=(0.000,0.000)  smooth=0.000  train_loss=0.4251  train_AUPR=0.5227  train_P@5=0.5877  train_P@10=0.4172  val_loss=0.4245  val_AUPR=0.5206  val_P@5=0.5886  val_P@10=0.4136
Ep005  LR0=7.00e-05  pw=8.49  aucα=0.114  token_p=0.000  dropE=(0.000,0.000)  smooth=0.000  train_loss=0.4222  train_AUPR=0.5446  train_P@5=0.6030  train_P@10=0.4310  val_loss=0.3983  val_AUPR=0.5392  val_P@5=0.5957  val_P@10=0.4217
Ep006  LR0=8.00e-05  pw=7.61  aucα=0.171  token_p=0.001  dropE=(0.001,0.005)  smooth=0.001  train_loss=0.4215  train_AUPR=0.5585  train_P@5=0.6135  train_P@10=0.4386  val_loss=0.3847  val_AUPR=0.5463  val_P@5=0.6071  val_P@10=0.4277
Ep007  LR0=9.00e-05  pw=6.84  aucα=0.229  token_p=0.002  dropE=(0.002,0.010)  smooth=0.002  train_loss=0.4169  train_AUPR=0.5867  train_P@5=0.6282  train_P@10=0.4521  val_loss=0.3604  val_AUPR=0.5745  val_P@5=0.6268  val_P@10=0.4422
Ep008  LR0=1.00e-04  pw=6.15  aucα=0.286  token_p=0.003  dropE=(0.003,0.015)  smooth=0.003  train_loss=0.4090  train_AUPR=0.5883  train_P@5=0.6301  train_P@10=0.4485  val_loss=0.3657  val_AUPR=0.5707  val_P@5=0.6158  val_P@10=0.4341
Ep009  LR0=1.00e-04  pw=5.55  aucα=0.343  token_p=0.004  dropE=(0.004,0.020)  smooth=0.004  train_loss=0.4021  train_AUPR=0.6056  train_P@5=0.6436  train_P@10=0.4585  val_loss=0.3491  val_AUPR=0.5806  val_P@5=0.6226  val_P@10=0.4407
[Info] Unfroze 'dym' params after warmup (epoch=10). Added core=54 tensors, other=0 tensors.
Ep010  LR0=2.00e-05  pw=5.01  aucα=0.400  token_p=0.005  dropE=(0.005,0.025)  smooth=0.005  train_loss=0.3874  train_AUPR=0.6278  train_P@5=0.6634  train_P@10=0.4708  val_loss=0.3354  val_AUPR=0.5976  val_P@5=0.6456  val_P@10=0.4494
Ep011  LR0=3.00e-05  pw=4.54  aucα=0.400  token_p=0.006  dropE=(0.006,0.030)  smooth=0.006  train_loss=0.3736  train_AUPR=0.6370  train_P@5=0.6703  train_P@10=0.4763  val_loss=0.3218  val_AUPR=0.6043  val_P@5=0.6435  val_P@10=0.4492
Ep012  LR0=4.00e-05  pw=4.12  aucα=0.400  token_p=0.007  dropE=(0.007,0.035)  smooth=0.007  train_loss=0.3640  train_AUPR=0.6362  train_P@5=0.6725  train_P@10=0.4742  val_loss=0.3183  val_AUPR=0.5898  val_P@5=0.6301  val_P@10=0.4426
Ep013  LR0=5.00e-05  pw=3.76  aucα=0.400  token_p=0.008  dropE=(0.008,0.040)  smooth=0.008  train_loss=0.3561  train_AUPR=0.6436  train_P@5=0.6766  train_P@10=0.4783  val_loss=0.3020  val_AUPR=0.5998  val_P@5=0.6397  val_P@10=0.4518
Ep014  LR0=6.00e-05  pw=3.43  aucα=0.400  token_p=0.009  dropE=(0.009,0.045)  smooth=0.009  train_loss=0.3469  train_AUPR=0.6372  train_P@5=0.6696  train_P@10=0.4769  val_loss=0.3004  val_AUPR=0.5797  val_P@5=0.6167  val_P@10=0.4400
Ep015  LR0=7.00e-05  pw=3.15  aucα=0.400  token_p=0.010  dropE=(0.010,0.050)  smooth=0.010  train_loss=0.3398  train_AUPR=0.6495  train_P@5=0.6785  train_P@10=0.4813  val_loss=0.2860  val_AUPR=0.5847  val_P@5=0.6252  val_P@10=0.4400
Ep016  LR0=8.00e-05  pw=2.89  aucα=0.400  token_p=0.010  dropE=(0.010,0.050)  smooth=0.010  train_loss=0.3348  train_AUPR=0.6550  train_P@5=0.6868  train_P@10=0.4839  val_loss=0.2735  val_AUPR=0.6007  val_P@5=0.6395  val_P@10=0.4428
Ep017  LR0=9.00e-05  pw=2.67  aucα=0.400  token_p=0.010  dropE=(0.010,0.050)  smooth=0.010  train_loss=0.3253  train_AUPR=0.6675  train_P@5=0.6932  train_P@10=0.4931  val_loss=0.2699  val_AUPR=0.5989  val_P@5=0.6338  val_P@10=0.4473
Ep018  LR0=1.00e-04  pw=2.48  aucα=0.400  token_p=0.010  dropE=(0.010,0.050)  smooth=0.010  train_loss=0.3167  train_AUPR=0.6647  train_P@5=0.6908  train_P@10=0.4881  val_loss=0.2524  val_AUPR=0.6020  val_P@5=0.6423  val_P@10=0.4488
Ep019  LR0=1.00e-04  pw=2.30  aucα=0.400  token_p=0.010  dropE=(0.010,0.050)  smooth=0.010  train_loss=0.3096  train_AUPR=0.6641  train_P@5=0.6915  train_P@10=0.4936  val_loss=0.2419  val_AUPR=0.5993  val_P@5=0.6386  val_P@10=0.4499
Ep020  LR0=1.00e-04  pw=2.15  aucα=0.400  token_p=0.010  dropE=(0.010,0.050)  smooth=0.010  train_loss=0.2998  train_AUPR=0.6887  train_P@5=0.7105  train_P@10=0.5038  val_loss=0.2447  val_AUPR=0.6009  val_P@5=0.6417  val_P@10=0.4391
Ep021  LR0=9.99e-05  pw=2.01  aucα=0.400  token_p=0.010  dropE=(0.010,0.050)  smooth=0.010  train_loss=0.2891  train_AUPR=0.6827  train_P@5=0.7025  train_P@10=0.5075  val_loss=0.2351  val_AUPR=0.5849  val_P@5=0.6313  val_P@10=0.4428
Ep022  LR0=9.97e-05  pw=1.89  aucα=0.400  token_p=0.010  dropE=(0.010,0.050)  smooth=0.010  train_loss=0.2811  train_AUPR=0.7009  train_P@5=0.7200  train_P@10=0.5159  val_loss=0.2252  val_AUPR=0.6008  val_P@5=0.6419  val_P@10=0.4463
Ep023  LR0=9.95e-05  pw=1.79  aucα=0.400  token_p=0.010  dropE=(0.010,0.050)  smooth=0.010  train_loss=0.2729  train_AUPR=0.7062  train_P@5=0.7214  train_P@10=0.5108  val_loss=0.2195  val_AUPR=0.5985  val_P@5=0.6462  val_P@10=0.4404
Ep024  LR0=9.92e-05  pw=1.70  aucα=0.400  token_p=0.010  dropE=(0.010,0.050)  smooth=0.010  train_loss=0.2635  train_AUPR=0.7277  train_P@5=0.7380  train_P@10=0.5277  val_loss=0.2071  val_AUPR=0.6145  val_P@5=0.6584  val_P@10=0.4512
Ep025  LR0=9.89e-05  pw=1.62  aucα=0.400  token_p=0.010  dropE=(0.010,0.050)  smooth=0.010  train_loss=0.2583  train_AUPR=0.7423  train_P@5=0.7542  train_P@10=0.5330  val_loss=0.2056  val_AUPR=0.6107  val_P@5=0.6513  val_P@10=0.4489
Ep026  LR0=9.85e-05  pw=1.54  aucα=0.400  token_p=0.010  dropE=(0.010,0.050)  smooth=0.010  train_loss=0.2487  train_AUPR=0.7552  train_P@5=0.7643  train_P@10=0.5453  val_loss=0.2068  val_AUPR=0.5983  val_P@5=0.6397  val_P@10=0.4436
Ep027  LR0=9.81e-05  pw=1.48  aucα=0.400  token_p=0.010  dropE=(0.010,0.050)  smooth=0.010  train_loss=0.2426  train_AUPR=0.7648  train_P@5=0.7766  train_P@10=0.5505  val_loss=0.1986  val_AUPR=0.6042  val_P@5=0.6494  val_P@10=0.4481
Ep028  LR0=9.76e-05  pw=1.42  aucα=0.400  token_p=0.010  dropE=(0.010,0.050)  smooth=0.010  train_loss=0.2323  train_AUPR=0.7651  train_P@5=0.7738  train_P@10=0.5456  val_loss=0.1964  val_AUPR=0.5914  val_P@5=0.6268  val_P@10=0.4376
Ep029  LR0=9.70e-05  pw=1.37  aucα=0.400  token_p=0.010  dropE=(0.010,0.050)  smooth=0.010  train_loss=0.2298  train_AUPR=0.7922  train_P@5=0.8021  train_P@10=0.5605  val_loss=0.1917  val_AUPR=0.6001  val_P@5=0.6445  val_P@10=0.4436
Ep030  LR0=9.46e-05  pw=1.33  aucα=0.400  token_p=0.010  dropE=(0.010,0.050)  smooth=0.010  train_loss=0.2207  train_AUPR=0.8042  train_P@5=0.8126  train_P@10=0.5659  val_loss=0.1919  val_AUPR=0.6026  val_P@5=0.6447  val_P@10=0.4471
Ep031  LR0=8.78e-05  pw=1.29  aucα=0.400  token_p=0.010  dropE=(0.010,0.050)  smooth=0.010  train_loss=0.2117  train_AUPR=0.8134  train_P@5=0.8184  train_P@10=0.5726  val_loss=0.1868  val_AUPR=0.6041  val_P@5=0.6443  val_P@10=0.4473
Ep032  LR0=7.71e-05  pw=1.26  aucα=0.400  token_p=0.010  dropE=(0.010,0.050)  smooth=0.010  train_loss=0.2044  train_AUPR=0.8175  train_P@5=0.8193  train_P@10=0.5765  val_loss=0.1833  val_AUPR=0.6080  val_P@5=0.6433  val_P@10=0.4524
Ep033  LR0=6.37e-05  pw=1.23  aucα=0.400  token_p=0.010  dropE=(0.010,0.050)  smooth=0.010  train_loss=0.1963  train_AUPR=0.8384  train_P@5=0.8435  train_P@10=0.5880  val_loss=0.1814  val_AUPR=0.6066  val_P@5=0.6415  val_P@10=0.4510
Ep034  LR0=4.87e-05  pw=1.20  aucα=0.400  token_p=0.010  dropE=(0.010,0.050)  smooth=0.010  train_loss=0.1864  train_AUPR=0.8518  train_P@5=0.8562  train_P@10=0.5923  val_loss=0.1800  val_AUPR=0.6053  val_P@5=0.6407  val_P@10=0.4512
Ep035  LR0=3.38e-05  pw=1.18  aucα=0.400  token_p=0.010  dropE=(0.010,0.050)  smooth=0.010  train_loss=0.1766  train_AUPR=0.8645  train_P@5=0.8665  train_P@10=0.6024  val_loss=0.1790  val_AUPR=0.6039  val_P@5=0.6401  val_P@10=0.4508
Ep036  LR0=2.04e-05  pw=1.16  aucα=0.400  token_p=0.010  dropE=(0.010,0.050)  smooth=0.010  train_loss=0.1672  train_AUPR=0.8789  train_P@5=0.8825  train_P@10=0.6086  val_loss=0.1776  val_AUPR=0.6032  val_P@5=0.6407  val_P@10=0.4507
Ep037  LR0=9.71e-06  pw=1.14  aucα=0.400  token_p=0.010  dropE=(0.010,0.050)  smooth=0.010  train_loss=0.1607  train_AUPR=0.8847  train_P@5=0.8891  train_P@10=0.6124  val_loss=0.1766  val_AUPR=0.6015  val_P@5=0.6382  val_P@10=0.4498
Ep038  LR0=2.86e-06  pw=1.12  aucα=0.400  token_p=0.010  dropE=(0.010,0.050)  smooth=0.010  train_loss=0.1552  train_AUPR=0.8910  train_P@5=0.8957  train_P@10=0.6157  val_loss=0.1758  val_AUPR=0.6000  val_P@5=0.6380  val_P@10=0.4484
Ep039  LR0=5.00e-07  pw=1.11  aucα=0.400  token_p=0.010  dropE=(0.010,0.050)  smooth=0.010  train_loss=0.1518  train_AUPR=0.8929  train_P@5=0.8968  train_P@10=0.6166  val_loss=0.1750  val_AUPR=0.5989  val_P@5=0.6368  val_P@10=0.4483
Ep040  LR0=5.00e-07  pw=1.09  aucα=0.400  token_p=0.010  dropE=(0.010,0.050)  smooth=0.010  train_loss=0.1502  train_AUPR=0.8933  train_P@5=0.8976  train_P@10=0.6169  val_loss=0.1744  val_AUPR=0.5978  val_P@5=0.6360  val_P@10=0.4475
Ep041  LR0=5.00e-07  pw=1.08  aucα=0.400  token_p=0.010  dropE=(0.010,0.050)  smooth=0.010  train_loss=0.1483  train_AUPR=0.8934  train_P@5=0.8983  train_P@10=0.6170  val_loss=0.1738  val_AUPR=0.5967  val_P@5=0.6352  val_P@10=0.4472
Ep042  LR0=5.00e-07  pw=1.07  aucα=0.400  token_p=0.010  dropE=(0.010,0.050)  smooth=0.010  train_loss=0.1493  train_AUPR=0.8937  train_P@5=0.8984  train_P@10=0.6171  val_loss=0.1732  val_AUPR=0.5958  val_P@5=0.6346  val_P@10=0.4465
Ep043  LR0=5.00e-07  pw=1.06  aucα=0.400  token_p=0.010  dropE=(0.010,0.050)  smooth=0.010  train_loss=0.1485  train_AUPR=0.8937  train_P@5=0.8984  train_P@10=0.6171  val_loss=0.1727  val_AUPR=0.5950  val_P@5=0.6331  val_P@10=0.4464
Ep044  LR0=5.00e-07  pw=1.06  aucα=0.400  token_p=0.010  dropE=(0.010,0.050)  smooth=0.010  train_loss=0.1484  train_AUPR=0.8939  train_P@5=0.8985  train_P@10=0.6170  val_loss=0.1723  val_AUPR=0.5942  val_P@5=0.6321  val_P@10=0.4459
Ep045  LR0=5.00e-07  pw=1.05  aucα=0.400  token_p=0.010  dropE=(0.010,0.050)  smooth=0.010  train_loss=0.1481  train_AUPR=0.8940  train_P@5=0.8990  train_P@10=0.6173  val_loss=0.1719  val_AUPR=0.5936  val_P@5=0.6319  val_P@10=0.4459
Ep046  LR0=5.00e-07  pw=1.04  aucα=0.400  token_p=0.010  dropE=(0.010,0.050)  smooth=0.010  train_loss=0.1473  train_AUPR=0.8942  train_P@5=0.8988  train_P@10=0.6173  val_loss=0.1715  val_AUPR=0.5930  val_P@5=0.6311  val_P@10=0.4459
Ep047  LR0=5.00e-07  pw=1.04  aucα=0.400  token_p=0.010  dropE=(0.010,0.050)  smooth=0.010  train_loss=0.1473  train_AUPR=0.8943  train_P@5=0.8988  train_P@10=0.6172  val_loss=0.1713  val_AUPR=0.5924  val_P@5=0.6311  val_P@10=0.4457
Ep048  LR0=5.00e-07  pw=1.03  aucα=0.400  token_p=0.010  dropE=(0.010,0.050)  smooth=0.010  train_loss=0.1458  train_AUPR=0.8946  train_P@5=0.8994  train_P@10=0.6176  val_loss=0.1710  val_AUPR=0.5919  val_P@5=0.6305  val_P@10=0.4458
Ep049  LR0=5.00e-07  pw=1.03  aucα=0.400  token_p=0.010  dropE=(0.010,0.050)  smooth=0.010  train_loss=0.1468  train_AUPR=0.8949  train_P@5=0.9000  train_P@10=0.6176  val_loss=0.1708  val_AUPR=0.5914  val_P@5=0.6299  val_P@10=0.4457
Ep050  LR0=5.00e-07  pw=1.03  aucα=0.400  token_p=0.010  dropE=(0.010,0.050)  smooth=0.010  train_loss=0.1469  train_AUPR=0.8950  train_P@5=0.9001  train_P@10=0.6177  val_loss=0.1706  val_AUPR=0.5910  val_P@5=0.6299  val_P@10=0.4457
Ep051  LR0=5.00e-07  pw=1.02  aucα=0.400  token_p=0.010  dropE=(0.010,0.050)  smooth=0.010  train_loss=0.1464  train_AUPR=0.8952  train_P@5=0.9000  train_P@10=0.6176  val_loss=0.1705  val_AUPR=0.5906  val_P@5=0.6291  val_P@10=0.4454
Ep052  LR0=5.00e-07  pw=1.02  aucα=0.400  token_p=0.010  dropE=(0.010,0.050)  smooth=0.010  train_loss=0.1456  train_AUPR=0.8953  train_P@5=0.9003  train_P@10=0.6177  val_loss=0.1703  val_AUPR=0.5902  val_P@5=0.6291  val_P@10=0.4455
Ep053  LR0=5.00e-07  pw=1.02  aucα=0.400  token_p=0.010  dropE=(0.010,0.050)  smooth=0.010  train_loss=0.1459  train_AUPR=0.8954  train_P@5=0.9003  train_P@10=0.6179  val_loss=0.1702  val_AUPR=0.5898  val_P@5=0.6285  val_P@10=0.4456
Ep054  LR0=5.00e-07  pw=1.02  aucα=0.400  token_p=0.010  dropE=(0.010,0.050)  smooth=0.010  train_loss=0.1458  train_AUPR=0.8954  train_P@5=0.9004  train_P@10=0.6181  val_loss=0.1701  val_AUPR=0.5895  val_P@5=0.6285  val_P@10=0.4455
Ep055  LR0=5.00e-07  pw=1.01  aucα=0.400  token_p=0.010  dropE=(0.010,0.050)  smooth=0.010  train_loss=0.1445  train_AUPR=0.8956  train_P@5=0.9006  train_P@10=0.6178  val_loss=0.1701  val_AUPR=0.5892  val_P@5=0.6281  val_P@10=0.4453
Ep056  LR0=5.00e-07  pw=1.01  aucα=0.400  token_p=0.010  dropE=(0.010,0.050)  smooth=0.010  train_loss=0.1448  train_AUPR=0.8957  train_P@5=0.9001  train_P@10=0.6180  val_loss=0.1700  val_AUPR=0.5889  val_P@5=0.6279  val_P@10=0.4451
Ep057  LR0=5.00e-07  pw=1.01  aucα=0.400  token_p=0.010  dropE=(0.010,0.050)  smooth=0.010  train_loss=0.1450  train_AUPR=0.8959  train_P@5=0.9005  train_P@10=0.6181  val_loss=0.1700  val_AUPR=0.5886  val_P@5=0.6276  val_P@10=0.4451
Ep058  LR0=5.00e-07  pw=1.01  aucα=0.400  token_p=0.010  dropE=(0.010,0.050)  smooth=0.010  train_loss=0.1440  train_AUPR=0.8961  train_P@5=0.9008  train_P@10=0.6184  val_loss=0.1699  val_AUPR=0.5884  val_P@5=0.6276  val_P@10=0.4450
Ep059  LR0=5.00e-07  pw=1.01  aucα=0.400  token_p=0.010  dropE=(0.010,0.050)  smooth=0.010  train_loss=0.1462  train_AUPR=0.8962  train_P@5=0.9013  train_P@10=0.6183  val_loss=0.1699  val_AUPR=0.5881  val_P@5=0.6274  val_P@10=0.4448
Ep060  LR0=5.00e-07  pw=1.01  aucα=0.400  token_p=0.010  dropE=(0.010,0.050)  smooth=0.010  train_loss=0.1446  train_AUPR=0.8964  train_P@5=0.9014  train_P@10=0.6184  val_loss=0.1699  val_AUPR=0.5878  val_P@5=0.6268  val_P@10=0.4450
Ep061  LR0=5.00e-07  pw=1.01  aucα=0.400  token_p=0.010  dropE=(0.010,0.050)  smooth=0.010  train_loss=0.1452  train_AUPR=0.8964  train_P@5=0.9014  train_P@10=0.6186  val_loss=0.1699  val_AUPR=0.5876  val_P@5=0.6268  val_P@10=0.4446
Ep062  LR0=5.00e-07  pw=1.01  aucα=0.400  token_p=0.010  dropE=(0.010,0.050)  smooth=0.010  train_loss=0.1443  train_AUPR=0.8966  train_P@5=0.9016  train_P@10=0.6186  val_loss=0.1699  val_AUPR=0.5874  val_P@5=0.6266  val_P@10=0.4448
Ep063  LR0=5.00e-07  pw=1.01  aucα=0.400  token_p=0.010  dropE=(0.010,0.050)  smooth=0.010  train_loss=0.1448  train_AUPR=0.8967  train_P@5=0.9013  train_P@10=0.6188  val_loss=0.1699  val_AUPR=0.5872  val_P@5=0.6264  val_P@10=0.4448
Ep064  LR0=5.00e-07  pw=1.00  aucα=0.400  token_p=0.010  dropE=(0.010,0.050)  smooth=0.010  train_loss=0.1445  train_AUPR=0.8968  train_P@5=0.9015  train_P@10=0.6189  val_loss=0.1699  val_AUPR=0.5870  val_P@5=0.6262  val_P@10=0.4446
Ep065  LR0=5.00e-07  pw=1.00  aucα=0.400  token_p=0.010  dropE=(0.010,0.050)  smooth=0.010  train_loss=0.1448  train_AUPR=0.8971  train_P@5=0.9019  train_P@10=0.6189  val_loss=0.1700  val_AUPR=0.5868  val_P@5=0.6262  val_P@10=0.4444
Ep066  LR0=5.00e-07  pw=1.00  aucα=0.400  token_p=0.010  dropE=(0.010,0.050)  smooth=0.010  train_loss=0.1455  train_AUPR=0.8971  train_P@5=0.9021  train_P@10=0.6187  val_loss=0.1700  val_AUPR=0.5866  val_P@5=0.6260  val_P@10=0.4444
Ep067  LR0=5.00e-07  pw=1.00  aucα=0.400  token_p=0.010  dropE=(0.010,0.050)  smooth=0.010  train_loss=0.1442  train_AUPR=0.8974  train_P@5=0.9023  train_P@10=0.6188  val_loss=0.1700  val_AUPR=0.5865  val_P@5=0.6258  val_P@10=0.4442
Ep068  LR0=5.00e-07  pw=1.00  aucα=0.400  token_p=0.010  dropE=(0.010,0.050)  smooth=0.010  train_loss=0.1434  train_AUPR=0.8973  train_P@5=0.9021  train_P@10=0.6190  val_loss=0.1700  val_AUPR=0.5863  val_P@5=0.6258  val_P@10=0.4440
Ep069  LR0=5.00e-07  pw=1.00  aucα=0.400  token_p=0.010  dropE=(0.010,0.050)  smooth=0.010  train_loss=0.1432  train_AUPR=0.8975  train_P@5=0.9022  train_P@10=0.6190  val_loss=0.1701  val_AUPR=0.5861  val_P@5=0.6260  val_P@10=0.4438
Ep070  LR0=5.00e-07  pw=1.00  aucα=0.400  token_p=0.010  dropE=(0.010,0.050)  smooth=0.010  train_loss=0.1426  train_AUPR=0.8975  train_P@5=0.9020  train_P@10=0.6191  val_loss=0.1701  val_AUPR=0.5860  val_P@5=0.6256  val_P@10=0.4439
Ep071  LR0=5.00e-07  pw=1.00  aucα=0.400  token_p=0.010  dropE=(0.010,0.050)  smooth=0.010  train_loss=0.1437  train_AUPR=0.8976  train_P@5=0.9021  train_P@10=0.6192  val_loss=0.1701  val_AUPR=0.5859  val_P@5=0.6256  val_P@10=0.4436
Ep072  LR0=5.00e-07  pw=1.00  aucα=0.400  token_p=0.010  dropE=(0.010,0.050)  smooth=0.010  train_loss=0.1440  train_AUPR=0.8978  train_P@5=0.9024  train_P@10=0.6192  val_loss=0.1702  val_AUPR=0.5857  val_P@5=0.6258  val_P@10=0.4435
Ep073  LR0=5.00e-07  pw=1.00  aucα=0.400  token_p=0.010  dropE=(0.010,0.050)  smooth=0.010  train_loss=0.1439  train_AUPR=0.8980  train_P@5=0.9026  train_P@10=0.6192  val_loss=0.1702  val_AUPR=0.5856  val_P@5=0.6252  val_P@10=0.4435
Ep074  LR0=5.00e-07  pw=1.00  aucα=0.400  token_p=0.010  dropE=(0.010,0.050)  smooth=0.010  train_loss=0.1439  train_AUPR=0.8979  train_P@5=0.9026  train_P@10=0.6192  val_loss=0.1702  val_AUPR=0.5854  val_P@5=0.6250  val_P@10=0.4435
Ep075  LR0=5.00e-07  pw=1.00  aucα=0.400  token_p=0.010  dropE=(0.010,0.050)  smooth=0.010  train_loss=0.1428  train_AUPR=0.8981  train_P@5=0.9030  train_P@10=0.6192  val_loss=0.1703  val_AUPR=0.5853  val_P@5=0.6252  val_P@10=0.4434
Ep076  LR0=5.00e-07  pw=1.00  aucα=0.400  token_p=0.010  dropE=(0.010,0.050)  smooth=0.010  train_loss=0.1436  train_AUPR=0.8982  train_P@5=0.9030  train_P@10=0.6192  val_loss=0.1703  val_AUPR=0.5852  val_P@5=0.6250  val_P@10=0.4434
Ep077  LR0=5.00e-07  pw=1.00  aucα=0.400  token_p=0.010  dropE=(0.010,0.050)  smooth=0.010  train_loss=0.1447  train_AUPR=0.8982  train_P@5=0.9026  train_P@10=0.6192  val_loss=0.1703  val_AUPR=0.5851  val_P@5=0.6250  val_P@10=0.4433
Ep078  LR0=5.00e-07  pw=1.00  aucα=0.400  token_p=0.010  dropE=(0.010,0.050)  smooth=0.010  train_loss=0.1435  train_AUPR=0.8983  train_P@5=0.9026  train_P@10=0.6193  val_loss=0.1704  val_AUPR=0.5850  val_P@5=0.6250  val_P@10=0.4433
Early stop triggered: neither val_AUPR nor val_loss improved for 20 epochs.
Saved iPara_l1_g8_i4_do0.10_dpr0.10_lr0.0002_heads16_fold3.pth  (best val AUPR=0.6145)
Saved iPara_l1_g8_i4_do0.10_dpr0.10_lr0.0002_heads16_fold3_best_aupr.pth
Saved iPara_l1_g8_i4_do0.10_dpr0.10_lr0.0002_heads16_fold3_best_loss.pth  (best val loss=0.1699)

── Fold 4/5
Train labels: pos=26560, neg=372298, ignore=700342, pos_rate=0.066590
Val labels: pos=6670, neg=94664, ignore=172266, pos_rate=0.065822
Initializing ClassificationModel with 8 GAT layers and residual connections...
Initializing MCModel with 8 GAT layers and 4 row attention layers (drop_path_rate=0.1)
Initializing CoreModel with 1 layers, drop_path_rate=0.1
Ep000  LR0=2.00e-05  pw=15.00  aucα=0.000  token_p=0.000  dropE=(0.000,0.000)  smooth=0.000  train_loss=0.5489  train_AUPR=0.3837  train_P@5=0.4511  train_P@10=0.3399  val_loss=0.5255  val_AUPR=0.3633  val_P@5=0.4319  val_P@10=0.3348
Ep001  LR0=3.00e-05  pw=13.35  aucα=0.000  token_p=0.000  dropE=(0.000,0.000)  smooth=0.000  train_loss=0.4751  train_AUPR=0.4456  train_P@5=0.5214  train_P@10=0.3768  val_loss=0.4758  val_AUPR=0.4325  val_P@5=0.5077  val_P@10=0.3750
Ep002  LR0=4.00e-05  pw=11.90  aucα=0.000  token_p=0.000  dropE=(0.000,0.000)  smooth=0.000  train_loss=0.4463  train_AUPR=0.4879  train_P@5=0.5581  train_P@10=0.4020  val_loss=0.4436  val_AUPR=0.4743  val_P@5=0.5476  val_P@10=0.3984
Ep003  LR0=5.00e-05  pw=10.62  aucα=0.000  token_p=0.000  dropE=(0.000,0.000)  smooth=0.000  train_loss=0.4248  train_AUPR=0.5089  train_P@5=0.5815  train_P@10=0.4077  val_loss=0.4227  val_AUPR=0.4881  val_P@5=0.5667  val_P@10=0.3980
Ep004  LR0=6.00e-05  pw=9.49  aucα=0.057  token_p=0.000  dropE=(0.000,0.000)  smooth=0.000  train_loss=0.4212  train_AUPR=0.5274  train_P@5=0.5935  train_P@10=0.4238  val_loss=0.4107  val_AUPR=0.5098  val_P@5=0.5853  val_P@10=0.4154
Ep005  LR0=7.00e-05  pw=8.49  aucα=0.114  token_p=0.000  dropE=(0.000,0.000)  smooth=0.000  train_loss=0.4191  train_AUPR=0.5457  train_P@5=0.6013  train_P@10=0.4334  val_loss=0.4072  val_AUPR=0.5279  val_P@5=0.5942  val_P@10=0.4232
Ep006  LR0=8.00e-05  pw=7.61  aucα=0.171  token_p=0.001  dropE=(0.001,0.005)  smooth=0.001  train_loss=0.4145  train_AUPR=0.5704  train_P@5=0.6161  train_P@10=0.4405  val_loss=0.3942  val_AUPR=0.5501  val_P@5=0.5967  val_P@10=0.4305
Ep007  LR0=9.00e-05  pw=6.84  aucα=0.229  token_p=0.002  dropE=(0.002,0.010)  smooth=0.002  train_loss=0.4112  train_AUPR=0.5717  train_P@5=0.6171  train_P@10=0.4412  val_loss=0.4033  val_AUPR=0.5479  val_P@5=0.6023  val_P@10=0.4271
Ep008  LR0=1.00e-04  pw=6.15  aucα=0.286  token_p=0.003  dropE=(0.003,0.015)  smooth=0.003  train_loss=0.4093  train_AUPR=0.5866  train_P@5=0.6266  train_P@10=0.4496  val_loss=0.3786  val_AUPR=0.5645  val_P@5=0.6186  val_P@10=0.4300
Ep009  LR0=1.00e-04  pw=5.55  aucα=0.343  token_p=0.004  dropE=(0.004,0.020)  smooth=0.004  train_loss=0.4027  train_AUPR=0.5989  train_P@5=0.6419  train_P@10=0.4507  val_loss=0.3597  val_AUPR=0.5725  val_P@5=0.6255  val_P@10=0.4318
[Info] Unfroze 'dym' params after warmup (epoch=10). Added core=54 tensors, other=0 tensors.
Ep010  LR0=2.00e-05  pw=5.01  aucα=0.400  token_p=0.005  dropE=(0.005,0.025)  smooth=0.005  train_loss=0.3838  train_AUPR=0.6308  train_P@5=0.6575  train_P@10=0.4728  val_loss=0.3362  val_AUPR=0.5982  val_P@5=0.6354  val_P@10=0.4542
Ep011  LR0=3.00e-05  pw=4.54  aucα=0.400  token_p=0.006  dropE=(0.006,0.030)  smooth=0.006  train_loss=0.3725  train_AUPR=0.6355  train_P@5=0.6610  train_P@10=0.4761  val_loss=0.3266  val_AUPR=0.5964  val_P@5=0.6388  val_P@10=0.4514
Ep012  LR0=4.00e-05  pw=4.12  aucα=0.400  token_p=0.007  dropE=(0.007,0.035)  smooth=0.007  train_loss=0.3634  train_AUPR=0.6462  train_P@5=0.6742  train_P@10=0.4828  val_loss=0.3165  val_AUPR=0.6000  val_P@5=0.6455  val_P@10=0.4522
Ep013  LR0=5.00e-05  pw=3.76  aucα=0.400  token_p=0.008  dropE=(0.008,0.040)  smooth=0.008  train_loss=0.3545  train_AUPR=0.6504  train_P@5=0.6755  train_P@10=0.4839  val_loss=0.2962  val_AUPR=0.6060  val_P@5=0.6542  val_P@10=0.4571
Ep014  LR0=6.00e-05  pw=3.43  aucα=0.400  token_p=0.009  dropE=(0.009,0.045)  smooth=0.009  train_loss=0.3469  train_AUPR=0.6561  train_P@5=0.6783  train_P@10=0.4866  val_loss=0.2942  val_AUPR=0.6028  val_P@5=0.6455  val_P@10=0.4514
Ep015  LR0=7.00e-05  pw=3.15  aucα=0.400  token_p=0.010  dropE=(0.010,0.050)  smooth=0.010  train_loss=0.3378  train_AUPR=0.6586  train_P@5=0.6806  train_P@10=0.4900  val_loss=0.2779  val_AUPR=0.6037  val_P@5=0.6459  val_P@10=0.4564
Ep016  LR0=8.00e-05  pw=2.89  aucα=0.400  token_p=0.010  dropE=(0.010,0.050)  smooth=0.010  train_loss=0.3299  train_AUPR=0.6540  train_P@5=0.6782  train_P@10=0.4830  val_loss=0.2748  val_AUPR=0.5881  val_P@5=0.6261  val_P@10=0.4403
Ep017  LR0=9.00e-05  pw=2.67  aucα=0.400  token_p=0.010  dropE=(0.010,0.050)  smooth=0.010  train_loss=0.3220  train_AUPR=0.6784  train_P@5=0.7004  train_P@10=0.5004  val_loss=0.2621  val_AUPR=0.6087  val_P@5=0.6484  val_P@10=0.4593
Ep018  LR0=1.00e-04  pw=2.48  aucα=0.400  token_p=0.010  dropE=(0.010,0.050)  smooth=0.010  train_loss=0.3162  train_AUPR=0.6741  train_P@5=0.6932  train_P@10=0.4950  val_loss=0.2529  val_AUPR=0.6037  val_P@5=0.6516  val_P@10=0.4560
Ep019  LR0=1.00e-04  pw=2.30  aucα=0.400  token_p=0.010  dropE=(0.010,0.050)  smooth=0.010  train_loss=0.3074  train_AUPR=0.6784  train_P@5=0.6988  train_P@10=0.4998  val_loss=0.2453  val_AUPR=0.5955  val_P@5=0.6348  val_P@10=0.4500
Ep020  LR0=1.00e-04  pw=2.15  aucα=0.400  token_p=0.010  dropE=(0.010,0.050)  smooth=0.010  train_loss=0.2985  train_AUPR=0.6976  train_P@5=0.7135  train_P@10=0.5113  val_loss=0.2331  val_AUPR=0.6096  val_P@5=0.6591  val_P@10=0.4601
Ep021  LR0=9.99e-05  pw=2.01  aucα=0.400  token_p=0.010  dropE=(0.010,0.050)  smooth=0.010  train_loss=0.2886  train_AUPR=0.7100  train_P@5=0.7281  train_P@10=0.5187  val_loss=0.2250  val_AUPR=0.6165  val_P@5=0.6587  val_P@10=0.4627
Ep022  LR0=9.97e-05  pw=1.89  aucα=0.400  token_p=0.010  dropE=(0.010,0.050)  smooth=0.010  train_loss=0.2788  train_AUPR=0.7143  train_P@5=0.7358  train_P@10=0.5147  val_loss=0.2199  val_AUPR=0.6125  val_P@5=0.6563  val_P@10=0.4561
Ep023  LR0=9.95e-05  pw=1.79  aucα=0.400  token_p=0.010  dropE=(0.010,0.050)  smooth=0.010  train_loss=0.2711  train_AUPR=0.7276  train_P@5=0.7436  train_P@10=0.5273  val_loss=0.2112  val_AUPR=0.6220  val_P@5=0.6678  val_P@10=0.4611
Ep024  LR0=9.92e-05  pw=1.70  aucα=0.400  token_p=0.010  dropE=(0.010,0.050)  smooth=0.010  train_loss=0.2619  train_AUPR=0.7372  train_P@5=0.7532  train_P@10=0.5321  val_loss=0.2086  val_AUPR=0.6142  val_P@5=0.6603  val_P@10=0.4581
Ep025  LR0=9.89e-05  pw=1.62  aucα=0.400  token_p=0.010  dropE=(0.010,0.050)  smooth=0.010  train_loss=0.2542  train_AUPR=0.7379  train_P@5=0.7525  train_P@10=0.5315  val_loss=0.2067  val_AUPR=0.5924  val_P@5=0.6204  val_P@10=0.4448
Ep026  LR0=9.85e-05  pw=1.54  aucα=0.400  token_p=0.010  dropE=(0.010,0.050)  smooth=0.010  train_loss=0.2470  train_AUPR=0.7473  train_P@5=0.7593  train_P@10=0.5382  val_loss=0.1996  val_AUPR=0.6024  val_P@5=0.6350  val_P@10=0.4547
Ep027  LR0=9.81e-05  pw=1.48  aucα=0.400  token_p=0.010  dropE=(0.010,0.050)  smooth=0.010  train_loss=0.2403  train_AUPR=0.7772  train_P@5=0.7865  train_P@10=0.5535  val_loss=0.1951  val_AUPR=0.6143  val_P@5=0.6542  val_P@10=0.4613
Ep028  LR0=9.76e-05  pw=1.42  aucα=0.400  token_p=0.010  dropE=(0.010,0.050)  smooth=0.010  train_loss=0.2315  train_AUPR=0.7736  train_P@5=0.7866  train_P@10=0.5527  val_loss=0.1925  val_AUPR=0.6126  val_P@5=0.6573  val_P@10=0.4530
Ep029  LR0=9.70e-05  pw=1.37  aucα=0.400  token_p=0.010  dropE=(0.010,0.050)  smooth=0.010  train_loss=0.2257  train_AUPR=0.7830  train_P@5=0.7925  train_P@10=0.5548  val_loss=0.1938  val_AUPR=0.6026  val_P@5=0.6372  val_P@10=0.4503
Ep030  LR0=9.46e-05  pw=1.33  aucα=0.400  token_p=0.010  dropE=(0.010,0.050)  smooth=0.010  train_loss=0.2192  train_AUPR=0.7944  train_P@5=0.8049  train_P@10=0.5648  val_loss=0.1870  val_AUPR=0.6162  val_P@5=0.6644  val_P@10=0.4578
Ep031  LR0=8.78e-05  pw=1.29  aucα=0.400  token_p=0.010  dropE=(0.010,0.050)  smooth=0.010  train_loss=0.2098  train_AUPR=0.7987  train_P@5=0.8061  train_P@10=0.5647  val_loss=0.1813  val_AUPR=0.6279  val_P@5=0.6713  val_P@10=0.4630
Ep032  LR0=7.71e-05  pw=1.26  aucα=0.400  token_p=0.010  dropE=(0.010,0.050)  smooth=0.010  train_loss=0.2051  train_AUPR=0.8254  train_P@5=0.8354  train_P@10=0.5780  val_loss=0.1782  val_AUPR=0.6299  val_P@5=0.6713  val_P@10=0.4663
Ep033  LR0=6.37e-05  pw=1.23  aucα=0.400  token_p=0.010  dropE=(0.010,0.050)  smooth=0.010  train_loss=0.1950  train_AUPR=0.8405  train_P@5=0.8480  train_P@10=0.5873  val_loss=0.1770  val_AUPR=0.6275  val_P@5=0.6684  val_P@10=0.4630
Ep034  LR0=4.87e-05  pw=1.20  aucα=0.400  token_p=0.010  dropE=(0.010,0.050)  smooth=0.010  train_loss=0.1858  train_AUPR=0.8486  train_P@5=0.8549  train_P@10=0.5929  val_loss=0.1761  val_AUPR=0.6251  val_P@5=0.6613  val_P@10=0.4632
Ep035  LR0=3.38e-05  pw=1.18  aucα=0.400  token_p=0.010  dropE=(0.010,0.050)  smooth=0.010  train_loss=0.1762  train_AUPR=0.8686  train_P@5=0.8774  train_P@10=0.6032  val_loss=0.1746  val_AUPR=0.6248  val_P@5=0.6589  val_P@10=0.4630
Ep036  LR0=2.04e-05  pw=1.16  aucα=0.400  token_p=0.010  dropE=(0.010,0.050)  smooth=0.010  train_loss=0.1678  train_AUPR=0.8755  train_P@5=0.8819  train_P@10=0.6068  val_loss=0.1737  val_AUPR=0.6228  val_P@5=0.6601  val_P@10=0.4631
Ep037  LR0=9.71e-06  pw=1.14  aucα=0.400  token_p=0.010  dropE=(0.010,0.050)  smooth=0.010  train_loss=0.1602  train_AUPR=0.8864  train_P@5=0.8940  train_P@10=0.6135  val_loss=0.1730  val_AUPR=0.6210  val_P@5=0.6583  val_P@10=0.4620
Ep038  LR0=2.86e-06  pw=1.12  aucα=0.400  token_p=0.010  dropE=(0.010,0.050)  smooth=0.010  train_loss=0.1556  train_AUPR=0.8917  train_P@5=0.9002  train_P@10=0.6157  val_loss=0.1722  val_AUPR=0.6194  val_P@5=0.6559  val_P@10=0.4612
Ep039  LR0=5.00e-07  pw=1.11  aucα=0.400  token_p=0.010  dropE=(0.010,0.050)  smooth=0.010  train_loss=0.1517  train_AUPR=0.8934  train_P@5=0.9011  train_P@10=0.6159  val_loss=0.1714  val_AUPR=0.6181  val_P@5=0.6536  val_P@10=0.4617
Ep040  LR0=5.00e-07  pw=1.09  aucα=0.400  token_p=0.010  dropE=(0.010,0.050)  smooth=0.010  train_loss=0.1494  train_AUPR=0.8937  train_P@5=0.9015  train_P@10=0.6162  val_loss=0.1706  val_AUPR=0.6169  val_P@5=0.6520  val_P@10=0.4614
Ep041  LR0=5.00e-07  pw=1.08  aucα=0.400  token_p=0.010  dropE=(0.010,0.050)  smooth=0.010  train_loss=0.1491  train_AUPR=0.8938  train_P@5=0.9019  train_P@10=0.6160  val_loss=0.1700  val_AUPR=0.6159  val_P@5=0.6520  val_P@10=0.4611
Ep042  LR0=5.00e-07  pw=1.07  aucα=0.400  token_p=0.010  dropE=(0.010,0.050)  smooth=0.010  train_loss=0.1498  train_AUPR=0.8940  train_P@5=0.9021  train_P@10=0.6162  val_loss=0.1694  val_AUPR=0.6150  val_P@5=0.6520  val_P@10=0.4605
Ep043  LR0=5.00e-07  pw=1.06  aucα=0.400  token_p=0.010  dropE=(0.010,0.050)  smooth=0.010  train_loss=0.1487  train_AUPR=0.8942  train_P@5=0.9022  train_P@10=0.6162  val_loss=0.1688  val_AUPR=0.6142  val_P@5=0.6518  val_P@10=0.4600
Ep044  LR0=5.00e-07  pw=1.06  aucα=0.400  token_p=0.010  dropE=(0.010,0.050)  smooth=0.010  train_loss=0.1477  train_AUPR=0.8944  train_P@5=0.9025  train_P@10=0.6165  val_loss=0.1683  val_AUPR=0.6135  val_P@5=0.6508  val_P@10=0.4597
Ep045  LR0=5.00e-07  pw=1.05  aucα=0.400  token_p=0.010  dropE=(0.010,0.050)  smooth=0.010  train_loss=0.1494  train_AUPR=0.8947  train_P@5=0.9025  train_P@10=0.6168  val_loss=0.1679  val_AUPR=0.6129  val_P@5=0.6498  val_P@10=0.4598
Ep046  LR0=5.00e-07  pw=1.04  aucα=0.400  token_p=0.010  dropE=(0.010,0.050)  smooth=0.010  train_loss=0.1489  train_AUPR=0.8948  train_P@5=0.9030  train_P@10=0.6167  val_loss=0.1675  val_AUPR=0.6123  val_P@5=0.6484  val_P@10=0.4591
Ep047  LR0=5.00e-07  pw=1.04  aucα=0.400  token_p=0.010  dropE=(0.010,0.050)  smooth=0.010  train_loss=0.1469  train_AUPR=0.8950  train_P@5=0.9025  train_P@10=0.6169  val_loss=0.1672  val_AUPR=0.6118  val_P@5=0.6482  val_P@10=0.4591
Ep048  LR0=5.00e-07  pw=1.03  aucα=0.400  token_p=0.010  dropE=(0.010,0.050)  smooth=0.010  train_loss=0.1483  train_AUPR=0.8952  train_P@5=0.9033  train_P@10=0.6170  val_loss=0.1669  val_AUPR=0.6113  val_P@5=0.6477  val_P@10=0.4587
Ep049  LR0=5.00e-07  pw=1.03  aucα=0.400  token_p=0.010  dropE=(0.010,0.050)  smooth=0.010  train_loss=0.1470  train_AUPR=0.8953  train_P@5=0.9034  train_P@10=0.6172  val_loss=0.1666  val_AUPR=0.6108  val_P@5=0.6475  val_P@10=0.4587
Ep050  LR0=5.00e-07  pw=1.03  aucα=0.400  token_p=0.010  dropE=(0.010,0.050)  smooth=0.010  train_loss=0.1465  train_AUPR=0.8954  train_P@5=0.9032  train_P@10=0.6172  val_loss=0.1664  val_AUPR=0.6104  val_P@5=0.6471  val_P@10=0.4587
Ep051  LR0=5.00e-07  pw=1.02  aucα=0.400  token_p=0.010  dropE=(0.010,0.050)  smooth=0.010  train_loss=0.1469  train_AUPR=0.8955  train_P@5=0.9036  train_P@10=0.6171  val_loss=0.1662  val_AUPR=0.6100  val_P@5=0.6471  val_P@10=0.4586
Ep052  LR0=5.00e-07  pw=1.02  aucα=0.400  token_p=0.010  dropE=(0.010,0.050)  smooth=0.010  train_loss=0.1452  train_AUPR=0.8957  train_P@5=0.9036  train_P@10=0.6172  val_loss=0.1661  val_AUPR=0.6096  val_P@5=0.6461  val_P@10=0.4586
Ep053  LR0=5.00e-07  pw=1.02  aucα=0.400  token_p=0.010  dropE=(0.010,0.050)  smooth=0.010  train_loss=0.1459  train_AUPR=0.8958  train_P@5=0.9035  train_P@10=0.6173  val_loss=0.1660  val_AUPR=0.6092  val_P@5=0.6461  val_P@10=0.4587
Ep054  LR0=5.00e-07  pw=1.02  aucα=0.400  token_p=0.010  dropE=(0.010,0.050)  smooth=0.010  train_loss=0.1466  train_AUPR=0.8960  train_P@5=0.9040  train_P@10=0.6175  val_loss=0.1659  val_AUPR=0.6089  val_P@5=0.6455  val_P@10=0.4585
Ep055  LR0=5.00e-07  pw=1.01  aucα=0.400  token_p=0.010  dropE=(0.010,0.050)  smooth=0.010  train_loss=0.1451  train_AUPR=0.8961  train_P@5=0.9037  train_P@10=0.6175  val_loss=0.1658  val_AUPR=0.6086  val_P@5=0.6451  val_P@10=0.4586
Ep056  LR0=5.00e-07  pw=1.01  aucα=0.400  token_p=0.010  dropE=(0.010,0.050)  smooth=0.010  train_loss=0.1455  train_AUPR=0.8961  train_P@5=0.9040  train_P@10=0.6176  val_loss=0.1657  val_AUPR=0.6083  val_P@5=0.6445  val_P@10=0.4584
Ep057  LR0=5.00e-07  pw=1.01  aucα=0.400  token_p=0.010  dropE=(0.010,0.050)  smooth=0.010  train_loss=0.1454  train_AUPR=0.8963  train_P@5=0.9041  train_P@10=0.6175  val_loss=0.1657  val_AUPR=0.6081  val_P@5=0.6437  val_P@10=0.4583
Ep058  LR0=5.00e-07  pw=1.01  aucα=0.400  token_p=0.010  dropE=(0.010,0.050)  smooth=0.010  train_loss=0.1458  train_AUPR=0.8965  train_P@5=0.9045  train_P@10=0.6178  val_loss=0.1656  val_AUPR=0.6078  val_P@5=0.6431  val_P@10=0.4579
Ep059  LR0=5.00e-07  pw=1.01  aucα=0.400  token_p=0.010  dropE=(0.010,0.050)  smooth=0.010  train_loss=0.1457  train_AUPR=0.8966  train_P@5=0.9043  train_P@10=0.6179  val_loss=0.1656  val_AUPR=0.6076  val_P@5=0.6429  val_P@10=0.4579
Ep060  LR0=5.00e-07  pw=1.01  aucα=0.400  token_p=0.010  dropE=(0.010,0.050)  smooth=0.010  train_loss=0.1454  train_AUPR=0.8965  train_P@5=0.9044  train_P@10=0.6176  val_loss=0.1656  val_AUPR=0.6073  val_P@5=0.6429  val_P@10=0.4577
Ep061  LR0=5.00e-07  pw=1.01  aucα=0.400  token_p=0.010  dropE=(0.010,0.050)  smooth=0.010  train_loss=0.1442  train_AUPR=0.8968  train_P@5=0.9046  train_P@10=0.6179  val_loss=0.1655  val_AUPR=0.6071  val_P@5=0.6427  val_P@10=0.4577
Ep062  LR0=5.00e-07  pw=1.01  aucα=0.400  token_p=0.010  dropE=(0.010,0.050)  smooth=0.010  train_loss=0.1445  train_AUPR=0.8968  train_P@5=0.9047  train_P@10=0.6178  val_loss=0.1655  val_AUPR=0.6069  val_P@5=0.6421  val_P@10=0.4578
Ep063  LR0=5.00e-07  pw=1.01  aucα=0.400  token_p=0.010  dropE=(0.010,0.050)  smooth=0.010  train_loss=0.1456  train_AUPR=0.8970  train_P@5=0.9049  train_P@10=0.6179  val_loss=0.1655  val_AUPR=0.6067  val_P@5=0.6421  val_P@10=0.4578
Ep064  LR0=5.00e-07  pw=1.00  aucα=0.400  token_p=0.010  dropE=(0.010,0.050)  smooth=0.010  train_loss=0.1450  train_AUPR=0.8972  train_P@5=0.9050  train_P@10=0.6180  val_loss=0.1655  val_AUPR=0.6065  val_P@5=0.6421  val_P@10=0.4577
Ep065  LR0=5.00e-07  pw=1.00  aucα=0.400  token_p=0.010  dropE=(0.010,0.050)  smooth=0.010  train_loss=0.1440  train_AUPR=0.8973  train_P@5=0.9051  train_P@10=0.6182  val_loss=0.1656  val_AUPR=0.6064  val_P@5=0.6417  val_P@10=0.4573
Ep066  LR0=5.00e-07  pw=1.00  aucα=0.400  token_p=0.010  dropE=(0.010,0.050)  smooth=0.010  train_loss=0.1450  train_AUPR=0.8974  train_P@5=0.9049  train_P@10=0.6182  val_loss=0.1656  val_AUPR=0.6062  val_P@5=0.6417  val_P@10=0.4575
Ep067  LR0=5.00e-07  pw=1.00  aucα=0.400  token_p=0.010  dropE=(0.010,0.050)  smooth=0.010  train_loss=0.1446  train_AUPR=0.8974  train_P@5=0.9050  train_P@10=0.6181  val_loss=0.1656  val_AUPR=0.6060  val_P@5=0.6415  val_P@10=0.4575
Ep068  LR0=5.00e-07  pw=1.00  aucα=0.400  token_p=0.010  dropE=(0.010,0.050)  smooth=0.010  train_loss=0.1446  train_AUPR=0.8975  train_P@5=0.9051  train_P@10=0.6182  val_loss=0.1656  val_AUPR=0.6058  val_P@5=0.6411  val_P@10=0.4572
Ep069  LR0=5.00e-07  pw=1.00  aucα=0.400  token_p=0.010  dropE=(0.010,0.050)  smooth=0.010  train_loss=0.1447  train_AUPR=0.8977  train_P@5=0.9057  train_P@10=0.6183  val_loss=0.1656  val_AUPR=0.6057  val_P@5=0.6413  val_P@10=0.4571
Ep070  LR0=5.00e-07  pw=1.00  aucα=0.400  token_p=0.010  dropE=(0.010,0.050)  smooth=0.010  train_loss=0.1431  train_AUPR=0.8978  train_P@5=0.9060  train_P@10=0.6182  val_loss=0.1657  val_AUPR=0.6055  val_P@5=0.6409  val_P@10=0.4570
Ep071  LR0=5.00e-07  pw=1.00  aucα=0.400  token_p=0.010  dropE=(0.010,0.050)  smooth=0.010  train_loss=0.1447  train_AUPR=0.8980  train_P@5=0.9064  train_P@10=0.6186  val_loss=0.1657  val_AUPR=0.6053  val_P@5=0.6407  val_P@10=0.4570
Ep072  LR0=5.00e-07  pw=1.00  aucα=0.400  token_p=0.010  dropE=(0.010,0.050)  smooth=0.010  train_loss=0.1445  train_AUPR=0.8982  train_P@5=0.9067  train_P@10=0.6187  val_loss=0.1657  val_AUPR=0.6052  val_P@5=0.6403  val_P@10=0.4571
Ep073  LR0=5.00e-07  pw=1.00  aucα=0.400  token_p=0.010  dropE=(0.010,0.050)  smooth=0.010  train_loss=0.1446  train_AUPR=0.8983  train_P@5=0.9065  train_P@10=0.6188  val_loss=0.1657  val_AUPR=0.6051  val_P@5=0.6403  val_P@10=0.4572
Ep074  LR0=5.00e-07  pw=1.00  aucα=0.400  token_p=0.010  dropE=(0.010,0.050)  smooth=0.010  train_loss=0.1430  train_AUPR=0.8984  train_P@5=0.9069  train_P@10=0.6187  val_loss=0.1658  val_AUPR=0.6049  val_P@5=0.6403  val_P@10=0.4570
Ep075  LR0=5.00e-07  pw=1.00  aucα=0.400  token_p=0.010  dropE=(0.010,0.050)  smooth=0.010  train_loss=0.1441  train_AUPR=0.8985  train_P@5=0.9067  train_P@10=0.6188  val_loss=0.1658  val_AUPR=0.6048  val_P@5=0.6398  val_P@10=0.4569
Ep076  LR0=5.00e-07  pw=1.00  aucα=0.400  token_p=0.010  dropE=(0.010,0.050)  smooth=0.010  train_loss=0.1445  train_AUPR=0.8987  train_P@5=0.9071  train_P@10=0.6189  val_loss=0.1658  val_AUPR=0.6047  val_P@5=0.6398  val_P@10=0.4568
Ep077  LR0=5.00e-07  pw=1.00  aucα=0.400  token_p=0.010  dropE=(0.010,0.050)  smooth=0.010  train_loss=0.1449  train_AUPR=0.8988  train_P@5=0.9073  train_P@10=0.6191  val_loss=0.1659  val_AUPR=0.6046  val_P@5=0.6400  val_P@10=0.4568
Ep078  LR0=5.00e-07  pw=1.00  aucα=0.400  token_p=0.010  dropE=(0.010,0.050)  smooth=0.010  train_loss=0.1429  train_AUPR=0.8988  train_P@5=0.9073  train_P@10=0.6191  val_loss=0.1659  val_AUPR=0.6045  val_P@5=0.6402  val_P@10=0.4568
Ep079  LR0=5.00e-07  pw=1.00  aucα=0.400  token_p=0.010  dropE=(0.010,0.050)  smooth=0.010  train_loss=0.1438  train_AUPR=0.8990  train_P@5=0.9072  train_P@10=0.6194  val_loss=0.1659  val_AUPR=0.6044  val_P@5=0.6400  val_P@10=0.4568
Early stop triggered: neither val_AUPR nor val_loss improved for 20 epochs.
Saved iPara_l1_g8_i4_do0.10_dpr0.10_lr0.0002_heads16_fold4.pth  (best val AUPR=0.6299)
Saved iPara_l1_g8_i4_do0.10_dpr0.10_lr0.0002_heads16_fold4_best_aupr.pth
Saved iPara_l1_g8_i4_do0.10_dpr0.10_lr0.0002_heads16_fold4_best_loss.pth  (best val loss=0.1656)

── Fold 5/5
Train labels: pos=26617, neg=373043, ignore=699540, pos_rate=0.066599
Val labels: pos=6613, neg=93919, ignore=173068, pos_rate=0.065780
Initializing ClassificationModel with 8 GAT layers and residual connections...
Initializing MCModel with 8 GAT layers and 4 row attention layers (drop_path_rate=0.1)
Initializing CoreModel with 1 layers, drop_path_rate=0.1
Ep000  LR0=2.00e-05  pw=15.00  aucα=0.000  token_p=0.000  dropE=(0.000,0.000)  smooth=0.000  train_loss=0.5539  train_AUPR=0.3693  train_P@5=0.4397  train_P@10=0.3348  val_loss=0.5197  val_AUPR=0.3406  val_P@5=0.4067  val_P@10=0.3161
Ep001  LR0=3.00e-05  pw=13.35  aucα=0.000  token_p=0.000  dropE=(0.000,0.000)  smooth=0.000  train_loss=0.4825  train_AUPR=0.4386  train_P@5=0.5151  train_P@10=0.3776  val_loss=0.4584  val_AUPR=0.4251  val_P@5=0.5036  val_P@10=0.3689
Ep002  LR0=4.00e-05  pw=11.90  aucα=0.000  token_p=0.000  dropE=(0.000,0.000)  smooth=0.000  train_loss=0.4513  train_AUPR=0.4786  train_P@5=0.5408  train_P@10=0.3945  val_loss=0.4427  val_AUPR=0.4645  val_P@5=0.5360  val_P@10=0.3890
Ep003  LR0=5.00e-05  pw=10.62  aucα=0.000  token_p=0.000  dropE=(0.000,0.000)  smooth=0.000  train_loss=0.4324  train_AUPR=0.5178  train_P@5=0.5775  train_P@10=0.4104  val_loss=0.4155  val_AUPR=0.5008  val_P@5=0.5698  val_P@10=0.4067
Ep004  LR0=6.00e-05  pw=9.49  aucα=0.057  token_p=0.000  dropE=(0.000,0.000)  smooth=0.000  train_loss=0.4266  train_AUPR=0.5346  train_P@5=0.5829  train_P@10=0.4271  val_loss=0.4023  val_AUPR=0.5116  val_P@5=0.5720  val_P@10=0.4226
Ep005  LR0=7.00e-05  pw=8.49  aucα=0.114  token_p=0.000  dropE=(0.000,0.000)  smooth=0.000  train_loss=0.4232  train_AUPR=0.5413  train_P@5=0.5938  train_P@10=0.4304  val_loss=0.4028  val_AUPR=0.5108  val_P@5=0.5708  val_P@10=0.4179
Ep006  LR0=8.00e-05  pw=7.61  aucα=0.171  token_p=0.001  dropE=(0.001,0.005)  smooth=0.001  train_loss=0.4168  train_AUPR=0.5675  train_P@5=0.6153  train_P@10=0.4402  val_loss=0.3848  val_AUPR=0.5507  val_P@5=0.6023  val_P@10=0.4315
Ep007  LR0=9.00e-05  pw=6.84  aucα=0.229  token_p=0.002  dropE=(0.002,0.010)  smooth=0.002  train_loss=0.4140  train_AUPR=0.5849  train_P@5=0.6310  train_P@10=0.4477  val_loss=0.3736  val_AUPR=0.5520  val_P@5=0.6160  val_P@10=0.4321
Ep008  LR0=1.00e-04  pw=6.15  aucα=0.286  token_p=0.003  dropE=(0.003,0.015)  smooth=0.003  train_loss=0.4097  train_AUPR=0.5907  train_P@5=0.6341  train_P@10=0.4526  val_loss=0.3690  val_AUPR=0.5657  val_P@5=0.6084  val_P@10=0.4378
Ep009  LR0=1.00e-04  pw=5.55  aucα=0.343  token_p=0.004  dropE=(0.004,0.020)  smooth=0.004  train_loss=0.4029  train_AUPR=0.6055  train_P@5=0.6441  train_P@10=0.4612  val_loss=0.3492  val_AUPR=0.5737  val_P@5=0.6184  val_P@10=0.4400
[Info] Unfroze 'dym' params after warmup (epoch=10). Added core=54 tensors, other=0 tensors.
Ep010  LR0=2.00e-05  pw=5.01  aucα=0.400  token_p=0.005  dropE=(0.005,0.025)  smooth=0.005  train_loss=0.3844  train_AUPR=0.6281  train_P@5=0.6635  train_P@10=0.4731  val_loss=0.3435  val_AUPR=0.5777  val_P@5=0.6176  val_P@10=0.4461
Ep011  LR0=3.00e-05  pw=4.54  aucα=0.400  token_p=0.006  dropE=(0.006,0.030)  smooth=0.006  train_loss=0.3727  train_AUPR=0.6418  train_P@5=0.6730  train_P@10=0.4799  val_loss=0.3262  val_AUPR=0.5851  val_P@5=0.6232  val_P@10=0.4470
Ep012  LR0=4.00e-05  pw=4.12  aucα=0.400  token_p=0.007  dropE=(0.007,0.035)  smooth=0.007  train_loss=0.3627  train_AUPR=0.6435  train_P@5=0.6765  train_P@10=0.4815  val_loss=0.3216  val_AUPR=0.5795  val_P@5=0.6238  val_P@10=0.4419
Ep013  LR0=5.00e-05  pw=3.76  aucα=0.400  token_p=0.008  dropE=(0.008,0.040)  smooth=0.008  train_loss=0.3548  train_AUPR=0.6519  train_P@5=0.6839  train_P@10=0.4855  val_loss=0.3073  val_AUPR=0.5845  val_P@5=0.6293  val_P@10=0.4415
Ep014  LR0=6.00e-05  pw=3.43  aucα=0.400  token_p=0.009  dropE=(0.009,0.045)  smooth=0.009  train_loss=0.3457  train_AUPR=0.6571  train_P@5=0.6887  train_P@10=0.4887  val_loss=0.3002  val_AUPR=0.5872  val_P@5=0.6367  val_P@10=0.4448
Ep015  LR0=7.00e-05  pw=3.15  aucα=0.400  token_p=0.010  dropE=(0.010,0.050)  smooth=0.010  train_loss=0.3396  train_AUPR=0.6649  train_P@5=0.6891  train_P@10=0.4940  val_loss=0.2799  val_AUPR=0.5910  val_P@5=0.6355  val_P@10=0.4506
Ep016  LR0=8.00e-05  pw=2.89  aucα=0.400  token_p=0.010  dropE=(0.010,0.050)  smooth=0.010  train_loss=0.3309  train_AUPR=0.6701  train_P@5=0.6991  train_P@10=0.4932  val_loss=0.2774  val_AUPR=0.5886  val_P@5=0.6297  val_P@10=0.4413
Ep017  LR0=9.00e-05  pw=2.67  aucα=0.400  token_p=0.010  dropE=(0.010,0.050)  smooth=0.010  train_loss=0.3212  train_AUPR=0.6701  train_P@5=0.6986  train_P@10=0.4935  val_loss=0.2685  val_AUPR=0.5761  val_P@5=0.6244  val_P@10=0.4319
Ep018  LR0=1.00e-04  pw=2.48  aucα=0.400  token_p=0.010  dropE=(0.010,0.050)  smooth=0.010  train_loss=0.3135  train_AUPR=0.6626  train_P@5=0.6860  train_P@10=0.4912  val_loss=0.2637  val_AUPR=0.5718  val_P@5=0.6132  val_P@10=0.4372
Ep019  LR0=1.00e-04  pw=2.30  aucα=0.400  token_p=0.010  dropE=(0.010,0.050)  smooth=0.010  train_loss=0.3075  train_AUPR=0.6794  train_P@5=0.6993  train_P@10=0.5046  val_loss=0.2444  val_AUPR=0.5930  val_P@5=0.6367  val_P@10=0.4471
Ep020  LR0=1.00e-04  pw=2.15  aucα=0.400  token_p=0.010  dropE=(0.010,0.050)  smooth=0.010  train_loss=0.2979  train_AUPR=0.6894  train_P@5=0.7069  train_P@10=0.5060  val_loss=0.2345  val_AUPR=0.6021  val_P@5=0.6468  val_P@10=0.4475
Ep021  LR0=9.99e-05  pw=2.01  aucα=0.400  token_p=0.010  dropE=(0.010,0.050)  smooth=0.010  train_loss=0.2882  train_AUPR=0.7075  train_P@5=0.7251  train_P@10=0.5152  val_loss=0.2300  val_AUPR=0.5968  val_P@5=0.6437  val_P@10=0.4467
Ep022  LR0=9.97e-05  pw=1.89  aucα=0.400  token_p=0.010  dropE=(0.010,0.050)  smooth=0.010  train_loss=0.2780  train_AUPR=0.7199  train_P@5=0.7309  train_P@10=0.5259  val_loss=0.2239  val_AUPR=0.5955  val_P@5=0.6385  val_P@10=0.4432
Ep023  LR0=9.95e-05  pw=1.79  aucα=0.400  token_p=0.010  dropE=(0.010,0.050)  smooth=0.010  train_loss=0.2684  train_AUPR=0.7181  train_P@5=0.7349  train_P@10=0.5213  val_loss=0.2253  val_AUPR=0.5689  val_P@5=0.6100  val_P@10=0.4281
Ep024  LR0=9.92e-05  pw=1.70  aucα=0.400  token_p=0.010  dropE=(0.010,0.050)  smooth=0.010  train_loss=0.2610  train_AUPR=0.7463  train_P@5=0.7598  train_P@10=0.5366  val_loss=0.2121  val_AUPR=0.6010  val_P@5=0.6419  val_P@10=0.4490
Ep025  LR0=9.89e-05  pw=1.62  aucα=0.400  token_p=0.010  dropE=(0.010,0.050)  smooth=0.010  train_loss=0.2514  train_AUPR=0.7557  train_P@5=0.7668  train_P@10=0.5418  val_loss=0.2105  val_AUPR=0.5937  val_P@5=0.6337  val_P@10=0.4443
Ep026  LR0=9.85e-05  pw=1.54  aucα=0.400  token_p=0.010  dropE=(0.010,0.050)  smooth=0.010  train_loss=0.2434  train_AUPR=0.7650  train_P@5=0.7765  train_P@10=0.5495  val_loss=0.2010  val_AUPR=0.5970  val_P@5=0.6383  val_P@10=0.4368
Ep027  LR0=9.81e-05  pw=1.48  aucα=0.400  token_p=0.010  dropE=(0.010,0.050)  smooth=0.010  train_loss=0.2350  train_AUPR=0.7672  train_P@5=0.7774  train_P@10=0.5472  val_loss=0.2085  val_AUPR=0.5891  val_P@5=0.6311  val_P@10=0.4372
Ep028  LR0=9.76e-05  pw=1.42  aucα=0.400  token_p=0.010  dropE=(0.010,0.050)  smooth=0.010  train_loss=0.2291  train_AUPR=0.7851  train_P@5=0.7985  train_P@10=0.5599  val_loss=0.2029  val_AUPR=0.5806  val_P@5=0.6210  val_P@10=0.4384
Ep029  LR0=9.70e-05  pw=1.37  aucα=0.400  token_p=0.010  dropE=(0.010,0.050)  smooth=0.010  train_loss=0.2216  train_AUPR=0.7975  train_P@5=0.8045  train_P@10=0.5662  val_loss=0.1998  val_AUPR=0.5774  val_P@5=0.6170  val_P@10=0.4366
Ep030  LR0=9.46e-05  pw=1.33  aucα=0.400  token_p=0.010  dropE=(0.010,0.050)  smooth=0.010  train_loss=0.2149  train_AUPR=0.8092  train_P@5=0.8172  train_P@10=0.5709  val_loss=0.1955  val_AUPR=0.5949  val_P@5=0.6323  val_P@10=0.4362
Ep031  LR0=8.78e-05  pw=1.29  aucα=0.400  token_p=0.010  dropE=(0.010,0.050)  smooth=0.010  train_loss=0.2091  train_AUPR=0.8158  train_P@5=0.8214  train_P@10=0.5781  val_loss=0.1941  val_AUPR=0.5970  val_P@5=0.6333  val_P@10=0.4412
Ep032  LR0=7.71e-05  pw=1.26  aucα=0.400  token_p=0.010  dropE=(0.010,0.050)  smooth=0.010  train_loss=0.2025  train_AUPR=0.8161  train_P@5=0.8263  train_P@10=0.5724  val_loss=0.1910  val_AUPR=0.5959  val_P@5=0.6317  val_P@10=0.4383
Ep033  LR0=6.37e-05  pw=1.23  aucα=0.400  token_p=0.010  dropE=(0.010,0.050)  smooth=0.010  train_loss=0.1936  train_AUPR=0.8452  train_P@5=0.8488  train_P@10=0.5930  val_loss=0.1889  val_AUPR=0.5946  val_P@5=0.6295  val_P@10=0.4371
Ep034  LR0=4.87e-05  pw=1.20  aucα=0.400  token_p=0.010  dropE=(0.010,0.050)  smooth=0.010  train_loss=0.1840  train_AUPR=0.8531  train_P@5=0.8564  train_P@10=0.5971  val_loss=0.1879  val_AUPR=0.5936  val_P@5=0.6275  val_P@10=0.4385
Ep035  LR0=3.38e-05  pw=1.18  aucα=0.400  token_p=0.010  dropE=(0.010,0.050)  smooth=0.010  train_loss=0.1748  train_AUPR=0.8684  train_P@5=0.8752  train_P@10=0.6050  val_loss=0.1867  val_AUPR=0.5919  val_P@5=0.6265  val_P@10=0.4385
Ep036  LR0=2.04e-05  pw=1.16  aucα=0.400  token_p=0.010  dropE=(0.010,0.050)  smooth=0.010  train_loss=0.1653  train_AUPR=0.8784  train_P@5=0.8852  train_P@10=0.6093  val_loss=0.1855  val_AUPR=0.5895  val_P@5=0.6242  val_P@10=0.4383
Ep037  LR0=9.71e-06  pw=1.14  aucα=0.400  token_p=0.010  dropE=(0.010,0.050)  smooth=0.010  train_loss=0.1580  train_AUPR=0.8876  train_P@5=0.8945  train_P@10=0.6147  val_loss=0.1843  val_AUPR=0.5881  val_P@5=0.6232  val_P@10=0.4377
Ep038  LR0=2.86e-06  pw=1.12  aucα=0.400  token_p=0.010  dropE=(0.010,0.050)  smooth=0.010  train_loss=0.1522  train_AUPR=0.8934  train_P@5=0.8993  train_P@10=0.6176  val_loss=0.1832  val_AUPR=0.5869  val_P@5=0.6232  val_P@10=0.4377
Ep039  LR0=5.00e-07  pw=1.11  aucα=0.400  token_p=0.010  dropE=(0.010,0.050)  smooth=0.010  train_loss=0.1494  train_AUPR=0.8945  train_P@5=0.9012  train_P@10=0.6182  val_loss=0.1823  val_AUPR=0.5855  val_P@5=0.6222  val_P@10=0.4375
Ep040  LR0=5.00e-07  pw=1.09  aucα=0.400  token_p=0.010  dropE=(0.010,0.050)  smooth=0.010  train_loss=0.1468  train_AUPR=0.8948  train_P@5=0.9019  train_P@10=0.6184  val_loss=0.1815  val_AUPR=0.5843  val_P@5=0.6226  val_P@10=0.4379
Ep041  LR0=5.00e-07  pw=1.08  aucα=0.400  token_p=0.010  dropE=(0.010,0.050)  smooth=0.010  train_loss=0.1478  train_AUPR=0.8950  train_P@5=0.9022  train_P@10=0.6184  val_loss=0.1807  val_AUPR=0.5833  val_P@5=0.6238  val_P@10=0.4374
Ep042  LR0=5.00e-07  pw=1.07  aucα=0.400  token_p=0.010  dropE=(0.010,0.050)  smooth=0.010  train_loss=0.1470  train_AUPR=0.8953  train_P@5=0.9024  train_P@10=0.6188  val_loss=0.1801  val_AUPR=0.5824  val_P@5=0.6228  val_P@10=0.4375
Ep043  LR0=5.00e-07  pw=1.06  aucα=0.400  token_p=0.010  dropE=(0.010,0.050)  smooth=0.010  train_loss=0.1462  train_AUPR=0.8954  train_P@5=0.9022  train_P@10=0.6189  val_loss=0.1795  val_AUPR=0.5815  val_P@5=0.6228  val_P@10=0.4371
Ep044  LR0=5.00e-07  pw=1.06  aucα=0.400  token_p=0.010  dropE=(0.010,0.050)  smooth=0.010  train_loss=0.1467  train_AUPR=0.8957  train_P@5=0.9028  train_P@10=0.6191  val_loss=0.1790  val_AUPR=0.5808  val_P@5=0.6234  val_P@10=0.4369
Ep045  LR0=5.00e-07  pw=1.05  aucα=0.400  token_p=0.010  dropE=(0.010,0.050)  smooth=0.010  train_loss=0.1453  train_AUPR=0.8958  train_P@5=0.9031  train_P@10=0.6193  val_loss=0.1785  val_AUPR=0.5802  val_P@5=0.6226  val_P@10=0.4368
Ep046  LR0=5.00e-07  pw=1.04  aucα=0.400  token_p=0.010  dropE=(0.010,0.050)  smooth=0.010  train_loss=0.1451  train_AUPR=0.8962  train_P@5=0.9036  train_P@10=0.6195  val_loss=0.1781  val_AUPR=0.5797  val_P@5=0.6220  val_P@10=0.4372
Ep047  LR0=5.00e-07  pw=1.04  aucα=0.400  token_p=0.010  dropE=(0.010,0.050)  smooth=0.010  train_loss=0.1457  train_AUPR=0.8962  train_P@5=0.9033  train_P@10=0.6195  val_loss=0.1777  val_AUPR=0.5791  val_P@5=0.6220  val_P@10=0.4371
Ep048  LR0=5.00e-07  pw=1.03  aucα=0.400  token_p=0.010  dropE=(0.010,0.050)  smooth=0.010  train_loss=0.1449  train_AUPR=0.8964  train_P@5=0.9040  train_P@10=0.6195  val_loss=0.1774  val_AUPR=0.5786  val_P@5=0.6212  val_P@10=0.4372
Ep049  LR0=5.00e-07  pw=1.03  aucα=0.400  token_p=0.010  dropE=(0.010,0.050)  smooth=0.010  train_loss=0.1442  train_AUPR=0.8966  train_P@5=0.9041  train_P@10=0.6196  val_loss=0.1771  val_AUPR=0.5781  val_P@5=0.6212  val_P@10=0.4366
Ep050  LR0=5.00e-07  pw=1.03  aucα=0.400  token_p=0.010  dropE=(0.010,0.050)  smooth=0.010  train_loss=0.1442  train_AUPR=0.8966  train_P@5=0.9039  train_P@10=0.6196  val_loss=0.1769  val_AUPR=0.5777  val_P@5=0.6204  val_P@10=0.4365
Ep051  LR0=5.00e-07  pw=1.02  aucα=0.400  token_p=0.010  dropE=(0.010,0.050)  smooth=0.010  train_loss=0.1447  train_AUPR=0.8969  train_P@5=0.9044  train_P@10=0.6196  val_loss=0.1767  val_AUPR=0.5773  val_P@5=0.6206  val_P@10=0.4366
Ep052  LR0=5.00e-07  pw=1.02  aucα=0.400  token_p=0.010  dropE=(0.010,0.050)  smooth=0.010  train_loss=0.1449  train_AUPR=0.8972  train_P@5=0.9046  train_P@10=0.6200  val_loss=0.1765  val_AUPR=0.5769  val_P@5=0.6208  val_P@10=0.4365
Ep053  LR0=5.00e-07  pw=1.02  aucα=0.400  token_p=0.010  dropE=(0.010,0.050)  smooth=0.010  train_loss=0.1448  train_AUPR=0.8972  train_P@5=0.9046  train_P@10=0.6199  val_loss=0.1764  val_AUPR=0.5766  val_P@5=0.6206  val_P@10=0.4364
Ep054  LR0=5.00e-07  pw=1.02  aucα=0.400  token_p=0.010  dropE=(0.010,0.050)  smooth=0.010  train_loss=0.1436  train_AUPR=0.8973  train_P@5=0.9048  train_P@10=0.6199  val_loss=0.1762  val_AUPR=0.5763  val_P@5=0.6204  val_P@10=0.4364
Ep055  LR0=5.00e-07  pw=1.01  aucα=0.400  token_p=0.010  dropE=(0.010,0.050)  smooth=0.010  train_loss=0.1431  train_AUPR=0.8975  train_P@5=0.9049  train_P@10=0.6199  val_loss=0.1761  val_AUPR=0.5760  val_P@5=0.6198  val_P@10=0.4362
Ep056  LR0=5.00e-07  pw=1.01  aucα=0.400  token_p=0.010  dropE=(0.010,0.050)  smooth=0.010  train_loss=0.1436  train_AUPR=0.8975  train_P@5=0.9051  train_P@10=0.6200  val_loss=0.1761  val_AUPR=0.5757  val_P@5=0.6196  val_P@10=0.4363
Ep057  LR0=5.00e-07  pw=1.01  aucα=0.400  token_p=0.010  dropE=(0.010,0.050)  smooth=0.010  train_loss=0.1428  train_AUPR=0.8977  train_P@5=0.9055  train_P@10=0.6203  val_loss=0.1760  val_AUPR=0.5754  val_P@5=0.6192  val_P@10=0.4362
Ep058  LR0=5.00e-07  pw=1.01  aucα=0.400  token_p=0.010  dropE=(0.010,0.050)  smooth=0.010  train_loss=0.1421  train_AUPR=0.8979  train_P@5=0.9057  train_P@10=0.6202  val_loss=0.1760  val_AUPR=0.5751  val_P@5=0.6190  val_P@10=0.4361
Ep059  LR0=5.00e-07  pw=1.01  aucα=0.400  token_p=0.010  dropE=(0.010,0.050)  smooth=0.010  train_loss=0.1420  train_AUPR=0.8980  train_P@5=0.9057  train_P@10=0.6202  val_loss=0.1759  val_AUPR=0.5749  val_P@5=0.6190  val_P@10=0.4361
Ep060  LR0=5.00e-07  pw=1.01  aucα=0.400  token_p=0.010  dropE=(0.010,0.050)  smooth=0.010  train_loss=0.1435  train_AUPR=0.8983  train_P@5=0.9060  train_P@10=0.6203  val_loss=0.1759  val_AUPR=0.5747  val_P@5=0.6192  val_P@10=0.4358
Ep061  LR0=5.00e-07  pw=1.01  aucα=0.400  token_p=0.010  dropE=(0.010,0.050)  smooth=0.010  train_loss=0.1434  train_AUPR=0.8984  train_P@5=0.9062  train_P@10=0.6204  val_loss=0.1759  val_AUPR=0.5744  val_P@5=0.6192  val_P@10=0.4356
Ep062  LR0=5.00e-07  pw=1.01  aucα=0.400  token_p=0.010  dropE=(0.010,0.050)  smooth=0.010  train_loss=0.1428  train_AUPR=0.8985  train_P@5=0.9062  train_P@10=0.6205  val_loss=0.1758  val_AUPR=0.5743  val_P@5=0.6190  val_P@10=0.4354
Ep063  LR0=5.00e-07  pw=1.01  aucα=0.400  token_p=0.010  dropE=(0.010,0.050)  smooth=0.010  train_loss=0.1428  train_AUPR=0.8987  train_P@5=0.9066  train_P@10=0.6207  val_loss=0.1758  val_AUPR=0.5741  val_P@5=0.6184  val_P@10=0.4355
Ep064  LR0=5.00e-07  pw=1.00  aucα=0.400  token_p=0.010  dropE=(0.010,0.050)  smooth=0.010  train_loss=0.1427  train_AUPR=0.8989  train_P@5=0.9065  train_P@10=0.6206  val_loss=0.1758  val_AUPR=0.5739  val_P@5=0.6182  val_P@10=0.4355
Ep065  LR0=5.00e-07  pw=1.00  aucα=0.400  token_p=0.010  dropE=(0.010,0.050)  smooth=0.010  train_loss=0.1405  train_AUPR=0.8991  train_P@5=0.9068  train_P@10=0.6207  val_loss=0.1758  val_AUPR=0.5737  val_P@5=0.6182  val_P@10=0.4355
Ep066  LR0=5.00e-07  pw=1.00  aucα=0.400  token_p=0.010  dropE=(0.010,0.050)  smooth=0.010  train_loss=0.1433  train_AUPR=0.8993  train_P@5=0.9070  train_P@10=0.6206  val_loss=0.1758  val_AUPR=0.5736  val_P@5=0.6180  val_P@10=0.4355
Ep067  LR0=5.00e-07  pw=1.00  aucα=0.400  token_p=0.010  dropE=(0.010,0.050)  smooth=0.010  train_loss=0.1432  train_AUPR=0.8994  train_P@5=0.9070  train_P@10=0.6208  val_loss=0.1758  val_AUPR=0.5734  val_P@5=0.6178  val_P@10=0.4355
Ep068  LR0=5.00e-07  pw=1.00  aucα=0.400  token_p=0.010  dropE=(0.010,0.050)  smooth=0.010  train_loss=0.1419  train_AUPR=0.8994  train_P@5=0.9072  train_P@10=0.6209  val_loss=0.1759  val_AUPR=0.5733  val_P@5=0.6178  val_P@10=0.4353
Ep069  LR0=5.00e-07  pw=1.00  aucα=0.400  token_p=0.010  dropE=(0.010,0.050)  smooth=0.010  train_loss=0.1427  train_AUPR=0.8995  train_P@5=0.9069  train_P@10=0.6210  val_loss=0.1759  val_AUPR=0.5731  val_P@5=0.6178  val_P@10=0.4351
Ep070  LR0=5.00e-07  pw=1.00  aucα=0.400  token_p=0.010  dropE=(0.010,0.050)  smooth=0.010  train_loss=0.1415  train_AUPR=0.8997  train_P@5=0.9072  train_P@10=0.6212  val_loss=0.1759  val_AUPR=0.5730  val_P@5=0.6180  val_P@10=0.4351
Ep071  LR0=5.00e-07  pw=1.00  aucα=0.400  token_p=0.010  dropE=(0.010,0.050)  smooth=0.010  train_loss=0.1418  train_AUPR=0.8999  train_P@5=0.9073  train_P@10=0.6213  val_loss=0.1759  val_AUPR=0.5728  val_P@5=0.6178  val_P@10=0.4350
Ep072  LR0=5.00e-07  pw=1.00  aucα=0.400  token_p=0.010  dropE=(0.010,0.050)  smooth=0.010  train_loss=0.1430  train_AUPR=0.8999  train_P@5=0.9075  train_P@10=0.6213  val_loss=0.1759  val_AUPR=0.5727  val_P@5=0.6174  val_P@10=0.4349
Ep073  LR0=5.00e-07  pw=1.00  aucα=0.400  token_p=0.010  dropE=(0.010,0.050)  smooth=0.010  train_loss=0.1425  train_AUPR=0.9000  train_P@5=0.9074  train_P@10=0.6212  val_loss=0.1760  val_AUPR=0.5726  val_P@5=0.6172  val_P@10=0.4348
Ep074  LR0=5.00e-07  pw=1.00  aucα=0.400  token_p=0.010  dropE=(0.010,0.050)  smooth=0.010  train_loss=0.1422  train_AUPR=0.9001  train_P@5=0.9079  train_P@10=0.6215  val_loss=0.1760  val_AUPR=0.5725  val_P@5=0.6170  val_P@10=0.4348
Ep075  LR0=5.00e-07  pw=1.00  aucα=0.400  token_p=0.010  dropE=(0.010,0.050)  smooth=0.010  train_loss=0.1418  train_AUPR=0.9003  train_P@5=0.9078  train_P@10=0.6214  val_loss=0.1760  val_AUPR=0.5724  val_P@5=0.6168  val_P@10=0.4349
Ep076  LR0=5.00e-07  pw=1.00  aucα=0.400  token_p=0.010  dropE=(0.010,0.050)  smooth=0.010  train_loss=0.1413  train_AUPR=0.9004  train_P@5=0.9078  train_P@10=0.6215  val_loss=0.1761  val_AUPR=0.5722  val_P@5=0.6168  val_P@10=0.4348
Ep077  LR0=5.00e-07  pw=1.00  aucα=0.400  token_p=0.010  dropE=(0.010,0.050)  smooth=0.010  train_loss=0.1424  train_AUPR=0.9006  train_P@5=0.9082  train_P@10=0.6217  val_loss=0.1761  val_AUPR=0.5721  val_P@5=0.6170  val_P@10=0.4349
Ep078  LR0=5.00e-07  pw=1.00  aucα=0.400  token_p=0.010  dropE=(0.010,0.050)  smooth=0.010  train_loss=0.1416  train_AUPR=0.9006  train_P@5=0.9079  train_P@10=0.6216  val_loss=0.1761  val_AUPR=0.5720  val_P@5=0.6168  val_P@10=0.4350
Ep079  LR0=5.00e-07  pw=1.00  aucα=0.400  token_p=0.010  dropE=(0.010,0.050)  smooth=0.010  train_loss=0.1425  train_AUPR=0.9007  train_P@5=0.9082  train_P@10=0.6218  val_loss=0.1761  val_AUPR=0.5719  val_P@5=0.6168  val_P@10=0.4350
Ep080  LR0=5.00e-07  pw=1.00  aucα=0.400  token_p=0.010  dropE=(0.010,0.050)  smooth=0.010  train_loss=0.1405  train_AUPR=0.9009  train_P@5=0.9086  train_P@10=0.6219  val_loss=0.1762  val_AUPR=0.5718  val_P@5=0.6166  val_P@10=0.4349
Ep081  LR0=5.00e-07  pw=1.00  aucα=0.400  token_p=0.010  dropE=(0.010,0.050)  smooth=0.010  train_loss=0.1424  train_AUPR=0.9009  train_P@5=0.9082  train_P@10=0.6218  val_loss=0.1762  val_AUPR=0.5718  val_P@5=0.6168  val_P@10=0.4350
Ep082  LR0=5.00e-07  pw=1.00  aucα=0.400  token_p=0.010  dropE=(0.010,0.050)  smooth=0.010  train_loss=0.1408  train_AUPR=0.9010  train_P@5=0.9083  train_P@10=0.6218  val_loss=0.1762  val_AUPR=0.5717  val_P@5=0.6170  val_P@10=0.4350
Early stop triggered: neither val_AUPR nor val_loss improved for 20 epochs.
Saved iPara_l1_g8_i4_do0.10_dpr0.10_lr0.0002_heads16_fold5.pth  (best val AUPR=0.6021)
Saved iPara_l1_g8_i4_do0.10_dpr0.10_lr0.0002_heads16_fold5_best_aupr.pth
Saved iPara_l1_g8_i4_do0.10_dpr0.10_lr0.0002_heads16_fold5_best_loss.pth  (best val loss=0.1758)
