{'sequence_file': 'para_tv_esmsequences_1600.npz', 'data_file': 'para_tv_esminterfaces_1600.npz', 'edge_file': 'para_tv_esmedges_1600.npz', 'vocab_size': 31, 'seq_len': 1600, 'embed_dim': 256, 'num_heads': 16, 'dropout': 0.1, 'num_layers': 1, 'num_gnn_layers': 10, 'num_int_layers': 5, 'drop_path_rate': 0.03, 'num_classes': 2, 'batch_size': 4, 'num_epochs': 100, 'warmup_epochs': 10, 'dym_start_epoch': 25, 'dym_lr_factor': 0.1, 'swa_start': 30, 'learning_rate': 0.0002, 'weight_decay': 0.0001, 'max_grad_norm': 0.5, 'accum_steps': 1, 'n_splits': 5, 'early_stop': 20, 'min_stop_epoch': 40, 'weight_start': 15.0, 'weight_end': 1.0, 'weight_anneal_tau': 8.0, 'dropedge_min': 0.01, 'dropedge_max': 0.05, 'token_drop_p': 0.01, 'apply_feature_mask_on_train_only': True, 'smooth_lambda': 0.01, 'smooth_ramp_start': 5, 'smooth_ramp_len': 10, 'aucpr_alpha': 0.4, 'aucpr_ramp_start': 3, 'aucpr_ramp_len': 7, 'aucpr_bins': 64, 'aucpr_temp': 0.05, 'label_smoothing': 0.01, 'save_best_loss_checkpoint': True, 'save_best_aupr_checkpoint': True}
Number of GPUs available: 1

── Fold 1/5
Train labels: pos=26433, neg=373034, ignore=698133, pos_rate=0.066171
Val labels: pos=6797, neg=93928, ignore=174475, pos_rate=0.067481
Initializing ClassificationModel with 10 GAT layers and residual connections...
Initializing MCModel with 10 GAT layers and 5 row attention layers (drop_path_rate=0.03)
Initializing CoreModel with 1 layers, drop_path_rate=0.03
Ep000  LR0=2.00e-05  pw=15.00  aucα=0.000  token_p=0.000  dropE=(0.000,0.000)  smooth=0.000  train_loss=0.5979  train_AUPR=0.3633  train_P@5=0.4182  train_P@10=0.3289  val_loss=0.4955  val_AUPR=0.3775  val_P@5=0.4418  val_P@10=0.3396
Ep001  LR0=3.00e-05  pw=13.35  aucα=0.000  token_p=0.000  dropE=(0.000,0.000)  smooth=0.000  train_loss=0.4994  train_AUPR=0.4341  train_P@5=0.4931  train_P@10=0.3759  val_loss=0.4827  val_AUPR=0.4349  val_P@5=0.5075  val_P@10=0.3710
Ep002  LR0=4.00e-05  pw=11.90  aucα=0.000  token_p=0.000  dropE=(0.000,0.000)  smooth=0.000  train_loss=0.4689  train_AUPR=0.4669  train_P@5=0.5331  train_P@10=0.3860  val_loss=0.4718  val_AUPR=0.4586  val_P@5=0.5375  val_P@10=0.3797
Ep003  LR0=5.00e-05  pw=10.62  aucα=0.000  token_p=0.000  dropE=(0.000,0.000)  smooth=0.000  train_loss=0.4427  train_AUPR=0.4938  train_P@5=0.5663  train_P@10=0.4088  val_loss=0.4323  val_AUPR=0.4796  val_P@5=0.5506  val_P@10=0.4048
Ep004  LR0=6.00e-05  pw=9.49  aucα=0.057  token_p=0.000  dropE=(0.000,0.000)  smooth=0.000  train_loss=0.4305  train_AUPR=0.5308  train_P@5=0.5958  train_P@10=0.4213  val_loss=0.4226  val_AUPR=0.5131  val_P@5=0.5850  val_P@10=0.4181
Ep005  LR0=7.00e-05  pw=8.49  aucα=0.114  token_p=0.000  dropE=(0.000,0.000)  smooth=0.000  train_loss=0.4244  train_AUPR=0.5622  train_P@5=0.6056  train_P@10=0.4453  val_loss=0.4033  val_AUPR=0.5324  val_P@5=0.5822  val_P@10=0.4253
Ep006  LR0=8.00e-05  pw=7.61  aucα=0.171  token_p=0.001  dropE=(0.001,0.005)  smooth=0.001  train_loss=0.4227  train_AUPR=0.5628  train_P@5=0.6105  train_P@10=0.4414  val_loss=0.4097  val_AUPR=0.5265  val_P@5=0.5844  val_P@10=0.4237
Ep007  LR0=9.00e-05  pw=6.84  aucα=0.229  token_p=0.002  dropE=(0.002,0.010)  smooth=0.002  train_loss=0.4163  train_AUPR=0.5829  train_P@5=0.6260  train_P@10=0.4528  val_loss=0.3830  val_AUPR=0.5432  val_P@5=0.6031  val_P@10=0.4334
Ep008  LR0=1.00e-04  pw=6.15  aucα=0.286  token_p=0.003  dropE=(0.003,0.015)  smooth=0.003  train_loss=0.4126  train_AUPR=0.6021  train_P@5=0.6456  train_P@10=0.4606  val_loss=0.3662  val_AUPR=0.5587  val_P@5=0.6164  val_P@10=0.4334
Ep009  LR0=1.00e-04  pw=5.55  aucα=0.343  token_p=0.004  dropE=(0.004,0.020)  smooth=0.004  train_loss=0.4053  train_AUPR=0.6112  train_P@5=0.6476  train_P@10=0.4648  val_loss=0.3585  val_AUPR=0.5603  val_P@5=0.6114  val_P@10=0.4324
[Info] Unfroze 'dym' params after warmup (epoch=10). Added core=66 tensors, other=0 tensors.
Ep010  LR0=2.00e-05  pw=5.01  aucα=0.400  token_p=0.005  dropE=(0.005,0.025)  smooth=0.005  train_loss=0.3819  train_AUPR=0.6366  train_P@5=0.6650  train_P@10=0.4782  val_loss=0.3468  val_AUPR=0.5723  val_P@5=0.6281  val_P@10=0.4396
Ep011  LR0=3.00e-05  pw=4.54  aucα=0.400  token_p=0.006  dropE=(0.006,0.030)  smooth=0.006  train_loss=0.3706  train_AUPR=0.6453  train_P@5=0.6760  train_P@10=0.4826  val_loss=0.3351  val_AUPR=0.5792  val_P@5=0.6364  val_P@10=0.4410
Ep012  LR0=4.00e-05  pw=4.12  aucα=0.400  token_p=0.007  dropE=(0.007,0.035)  smooth=0.007  train_loss=0.3626  train_AUPR=0.6443  train_P@5=0.6772  train_P@10=0.4851  val_loss=0.3285  val_AUPR=0.5705  val_P@5=0.6211  val_P@10=0.4432
Ep013  LR0=5.00e-05  pw=3.76  aucα=0.400  token_p=0.008  dropE=(0.008,0.040)  smooth=0.008  train_loss=0.3541  train_AUPR=0.6487  train_P@5=0.6790  train_P@10=0.4821  val_loss=0.3155  val_AUPR=0.5800  val_P@5=0.6384  val_P@10=0.4389
Ep014  LR0=6.00e-05  pw=3.43  aucα=0.400  token_p=0.009  dropE=(0.009,0.045)  smooth=0.009  train_loss=0.3468  train_AUPR=0.6442  train_P@5=0.6742  train_P@10=0.4810  val_loss=0.3013  val_AUPR=0.5617  val_P@5=0.6096  val_P@10=0.4429
Ep015  LR0=7.00e-05  pw=3.15  aucα=0.400  token_p=0.010  dropE=(0.010,0.050)  smooth=0.010  train_loss=0.3410  train_AUPR=0.6636  train_P@5=0.6875  train_P@10=0.4917  val_loss=0.2938  val_AUPR=0.5717  val_P@5=0.6283  val_P@10=0.4383
Ep016  LR0=8.00e-05  pw=2.89  aucα=0.400  token_p=0.010  dropE=(0.010,0.050)  smooth=0.010  train_loss=0.3337  train_AUPR=0.6593  train_P@5=0.6848  train_P@10=0.4927  val_loss=0.2781  val_AUPR=0.5885  val_P@5=0.6394  val_P@10=0.4475
Ep017  LR0=9.00e-05  pw=2.67  aucα=0.400  token_p=0.010  dropE=(0.010,0.050)  smooth=0.010  train_loss=0.3239  train_AUPR=0.6608  train_P@5=0.6856  train_P@10=0.4900  val_loss=0.2734  val_AUPR=0.5672  val_P@5=0.6265  val_P@10=0.4406
Ep018  LR0=1.00e-04  pw=2.48  aucα=0.400  token_p=0.010  dropE=(0.010,0.050)  smooth=0.010  train_loss=0.3189  train_AUPR=0.6724  train_P@5=0.7026  train_P@10=0.4968  val_loss=0.2648  val_AUPR=0.5689  val_P@5=0.6301  val_P@10=0.4397
Ep019  LR0=1.00e-04  pw=2.30  aucα=0.400  token_p=0.010  dropE=(0.010,0.050)  smooth=0.010  train_loss=0.3085  train_AUPR=0.6775  train_P@5=0.6990  train_P@10=0.5006  val_loss=0.2554  val_AUPR=0.5874  val_P@5=0.6376  val_P@10=0.4421
Ep020  LR0=1.00e-04  pw=2.15  aucα=0.400  token_p=0.010  dropE=(0.010,0.050)  smooth=0.010  train_loss=0.2999  train_AUPR=0.6822  train_P@5=0.7054  train_P@10=0.5052  val_loss=0.2459  val_AUPR=0.5854  val_P@5=0.6418  val_P@10=0.4485
Ep021  LR0=9.99e-05  pw=2.01  aucα=0.400  token_p=0.010  dropE=(0.010,0.050)  smooth=0.010  train_loss=0.2895  train_AUPR=0.7118  train_P@5=0.7341  train_P@10=0.5142  val_loss=0.2348  val_AUPR=0.5950  val_P@5=0.6418  val_P@10=0.4489
Ep022  LR0=9.97e-05  pw=1.89  aucα=0.400  token_p=0.010  dropE=(0.010,0.050)  smooth=0.010  train_loss=0.2789  train_AUPR=0.7196  train_P@5=0.7394  train_P@10=0.5197  val_loss=0.2323  val_AUPR=0.5921  val_P@5=0.6309  val_P@10=0.4536
Ep023  LR0=9.95e-05  pw=1.79  aucα=0.400  token_p=0.010  dropE=(0.010,0.050)  smooth=0.010  train_loss=0.2714  train_AUPR=0.7275  train_P@5=0.7430  train_P@10=0.5248  val_loss=0.2257  val_AUPR=0.5715  val_P@5=0.6082  val_P@10=0.4408
Ep024  LR0=9.92e-05  pw=1.70  aucα=0.400  token_p=0.010  dropE=(0.010,0.050)  smooth=0.010  train_loss=0.2619  train_AUPR=0.7230  train_P@5=0.7423  train_P@10=0.5241  val_loss=0.2240  val_AUPR=0.5751  val_P@5=0.6279  val_P@10=0.4413
Ep025  LR0=9.89e-05  pw=1.62  aucα=0.400  token_p=0.010  dropE=(0.010,0.050)  smooth=0.010  train_loss=0.2497  train_AUPR=0.7527  train_P@5=0.7733  train_P@10=0.5379  val_loss=0.2124  val_AUPR=0.5799  val_P@5=0.6191  val_P@10=0.4442
Ep026  LR0=9.85e-05  pw=1.54  aucα=0.400  token_p=0.010  dropE=(0.010,0.050)  smooth=0.010  train_loss=0.2470  train_AUPR=0.7575  train_P@5=0.7754  train_P@10=0.5368  val_loss=0.2094  val_AUPR=0.5831  val_P@5=0.6281  val_P@10=0.4400
Ep027  LR0=9.81e-05  pw=1.48  aucα=0.400  token_p=0.010  dropE=(0.010,0.050)  smooth=0.010  train_loss=0.2373  train_AUPR=0.7715  train_P@5=0.7844  train_P@10=0.5522  val_loss=0.2021  val_AUPR=0.5916  val_P@5=0.6465  val_P@10=0.4539
Ep028  LR0=9.76e-05  pw=1.42  aucα=0.400  token_p=0.010  dropE=(0.010,0.050)  smooth=0.010  train_loss=0.2289  train_AUPR=0.7720  train_P@5=0.7840  train_P@10=0.5472  val_loss=0.2036  val_AUPR=0.5820  val_P@5=0.6251  val_P@10=0.4431
Ep029  LR0=9.70e-05  pw=1.37  aucα=0.400  token_p=0.010  dropE=(0.010,0.050)  smooth=0.010  train_loss=0.2233  train_AUPR=0.7934  train_P@5=0.8052  train_P@10=0.5563  val_loss=0.1988  val_AUPR=0.5770  val_P@5=0.6193  val_P@10=0.4397
Ep030  LR0=9.46e-05  pw=1.33  aucα=0.400  token_p=0.010  dropE=(0.010,0.050)  smooth=0.010  train_loss=0.2149  train_AUPR=0.7991  train_P@5=0.8115  train_P@10=0.5627  val_loss=0.1914  val_AUPR=0.5816  val_P@5=0.6320  val_P@10=0.4544
Ep031  LR0=8.78e-05  pw=1.29  aucα=0.400  token_p=0.010  dropE=(0.010,0.050)  smooth=0.010  train_loss=0.2057  train_AUPR=0.8248  train_P@5=0.8332  train_P@10=0.5756  val_loss=0.1889  val_AUPR=0.5930  val_P@5=0.6444  val_P@10=0.4555
Ep032  LR0=7.71e-05  pw=1.26  aucα=0.400  token_p=0.010  dropE=(0.010,0.050)  smooth=0.010  train_loss=0.1977  train_AUPR=0.8231  train_P@5=0.8337  train_P@10=0.5760  val_loss=0.1870  val_AUPR=0.5921  val_P@5=0.6448  val_P@10=0.4560
Ep033  LR0=6.37e-05  pw=1.23  aucα=0.400  token_p=0.010  dropE=(0.010,0.050)  smooth=0.010  train_loss=0.1869  train_AUPR=0.8515  train_P@5=0.8564  train_P@10=0.5898  val_loss=0.1837  val_AUPR=0.6012  val_P@5=0.6509  val_P@10=0.4585
Ep034  LR0=4.87e-05  pw=1.20  aucα=0.400  token_p=0.010  dropE=(0.010,0.050)  smooth=0.010  train_loss=0.1765  train_AUPR=0.8637  train_P@5=0.8692  train_P@10=0.5949  val_loss=0.1807  val_AUPR=0.6054  val_P@5=0.6525  val_P@10=0.4599
Ep035  LR0=3.38e-05  pw=1.18  aucα=0.400  token_p=0.010  dropE=(0.010,0.050)  smooth=0.010  train_loss=0.1666  train_AUPR=0.8805  train_P@5=0.8880  train_P@10=0.6050  val_loss=0.1793  val_AUPR=0.6041  val_P@5=0.6537  val_P@10=0.4602
Ep036  LR0=2.04e-05  pw=1.16  aucα=0.400  token_p=0.010  dropE=(0.010,0.050)  smooth=0.010  train_loss=0.1558  train_AUPR=0.8988  train_P@5=0.9101  train_P@10=0.6133  val_loss=0.1777  val_AUPR=0.6027  val_P@5=0.6517  val_P@10=0.4595
Ep037  LR0=9.71e-06  pw=1.14  aucα=0.400  token_p=0.010  dropE=(0.010,0.050)  smooth=0.010  train_loss=0.1474  train_AUPR=0.9096  train_P@5=0.9195  train_P@10=0.6187  val_loss=0.1761  val_AUPR=0.6022  val_P@5=0.6539  val_P@10=0.4597
Ep038  LR0=2.86e-06  pw=1.12  aucα=0.400  token_p=0.010  dropE=(0.010,0.050)  smooth=0.010  train_loss=0.1405  train_AUPR=0.9127  train_P@5=0.9243  train_P@10=0.6206  val_loss=0.1748  val_AUPR=0.6013  val_P@5=0.6533  val_P@10=0.4602
Ep039  LR0=5.00e-07  pw=1.11  aucα=0.400  token_p=0.010  dropE=(0.010,0.050)  smooth=0.010  train_loss=0.1364  train_AUPR=0.9169  train_P@5=0.9296  train_P@10=0.6227  val_loss=0.1738  val_AUPR=0.6005  val_P@5=0.6499  val_P@10=0.4596
Ep040  LR0=5.00e-07  pw=1.09  aucα=0.400  token_p=0.010  dropE=(0.010,0.050)  smooth=0.010  train_loss=0.1352  train_AUPR=0.9171  train_P@5=0.9306  train_P@10=0.6229  val_loss=0.1729  val_AUPR=0.5998  val_P@5=0.6493  val_P@10=0.4595
Ep041  LR0=5.00e-07  pw=1.08  aucα=0.400  token_p=0.010  dropE=(0.010,0.050)  smooth=0.010  train_loss=0.1340  train_AUPR=0.9173  train_P@5=0.9311  train_P@10=0.6229  val_loss=0.1721  val_AUPR=0.5990  val_P@5=0.6487  val_P@10=0.4593
Ep042  LR0=5.00e-07  pw=1.07  aucα=0.400  token_p=0.010  dropE=(0.010,0.050)  smooth=0.010  train_loss=0.1341  train_AUPR=0.9176  train_P@5=0.9310  train_P@10=0.6231  val_loss=0.1713  val_AUPR=0.5984  val_P@5=0.6483  val_P@10=0.4595
Ep043  LR0=5.00e-07  pw=1.06  aucα=0.400  token_p=0.010  dropE=(0.010,0.050)  smooth=0.010  train_loss=0.1324  train_AUPR=0.9178  train_P@5=0.9313  train_P@10=0.6232  val_loss=0.1707  val_AUPR=0.5978  val_P@5=0.6489  val_P@10=0.4593
Ep044  LR0=5.00e-07  pw=1.06  aucα=0.400  token_p=0.010  dropE=(0.010,0.050)  smooth=0.010  train_loss=0.1324  train_AUPR=0.9180  train_P@5=0.9313  train_P@10=0.6232  val_loss=0.1702  val_AUPR=0.5972  val_P@5=0.6487  val_P@10=0.4593
Ep045  LR0=5.00e-07  pw=1.05  aucα=0.400  token_p=0.010  dropE=(0.010,0.050)  smooth=0.010  train_loss=0.1314  train_AUPR=0.9183  train_P@5=0.9317  train_P@10=0.6234  val_loss=0.1697  val_AUPR=0.5966  val_P@5=0.6485  val_P@10=0.4596
Ep046  LR0=5.00e-07  pw=1.04  aucα=0.400  token_p=0.010  dropE=(0.010,0.050)  smooth=0.010  train_loss=0.1323  train_AUPR=0.9183  train_P@5=0.9315  train_P@10=0.6236  val_loss=0.1693  val_AUPR=0.5962  val_P@5=0.6487  val_P@10=0.4600
Ep047  LR0=5.00e-07  pw=1.04  aucα=0.400  token_p=0.010  dropE=(0.010,0.050)  smooth=0.010  train_loss=0.1319  train_AUPR=0.9185  train_P@5=0.9321  train_P@10=0.6236  val_loss=0.1689  val_AUPR=0.5957  val_P@5=0.6479  val_P@10=0.4600
Ep048  LR0=5.00e-07  pw=1.03  aucα=0.400  token_p=0.010  dropE=(0.010,0.050)  smooth=0.010  train_loss=0.1321  train_AUPR=0.9187  train_P@5=0.9322  train_P@10=0.6237  val_loss=0.1686  val_AUPR=0.5952  val_P@5=0.6471  val_P@10=0.4598
Ep049  LR0=5.00e-07  pw=1.03  aucα=0.400  token_p=0.010  dropE=(0.010,0.050)  smooth=0.010  train_loss=0.1306  train_AUPR=0.9189  train_P@5=0.9327  train_P@10=0.6239  val_loss=0.1684  val_AUPR=0.5949  val_P@5=0.6481  val_P@10=0.4598
Ep050  LR0=5.00e-07  pw=1.03  aucα=0.400  token_p=0.010  dropE=(0.010,0.050)  smooth=0.010  train_loss=0.1315  train_AUPR=0.9191  train_P@5=0.9326  train_P@10=0.6241  val_loss=0.1681  val_AUPR=0.5945  val_P@5=0.6477  val_P@10=0.4597
Ep051  LR0=5.00e-07  pw=1.02  aucα=0.400  token_p=0.010  dropE=(0.010,0.050)  smooth=0.010  train_loss=0.1303  train_AUPR=0.9191  train_P@5=0.9326  train_P@10=0.6241  val_loss=0.1679  val_AUPR=0.5941  val_P@5=0.6473  val_P@10=0.4595
Ep052  LR0=5.00e-07  pw=1.02  aucα=0.400  token_p=0.010  dropE=(0.010,0.050)  smooth=0.010  train_loss=0.1310  train_AUPR=0.9192  train_P@5=0.9320  train_P@10=0.6241  val_loss=0.1678  val_AUPR=0.5938  val_P@5=0.6467  val_P@10=0.4597
Ep053  LR0=5.00e-07  pw=1.02  aucα=0.400  token_p=0.010  dropE=(0.010,0.050)  smooth=0.010  train_loss=0.1306  train_AUPR=0.9194  train_P@5=0.9331  train_P@10=0.6240  val_loss=0.1676  val_AUPR=0.5934  val_P@5=0.6461  val_P@10=0.4597
Ep054  LR0=5.00e-07  pw=1.02  aucα=0.400  token_p=0.010  dropE=(0.010,0.050)  smooth=0.010  train_loss=0.1313  train_AUPR=0.9196  train_P@5=0.9335  train_P@10=0.6242  val_loss=0.1675  val_AUPR=0.5931  val_P@5=0.6456  val_P@10=0.4597
Ep055  LR0=5.00e-07  pw=1.01  aucα=0.400  token_p=0.010  dropE=(0.010,0.050)  smooth=0.010  train_loss=0.1289  train_AUPR=0.9198  train_P@5=0.9336  train_P@10=0.6242  val_loss=0.1674  val_AUPR=0.5929  val_P@5=0.6452  val_P@10=0.4597
Ep056  LR0=5.00e-07  pw=1.01  aucα=0.400  token_p=0.010  dropE=(0.010,0.050)  smooth=0.010  train_loss=0.1302  train_AUPR=0.9200  train_P@5=0.9337  train_P@10=0.6243  val_loss=0.1674  val_AUPR=0.5925  val_P@5=0.6448  val_P@10=0.4596
Ep057  LR0=5.00e-07  pw=1.01  aucα=0.400  token_p=0.010  dropE=(0.010,0.050)  smooth=0.010  train_loss=0.1302  train_AUPR=0.9201  train_P@5=0.9338  train_P@10=0.6244  val_loss=0.1673  val_AUPR=0.5922  val_P@5=0.6440  val_P@10=0.4590
Ep058  LR0=5.00e-07  pw=1.01  aucα=0.400  token_p=0.010  dropE=(0.010,0.050)  smooth=0.010  train_loss=0.1310  train_AUPR=0.9203  train_P@5=0.9346  train_P@10=0.6245  val_loss=0.1672  val_AUPR=0.5920  val_P@5=0.6442  val_P@10=0.4587
Ep059  LR0=5.00e-07  pw=1.01  aucα=0.400  token_p=0.010  dropE=(0.010,0.050)  smooth=0.010  train_loss=0.1297  train_AUPR=0.9204  train_P@5=0.9346  train_P@10=0.6245  val_loss=0.1672  val_AUPR=0.5918  val_P@5=0.6446  val_P@10=0.4589
Ep060  LR0=5.00e-07  pw=1.01  aucα=0.400  token_p=0.010  dropE=(0.010,0.050)  smooth=0.010  train_loss=0.1300  train_AUPR=0.9206  train_P@5=0.9350  train_P@10=0.6245  val_loss=0.1672  val_AUPR=0.5915  val_P@5=0.6446  val_P@10=0.4588
Ep061  LR0=5.00e-07  pw=1.01  aucα=0.400  token_p=0.010  dropE=(0.010,0.050)  smooth=0.010  train_loss=0.1291  train_AUPR=0.9206  train_P@5=0.9353  train_P@10=0.6246  val_loss=0.1672  val_AUPR=0.5912  val_P@5=0.6448  val_P@10=0.4587
Ep062  LR0=5.00e-07  pw=1.01  aucα=0.400  token_p=0.010  dropE=(0.010,0.050)  smooth=0.010  train_loss=0.1293  train_AUPR=0.9207  train_P@5=0.9349  train_P@10=0.6247  val_loss=0.1672  val_AUPR=0.5910  val_P@5=0.6444  val_P@10=0.4586
Ep063  LR0=5.00e-07  pw=1.01  aucα=0.400  token_p=0.010  dropE=(0.010,0.050)  smooth=0.010  train_loss=0.1289  train_AUPR=0.9209  train_P@5=0.9349  train_P@10=0.6248  val_loss=0.1672  val_AUPR=0.5908  val_P@5=0.6446  val_P@10=0.4586
Ep064  LR0=5.00e-07  pw=1.00  aucα=0.400  token_p=0.010  dropE=(0.010,0.050)  smooth=0.010  train_loss=0.1283  train_AUPR=0.9211  train_P@5=0.9349  train_P@10=0.6249  val_loss=0.1672  val_AUPR=0.5906  val_P@5=0.6444  val_P@10=0.4586
Ep065  LR0=5.00e-07  pw=1.00  aucα=0.400  token_p=0.010  dropE=(0.010,0.050)  smooth=0.010  train_loss=0.1285  train_AUPR=0.9213  train_P@5=0.9354  train_P@10=0.6249  val_loss=0.1672  val_AUPR=0.5904  val_P@5=0.6444  val_P@10=0.4583
Ep066  LR0=5.00e-07  pw=1.00  aucα=0.400  token_p=0.010  dropE=(0.010,0.050)  smooth=0.010  train_loss=0.1282  train_AUPR=0.9214  train_P@5=0.9356  train_P@10=0.6250  val_loss=0.1672  val_AUPR=0.5902  val_P@5=0.6442  val_P@10=0.4581
Ep067  LR0=5.00e-07  pw=1.00  aucα=0.400  token_p=0.010  dropE=(0.010,0.050)  smooth=0.010  train_loss=0.1285  train_AUPR=0.9215  train_P@5=0.9354  train_P@10=0.6252  val_loss=0.1672  val_AUPR=0.5900  val_P@5=0.6438  val_P@10=0.4581
Ep068  LR0=5.00e-07  pw=1.00  aucα=0.400  token_p=0.010  dropE=(0.010,0.050)  smooth=0.010  train_loss=0.1291  train_AUPR=0.9217  train_P@5=0.9358  train_P@10=0.6252  val_loss=0.1672  val_AUPR=0.5899  val_P@5=0.6436  val_P@10=0.4580
Ep069  LR0=5.00e-07  pw=1.00  aucα=0.400  token_p=0.010  dropE=(0.010,0.050)  smooth=0.010  train_loss=0.1284  train_AUPR=0.9219  train_P@5=0.9359  train_P@10=0.6254  val_loss=0.1672  val_AUPR=0.5897  val_P@5=0.6434  val_P@10=0.4581
Ep070  LR0=5.00e-07  pw=1.00  aucα=0.400  token_p=0.010  dropE=(0.010,0.050)  smooth=0.010  train_loss=0.1285  train_AUPR=0.9220  train_P@5=0.9360  train_P@10=0.6253  val_loss=0.1673  val_AUPR=0.5896  val_P@5=0.6430  val_P@10=0.4579
Ep071  LR0=5.00e-07  pw=1.00  aucα=0.400  token_p=0.010  dropE=(0.010,0.050)  smooth=0.010  train_loss=0.1288  train_AUPR=0.9221  train_P@5=0.9365  train_P@10=0.6254  val_loss=0.1673  val_AUPR=0.5894  val_P@5=0.6428  val_P@10=0.4579
Ep072  LR0=5.00e-07  pw=1.00  aucα=0.400  token_p=0.010  dropE=(0.010,0.050)  smooth=0.010  train_loss=0.1284  train_AUPR=0.9222  train_P@5=0.9363  train_P@10=0.6257  val_loss=0.1673  val_AUPR=0.5893  val_P@5=0.6424  val_P@10=0.4578
Ep073  LR0=5.00e-07  pw=1.00  aucα=0.400  token_p=0.010  dropE=(0.010,0.050)  smooth=0.010  train_loss=0.1292  train_AUPR=0.9224  train_P@5=0.9366  train_P@10=0.6255  val_loss=0.1674  val_AUPR=0.5891  val_P@5=0.6420  val_P@10=0.4578
Ep074  LR0=5.00e-07  pw=1.00  aucα=0.400  token_p=0.010  dropE=(0.010,0.050)  smooth=0.010  train_loss=0.1288  train_AUPR=0.9225  train_P@5=0.9366  train_P@10=0.6256  val_loss=0.1674  val_AUPR=0.5889  val_P@5=0.6422  val_P@10=0.4581
Ep075  LR0=5.00e-07  pw=1.00  aucα=0.400  token_p=0.010  dropE=(0.010,0.050)  smooth=0.010  train_loss=0.1270  train_AUPR=0.9226  train_P@5=0.9366  train_P@10=0.6259  val_loss=0.1674  val_AUPR=0.5888  val_P@5=0.6422  val_P@10=0.4581
Ep076  LR0=5.00e-07  pw=1.00  aucα=0.400  token_p=0.010  dropE=(0.010,0.050)  smooth=0.010  train_loss=0.1276  train_AUPR=0.9226  train_P@5=0.9368  train_P@10=0.6257  val_loss=0.1675  val_AUPR=0.5887  val_P@5=0.6420  val_P@10=0.4578
Ep077  LR0=5.00e-07  pw=1.00  aucα=0.400  token_p=0.010  dropE=(0.010,0.050)  smooth=0.010  train_loss=0.1283  train_AUPR=0.9228  train_P@5=0.9373  train_P@10=0.6257  val_loss=0.1675  val_AUPR=0.5885  val_P@5=0.6418  val_P@10=0.4578
Ep078  LR0=5.00e-07  pw=1.00  aucα=0.400  token_p=0.010  dropE=(0.010,0.050)  smooth=0.010  train_loss=0.1289  train_AUPR=0.9229  train_P@5=0.9372  train_P@10=0.6259  val_loss=0.1675  val_AUPR=0.5884  val_P@5=0.6414  val_P@10=0.4579
Early stop triggered: neither val_AUPR nor val_loss improved for 20 epochs.
Saved iPara_l1_g10_i5_do0.10_dpr0.03_lr0.0002_heads16_fold1.pth  (best val AUPR=0.6054)
Saved iPara_l1_g10_i5_do0.10_dpr0.03_lr0.0002_heads16_fold1_best_aupr.pth
Saved iPara_l1_g10_i5_do0.10_dpr0.03_lr0.0002_heads16_fold1_best_loss.pth  (best val loss=0.1672)

── Fold 2/5
Train labels: pos=26650, neg=374184, ignore=696766, pos_rate=0.066486
Val labels: pos=6580, neg=92778, ignore=175842, pos_rate=0.066225
Initializing ClassificationModel with 10 GAT layers and residual connections...
Initializing MCModel with 10 GAT layers and 5 row attention layers (drop_path_rate=0.03)
Initializing CoreModel with 1 layers, drop_path_rate=0.03
Ep000  LR0=2.00e-05  pw=15.00  aucα=0.000  token_p=0.000  dropE=(0.000,0.000)  smooth=0.000  train_loss=0.5942  train_AUPR=0.3926  train_P@5=0.4507  train_P@10=0.3516  val_loss=0.4743  val_AUPR=0.3932  val_P@5=0.4570  val_P@10=0.3446
Ep001  LR0=3.00e-05  pw=13.35  aucα=0.000  token_p=0.000  dropE=(0.000,0.000)  smooth=0.000  train_loss=0.4923  train_AUPR=0.4440  train_P@5=0.5081  train_P@10=0.3821  val_loss=0.4594  val_AUPR=0.4359  val_P@5=0.5031  val_P@10=0.3776
Ep002  LR0=4.00e-05  pw=11.90  aucα=0.000  token_p=0.000  dropE=(0.000,0.000)  smooth=0.000  train_loss=0.4588  train_AUPR=0.4835  train_P@5=0.5493  train_P@10=0.4031  val_loss=0.4418  val_AUPR=0.4687  val_P@5=0.5355  val_P@10=0.3987
Ep003  LR0=5.00e-05  pw=10.62  aucα=0.000  token_p=0.000  dropE=(0.000,0.000)  smooth=0.000  train_loss=0.4399  train_AUPR=0.5046  train_P@5=0.5610  train_P@10=0.4153  val_loss=0.4274  val_AUPR=0.4930  val_P@5=0.5605  val_P@10=0.4110
Ep004  LR0=6.00e-05  pw=9.49  aucα=0.057  token_p=0.000  dropE=(0.000,0.000)  smooth=0.000  train_loss=0.4339  train_AUPR=0.5196  train_P@5=0.5876  train_P@10=0.4164  val_loss=0.4119  val_AUPR=0.5037  val_P@5=0.5794  val_P@10=0.4137
Ep005  LR0=7.00e-05  pw=8.49  aucα=0.114  token_p=0.000  dropE=(0.000,0.000)  smooth=0.000  train_loss=0.4321  train_AUPR=0.5496  train_P@5=0.6023  train_P@10=0.4359  val_loss=0.4067  val_AUPR=0.5264  val_P@5=0.5949  val_P@10=0.4265
Ep006  LR0=8.00e-05  pw=7.61  aucα=0.171  token_p=0.001  dropE=(0.001,0.005)  smooth=0.001  train_loss=0.4245  train_AUPR=0.5615  train_P@5=0.6073  train_P@10=0.4418  val_loss=0.3922  val_AUPR=0.5415  val_P@5=0.5965  val_P@10=0.4270
Ep007  LR0=9.00e-05  pw=6.84  aucα=0.229  token_p=0.002  dropE=(0.002,0.010)  smooth=0.002  train_loss=0.4193  train_AUPR=0.5872  train_P@5=0.6370  train_P@10=0.4527  val_loss=0.3738  val_AUPR=0.5609  val_P@5=0.6269  val_P@10=0.4384
Ep008  LR0=1.00e-04  pw=6.15  aucα=0.286  token_p=0.003  dropE=(0.003,0.015)  smooth=0.003  train_loss=0.4136  train_AUPR=0.5869  train_P@5=0.6291  train_P@10=0.4514  val_loss=0.3711  val_AUPR=0.5530  val_P@5=0.6161  val_P@10=0.4356
Ep009  LR0=1.00e-04  pw=5.55  aucα=0.343  token_p=0.004  dropE=(0.004,0.020)  smooth=0.004  train_loss=0.4110  train_AUPR=0.6024  train_P@5=0.6431  train_P@10=0.4624  val_loss=0.3537  val_AUPR=0.5618  val_P@5=0.6149  val_P@10=0.4378
[Info] Unfroze 'dym' params after warmup (epoch=10). Added core=66 tensors, other=0 tensors.
Ep010  LR0=2.00e-05  pw=5.01  aucα=0.400  token_p=0.005  dropE=(0.005,0.025)  smooth=0.005  train_loss=0.3844  train_AUPR=0.6371  train_P@5=0.6680  train_P@10=0.4785  val_loss=0.3412  val_AUPR=0.5879  val_P@5=0.6386  val_P@10=0.4501
Ep011  LR0=3.00e-05  pw=4.54  aucα=0.400  token_p=0.006  dropE=(0.006,0.030)  smooth=0.006  train_loss=0.3744  train_AUPR=0.6369  train_P@5=0.6713  train_P@10=0.4803  val_loss=0.3281  val_AUPR=0.5827  val_P@5=0.6334  val_P@10=0.4463
Ep012  LR0=4.00e-05  pw=4.12  aucα=0.400  token_p=0.007  dropE=(0.007,0.035)  smooth=0.007  train_loss=0.3653  train_AUPR=0.6444  train_P@5=0.6733  train_P@10=0.4827  val_loss=0.3218  val_AUPR=0.5850  val_P@5=0.6336  val_P@10=0.4468
Ep013  LR0=5.00e-05  pw=3.76  aucα=0.400  token_p=0.008  dropE=(0.008,0.040)  smooth=0.008  train_loss=0.3587  train_AUPR=0.6462  train_P@5=0.6754  train_P@10=0.4823  val_loss=0.3100  val_AUPR=0.5811  val_P@5=0.6372  val_P@10=0.4402
Ep014  LR0=6.00e-05  pw=3.43  aucα=0.400  token_p=0.009  dropE=(0.009,0.045)  smooth=0.009  train_loss=0.3524  train_AUPR=0.6476  train_P@5=0.6761  train_P@10=0.4831  val_loss=0.3005  val_AUPR=0.5863  val_P@5=0.6406  val_P@10=0.4446
Ep015  LR0=7.00e-05  pw=3.15  aucα=0.400  token_p=0.010  dropE=(0.010,0.050)  smooth=0.010  train_loss=0.3433  train_AUPR=0.6527  train_P@5=0.6771  train_P@10=0.4896  val_loss=0.2872  val_AUPR=0.5843  val_P@5=0.6370  val_P@10=0.4412
Ep016  LR0=8.00e-05  pw=2.89  aucα=0.400  token_p=0.010  dropE=(0.010,0.050)  smooth=0.010  train_loss=0.3352  train_AUPR=0.6648  train_P@5=0.6903  train_P@10=0.4937  val_loss=0.2729  val_AUPR=0.5879  val_P@5=0.6338  val_P@10=0.4438
Ep017  LR0=9.00e-05  pw=2.67  aucα=0.400  token_p=0.010  dropE=(0.010,0.050)  smooth=0.010  train_loss=0.3266  train_AUPR=0.6512  train_P@5=0.6790  train_P@10=0.4843  val_loss=0.2707  val_AUPR=0.5666  val_P@5=0.6153  val_P@10=0.4360
Ep018  LR0=1.00e-04  pw=2.48  aucα=0.400  token_p=0.010  dropE=(0.010,0.050)  smooth=0.010  train_loss=0.3201  train_AUPR=0.6629  train_P@5=0.6864  train_P@10=0.4971  val_loss=0.2586  val_AUPR=0.5637  val_P@5=0.6072  val_P@10=0.4390
Ep019  LR0=1.00e-04  pw=2.30  aucα=0.400  token_p=0.010  dropE=(0.010,0.050)  smooth=0.010  train_loss=0.3120  train_AUPR=0.6773  train_P@5=0.7017  train_P@10=0.4968  val_loss=0.2569  val_AUPR=0.5847  val_P@5=0.6340  val_P@10=0.4407
Ep020  LR0=1.00e-04  pw=2.15  aucα=0.400  token_p=0.010  dropE=(0.010,0.050)  smooth=0.010  train_loss=0.3024  train_AUPR=0.6950  train_P@5=0.7173  train_P@10=0.5093  val_loss=0.2422  val_AUPR=0.5897  val_P@5=0.6493  val_P@10=0.4529
Ep021  LR0=9.99e-05  pw=2.01  aucα=0.400  token_p=0.010  dropE=(0.010,0.050)  smooth=0.010  train_loss=0.2898  train_AUPR=0.7121  train_P@5=0.7329  train_P@10=0.5170  val_loss=0.2368  val_AUPR=0.5926  val_P@5=0.6455  val_P@10=0.4579
Ep022  LR0=9.97e-05  pw=1.89  aucα=0.400  token_p=0.010  dropE=(0.010,0.050)  smooth=0.010  train_loss=0.2841  train_AUPR=0.7114  train_P@5=0.7268  train_P@10=0.5185  val_loss=0.2250  val_AUPR=0.6019  val_P@5=0.6567  val_P@10=0.4590
Ep023  LR0=9.95e-05  pw=1.79  aucα=0.400  token_p=0.010  dropE=(0.010,0.050)  smooth=0.010  train_loss=0.2705  train_AUPR=0.7287  train_P@5=0.7438  train_P@10=0.5260  val_loss=0.2206  val_AUPR=0.5963  val_P@5=0.6575  val_P@10=0.4527
Ep024  LR0=9.92e-05  pw=1.70  aucα=0.400  token_p=0.010  dropE=(0.010,0.050)  smooth=0.010  train_loss=0.2659  train_AUPR=0.7357  train_P@5=0.7539  train_P@10=0.5300  val_loss=0.2166  val_AUPR=0.5858  val_P@5=0.6424  val_P@10=0.4485
Ep025  LR0=9.89e-05  pw=1.62  aucα=0.400  token_p=0.010  dropE=(0.010,0.050)  smooth=0.010  train_loss=0.2542  train_AUPR=0.7487  train_P@5=0.7638  train_P@10=0.5367  val_loss=0.2098  val_AUPR=0.5980  val_P@5=0.6519  val_P@10=0.4571
Ep026  LR0=9.85e-05  pw=1.54  aucα=0.400  token_p=0.010  dropE=(0.010,0.050)  smooth=0.010  train_loss=0.2459  train_AUPR=0.7494  train_P@5=0.7580  train_P@10=0.5425  val_loss=0.2071  val_AUPR=0.5901  val_P@5=0.6404  val_P@10=0.4503
Ep027  LR0=9.81e-05  pw=1.48  aucα=0.400  token_p=0.010  dropE=(0.010,0.050)  smooth=0.010  train_loss=0.2371  train_AUPR=0.7712  train_P@5=0.7847  train_P@10=0.5485  val_loss=0.1989  val_AUPR=0.6032  val_P@5=0.6561  val_P@10=0.4543
Ep028  LR0=9.76e-05  pw=1.42  aucα=0.400  token_p=0.010  dropE=(0.010,0.050)  smooth=0.010  train_loss=0.2265  train_AUPR=0.7838  train_P@5=0.7957  train_P@10=0.5549  val_loss=0.1974  val_AUPR=0.5858  val_P@5=0.6404  val_P@10=0.4447
Ep029  LR0=9.70e-05  pw=1.37  aucα=0.400  token_p=0.010  dropE=(0.010,0.050)  smooth=0.010  train_loss=0.2206  train_AUPR=0.7840  train_P@5=0.7958  train_P@10=0.5597  val_loss=0.1962  val_AUPR=0.5838  val_P@5=0.6402  val_P@10=0.4498
Ep030  LR0=9.46e-05  pw=1.33  aucα=0.400  token_p=0.010  dropE=(0.010,0.050)  smooth=0.010  train_loss=0.2142  train_AUPR=0.8130  train_P@5=0.8235  train_P@10=0.5695  val_loss=0.1952  val_AUPR=0.5780  val_P@5=0.6414  val_P@10=0.4421
Ep031  LR0=8.78e-05  pw=1.29  aucα=0.400  token_p=0.010  dropE=(0.010,0.050)  smooth=0.010  train_loss=0.2026  train_AUPR=0.8231  train_P@5=0.8319  train_P@10=0.5793  val_loss=0.1906  val_AUPR=0.5937  val_P@5=0.6481  val_P@10=0.4489
Ep032  LR0=7.71e-05  pw=1.26  aucα=0.400  token_p=0.010  dropE=(0.010,0.050)  smooth=0.010  train_loss=0.1962  train_AUPR=0.8443  train_P@5=0.8542  train_P@10=0.5860  val_loss=0.1863  val_AUPR=0.6029  val_P@5=0.6553  val_P@10=0.4525
Ep033  LR0=6.37e-05  pw=1.23  aucα=0.400  token_p=0.010  dropE=(0.010,0.050)  smooth=0.010  train_loss=0.1854  train_AUPR=0.8546  train_P@5=0.8611  train_P@10=0.5940  val_loss=0.1834  val_AUPR=0.6044  val_P@5=0.6553  val_P@10=0.4530
Ep034  LR0=4.87e-05  pw=1.20  aucα=0.400  token_p=0.010  dropE=(0.010,0.050)  smooth=0.010  train_loss=0.1741  train_AUPR=0.8670  train_P@5=0.8776  train_P@10=0.5987  val_loss=0.1810  val_AUPR=0.6033  val_P@5=0.6547  val_P@10=0.4553
Ep035  LR0=3.38e-05  pw=1.18  aucα=0.400  token_p=0.010  dropE=(0.010,0.050)  smooth=0.010  train_loss=0.1623  train_AUPR=0.8910  train_P@5=0.9013  train_P@10=0.6118  val_loss=0.1795  val_AUPR=0.6027  val_P@5=0.6553  val_P@10=0.4564
Ep036  LR0=2.04e-05  pw=1.16  aucα=0.400  token_p=0.010  dropE=(0.010,0.050)  smooth=0.010  train_loss=0.1532  train_AUPR=0.9033  train_P@5=0.9161  train_P@10=0.6179  val_loss=0.1781  val_AUPR=0.6018  val_P@5=0.6537  val_P@10=0.4578
Ep037  LR0=9.71e-06  pw=1.14  aucα=0.400  token_p=0.010  dropE=(0.010,0.050)  smooth=0.010  train_loss=0.1440  train_AUPR=0.9143  train_P@5=0.9249  train_P@10=0.6231  val_loss=0.1766  val_AUPR=0.6014  val_P@5=0.6539  val_P@10=0.4585
Ep038  LR0=2.86e-06  pw=1.12  aucα=0.400  token_p=0.010  dropE=(0.010,0.050)  smooth=0.010  train_loss=0.1375  train_AUPR=0.9204  train_P@5=0.9349  train_P@10=0.6270  val_loss=0.1756  val_AUPR=0.5994  val_P@5=0.6539  val_P@10=0.4585
Ep039  LR0=5.00e-07  pw=1.11  aucα=0.400  token_p=0.010  dropE=(0.010,0.050)  smooth=0.010  train_loss=0.1340  train_AUPR=0.9224  train_P@5=0.9363  train_P@10=0.6276  val_loss=0.1747  val_AUPR=0.5982  val_P@5=0.6537  val_P@10=0.4587
Ep040  LR0=5.00e-07  pw=1.09  aucα=0.400  token_p=0.010  dropE=(0.010,0.050)  smooth=0.010  train_loss=0.1316  train_AUPR=0.9226  train_P@5=0.9367  train_P@10=0.6280  val_loss=0.1739  val_AUPR=0.5971  val_P@5=0.6531  val_P@10=0.4586
Ep041  LR0=5.00e-07  pw=1.08  aucα=0.400  token_p=0.010  dropE=(0.010,0.050)  smooth=0.010  train_loss=0.1306  train_AUPR=0.9229  train_P@5=0.9376  train_P@10=0.6281  val_loss=0.1731  val_AUPR=0.5960  val_P@5=0.6527  val_P@10=0.4584
Ep042  LR0=5.00e-07  pw=1.07  aucα=0.400  token_p=0.010  dropE=(0.010,0.050)  smooth=0.010  train_loss=0.1299  train_AUPR=0.9230  train_P@5=0.9378  train_P@10=0.6280  val_loss=0.1724  val_AUPR=0.5951  val_P@5=0.6529  val_P@10=0.4588
Ep043  LR0=5.00e-07  pw=1.06  aucα=0.400  token_p=0.010  dropE=(0.010,0.050)  smooth=0.010  train_loss=0.1301  train_AUPR=0.9232  train_P@5=0.9379  train_P@10=0.6283  val_loss=0.1718  val_AUPR=0.5942  val_P@5=0.6523  val_P@10=0.4590
Ep044  LR0=5.00e-07  pw=1.06  aucα=0.400  token_p=0.010  dropE=(0.010,0.050)  smooth=0.010  train_loss=0.1287  train_AUPR=0.9235  train_P@5=0.9378  train_P@10=0.6285  val_loss=0.1713  val_AUPR=0.5934  val_P@5=0.6521  val_P@10=0.4588
Ep045  LR0=5.00e-07  pw=1.05  aucα=0.400  token_p=0.010  dropE=(0.010,0.050)  smooth=0.010  train_loss=0.1290  train_AUPR=0.9236  train_P@5=0.9376  train_P@10=0.6286  val_loss=0.1708  val_AUPR=0.5926  val_P@5=0.6511  val_P@10=0.4589
Ep046  LR0=5.00e-07  pw=1.04  aucα=0.400  token_p=0.010  dropE=(0.010,0.050)  smooth=0.010  train_loss=0.1289  train_AUPR=0.9238  train_P@5=0.9382  train_P@10=0.6287  val_loss=0.1704  val_AUPR=0.5920  val_P@5=0.6507  val_P@10=0.4590
Ep047  LR0=5.00e-07  pw=1.04  aucα=0.400  token_p=0.010  dropE=(0.010,0.050)  smooth=0.010  train_loss=0.1285  train_AUPR=0.9240  train_P@5=0.9384  train_P@10=0.6287  val_loss=0.1701  val_AUPR=0.5914  val_P@5=0.6507  val_P@10=0.4594
Ep048  LR0=5.00e-07  pw=1.03  aucα=0.400  token_p=0.010  dropE=(0.010,0.050)  smooth=0.010  train_loss=0.1290  train_AUPR=0.9242  train_P@5=0.9387  train_P@10=0.6288  val_loss=0.1697  val_AUPR=0.5909  val_P@5=0.6501  val_P@10=0.4594
Ep049  LR0=5.00e-07  pw=1.03  aucα=0.400  token_p=0.010  dropE=(0.010,0.050)  smooth=0.010  train_loss=0.1279  train_AUPR=0.9243  train_P@5=0.9386  train_P@10=0.6288  val_loss=0.1695  val_AUPR=0.5903  val_P@5=0.6495  val_P@10=0.4596
Ep050  LR0=5.00e-07  pw=1.03  aucα=0.400  token_p=0.010  dropE=(0.010,0.050)  smooth=0.010  train_loss=0.1277  train_AUPR=0.9245  train_P@5=0.9390  train_P@10=0.6292  val_loss=0.1692  val_AUPR=0.5899  val_P@5=0.6495  val_P@10=0.4596
Ep051  LR0=5.00e-07  pw=1.02  aucα=0.400  token_p=0.010  dropE=(0.010,0.050)  smooth=0.010  train_loss=0.1275  train_AUPR=0.9247  train_P@5=0.9391  train_P@10=0.6291  val_loss=0.1690  val_AUPR=0.5894  val_P@5=0.6493  val_P@10=0.4598
Ep052  LR0=5.00e-07  pw=1.02  aucα=0.400  token_p=0.010  dropE=(0.010,0.050)  smooth=0.010  train_loss=0.1274  train_AUPR=0.9249  train_P@5=0.9394  train_P@10=0.6292  val_loss=0.1689  val_AUPR=0.5890  val_P@5=0.6487  val_P@10=0.4600
Ep053  LR0=5.00e-07  pw=1.02  aucα=0.400  token_p=0.010  dropE=(0.010,0.050)  smooth=0.010  train_loss=0.1270  train_AUPR=0.9249  train_P@5=0.9393  train_P@10=0.6292  val_loss=0.1687  val_AUPR=0.5886  val_P@5=0.6485  val_P@10=0.4601
Ep054  LR0=5.00e-07  pw=1.02  aucα=0.400  token_p=0.010  dropE=(0.010,0.050)  smooth=0.010  train_loss=0.1271  train_AUPR=0.9253  train_P@5=0.9398  train_P@10=0.6293  val_loss=0.1686  val_AUPR=0.5882  val_P@5=0.6489  val_P@10=0.4600
Ep055  LR0=5.00e-07  pw=1.01  aucα=0.400  token_p=0.010  dropE=(0.010,0.050)  smooth=0.010  train_loss=0.1279  train_AUPR=0.9252  train_P@5=0.9396  train_P@10=0.6292  val_loss=0.1685  val_AUPR=0.5880  val_P@5=0.6485  val_P@10=0.4602
Ep056  LR0=5.00e-07  pw=1.01  aucα=0.400  token_p=0.010  dropE=(0.010,0.050)  smooth=0.010  train_loss=0.1258  train_AUPR=0.9253  train_P@5=0.9400  train_P@10=0.6294  val_loss=0.1684  val_AUPR=0.5876  val_P@5=0.6487  val_P@10=0.4602
Ep057  LR0=5.00e-07  pw=1.01  aucα=0.400  token_p=0.010  dropE=(0.010,0.050)  smooth=0.010  train_loss=0.1262  train_AUPR=0.9253  train_P@5=0.9395  train_P@10=0.6296  val_loss=0.1684  val_AUPR=0.5873  val_P@5=0.6481  val_P@10=0.4601
Ep058  LR0=5.00e-07  pw=1.01  aucα=0.400  token_p=0.010  dropE=(0.010,0.050)  smooth=0.010  train_loss=0.1268  train_AUPR=0.9255  train_P@5=0.9402  train_P@10=0.6296  val_loss=0.1683  val_AUPR=0.5870  val_P@5=0.6491  val_P@10=0.4601
Ep059  LR0=5.00e-07  pw=1.01  aucα=0.400  token_p=0.010  dropE=(0.010,0.050)  smooth=0.010  train_loss=0.1258  train_AUPR=0.9256  train_P@5=0.9400  train_P@10=0.6298  val_loss=0.1683  val_AUPR=0.5867  val_P@5=0.6487  val_P@10=0.4602
Ep060  LR0=5.00e-07  pw=1.01  aucα=0.400  token_p=0.010  dropE=(0.010,0.050)  smooth=0.010  train_loss=0.1262  train_AUPR=0.9259  train_P@5=0.9406  train_P@10=0.6297  val_loss=0.1683  val_AUPR=0.5864  val_P@5=0.6485  val_P@10=0.4602
Ep061  LR0=5.00e-07  pw=1.01  aucα=0.400  token_p=0.010  dropE=(0.010,0.050)  smooth=0.010  train_loss=0.1265  train_AUPR=0.9259  train_P@5=0.9405  train_P@10=0.6299  val_loss=0.1682  val_AUPR=0.5862  val_P@5=0.6483  val_P@10=0.4598
Ep062  LR0=5.00e-07  pw=1.01  aucα=0.400  token_p=0.010  dropE=(0.010,0.050)  smooth=0.010  train_loss=0.1259  train_AUPR=0.9261  train_P@5=0.9407  train_P@10=0.6299  val_loss=0.1682  val_AUPR=0.5859  val_P@5=0.6481  val_P@10=0.4598
Ep063  LR0=5.00e-07  pw=1.01  aucα=0.400  token_p=0.010  dropE=(0.010,0.050)  smooth=0.010  train_loss=0.1268  train_AUPR=0.9262  train_P@5=0.9406  train_P@10=0.6300  val_loss=0.1682  val_AUPR=0.5856  val_P@5=0.6479  val_P@10=0.4598
Ep064  LR0=5.00e-07  pw=1.00  aucα=0.400  token_p=0.010  dropE=(0.010,0.050)  smooth=0.010  train_loss=0.1261  train_AUPR=0.9264  train_P@5=0.9410  train_P@10=0.6299  val_loss=0.1682  val_AUPR=0.5854  val_P@5=0.6479  val_P@10=0.4597
Ep065  LR0=5.00e-07  pw=1.00  aucα=0.400  token_p=0.010  dropE=(0.010,0.050)  smooth=0.010  train_loss=0.1256  train_AUPR=0.9266  train_P@5=0.9412  train_P@10=0.6300  val_loss=0.1683  val_AUPR=0.5852  val_P@5=0.6479  val_P@10=0.4598
Ep066  LR0=5.00e-07  pw=1.00  aucα=0.400  token_p=0.010  dropE=(0.010,0.050)  smooth=0.010  train_loss=0.1262  train_AUPR=0.9268  train_P@5=0.9410  train_P@10=0.6300  val_loss=0.1683  val_AUPR=0.5850  val_P@5=0.6477  val_P@10=0.4598
Ep067  LR0=5.00e-07  pw=1.00  aucα=0.400  token_p=0.010  dropE=(0.010,0.050)  smooth=0.010  train_loss=0.1245  train_AUPR=0.9270  train_P@5=0.9414  train_P@10=0.6302  val_loss=0.1683  val_AUPR=0.5847  val_P@5=0.6479  val_P@10=0.4599
Ep068  LR0=5.00e-07  pw=1.00  aucα=0.400  token_p=0.010  dropE=(0.010,0.050)  smooth=0.010  train_loss=0.1262  train_AUPR=0.9271  train_P@5=0.9420  train_P@10=0.6304  val_loss=0.1683  val_AUPR=0.5845  val_P@5=0.6477  val_P@10=0.4599
Ep069  LR0=5.00e-07  pw=1.00  aucα=0.400  token_p=0.010  dropE=(0.010,0.050)  smooth=0.010  train_loss=0.1261  train_AUPR=0.9272  train_P@5=0.9421  train_P@10=0.6303  val_loss=0.1683  val_AUPR=0.5843  val_P@5=0.6481  val_P@10=0.4597
Ep070  LR0=5.00e-07  pw=1.00  aucα=0.400  token_p=0.010  dropE=(0.010,0.050)  smooth=0.010  train_loss=0.1249  train_AUPR=0.9273  train_P@5=0.9420  train_P@10=0.6303  val_loss=0.1683  val_AUPR=0.5842  val_P@5=0.6479  val_P@10=0.4597
Ep071  LR0=5.00e-07  pw=1.00  aucα=0.400  token_p=0.010  dropE=(0.010,0.050)  smooth=0.010  train_loss=0.1266  train_AUPR=0.9273  train_P@5=0.9418  train_P@10=0.6306  val_loss=0.1684  val_AUPR=0.5840  val_P@5=0.6481  val_P@10=0.4596
Ep072  LR0=5.00e-07  pw=1.00  aucα=0.400  token_p=0.010  dropE=(0.010,0.050)  smooth=0.010  train_loss=0.1260  train_AUPR=0.9274  train_P@5=0.9421  train_P@10=0.6307  val_loss=0.1684  val_AUPR=0.5839  val_P@5=0.6479  val_P@10=0.4596
Ep073  LR0=5.00e-07  pw=1.00  aucα=0.400  token_p=0.010  dropE=(0.010,0.050)  smooth=0.010  train_loss=0.1251  train_AUPR=0.9275  train_P@5=0.9424  train_P@10=0.6307  val_loss=0.1684  val_AUPR=0.5837  val_P@5=0.6477  val_P@10=0.4597
Ep074  LR0=5.00e-07  pw=1.00  aucα=0.400  token_p=0.010  dropE=(0.010,0.050)  smooth=0.010  train_loss=0.1252  train_AUPR=0.9277  train_P@5=0.9428  train_P@10=0.6306  val_loss=0.1684  val_AUPR=0.5835  val_P@5=0.6475  val_P@10=0.4597
Ep075  LR0=5.00e-07  pw=1.00  aucα=0.400  token_p=0.010  dropE=(0.010,0.050)  smooth=0.010  train_loss=0.1253  train_AUPR=0.9278  train_P@5=0.9426  train_P@10=0.6307  val_loss=0.1685  val_AUPR=0.5833  val_P@5=0.6475  val_P@10=0.4597
Ep076  LR0=5.00e-07  pw=1.00  aucα=0.400  token_p=0.010  dropE=(0.010,0.050)  smooth=0.010  train_loss=0.1241  train_AUPR=0.9280  train_P@5=0.9429  train_P@10=0.6308  val_loss=0.1685  val_AUPR=0.5832  val_P@5=0.6475  val_P@10=0.4596
Ep077  LR0=5.00e-07  pw=1.00  aucα=0.400  token_p=0.010  dropE=(0.010,0.050)  smooth=0.010  train_loss=0.1247  train_AUPR=0.9280  train_P@5=0.9430  train_P@10=0.6308  val_loss=0.1685  val_AUPR=0.5830  val_P@5=0.6471  val_P@10=0.4595
Ep078  LR0=5.00e-07  pw=1.00  aucα=0.400  token_p=0.010  dropE=(0.010,0.050)  smooth=0.010  train_loss=0.1240  train_AUPR=0.9281  train_P@5=0.9430  train_P@10=0.6309  val_loss=0.1686  val_AUPR=0.5828  val_P@5=0.6473  val_P@10=0.4594
Ep079  LR0=5.00e-07  pw=1.00  aucα=0.400  token_p=0.010  dropE=(0.010,0.050)  smooth=0.010  train_loss=0.1243  train_AUPR=0.9282  train_P@5=0.9430  train_P@10=0.6310  val_loss=0.1686  val_AUPR=0.5827  val_P@5=0.6467  val_P@10=0.4593
Ep080  LR0=5.00e-07  pw=1.00  aucα=0.400  token_p=0.010  dropE=(0.010,0.050)  smooth=0.010  train_loss=0.1246  train_AUPR=0.9284  train_P@5=0.9429  train_P@10=0.6310  val_loss=0.1686  val_AUPR=0.5825  val_P@5=0.6465  val_P@10=0.4592
Early stop triggered: neither val_AUPR nor val_loss improved for 20 epochs.
Saved iPara_l1_g10_i5_do0.10_dpr0.03_lr0.0002_heads16_fold2.pth  (best val AUPR=0.6044)
Saved iPara_l1_g10_i5_do0.10_dpr0.03_lr0.0002_heads16_fold2_best_aupr.pth
Saved iPara_l1_g10_i5_do0.10_dpr0.03_lr0.0002_heads16_fold2_best_loss.pth  (best val loss=0.1683)

── Fold 3/5
Train labels: pos=26660, neg=375289, ignore=695651, pos_rate=0.066327
Val labels: pos=6570, neg=91673, ignore=176957, pos_rate=0.066875
Initializing ClassificationModel with 10 GAT layers and residual connections...
Initializing MCModel with 10 GAT layers and 5 row attention layers (drop_path_rate=0.03)
Initializing CoreModel with 1 layers, drop_path_rate=0.03
Ep000  LR0=2.00e-05  pw=15.00  aucα=0.000  token_p=0.000  dropE=(0.000,0.000)  smooth=0.000  train_loss=0.5836  train_AUPR=0.3569  train_P@5=0.4114  train_P@10=0.3251  val_loss=0.5160  val_AUPR=0.3834  val_P@5=0.4277  val_P@10=0.3352
Ep001  LR0=3.00e-05  pw=13.35  aucα=0.000  token_p=0.000  dropE=(0.000,0.000)  smooth=0.000  train_loss=0.4945  train_AUPR=0.4208  train_P@5=0.4868  train_P@10=0.3668  val_loss=0.4859  val_AUPR=0.4270  val_P@5=0.4860  val_P@10=0.3672
Ep002  LR0=4.00e-05  pw=11.90  aucα=0.000  token_p=0.000  dropE=(0.000,0.000)  smooth=0.000  train_loss=0.4667  train_AUPR=0.4803  train_P@5=0.5489  train_P@10=0.4043  val_loss=0.4468  val_AUPR=0.4776  val_P@5=0.5409  val_P@10=0.3930
Ep003  LR0=5.00e-05  pw=10.62  aucα=0.000  token_p=0.000  dropE=(0.000,0.000)  smooth=0.000  train_loss=0.4399  train_AUPR=0.5018  train_P@5=0.5610  train_P@10=0.4088  val_loss=0.4220  val_AUPR=0.4952  val_P@5=0.5603  val_P@10=0.3971
Ep004  LR0=6.00e-05  pw=9.49  aucα=0.057  token_p=0.000  dropE=(0.000,0.000)  smooth=0.000  train_loss=0.4320  train_AUPR=0.5097  train_P@5=0.5564  train_P@10=0.4198  val_loss=0.4083  val_AUPR=0.5038  val_P@5=0.5403  val_P@10=0.4045
Ep005  LR0=7.00e-05  pw=8.49  aucα=0.114  token_p=0.000  dropE=(0.000,0.000)  smooth=0.000  train_loss=0.4297  train_AUPR=0.5484  train_P@5=0.6036  train_P@10=0.4382  val_loss=0.4146  val_AUPR=0.5394  val_P@5=0.5967  val_P@10=0.4236
Ep006  LR0=8.00e-05  pw=7.61  aucα=0.171  token_p=0.001  dropE=(0.001,0.005)  smooth=0.001  train_loss=0.4233  train_AUPR=0.5508  train_P@5=0.6114  train_P@10=0.4360  val_loss=0.3816  val_AUPR=0.5361  val_P@5=0.6006  val_P@10=0.4264
Ep007  LR0=9.00e-05  pw=6.84  aucα=0.229  token_p=0.002  dropE=(0.002,0.010)  smooth=0.002  train_loss=0.4210  train_AUPR=0.5803  train_P@5=0.6279  train_P@10=0.4536  val_loss=0.3863  val_AUPR=0.5687  val_P@5=0.6191  val_P@10=0.4387
Ep008  LR0=1.00e-04  pw=6.15  aucα=0.286  token_p=0.003  dropE=(0.003,0.015)  smooth=0.003  train_loss=0.4136  train_AUPR=0.5770  train_P@5=0.6268  train_P@10=0.4447  val_loss=0.3995  val_AUPR=0.5563  val_P@5=0.6134  val_P@10=0.4256
Ep009  LR0=1.00e-04  pw=5.55  aucα=0.343  token_p=0.004  dropE=(0.004,0.020)  smooth=0.004  train_loss=0.4099  train_AUPR=0.5953  train_P@5=0.6398  train_P@10=0.4584  val_loss=0.3612  val_AUPR=0.5680  val_P@5=0.6124  val_P@10=0.4318
[Info] Unfroze 'dym' params after warmup (epoch=10). Added core=66 tensors, other=0 tensors.
Ep010  LR0=2.00e-05  pw=5.01  aucα=0.400  token_p=0.005  dropE=(0.005,0.025)  smooth=0.005  train_loss=0.3840  train_AUPR=0.6341  train_P@5=0.6681  train_P@10=0.4787  val_loss=0.3350  val_AUPR=0.5970  val_P@5=0.6386  val_P@10=0.4526
Ep011  LR0=3.00e-05  pw=4.54  aucα=0.400  token_p=0.006  dropE=(0.006,0.030)  smooth=0.006  train_loss=0.3728  train_AUPR=0.6355  train_P@5=0.6710  train_P@10=0.4792  val_loss=0.3316  val_AUPR=0.5927  val_P@5=0.6297  val_P@10=0.4506
Ep012  LR0=4.00e-05  pw=4.12  aucα=0.400  token_p=0.007  dropE=(0.007,0.035)  smooth=0.007  train_loss=0.3649  train_AUPR=0.6428  train_P@5=0.6743  train_P@10=0.4815  val_loss=0.3136  val_AUPR=0.5995  val_P@5=0.6462  val_P@10=0.4475
Ep013  LR0=5.00e-05  pw=3.76  aucα=0.400  token_p=0.008  dropE=(0.008,0.040)  smooth=0.008  train_loss=0.3578  train_AUPR=0.6446  train_P@5=0.6785  train_P@10=0.4811  val_loss=0.3062  val_AUPR=0.5875  val_P@5=0.6297  val_P@10=0.4458
Ep014  LR0=6.00e-05  pw=3.43  aucα=0.400  token_p=0.009  dropE=(0.009,0.045)  smooth=0.009  train_loss=0.3496  train_AUPR=0.6469  train_P@5=0.6755  train_P@10=0.4832  val_loss=0.2917  val_AUPR=0.5901  val_P@5=0.6301  val_P@10=0.4447
Ep015  LR0=7.00e-05  pw=3.15  aucα=0.400  token_p=0.010  dropE=(0.010,0.050)  smooth=0.010  train_loss=0.3419  train_AUPR=0.6575  train_P@5=0.6903  train_P@10=0.4893  val_loss=0.2977  val_AUPR=0.5932  val_P@5=0.6405  val_P@10=0.4480
Ep016  LR0=8.00e-05  pw=2.89  aucα=0.400  token_p=0.010  dropE=(0.010,0.050)  smooth=0.010  train_loss=0.3368  train_AUPR=0.6630  train_P@5=0.6879  train_P@10=0.4898  val_loss=0.2714  val_AUPR=0.5996  val_P@5=0.6366  val_P@10=0.4514
Ep017  LR0=9.00e-05  pw=2.67  aucα=0.400  token_p=0.010  dropE=(0.010,0.050)  smooth=0.010  train_loss=0.3262  train_AUPR=0.6784  train_P@5=0.7017  train_P@10=0.5019  val_loss=0.2675  val_AUPR=0.5994  val_P@5=0.6378  val_P@10=0.4537
Ep018  LR0=1.00e-04  pw=2.48  aucα=0.400  token_p=0.010  dropE=(0.010,0.050)  smooth=0.010  train_loss=0.3190  train_AUPR=0.6753  train_P@5=0.7050  train_P@10=0.4978  val_loss=0.2551  val_AUPR=0.5952  val_P@5=0.6323  val_P@10=0.4496
Ep019  LR0=1.00e-04  pw=2.30  aucα=0.400  token_p=0.010  dropE=(0.010,0.050)  smooth=0.010  train_loss=0.3103  train_AUPR=0.6813  train_P@5=0.7075  train_P@10=0.5000  val_loss=0.2499  val_AUPR=0.5913  val_P@5=0.6319  val_P@10=0.4486
Ep020  LR0=1.00e-04  pw=2.15  aucα=0.400  token_p=0.010  dropE=(0.010,0.050)  smooth=0.010  train_loss=0.2997  train_AUPR=0.6929  train_P@5=0.7145  train_P@10=0.5058  val_loss=0.2449  val_AUPR=0.5876  val_P@5=0.6350  val_P@10=0.4409
Ep021  LR0=9.99e-05  pw=2.01  aucα=0.400  token_p=0.010  dropE=(0.010,0.050)  smooth=0.010  train_loss=0.2895  train_AUPR=0.6912  train_P@5=0.7081  train_P@10=0.5123  val_loss=0.2300  val_AUPR=0.6009  val_P@5=0.6474  val_P@10=0.4534
Ep022  LR0=9.97e-05  pw=1.89  aucα=0.400  token_p=0.010  dropE=(0.010,0.050)  smooth=0.010  train_loss=0.2797  train_AUPR=0.7182  train_P@5=0.7377  train_P@10=0.5195  val_loss=0.2216  val_AUPR=0.6083  val_P@5=0.6474  val_P@10=0.4566
Ep023  LR0=9.95e-05  pw=1.79  aucα=0.400  token_p=0.010  dropE=(0.010,0.050)  smooth=0.010  train_loss=0.2706  train_AUPR=0.7330  train_P@5=0.7475  train_P@10=0.5277  val_loss=0.2192  val_AUPR=0.5930  val_P@5=0.6346  val_P@10=0.4457
Ep024  LR0=9.92e-05  pw=1.70  aucα=0.400  token_p=0.010  dropE=(0.010,0.050)  smooth=0.010  train_loss=0.2603  train_AUPR=0.7463  train_P@5=0.7594  train_P@10=0.5377  val_loss=0.2178  val_AUPR=0.6026  val_P@5=0.6452  val_P@10=0.4561
Ep025  LR0=9.89e-05  pw=1.62  aucα=0.400  token_p=0.010  dropE=(0.010,0.050)  smooth=0.010  train_loss=0.2504  train_AUPR=0.7589  train_P@5=0.7758  train_P@10=0.5396  val_loss=0.2080  val_AUPR=0.5981  val_P@5=0.6409  val_P@10=0.4511
Ep026  LR0=9.85e-05  pw=1.54  aucα=0.400  token_p=0.010  dropE=(0.010,0.050)  smooth=0.010  train_loss=0.2405  train_AUPR=0.7758  train_P@5=0.7887  train_P@10=0.5503  val_loss=0.2057  val_AUPR=0.5878  val_P@5=0.6407  val_P@10=0.4564
Ep027  LR0=9.81e-05  pw=1.48  aucα=0.400  token_p=0.010  dropE=(0.010,0.050)  smooth=0.010  train_loss=0.2329  train_AUPR=0.7840  train_P@5=0.7943  train_P@10=0.5565  val_loss=0.1967  val_AUPR=0.6080  val_P@5=0.6496  val_P@10=0.4551
Ep028  LR0=9.76e-05  pw=1.42  aucα=0.400  token_p=0.010  dropE=(0.010,0.050)  smooth=0.010  train_loss=0.2238  train_AUPR=0.8055  train_P@5=0.8141  train_P@10=0.5690  val_loss=0.1932  val_AUPR=0.6006  val_P@5=0.6437  val_P@10=0.4604
Ep029  LR0=9.70e-05  pw=1.37  aucα=0.400  token_p=0.010  dropE=(0.010,0.050)  smooth=0.010  train_loss=0.2154  train_AUPR=0.8154  train_P@5=0.8231  train_P@10=0.5705  val_loss=0.1903  val_AUPR=0.6006  val_P@5=0.6480  val_P@10=0.4573
Ep030  LR0=9.46e-05  pw=1.33  aucα=0.400  token_p=0.010  dropE=(0.010,0.050)  smooth=0.010  train_loss=0.2080  train_AUPR=0.8213  train_P@5=0.8274  train_P@10=0.5758  val_loss=0.1934  val_AUPR=0.5738  val_P@5=0.6342  val_P@10=0.4484
Ep031  LR0=8.78e-05  pw=1.29  aucα=0.400  token_p=0.010  dropE=(0.010,0.050)  smooth=0.010  train_loss=0.2000  train_AUPR=0.8374  train_P@5=0.8443  train_P@10=0.5826  val_loss=0.1862  val_AUPR=0.5899  val_P@5=0.6441  val_P@10=0.4583
Ep032  LR0=7.71e-05  pw=1.26  aucα=0.400  token_p=0.010  dropE=(0.010,0.050)  smooth=0.010  train_loss=0.1916  train_AUPR=0.8380  train_P@5=0.8466  train_P@10=0.5863  val_loss=0.1828  val_AUPR=0.5896  val_P@5=0.6395  val_P@10=0.4565
Ep033  LR0=6.37e-05  pw=1.23  aucα=0.400  token_p=0.010  dropE=(0.010,0.050)  smooth=0.010  train_loss=0.1802  train_AUPR=0.8561  train_P@5=0.8610  train_P@10=0.5938  val_loss=0.1805  val_AUPR=0.5928  val_P@5=0.6415  val_P@10=0.4600
Ep034  LR0=4.87e-05  pw=1.20  aucα=0.400  token_p=0.010  dropE=(0.010,0.050)  smooth=0.010  train_loss=0.1701  train_AUPR=0.8910  train_P@5=0.8980  train_P@10=0.6134  val_loss=0.1787  val_AUPR=0.5935  val_P@5=0.6425  val_P@10=0.4585
Ep035  LR0=3.38e-05  pw=1.18  aucα=0.400  token_p=0.010  dropE=(0.010,0.050)  smooth=0.010  train_loss=0.1576  train_AUPR=0.9000  train_P@5=0.9083  train_P@10=0.6176  val_loss=0.1773  val_AUPR=0.5922  val_P@5=0.6390  val_P@10=0.4585
Ep036  LR0=2.04e-05  pw=1.16  aucα=0.400  token_p=0.010  dropE=(0.010,0.050)  smooth=0.010  train_loss=0.1466  train_AUPR=0.9097  train_P@5=0.9195  train_P@10=0.6223  val_loss=0.1764  val_AUPR=0.5893  val_P@5=0.6390  val_P@10=0.4571
Ep037  LR0=9.71e-06  pw=1.14  aucα=0.400  token_p=0.010  dropE=(0.010,0.050)  smooth=0.010  train_loss=0.1384  train_AUPR=0.9241  train_P@5=0.9366  train_P@10=0.6288  val_loss=0.1755  val_AUPR=0.5874  val_P@5=0.6374  val_P@10=0.4566
Ep038  LR0=2.86e-06  pw=1.12  aucα=0.400  token_p=0.010  dropE=(0.010,0.050)  smooth=0.010  train_loss=0.1312  train_AUPR=0.9277  train_P@5=0.9390  train_P@10=0.6316  val_loss=0.1746  val_AUPR=0.5856  val_P@5=0.6382  val_P@10=0.4573
Ep039  LR0=5.00e-07  pw=1.11  aucα=0.400  token_p=0.010  dropE=(0.010,0.050)  smooth=0.010  train_loss=0.1283  train_AUPR=0.9303  train_P@5=0.9437  train_P@10=0.6321  val_loss=0.1739  val_AUPR=0.5836  val_P@5=0.6380  val_P@10=0.4567
Ep040  LR0=5.00e-07  pw=1.09  aucα=0.400  token_p=0.010  dropE=(0.010,0.050)  smooth=0.010  train_loss=0.1263  train_AUPR=0.9307  train_P@5=0.9447  train_P@10=0.6323  val_loss=0.1733  val_AUPR=0.5818  val_P@5=0.6372  val_P@10=0.4566
Ep041  LR0=5.00e-07  pw=1.08  aucα=0.400  token_p=0.010  dropE=(0.010,0.050)  smooth=0.010  train_loss=0.1261  train_AUPR=0.9310  train_P@5=0.9446  train_P@10=0.6322  val_loss=0.1727  val_AUPR=0.5801  val_P@5=0.6366  val_P@10=0.4571
Ep042  LR0=5.00e-07  pw=1.07  aucα=0.400  token_p=0.010  dropE=(0.010,0.050)  smooth=0.010  train_loss=0.1259  train_AUPR=0.9312  train_P@5=0.9445  train_P@10=0.6322  val_loss=0.1722  val_AUPR=0.5787  val_P@5=0.6354  val_P@10=0.4560
Ep043  LR0=5.00e-07  pw=1.06  aucα=0.400  token_p=0.010  dropE=(0.010,0.050)  smooth=0.010  train_loss=0.1238  train_AUPR=0.9315  train_P@5=0.9444  train_P@10=0.6323  val_loss=0.1718  val_AUPR=0.5774  val_P@5=0.6354  val_P@10=0.4558
Ep044  LR0=5.00e-07  pw=1.06  aucα=0.400  token_p=0.010  dropE=(0.010,0.050)  smooth=0.010  train_loss=0.1247  train_AUPR=0.9317  train_P@5=0.9451  train_P@10=0.6322  val_loss=0.1714  val_AUPR=0.5763  val_P@5=0.6344  val_P@10=0.4556
Ep045  LR0=5.00e-07  pw=1.05  aucα=0.400  token_p=0.010  dropE=(0.010,0.050)  smooth=0.010  train_loss=0.1238  train_AUPR=0.9319  train_P@5=0.9452  train_P@10=0.6325  val_loss=0.1710  val_AUPR=0.5753  val_P@5=0.6338  val_P@10=0.4555
Ep046  LR0=5.00e-07  pw=1.04  aucα=0.400  token_p=0.010  dropE=(0.010,0.050)  smooth=0.010  train_loss=0.1227  train_AUPR=0.9320  train_P@5=0.9455  train_P@10=0.6326  val_loss=0.1707  val_AUPR=0.5744  val_P@5=0.6325  val_P@10=0.4550
Ep047  LR0=5.00e-07  pw=1.04  aucα=0.400  token_p=0.010  dropE=(0.010,0.050)  smooth=0.010  train_loss=0.1234  train_AUPR=0.9323  train_P@5=0.9456  train_P@10=0.6329  val_loss=0.1705  val_AUPR=0.5736  val_P@5=0.6325  val_P@10=0.4552
Ep048  LR0=5.00e-07  pw=1.03  aucα=0.400  token_p=0.010  dropE=(0.010,0.050)  smooth=0.010  train_loss=0.1232  train_AUPR=0.9323  train_P@5=0.9459  train_P@10=0.6328  val_loss=0.1703  val_AUPR=0.5728  val_P@5=0.6319  val_P@10=0.4549
Ep049  LR0=5.00e-07  pw=1.03  aucα=0.400  token_p=0.010  dropE=(0.010,0.050)  smooth=0.010  train_loss=0.1228  train_AUPR=0.9327  train_P@5=0.9460  train_P@10=0.6330  val_loss=0.1701  val_AUPR=0.5722  val_P@5=0.6321  val_P@10=0.4552
Ep050  LR0=5.00e-07  pw=1.03  aucα=0.400  token_p=0.010  dropE=(0.010,0.050)  smooth=0.010  train_loss=0.1234  train_AUPR=0.9328  train_P@5=0.9461  train_P@10=0.6331  val_loss=0.1699  val_AUPR=0.5716  val_P@5=0.6325  val_P@10=0.4553
Ep051  LR0=5.00e-07  pw=1.02  aucα=0.400  token_p=0.010  dropE=(0.010,0.050)  smooth=0.010  train_loss=0.1223  train_AUPR=0.9330  train_P@5=0.9463  train_P@10=0.6331  val_loss=0.1698  val_AUPR=0.5710  val_P@5=0.6317  val_P@10=0.4552
Ep052  LR0=5.00e-07  pw=1.02  aucα=0.400  token_p=0.010  dropE=(0.010,0.050)  smooth=0.010  train_loss=0.1218  train_AUPR=0.9330  train_P@5=0.9469  train_P@10=0.6332  val_loss=0.1697  val_AUPR=0.5704  val_P@5=0.6309  val_P@10=0.4550
Ep053  LR0=5.00e-07  pw=1.02  aucα=0.400  token_p=0.010  dropE=(0.010,0.050)  smooth=0.010  train_loss=0.1216  train_AUPR=0.9331  train_P@5=0.9470  train_P@10=0.6332  val_loss=0.1696  val_AUPR=0.5698  val_P@5=0.6309  val_P@10=0.4546
Ep054  LR0=5.00e-07  pw=1.02  aucα=0.400  token_p=0.010  dropE=(0.010,0.050)  smooth=0.010  train_loss=0.1221  train_AUPR=0.9334  train_P@5=0.9470  train_P@10=0.6332  val_loss=0.1695  val_AUPR=0.5694  val_P@5=0.6305  val_P@10=0.4545
Ep055  LR0=5.00e-07  pw=1.01  aucα=0.400  token_p=0.010  dropE=(0.010,0.050)  smooth=0.010  train_loss=0.1217  train_AUPR=0.9335  train_P@5=0.9471  train_P@10=0.6332  val_loss=0.1695  val_AUPR=0.5689  val_P@5=0.6301  val_P@10=0.4544
Ep056  LR0=5.00e-07  pw=1.01  aucα=0.400  token_p=0.010  dropE=(0.010,0.050)  smooth=0.010  train_loss=0.1210  train_AUPR=0.9336  train_P@5=0.9466  train_P@10=0.6332  val_loss=0.1694  val_AUPR=0.5686  val_P@5=0.6295  val_P@10=0.4546
Ep057  LR0=5.00e-07  pw=1.01  aucα=0.400  token_p=0.010  dropE=(0.010,0.050)  smooth=0.010  train_loss=0.1226  train_AUPR=0.9337  train_P@5=0.9473  train_P@10=0.6332  val_loss=0.1694  val_AUPR=0.5682  val_P@5=0.6293  val_P@10=0.4546
Ep058  LR0=5.00e-07  pw=1.01  aucα=0.400  token_p=0.010  dropE=(0.010,0.050)  smooth=0.010  train_loss=0.1217  train_AUPR=0.9339  train_P@5=0.9476  train_P@10=0.6335  val_loss=0.1694  val_AUPR=0.5678  val_P@5=0.6291  val_P@10=0.4546
Ep059  LR0=5.00e-07  pw=1.01  aucα=0.400  token_p=0.010  dropE=(0.010,0.050)  smooth=0.010  train_loss=0.1221  train_AUPR=0.9340  train_P@5=0.9476  train_P@10=0.6337  val_loss=0.1694  val_AUPR=0.5674  val_P@5=0.6285  val_P@10=0.4546
Ep060  LR0=5.00e-07  pw=1.01  aucα=0.400  token_p=0.010  dropE=(0.010,0.050)  smooth=0.010  train_loss=0.1220  train_AUPR=0.9342  train_P@5=0.9479  train_P@10=0.6337  val_loss=0.1694  val_AUPR=0.5671  val_P@5=0.6281  val_P@10=0.4545
Ep061  LR0=5.00e-07  pw=1.01  aucα=0.400  token_p=0.010  dropE=(0.010,0.050)  smooth=0.010  train_loss=0.1216  train_AUPR=0.9343  train_P@5=0.9483  train_P@10=0.6339  val_loss=0.1694  val_AUPR=0.5668  val_P@5=0.6279  val_P@10=0.4545
Ep062  LR0=5.00e-07  pw=1.01  aucα=0.400  token_p=0.010  dropE=(0.010,0.050)  smooth=0.010  train_loss=0.1216  train_AUPR=0.9342  train_P@5=0.9478  train_P@10=0.6338  val_loss=0.1694  val_AUPR=0.5665  val_P@5=0.6279  val_P@10=0.4545
Ep063  LR0=5.00e-07  pw=1.01  aucα=0.400  token_p=0.010  dropE=(0.010,0.050)  smooth=0.010  train_loss=0.1219  train_AUPR=0.9344  train_P@5=0.9479  train_P@10=0.6337  val_loss=0.1694  val_AUPR=0.5663  val_P@5=0.6281  val_P@10=0.4545
Ep064  LR0=5.00e-07  pw=1.00  aucα=0.400  token_p=0.010  dropE=(0.010,0.050)  smooth=0.010  train_loss=0.1210  train_AUPR=0.9344  train_P@5=0.9478  train_P@10=0.6338  val_loss=0.1694  val_AUPR=0.5659  val_P@5=0.6276  val_P@10=0.4545
Ep065  LR0=5.00e-07  pw=1.00  aucα=0.400  token_p=0.010  dropE=(0.010,0.050)  smooth=0.010  train_loss=0.1213  train_AUPR=0.9346  train_P@5=0.9485  train_P@10=0.6341  val_loss=0.1694  val_AUPR=0.5656  val_P@5=0.6274  val_P@10=0.4544
Ep066  LR0=5.00e-07  pw=1.00  aucα=0.400  token_p=0.010  dropE=(0.010,0.050)  smooth=0.010  train_loss=0.1203  train_AUPR=0.9348  train_P@5=0.9485  train_P@10=0.6340  val_loss=0.1695  val_AUPR=0.5653  val_P@5=0.6270  val_P@10=0.4542
Ep067  LR0=5.00e-07  pw=1.00  aucα=0.400  token_p=0.010  dropE=(0.010,0.050)  smooth=0.010  train_loss=0.1213  train_AUPR=0.9348  train_P@5=0.9485  train_P@10=0.6340  val_loss=0.1695  val_AUPR=0.5651  val_P@5=0.6264  val_P@10=0.4541
Ep068  LR0=5.00e-07  pw=1.00  aucα=0.400  token_p=0.010  dropE=(0.010,0.050)  smooth=0.010  train_loss=0.1203  train_AUPR=0.9349  train_P@5=0.9487  train_P@10=0.6339  val_loss=0.1695  val_AUPR=0.5648  val_P@5=0.6262  val_P@10=0.4540
Ep069  LR0=5.00e-07  pw=1.00  aucα=0.400  token_p=0.010  dropE=(0.010,0.050)  smooth=0.010  train_loss=0.1199  train_AUPR=0.9351  train_P@5=0.9490  train_P@10=0.6341  val_loss=0.1696  val_AUPR=0.5646  val_P@5=0.6262  val_P@10=0.4538
Ep070  LR0=5.00e-07  pw=1.00  aucα=0.400  token_p=0.010  dropE=(0.010,0.050)  smooth=0.010  train_loss=0.1201  train_AUPR=0.9353  train_P@5=0.9488  train_P@10=0.6343  val_loss=0.1696  val_AUPR=0.5643  val_P@5=0.6260  val_P@10=0.4536
Ep071  LR0=5.00e-07  pw=1.00  aucα=0.400  token_p=0.010  dropE=(0.010,0.050)  smooth=0.010  train_loss=0.1195  train_AUPR=0.9353  train_P@5=0.9494  train_P@10=0.6345  val_loss=0.1697  val_AUPR=0.5641  val_P@5=0.6262  val_P@10=0.4538
Ep072  LR0=5.00e-07  pw=1.00  aucα=0.400  token_p=0.010  dropE=(0.010,0.050)  smooth=0.010  train_loss=0.1209  train_AUPR=0.9353  train_P@5=0.9494  train_P@10=0.6343  val_loss=0.1697  val_AUPR=0.5638  val_P@5=0.6260  val_P@10=0.4539
Ep073  LR0=5.00e-07  pw=1.00  aucα=0.400  token_p=0.010  dropE=(0.010,0.050)  smooth=0.010  train_loss=0.1202  train_AUPR=0.9355  train_P@5=0.9493  train_P@10=0.6344  val_loss=0.1697  val_AUPR=0.5636  val_P@5=0.6258  val_P@10=0.4539
Ep074  LR0=5.00e-07  pw=1.00  aucα=0.400  token_p=0.010  dropE=(0.010,0.050)  smooth=0.010  train_loss=0.1189  train_AUPR=0.9356  train_P@5=0.9495  train_P@10=0.6343  val_loss=0.1698  val_AUPR=0.5634  val_P@5=0.6254  val_P@10=0.4537
Ep075  LR0=5.00e-07  pw=1.00  aucα=0.400  token_p=0.010  dropE=(0.010,0.050)  smooth=0.010  train_loss=0.1196  train_AUPR=0.9358  train_P@5=0.9492  train_P@10=0.6346  val_loss=0.1698  val_AUPR=0.5632  val_P@5=0.6252  val_P@10=0.4536
Ep076  LR0=5.00e-07  pw=1.00  aucα=0.400  token_p=0.010  dropE=(0.010,0.050)  smooth=0.010  train_loss=0.1189  train_AUPR=0.9359  train_P@5=0.9494  train_P@10=0.6348  val_loss=0.1699  val_AUPR=0.5630  val_P@5=0.6252  val_P@10=0.4536
Ep077  LR0=5.00e-07  pw=1.00  aucα=0.400  token_p=0.010  dropE=(0.010,0.050)  smooth=0.010  train_loss=0.1206  train_AUPR=0.9359  train_P@5=0.9491  train_P@10=0.6345  val_loss=0.1699  val_AUPR=0.5628  val_P@5=0.6254  val_P@10=0.4535
Early stop triggered: neither val_AUPR nor val_loss improved for 20 epochs.
Saved iPara_l1_g10_i5_do0.10_dpr0.03_lr0.0002_heads16_fold3.pth  (best val AUPR=0.6083)
Saved iPara_l1_g10_i5_do0.10_dpr0.03_lr0.0002_heads16_fold3_best_aupr.pth
Saved iPara_l1_g10_i5_do0.10_dpr0.03_lr0.0002_heads16_fold3_best_loss.pth  (best val loss=0.1694)

── Fold 4/5
Train labels: pos=26560, neg=372298, ignore=700342, pos_rate=0.066590
Val labels: pos=6670, neg=94664, ignore=172266, pos_rate=0.065822
Initializing ClassificationModel with 10 GAT layers and residual connections...
Initializing MCModel with 10 GAT layers and 5 row attention layers (drop_path_rate=0.03)
Initializing CoreModel with 1 layers, drop_path_rate=0.03
Ep000  LR0=2.00e-05  pw=15.00  aucα=0.000  token_p=0.000  dropE=(0.000,0.000)  smooth=0.000  train_loss=0.5767  train_AUPR=0.3789  train_P@5=0.4394  train_P@10=0.3388  val_loss=0.5090  val_AUPR=0.3608  val_P@5=0.4195  val_P@10=0.3350
Ep001  LR0=3.00e-05  pw=13.35  aucα=0.000  token_p=0.000  dropE=(0.000,0.000)  smooth=0.000  train_loss=0.4921  train_AUPR=0.4294  train_P@5=0.4875  train_P@10=0.3639  val_loss=0.4856  val_AUPR=0.4056  val_P@5=0.4633  val_P@10=0.3515
Ep002  LR0=4.00e-05  pw=11.90  aucα=0.000  token_p=0.000  dropE=(0.000,0.000)  smooth=0.000  train_loss=0.4608  train_AUPR=0.4819  train_P@5=0.5512  train_P@10=0.4032  val_loss=0.4443  val_AUPR=0.4663  val_P@5=0.5448  val_P@10=0.3964
Ep003  LR0=5.00e-05  pw=10.62  aucα=0.000  token_p=0.000  dropE=(0.000,0.000)  smooth=0.000  train_loss=0.4378  train_AUPR=0.5132  train_P@5=0.5631  train_P@10=0.4129  val_loss=0.4356  val_AUPR=0.4859  val_P@5=0.5454  val_P@10=0.4007
Ep004  LR0=6.00e-05  pw=9.49  aucα=0.057  token_p=0.000  dropE=(0.000,0.000)  smooth=0.000  train_loss=0.4304  train_AUPR=0.5358  train_P@5=0.5951  train_P@10=0.4279  val_loss=0.4231  val_AUPR=0.5091  val_P@5=0.5829  val_P@10=0.4149
Ep005  LR0=7.00e-05  pw=8.49  aucα=0.114  token_p=0.000  dropE=(0.000,0.000)  smooth=0.000  train_loss=0.4264  train_AUPR=0.5464  train_P@5=0.6012  train_P@10=0.4334  val_loss=0.3999  val_AUPR=0.5278  val_P@5=0.5914  val_P@10=0.4215
Ep006  LR0=8.00e-05  pw=7.61  aucα=0.171  token_p=0.001  dropE=(0.001,0.005)  smooth=0.001  train_loss=0.4233  train_AUPR=0.5680  train_P@5=0.6183  train_P@10=0.4455  val_loss=0.4004  val_AUPR=0.5377  val_P@5=0.5997  val_P@10=0.4272
Ep007  LR0=9.00e-05  pw=6.84  aucα=0.229  token_p=0.002  dropE=(0.002,0.010)  smooth=0.002  train_loss=0.4197  train_AUPR=0.5742  train_P@5=0.6209  train_P@10=0.4448  val_loss=0.3864  val_AUPR=0.5448  val_P@5=0.5973  val_P@10=0.4255
Ep008  LR0=1.00e-04  pw=6.15  aucα=0.286  token_p=0.003  dropE=(0.003,0.015)  smooth=0.003  train_loss=0.4153  train_AUPR=0.5745  train_P@5=0.6185  train_P@10=0.4420  val_loss=0.3902  val_AUPR=0.5429  val_P@5=0.5971  val_P@10=0.4235
Ep009  LR0=1.00e-04  pw=5.55  aucα=0.343  token_p=0.004  dropE=(0.004,0.020)  smooth=0.004  train_loss=0.4074  train_AUPR=0.6082  train_P@5=0.6461  train_P@10=0.4604  val_loss=0.3565  val_AUPR=0.5724  val_P@5=0.6261  val_P@10=0.4371
[Info] Unfroze 'dym' params after warmup (epoch=10). Added core=66 tensors, other=0 tensors.
Ep010  LR0=2.00e-05  pw=5.01  aucα=0.400  token_p=0.005  dropE=(0.005,0.025)  smooth=0.005  train_loss=0.3849  train_AUPR=0.6312  train_P@5=0.6597  train_P@10=0.4767  val_loss=0.3439  val_AUPR=0.5887  val_P@5=0.6407  val_P@10=0.4510
Ep011  LR0=3.00e-05  pw=4.54  aucα=0.400  token_p=0.006  dropE=(0.006,0.030)  smooth=0.006  train_loss=0.3748  train_AUPR=0.6421  train_P@5=0.6712  train_P@10=0.4804  val_loss=0.3280  val_AUPR=0.5964  val_P@5=0.6433  val_P@10=0.4536
Ep012  LR0=4.00e-05  pw=4.12  aucα=0.400  token_p=0.007  dropE=(0.007,0.035)  smooth=0.007  train_loss=0.3671  train_AUPR=0.6447  train_P@5=0.6736  train_P@10=0.4823  val_loss=0.3249  val_AUPR=0.5888  val_P@5=0.6390  val_P@10=0.4490
Ep013  LR0=5.00e-05  pw=3.76  aucα=0.400  token_p=0.008  dropE=(0.008,0.040)  smooth=0.008  train_loss=0.3583  train_AUPR=0.6515  train_P@5=0.6762  train_P@10=0.4854  val_loss=0.3007  val_AUPR=0.6004  val_P@5=0.6506  val_P@10=0.4529
Ep014  LR0=6.00e-05  pw=3.43  aucα=0.400  token_p=0.009  dropE=(0.009,0.045)  smooth=0.009  train_loss=0.3499  train_AUPR=0.6528  train_P@5=0.6778  train_P@10=0.4842  val_loss=0.2967  val_AUPR=0.5914  val_P@5=0.6463  val_P@10=0.4482
Ep015  LR0=7.00e-05  pw=3.15  aucα=0.400  token_p=0.010  dropE=(0.010,0.050)  smooth=0.010  train_loss=0.3412  train_AUPR=0.6503  train_P@5=0.6848  train_P@10=0.4873  val_loss=0.2897  val_AUPR=0.5676  val_P@5=0.6378  val_P@10=0.4472
Ep016  LR0=8.00e-05  pw=2.89  aucα=0.400  token_p=0.010  dropE=(0.010,0.050)  smooth=0.010  train_loss=0.3336  train_AUPR=0.6556  train_P@5=0.6833  train_P@10=0.4869  val_loss=0.2878  val_AUPR=0.5862  val_P@5=0.6451  val_P@10=0.4452
Ep017  LR0=9.00e-05  pw=2.67  aucα=0.400  token_p=0.010  dropE=(0.010,0.050)  smooth=0.010  train_loss=0.3254  train_AUPR=0.6477  train_P@5=0.6740  train_P@10=0.4904  val_loss=0.2754  val_AUPR=0.5690  val_P@5=0.6311  val_P@10=0.4371
Ep018  LR0=1.00e-04  pw=2.48  aucα=0.400  token_p=0.010  dropE=(0.010,0.050)  smooth=0.010  train_loss=0.3185  train_AUPR=0.6643  train_P@5=0.6912  train_P@10=0.4879  val_loss=0.2604  val_AUPR=0.5837  val_P@5=0.6295  val_P@10=0.4413
Ep019  LR0=1.00e-04  pw=2.30  aucα=0.400  token_p=0.010  dropE=(0.010,0.050)  smooth=0.010  train_loss=0.3105  train_AUPR=0.6880  train_P@5=0.7085  train_P@10=0.5065  val_loss=0.2462  val_AUPR=0.6006  val_P@5=0.6522  val_P@10=0.4554
Ep020  LR0=1.00e-04  pw=2.15  aucα=0.400  token_p=0.010  dropE=(0.010,0.050)  smooth=0.010  train_loss=0.2990  train_AUPR=0.6964  train_P@5=0.7184  train_P@10=0.5093  val_loss=0.2396  val_AUPR=0.5938  val_P@5=0.6328  val_P@10=0.4497
Ep021  LR0=9.99e-05  pw=2.01  aucα=0.400  token_p=0.010  dropE=(0.010,0.050)  smooth=0.010  train_loss=0.2883  train_AUPR=0.7079  train_P@5=0.7271  train_P@10=0.5169  val_loss=0.2326  val_AUPR=0.5943  val_P@5=0.6453  val_P@10=0.4516
Ep022  LR0=9.97e-05  pw=1.89  aucα=0.400  token_p=0.010  dropE=(0.010,0.050)  smooth=0.010  train_loss=0.2794  train_AUPR=0.7100  train_P@5=0.7334  train_P@10=0.5143  val_loss=0.2295  val_AUPR=0.6033  val_P@5=0.6520  val_P@10=0.4521
Ep023  LR0=9.95e-05  pw=1.79  aucα=0.400  token_p=0.010  dropE=(0.010,0.050)  smooth=0.010  train_loss=0.2683  train_AUPR=0.7239  train_P@5=0.7420  train_P@10=0.5259  val_loss=0.2195  val_AUPR=0.6078  val_P@5=0.6668  val_P@10=0.4596
Ep024  LR0=9.92e-05  pw=1.70  aucα=0.400  token_p=0.010  dropE=(0.010,0.050)  smooth=0.010  train_loss=0.2592  train_AUPR=0.7319  train_P@5=0.7498  train_P@10=0.5293  val_loss=0.2104  val_AUPR=0.6047  val_P@5=0.6605  val_P@10=0.4579
Ep025  LR0=9.89e-05  pw=1.62  aucα=0.400  token_p=0.010  dropE=(0.010,0.050)  smooth=0.010  train_loss=0.2528  train_AUPR=0.7580  train_P@5=0.7773  train_P@10=0.5390  val_loss=0.2079  val_AUPR=0.6052  val_P@5=0.6528  val_P@10=0.4517
Ep026  LR0=9.85e-05  pw=1.54  aucα=0.400  token_p=0.010  dropE=(0.010,0.050)  smooth=0.010  train_loss=0.2429  train_AUPR=0.7674  train_P@5=0.7818  train_P@10=0.5460  val_loss=0.2017  val_AUPR=0.6126  val_P@5=0.6650  val_P@10=0.4650
Ep027  LR0=9.81e-05  pw=1.48  aucα=0.400  token_p=0.010  dropE=(0.010,0.050)  smooth=0.010  train_loss=0.2336  train_AUPR=0.7786  train_P@5=0.7907  train_P@10=0.5547  val_loss=0.2012  val_AUPR=0.5982  val_P@5=0.6439  val_P@10=0.4556
Ep028  LR0=9.76e-05  pw=1.42  aucα=0.400  token_p=0.010  dropE=(0.010,0.050)  smooth=0.010  train_loss=0.2266  train_AUPR=0.7969  train_P@5=0.8067  train_P@10=0.5597  val_loss=0.1963  val_AUPR=0.6162  val_P@5=0.6656  val_P@10=0.4607
Ep029  LR0=9.70e-05  pw=1.37  aucα=0.400  token_p=0.010  dropE=(0.010,0.050)  smooth=0.010  train_loss=0.2178  train_AUPR=0.8113  train_P@5=0.8165  train_P@10=0.5704  val_loss=0.1900  val_AUPR=0.6212  val_P@5=0.6721  val_P@10=0.4646
Ep030  LR0=9.46e-05  pw=1.33  aucα=0.400  token_p=0.010  dropE=(0.010,0.050)  smooth=0.010  train_loss=0.2097  train_AUPR=0.8137  train_P@5=0.8238  train_P@10=0.5691  val_loss=0.1883  val_AUPR=0.6221  val_P@5=0.6737  val_P@10=0.4593
Ep031  LR0=8.78e-05  pw=1.29  aucα=0.400  token_p=0.010  dropE=(0.010,0.050)  smooth=0.010  train_loss=0.2043  train_AUPR=0.8274  train_P@5=0.8325  train_P@10=0.5811  val_loss=0.1820  val_AUPR=0.6250  val_P@5=0.6729  val_P@10=0.4650
Ep032  LR0=7.71e-05  pw=1.26  aucα=0.400  token_p=0.010  dropE=(0.010,0.050)  smooth=0.010  train_loss=0.1941  train_AUPR=0.8396  train_P@5=0.8459  train_P@10=0.5878  val_loss=0.1780  val_AUPR=0.6297  val_P@5=0.6707  val_P@10=0.4677
Ep033  LR0=6.37e-05  pw=1.23  aucα=0.400  token_p=0.010  dropE=(0.010,0.050)  smooth=0.010  train_loss=0.1826  train_AUPR=0.8630  train_P@5=0.8718  train_P@10=0.5989  val_loss=0.1754  val_AUPR=0.6286  val_P@5=0.6700  val_P@10=0.4667
Ep034  LR0=4.87e-05  pw=1.20  aucα=0.400  token_p=0.010  dropE=(0.010,0.050)  smooth=0.010  train_loss=0.1718  train_AUPR=0.8807  train_P@5=0.8914  train_P@10=0.6071  val_loss=0.1737  val_AUPR=0.6275  val_P@5=0.6692  val_P@10=0.4678
Ep035  LR0=3.38e-05  pw=1.18  aucα=0.400  token_p=0.010  dropE=(0.010,0.050)  smooth=0.010  train_loss=0.1605  train_AUPR=0.8955  train_P@5=0.9039  train_P@10=0.6160  val_loss=0.1723  val_AUPR=0.6259  val_P@5=0.6698  val_P@10=0.4680
Ep036  LR0=2.04e-05  pw=1.16  aucα=0.400  token_p=0.010  dropE=(0.010,0.050)  smooth=0.010  train_loss=0.1509  train_AUPR=0.9042  train_P@5=0.9171  train_P@10=0.6211  val_loss=0.1713  val_AUPR=0.6236  val_P@5=0.6690  val_P@10=0.4685
Ep037  LR0=9.71e-06  pw=1.14  aucα=0.400  token_p=0.010  dropE=(0.010,0.050)  smooth=0.010  train_loss=0.1406  train_AUPR=0.9149  train_P@5=0.9265  train_P@10=0.6281  val_loss=0.1706  val_AUPR=0.6201  val_P@5=0.6670  val_P@10=0.4684
Ep038  LR0=2.86e-06  pw=1.12  aucα=0.400  token_p=0.010  dropE=(0.010,0.050)  smooth=0.010  train_loss=0.1344  train_AUPR=0.9258  train_P@5=0.9388  train_P@10=0.6309  val_loss=0.1699  val_AUPR=0.6181  val_P@5=0.6646  val_P@10=0.4681
Ep039  LR0=5.00e-07  pw=1.11  aucα=0.400  token_p=0.010  dropE=(0.010,0.050)  smooth=0.010  train_loss=0.1299  train_AUPR=0.9272  train_P@5=0.9417  train_P@10=0.6327  val_loss=0.1693  val_AUPR=0.6167  val_P@5=0.6636  val_P@10=0.4680
Ep040  LR0=5.00e-07  pw=1.09  aucα=0.400  token_p=0.010  dropE=(0.010,0.050)  smooth=0.010  train_loss=0.1282  train_AUPR=0.9280  train_P@5=0.9428  train_P@10=0.6332  val_loss=0.1687  val_AUPR=0.6153  val_P@5=0.6623  val_P@10=0.4681
Ep041  LR0=5.00e-07  pw=1.08  aucα=0.400  token_p=0.010  dropE=(0.010,0.050)  smooth=0.010  train_loss=0.1276  train_AUPR=0.9281  train_P@5=0.9428  train_P@10=0.6333  val_loss=0.1682  val_AUPR=0.6141  val_P@5=0.6617  val_P@10=0.4690
Ep042  LR0=5.00e-07  pw=1.07  aucα=0.400  token_p=0.010  dropE=(0.010,0.050)  smooth=0.010  train_loss=0.1281  train_AUPR=0.9283  train_P@5=0.9429  train_P@10=0.6333  val_loss=0.1677  val_AUPR=0.6130  val_P@5=0.6609  val_P@10=0.4693
Ep043  LR0=5.00e-07  pw=1.06  aucα=0.400  token_p=0.010  dropE=(0.010,0.050)  smooth=0.010  train_loss=0.1271  train_AUPR=0.9287  train_P@5=0.9432  train_P@10=0.6336  val_loss=0.1672  val_AUPR=0.6121  val_P@5=0.6607  val_P@10=0.4697
Ep044  LR0=5.00e-07  pw=1.06  aucα=0.400  token_p=0.010  dropE=(0.010,0.050)  smooth=0.010  train_loss=0.1264  train_AUPR=0.9289  train_P@5=0.9434  train_P@10=0.6337  val_loss=0.1668  val_AUPR=0.6111  val_P@5=0.6605  val_P@10=0.4694
Ep045  LR0=5.00e-07  pw=1.05  aucα=0.400  token_p=0.010  dropE=(0.010,0.050)  smooth=0.010  train_loss=0.1269  train_AUPR=0.9290  train_P@5=0.9434  train_P@10=0.6336  val_loss=0.1665  val_AUPR=0.6104  val_P@5=0.6609  val_P@10=0.4690
Ep046  LR0=5.00e-07  pw=1.04  aucα=0.400  token_p=0.010  dropE=(0.010,0.050)  smooth=0.010  train_loss=0.1269  train_AUPR=0.9293  train_P@5=0.9441  train_P@10=0.6337  val_loss=0.1662  val_AUPR=0.6096  val_P@5=0.6607  val_P@10=0.4689
Ep047  LR0=5.00e-07  pw=1.04  aucα=0.400  token_p=0.010  dropE=(0.010,0.050)  smooth=0.010  train_loss=0.1255  train_AUPR=0.9294  train_P@5=0.9440  train_P@10=0.6337  val_loss=0.1659  val_AUPR=0.6090  val_P@5=0.6609  val_P@10=0.4692
Ep048  LR0=5.00e-07  pw=1.03  aucα=0.400  token_p=0.010  dropE=(0.010,0.050)  smooth=0.010  train_loss=0.1254  train_AUPR=0.9296  train_P@5=0.9445  train_P@10=0.6339  val_loss=0.1657  val_AUPR=0.6084  val_P@5=0.6611  val_P@10=0.4694
Ep049  LR0=5.00e-07  pw=1.03  aucα=0.400  token_p=0.010  dropE=(0.010,0.050)  smooth=0.010  train_loss=0.1247  train_AUPR=0.9298  train_P@5=0.9449  train_P@10=0.6341  val_loss=0.1655  val_AUPR=0.6078  val_P@5=0.6601  val_P@10=0.4694
Ep050  LR0=5.00e-07  pw=1.03  aucα=0.400  token_p=0.010  dropE=(0.010,0.050)  smooth=0.010  train_loss=0.1244  train_AUPR=0.9300  train_P@5=0.9449  train_P@10=0.6341  val_loss=0.1653  val_AUPR=0.6073  val_P@5=0.6601  val_P@10=0.4690
Ep051  LR0=5.00e-07  pw=1.02  aucα=0.400  token_p=0.010  dropE=(0.010,0.050)  smooth=0.010  train_loss=0.1248  train_AUPR=0.9302  train_P@5=0.9455  train_P@10=0.6342  val_loss=0.1652  val_AUPR=0.6069  val_P@5=0.6597  val_P@10=0.4690
Ep052  LR0=5.00e-07  pw=1.02  aucα=0.400  token_p=0.010  dropE=(0.010,0.050)  smooth=0.010  train_loss=0.1250  train_AUPR=0.9304  train_P@5=0.9458  train_P@10=0.6344  val_loss=0.1651  val_AUPR=0.6064  val_P@5=0.6591  val_P@10=0.4688
Ep053  LR0=5.00e-07  pw=1.02  aucα=0.400  token_p=0.010  dropE=(0.010,0.050)  smooth=0.010  train_loss=0.1249  train_AUPR=0.9304  train_P@5=0.9460  train_P@10=0.6342  val_loss=0.1650  val_AUPR=0.6060  val_P@5=0.6593  val_P@10=0.4687
Ep054  LR0=5.00e-07  pw=1.02  aucα=0.400  token_p=0.010  dropE=(0.010,0.050)  smooth=0.010  train_loss=0.1252  train_AUPR=0.9305  train_P@5=0.9460  train_P@10=0.6344  val_loss=0.1649  val_AUPR=0.6056  val_P@5=0.6593  val_P@10=0.4687
Ep055  LR0=5.00e-07  pw=1.01  aucα=0.400  token_p=0.010  dropE=(0.010,0.050)  smooth=0.010  train_loss=0.1241  train_AUPR=0.9306  train_P@5=0.9465  train_P@10=0.6344  val_loss=0.1649  val_AUPR=0.6052  val_P@5=0.6589  val_P@10=0.4688
Ep056  LR0=5.00e-07  pw=1.01  aucα=0.400  token_p=0.010  dropE=(0.010,0.050)  smooth=0.010  train_loss=0.1237  train_AUPR=0.9307  train_P@5=0.9463  train_P@10=0.6345  val_loss=0.1648  val_AUPR=0.6049  val_P@5=0.6585  val_P@10=0.4687
Ep057  LR0=5.00e-07  pw=1.01  aucα=0.400  token_p=0.010  dropE=(0.010,0.050)  smooth=0.010  train_loss=0.1232  train_AUPR=0.9307  train_P@5=0.9461  train_P@10=0.6345  val_loss=0.1648  val_AUPR=0.6045  val_P@5=0.6581  val_P@10=0.4688
Ep058  LR0=5.00e-07  pw=1.01  aucα=0.400  token_p=0.010  dropE=(0.010,0.050)  smooth=0.010  train_loss=0.1238  train_AUPR=0.9309  train_P@5=0.9458  train_P@10=0.6346  val_loss=0.1648  val_AUPR=0.6042  val_P@5=0.6575  val_P@10=0.4692
Ep059  LR0=5.00e-07  pw=1.01  aucα=0.400  token_p=0.010  dropE=(0.010,0.050)  smooth=0.010  train_loss=0.1238  train_AUPR=0.9311  train_P@5=0.9465  train_P@10=0.6345  val_loss=0.1648  val_AUPR=0.6040  val_P@5=0.6569  val_P@10=0.4689
Ep060  LR0=5.00e-07  pw=1.01  aucα=0.400  token_p=0.010  dropE=(0.010,0.050)  smooth=0.010  train_loss=0.1233  train_AUPR=0.9313  train_P@5=0.9468  train_P@10=0.6346  val_loss=0.1648  val_AUPR=0.6037  val_P@5=0.6569  val_P@10=0.4690
Ep061  LR0=5.00e-07  pw=1.01  aucα=0.400  token_p=0.010  dropE=(0.010,0.050)  smooth=0.010  train_loss=0.1233  train_AUPR=0.9315  train_P@5=0.9470  train_P@10=0.6347  val_loss=0.1648  val_AUPR=0.6034  val_P@5=0.6569  val_P@10=0.4692
Ep062  LR0=5.00e-07  pw=1.01  aucα=0.400  token_p=0.010  dropE=(0.010,0.050)  smooth=0.010  train_loss=0.1235  train_AUPR=0.9316  train_P@5=0.9473  train_P@10=0.6347  val_loss=0.1648  val_AUPR=0.6031  val_P@5=0.6573  val_P@10=0.4693
Ep063  LR0=5.00e-07  pw=1.01  aucα=0.400  token_p=0.010  dropE=(0.010,0.050)  smooth=0.010  train_loss=0.1228  train_AUPR=0.9316  train_P@5=0.9473  train_P@10=0.6347  val_loss=0.1648  val_AUPR=0.6029  val_P@5=0.6573  val_P@10=0.4695
Ep064  LR0=5.00e-07  pw=1.00  aucα=0.400  token_p=0.010  dropE=(0.010,0.050)  smooth=0.010  train_loss=0.1234  train_AUPR=0.9317  train_P@5=0.9469  train_P@10=0.6348  val_loss=0.1648  val_AUPR=0.6027  val_P@5=0.6569  val_P@10=0.4695
Ep065  LR0=5.00e-07  pw=1.00  aucα=0.400  token_p=0.010  dropE=(0.010,0.050)  smooth=0.010  train_loss=0.1228  train_AUPR=0.9319  train_P@5=0.9473  train_P@10=0.6349  val_loss=0.1648  val_AUPR=0.6025  val_P@5=0.6567  val_P@10=0.4693
Ep066  LR0=5.00e-07  pw=1.00  aucα=0.400  token_p=0.010  dropE=(0.010,0.050)  smooth=0.010  train_loss=0.1238  train_AUPR=0.9321  train_P@5=0.9474  train_P@10=0.6351  val_loss=0.1649  val_AUPR=0.6023  val_P@5=0.6567  val_P@10=0.4692
Ep067  LR0=5.00e-07  pw=1.00  aucα=0.400  token_p=0.010  dropE=(0.010,0.050)  smooth=0.010  train_loss=0.1237  train_AUPR=0.9324  train_P@5=0.9479  train_P@10=0.6353  val_loss=0.1649  val_AUPR=0.6020  val_P@5=0.6565  val_P@10=0.4693
Ep068  LR0=5.00e-07  pw=1.00  aucα=0.400  token_p=0.010  dropE=(0.010,0.050)  smooth=0.010  train_loss=0.1226  train_AUPR=0.9325  train_P@5=0.9479  train_P@10=0.6354  val_loss=0.1649  val_AUPR=0.6018  val_P@5=0.6563  val_P@10=0.4693
Ep069  LR0=5.00e-07  pw=1.00  aucα=0.400  token_p=0.010  dropE=(0.010,0.050)  smooth=0.010  train_loss=0.1232  train_AUPR=0.9326  train_P@5=0.9477  train_P@10=0.6355  val_loss=0.1650  val_AUPR=0.6016  val_P@5=0.6565  val_P@10=0.4695
Ep070  LR0=5.00e-07  pw=1.00  aucα=0.400  token_p=0.010  dropE=(0.010,0.050)  smooth=0.010  train_loss=0.1224  train_AUPR=0.9326  train_P@5=0.9484  train_P@10=0.6353  val_loss=0.1650  val_AUPR=0.6014  val_P@5=0.6567  val_P@10=0.4697
Ep071  LR0=5.00e-07  pw=1.00  aucα=0.400  token_p=0.010  dropE=(0.010,0.050)  smooth=0.010  train_loss=0.1216  train_AUPR=0.9329  train_P@5=0.9487  train_P@10=0.6355  val_loss=0.1650  val_AUPR=0.6013  val_P@5=0.6571  val_P@10=0.4699
Ep072  LR0=5.00e-07  pw=1.00  aucα=0.400  token_p=0.010  dropE=(0.010,0.050)  smooth=0.010  train_loss=0.1213  train_AUPR=0.9330  train_P@5=0.9491  train_P@10=0.6356  val_loss=0.1651  val_AUPR=0.6011  val_P@5=0.6571  val_P@10=0.4698
Ep073  LR0=5.00e-07  pw=1.00  aucα=0.400  token_p=0.010  dropE=(0.010,0.050)  smooth=0.010  train_loss=0.1220  train_AUPR=0.9331  train_P@5=0.9488  train_P@10=0.6356  val_loss=0.1651  val_AUPR=0.6009  val_P@5=0.6567  val_P@10=0.4698
Ep074  LR0=5.00e-07  pw=1.00  aucα=0.400  token_p=0.010  dropE=(0.010,0.050)  smooth=0.010  train_loss=0.1225  train_AUPR=0.9331  train_P@5=0.9488  train_P@10=0.6356  val_loss=0.1651  val_AUPR=0.6008  val_P@5=0.6567  val_P@10=0.4698
Ep075  LR0=5.00e-07  pw=1.00  aucα=0.400  token_p=0.010  dropE=(0.010,0.050)  smooth=0.010  train_loss=0.1224  train_AUPR=0.9334  train_P@5=0.9492  train_P@10=0.6355  val_loss=0.1652  val_AUPR=0.6006  val_P@5=0.6565  val_P@10=0.4699
Ep076  LR0=5.00e-07  pw=1.00  aucα=0.400  token_p=0.010  dropE=(0.010,0.050)  smooth=0.010  train_loss=0.1213  train_AUPR=0.9335  train_P@5=0.9497  train_P@10=0.6357  val_loss=0.1652  val_AUPR=0.6005  val_P@5=0.6565  val_P@10=0.4700
Ep077  LR0=5.00e-07  pw=1.00  aucα=0.400  token_p=0.010  dropE=(0.010,0.050)  smooth=0.010  train_loss=0.1218  train_AUPR=0.9336  train_P@5=0.9495  train_P@10=0.6358  val_loss=0.1652  val_AUPR=0.6003  val_P@5=0.6563  val_P@10=0.4700
Early stop triggered: neither val_AUPR nor val_loss improved for 20 epochs.
Saved iPara_l1_g10_i5_do0.10_dpr0.03_lr0.0002_heads16_fold4.pth  (best val AUPR=0.6297)
Saved iPara_l1_g10_i5_do0.10_dpr0.03_lr0.0002_heads16_fold4_best_aupr.pth
Saved iPara_l1_g10_i5_do0.10_dpr0.03_lr0.0002_heads16_fold4_best_loss.pth  (best val loss=0.1648)

── Fold 5/5
Train labels: pos=26617, neg=373043, ignore=699540, pos_rate=0.066599
Val labels: pos=6613, neg=93919, ignore=173068, pos_rate=0.065780
Initializing ClassificationModel with 10 GAT layers and residual connections...
Initializing MCModel with 10 GAT layers and 5 row attention layers (drop_path_rate=0.03)
Initializing CoreModel with 1 layers, drop_path_rate=0.03
Ep000  LR0=2.00e-05  pw=15.00  aucα=0.000  token_p=0.000  dropE=(0.000,0.000)  smooth=0.000  train_loss=0.5865  train_AUPR=0.3796  train_P@5=0.4425  train_P@10=0.3401  val_loss=0.5104  val_AUPR=0.3555  val_P@5=0.4212  val_P@10=0.3275
Ep001  LR0=3.00e-05  pw=13.35  aucα=0.000  token_p=0.000  dropE=(0.000,0.000)  smooth=0.000  train_loss=0.4958  train_AUPR=0.4296  train_P@5=0.4869  train_P@10=0.3688  val_loss=0.4629  val_AUPR=0.4066  val_P@5=0.4624  val_P@10=0.3632
Ep002  LR0=4.00e-05  pw=11.90  aucα=0.000  token_p=0.000  dropE=(0.000,0.000)  smooth=0.000  train_loss=0.4654  train_AUPR=0.4719  train_P@5=0.5397  train_P@10=0.3967  val_loss=0.4308  val_AUPR=0.4612  val_P@5=0.5334  val_P@10=0.3920
Ep003  LR0=5.00e-05  pw=10.62  aucα=0.000  token_p=0.000  dropE=(0.000,0.000)  smooth=0.000  train_loss=0.4428  train_AUPR=0.5066  train_P@5=0.5669  train_P@10=0.4193  val_loss=0.4160  val_AUPR=0.4939  val_P@5=0.5615  val_P@10=0.4113
Ep004  LR0=6.00e-05  pw=9.49  aucα=0.057  token_p=0.000  dropE=(0.000,0.000)  smooth=0.000  train_loss=0.4338  train_AUPR=0.5366  train_P@5=0.5949  train_P@10=0.4271  val_loss=0.4084  val_AUPR=0.5161  val_P@5=0.5802  val_P@10=0.4161
Ep005  LR0=7.00e-05  pw=8.49  aucα=0.114  token_p=0.000  dropE=(0.000,0.000)  smooth=0.000  train_loss=0.4292  train_AUPR=0.5563  train_P@5=0.6072  train_P@10=0.4372  val_loss=0.4049  val_AUPR=0.5331  val_P@5=0.5977  val_P@10=0.4263
Ep006  LR0=8.00e-05  pw=7.61  aucα=0.171  token_p=0.001  dropE=(0.001,0.005)  smooth=0.001  train_loss=0.4233  train_AUPR=0.5625  train_P@5=0.6093  train_P@10=0.4445  val_loss=0.3886  val_AUPR=0.5283  val_P@5=0.5915  val_P@10=0.4304
Ep007  LR0=9.00e-05  pw=6.84  aucα=0.229  token_p=0.002  dropE=(0.002,0.010)  smooth=0.002  train_loss=0.4197  train_AUPR=0.5765  train_P@5=0.6278  train_P@10=0.4414  val_loss=0.3733  val_AUPR=0.5527  val_P@5=0.6098  val_P@10=0.4266
Ep008  LR0=1.00e-04  pw=6.15  aucα=0.286  token_p=0.003  dropE=(0.003,0.015)  smooth=0.003  train_loss=0.4149  train_AUPR=0.5927  train_P@5=0.6335  train_P@10=0.4561  val_loss=0.3817  val_AUPR=0.5612  val_P@5=0.6138  val_P@10=0.4357
Ep009  LR0=1.00e-04  pw=5.55  aucα=0.343  token_p=0.004  dropE=(0.004,0.020)  smooth=0.004  train_loss=0.4101  train_AUPR=0.5739  train_P@5=0.6229  train_P@10=0.4399  val_loss=0.3572  val_AUPR=0.5389  val_P@5=0.5891  val_P@10=0.4180
[Info] Unfroze 'dym' params after warmup (epoch=10). Added core=66 tensors, other=0 tensors.
Ep010  LR0=2.00e-05  pw=5.01  aucα=0.400  token_p=0.005  dropE=(0.005,0.025)  smooth=0.005  train_loss=0.3879  train_AUPR=0.6308  train_P@5=0.6701  train_P@10=0.4768  val_loss=0.3438  val_AUPR=0.5794  val_P@5=0.6251  val_P@10=0.4453
Ep011  LR0=3.00e-05  pw=4.54  aucα=0.400  token_p=0.006  dropE=(0.006,0.030)  smooth=0.006  train_loss=0.3723  train_AUPR=0.6394  train_P@5=0.6736  train_P@10=0.4792  val_loss=0.3309  val_AUPR=0.5843  val_P@5=0.6343  val_P@10=0.4430
Ep012  LR0=4.00e-05  pw=4.12  aucα=0.400  token_p=0.007  dropE=(0.007,0.035)  smooth=0.007  train_loss=0.3660  train_AUPR=0.6470  train_P@5=0.6819  train_P@10=0.4844  val_loss=0.3196  val_AUPR=0.5809  val_P@5=0.6341  val_P@10=0.4486
Ep013  LR0=5.00e-05  pw=3.76  aucα=0.400  token_p=0.008  dropE=(0.008,0.040)  smooth=0.008  train_loss=0.3557  train_AUPR=0.6449  train_P@5=0.6808  train_P@10=0.4848  val_loss=0.3013  val_AUPR=0.5833  val_P@5=0.6295  val_P@10=0.4463
Ep014  LR0=6.00e-05  pw=3.43  aucα=0.400  token_p=0.009  dropE=(0.009,0.045)  smooth=0.009  train_loss=0.3508  train_AUPR=0.6524  train_P@5=0.6834  train_P@10=0.4870  val_loss=0.2924  val_AUPR=0.5910  val_P@5=0.6313  val_P@10=0.4456
Ep015  LR0=7.00e-05  pw=3.15  aucα=0.400  token_p=0.010  dropE=(0.010,0.050)  smooth=0.010  train_loss=0.3432  train_AUPR=0.6604  train_P@5=0.6902  train_P@10=0.4923  val_loss=0.2881  val_AUPR=0.5809  val_P@5=0.6269  val_P@10=0.4452
Ep016  LR0=8.00e-05  pw=2.89  aucα=0.400  token_p=0.010  dropE=(0.010,0.050)  smooth=0.010  train_loss=0.3347  train_AUPR=0.6646  train_P@5=0.6850  train_P@10=0.4935  val_loss=0.2734  val_AUPR=0.5891  val_P@5=0.6373  val_P@10=0.4393
Ep017  LR0=9.00e-05  pw=2.67  aucα=0.400  token_p=0.010  dropE=(0.010,0.050)  smooth=0.010  train_loss=0.3275  train_AUPR=0.6755  train_P@5=0.7060  train_P@10=0.4971  val_loss=0.2616  val_AUPR=0.5897  val_P@5=0.6325  val_P@10=0.4466
Ep018  LR0=1.00e-04  pw=2.48  aucα=0.400  token_p=0.010  dropE=(0.010,0.050)  smooth=0.010  train_loss=0.3183  train_AUPR=0.6664  train_P@5=0.6937  train_P@10=0.4927  val_loss=0.2597  val_AUPR=0.5749  val_P@5=0.6160  val_P@10=0.4410
Ep019  LR0=1.00e-04  pw=2.30  aucα=0.400  token_p=0.010  dropE=(0.010,0.050)  smooth=0.010  train_loss=0.3138  train_AUPR=0.6821  train_P@5=0.7070  train_P@10=0.5038  val_loss=0.2490  val_AUPR=0.5675  val_P@5=0.6021  val_P@10=0.4315
Ep020  LR0=1.00e-04  pw=2.15  aucα=0.400  token_p=0.010  dropE=(0.010,0.050)  smooth=0.010  train_loss=0.3002  train_AUPR=0.6921  train_P@5=0.7154  train_P@10=0.5096  val_loss=0.2400  val_AUPR=0.5803  val_P@5=0.6156  val_P@10=0.4409
Ep021  LR0=9.99e-05  pw=2.01  aucα=0.400  token_p=0.010  dropE=(0.010,0.050)  smooth=0.010  train_loss=0.2906  train_AUPR=0.6877  train_P@5=0.7116  train_P@10=0.5026  val_loss=0.2379  val_AUPR=0.5628  val_P@5=0.6060  val_P@10=0.4196
Ep022  LR0=9.97e-05  pw=1.89  aucα=0.400  token_p=0.010  dropE=(0.010,0.050)  smooth=0.010  train_loss=0.2801  train_AUPR=0.7103  train_P@5=0.7346  train_P@10=0.5180  val_loss=0.2269  val_AUPR=0.5892  val_P@5=0.6331  val_P@10=0.4405
Ep023  LR0=9.95e-05  pw=1.79  aucα=0.400  token_p=0.010  dropE=(0.010,0.050)  smooth=0.010  train_loss=0.2721  train_AUPR=0.7292  train_P@5=0.7500  train_P@10=0.5290  val_loss=0.2195  val_AUPR=0.5811  val_P@5=0.6242  val_P@10=0.4396
Ep024  LR0=9.92e-05  pw=1.70  aucα=0.400  token_p=0.010  dropE=(0.010,0.050)  smooth=0.010  train_loss=0.2589  train_AUPR=0.7445  train_P@5=0.7614  train_P@10=0.5338  val_loss=0.2115  val_AUPR=0.6011  val_P@5=0.6381  val_P@10=0.4528
Ep025  LR0=9.89e-05  pw=1.62  aucα=0.400  token_p=0.010  dropE=(0.010,0.050)  smooth=0.010  train_loss=0.2524  train_AUPR=0.7552  train_P@5=0.7682  train_P@10=0.5427  val_loss=0.2063  val_AUPR=0.6034  val_P@5=0.6522  val_P@10=0.4481
Ep026  LR0=9.85e-05  pw=1.54  aucα=0.400  token_p=0.010  dropE=(0.010,0.050)  smooth=0.010  train_loss=0.2409  train_AUPR=0.7670  train_P@5=0.7787  train_P@10=0.5457  val_loss=0.2002  val_AUPR=0.5984  val_P@5=0.6349  val_P@10=0.4470
Ep027  LR0=9.81e-05  pw=1.48  aucα=0.400  token_p=0.010  dropE=(0.010,0.050)  smooth=0.010  train_loss=0.2342  train_AUPR=0.7732  train_P@5=0.7865  train_P@10=0.5489  val_loss=0.2013  val_AUPR=0.5802  val_P@5=0.6279  val_P@10=0.4332
Ep028  LR0=9.76e-05  pw=1.42  aucα=0.400  token_p=0.010  dropE=(0.010,0.050)  smooth=0.010  train_loss=0.2266  train_AUPR=0.7854  train_P@5=0.7963  train_P@10=0.5586  val_loss=0.2016  val_AUPR=0.5750  val_P@5=0.6138  val_P@10=0.4389
Ep029  LR0=9.70e-05  pw=1.37  aucα=0.400  token_p=0.010  dropE=(0.010,0.050)  smooth=0.010  train_loss=0.2194  train_AUPR=0.8100  train_P@5=0.8198  train_P@10=0.5684  val_loss=0.1986  val_AUPR=0.5825  val_P@5=0.6244  val_P@10=0.4482
Ep030  LR0=9.46e-05  pw=1.33  aucα=0.400  token_p=0.010  dropE=(0.010,0.050)  smooth=0.010  train_loss=0.2103  train_AUPR=0.8146  train_P@5=0.8211  train_P@10=0.5734  val_loss=0.1872  val_AUPR=0.5915  val_P@5=0.6375  val_P@10=0.4498
Ep031  LR0=8.78e-05  pw=1.29  aucα=0.400  token_p=0.010  dropE=(0.010,0.050)  smooth=0.010  train_loss=0.2031  train_AUPR=0.8355  train_P@5=0.8454  train_P@10=0.5837  val_loss=0.1844  val_AUPR=0.6062  val_P@5=0.6478  val_P@10=0.4562
Ep032  LR0=7.71e-05  pw=1.26  aucα=0.400  token_p=0.010  dropE=(0.010,0.050)  smooth=0.010  train_loss=0.1924  train_AUPR=0.8429  train_P@5=0.8520  train_P@10=0.5875  val_loss=0.1816  val_AUPR=0.6073  val_P@5=0.6512  val_P@10=0.4542
Ep033  LR0=6.37e-05  pw=1.23  aucα=0.400  token_p=0.010  dropE=(0.010,0.050)  smooth=0.010  train_loss=0.1805  train_AUPR=0.8616  train_P@5=0.8714  train_P@10=0.5976  val_loss=0.1796  val_AUPR=0.6048  val_P@5=0.6486  val_P@10=0.4554
Ep034  LR0=4.87e-05  pw=1.20  aucα=0.400  token_p=0.010  dropE=(0.010,0.050)  smooth=0.010  train_loss=0.1715  train_AUPR=0.8791  train_P@5=0.8872  train_P@10=0.6068  val_loss=0.1783  val_AUPR=0.6019  val_P@5=0.6450  val_P@10=0.4559
Ep035  LR0=3.38e-05  pw=1.18  aucα=0.400  token_p=0.010  dropE=(0.010,0.050)  smooth=0.010  train_loss=0.1590  train_AUPR=0.8921  train_P@5=0.9007  train_P@10=0.6149  val_loss=0.1769  val_AUPR=0.6031  val_P@5=0.6490  val_P@10=0.4554
Ep036  LR0=2.04e-05  pw=1.16  aucα=0.400  token_p=0.010  dropE=(0.010,0.050)  smooth=0.010  train_loss=0.1498  train_AUPR=0.9071  train_P@5=0.9166  train_P@10=0.6231  val_loss=0.1756  val_AUPR=0.6017  val_P@5=0.6476  val_P@10=0.4559
Ep037  LR0=9.71e-06  pw=1.14  aucα=0.400  token_p=0.010  dropE=(0.010,0.050)  smooth=0.010  train_loss=0.1402  train_AUPR=0.9193  train_P@5=0.9335  train_P@10=0.6280  val_loss=0.1743  val_AUPR=0.6002  val_P@5=0.6456  val_P@10=0.4552
Ep038  LR0=2.86e-06  pw=1.12  aucα=0.400  token_p=0.010  dropE=(0.010,0.050)  smooth=0.010  train_loss=0.1334  train_AUPR=0.9245  train_P@5=0.9398  train_P@10=0.6301  val_loss=0.1735  val_AUPR=0.5985  val_P@5=0.6452  val_P@10=0.4549
Ep039  LR0=5.00e-07  pw=1.11  aucα=0.400  token_p=0.010  dropE=(0.010,0.050)  smooth=0.010  train_loss=0.1306  train_AUPR=0.9270  train_P@5=0.9422  train_P@10=0.6314  val_loss=0.1726  val_AUPR=0.5969  val_P@5=0.6435  val_P@10=0.4546
Ep040  LR0=5.00e-07  pw=1.09  aucα=0.400  token_p=0.010  dropE=(0.010,0.050)  smooth=0.010  train_loss=0.1282  train_AUPR=0.9271  train_P@5=0.9423  train_P@10=0.6317  val_loss=0.1719  val_AUPR=0.5954  val_P@5=0.6437  val_P@10=0.4545
Ep041  LR0=5.00e-07  pw=1.08  aucα=0.400  token_p=0.010  dropE=(0.010,0.050)  smooth=0.010  train_loss=0.1279  train_AUPR=0.9273  train_P@5=0.9423  train_P@10=0.6319  val_loss=0.1712  val_AUPR=0.5941  val_P@5=0.6433  val_P@10=0.4545
Ep042  LR0=5.00e-07  pw=1.07  aucα=0.400  token_p=0.010  dropE=(0.010,0.050)  smooth=0.010  train_loss=0.1275  train_AUPR=0.9274  train_P@5=0.9422  train_P@10=0.6318  val_loss=0.1706  val_AUPR=0.5928  val_P@5=0.6425  val_P@10=0.4546
Ep043  LR0=5.00e-07  pw=1.06  aucα=0.400  token_p=0.010  dropE=(0.010,0.050)  smooth=0.010  train_loss=0.1264  train_AUPR=0.9276  train_P@5=0.9425  train_P@10=0.6321  val_loss=0.1701  val_AUPR=0.5918  val_P@5=0.6415  val_P@10=0.4549
Ep044  LR0=5.00e-07  pw=1.06  aucα=0.400  token_p=0.010  dropE=(0.010,0.050)  smooth=0.010  train_loss=0.1268  train_AUPR=0.9278  train_P@5=0.9432  train_P@10=0.6322  val_loss=0.1696  val_AUPR=0.5908  val_P@5=0.6403  val_P@10=0.4551
Ep045  LR0=5.00e-07  pw=1.05  aucα=0.400  token_p=0.010  dropE=(0.010,0.050)  smooth=0.010  train_loss=0.1255  train_AUPR=0.9278  train_P@5=0.9428  train_P@10=0.6322  val_loss=0.1692  val_AUPR=0.5899  val_P@5=0.6387  val_P@10=0.4555
Ep046  LR0=5.00e-07  pw=1.04  aucα=0.400  token_p=0.010  dropE=(0.010,0.050)  smooth=0.010  train_loss=0.1260  train_AUPR=0.9279  train_P@5=0.9432  train_P@10=0.6320  val_loss=0.1689  val_AUPR=0.5891  val_P@5=0.6379  val_P@10=0.4558
Ep047  LR0=5.00e-07  pw=1.04  aucα=0.400  token_p=0.010  dropE=(0.010,0.050)  smooth=0.010  train_loss=0.1254  train_AUPR=0.9281  train_P@5=0.9432  train_P@10=0.6323  val_loss=0.1686  val_AUPR=0.5884  val_P@5=0.6375  val_P@10=0.4553
Ep048  LR0=5.00e-07  pw=1.03  aucα=0.400  token_p=0.010  dropE=(0.010,0.050)  smooth=0.010  train_loss=0.1252  train_AUPR=0.9282  train_P@5=0.9431  train_P@10=0.6323  val_loss=0.1683  val_AUPR=0.5876  val_P@5=0.6365  val_P@10=0.4558
Ep049  LR0=5.00e-07  pw=1.03  aucα=0.400  token_p=0.010  dropE=(0.010,0.050)  smooth=0.010  train_loss=0.1252  train_AUPR=0.9285  train_P@5=0.9437  train_P@10=0.6325  val_loss=0.1681  val_AUPR=0.5869  val_P@5=0.6359  val_P@10=0.4556
Ep050  LR0=5.00e-07  pw=1.03  aucα=0.400  token_p=0.010  dropE=(0.010,0.050)  smooth=0.010  train_loss=0.1250  train_AUPR=0.9285  train_P@5=0.9436  train_P@10=0.6325  val_loss=0.1679  val_AUPR=0.5864  val_P@5=0.6359  val_P@10=0.4556
Ep051  LR0=5.00e-07  pw=1.02  aucα=0.400  token_p=0.010  dropE=(0.010,0.050)  smooth=0.010  train_loss=0.1246  train_AUPR=0.9288  train_P@5=0.9435  train_P@10=0.6327  val_loss=0.1677  val_AUPR=0.5858  val_P@5=0.6351  val_P@10=0.4554
Ep052  LR0=5.00e-07  pw=1.02  aucα=0.400  token_p=0.010  dropE=(0.010,0.050)  smooth=0.010  train_loss=0.1254  train_AUPR=0.9289  train_P@5=0.9437  train_P@10=0.6329  val_loss=0.1676  val_AUPR=0.5853  val_P@5=0.6351  val_P@10=0.4556
Ep053  LR0=5.00e-07  pw=1.02  aucα=0.400  token_p=0.010  dropE=(0.010,0.050)  smooth=0.010  train_loss=0.1236  train_AUPR=0.9290  train_P@5=0.9439  train_P@10=0.6329  val_loss=0.1675  val_AUPR=0.5848  val_P@5=0.6351  val_P@10=0.4557
Ep054  LR0=5.00e-07  pw=1.02  aucα=0.400  token_p=0.010  dropE=(0.010,0.050)  smooth=0.010  train_loss=0.1238  train_AUPR=0.9291  train_P@5=0.9441  train_P@10=0.6330  val_loss=0.1674  val_AUPR=0.5844  val_P@5=0.6349  val_P@10=0.4557
Ep055  LR0=5.00e-07  pw=1.01  aucα=0.400  token_p=0.010  dropE=(0.010,0.050)  smooth=0.010  train_loss=0.1240  train_AUPR=0.9293  train_P@5=0.9444  train_P@10=0.6330  val_loss=0.1673  val_AUPR=0.5839  val_P@5=0.6349  val_P@10=0.4556
Ep056  LR0=5.00e-07  pw=1.01  aucα=0.400  token_p=0.010  dropE=(0.010,0.050)  smooth=0.010  train_loss=0.1235  train_AUPR=0.9292  train_P@5=0.9444  train_P@10=0.6330  val_loss=0.1673  val_AUPR=0.5835  val_P@5=0.6345  val_P@10=0.4558
Ep057  LR0=5.00e-07  pw=1.01  aucα=0.400  token_p=0.010  dropE=(0.010,0.050)  smooth=0.010  train_loss=0.1235  train_AUPR=0.9293  train_P@5=0.9443  train_P@10=0.6331  val_loss=0.1672  val_AUPR=0.5831  val_P@5=0.6337  val_P@10=0.4558
Ep058  LR0=5.00e-07  pw=1.01  aucα=0.400  token_p=0.010  dropE=(0.010,0.050)  smooth=0.010  train_loss=0.1228  train_AUPR=0.9296  train_P@5=0.9449  train_P@10=0.6332  val_loss=0.1672  val_AUPR=0.5827  val_P@5=0.6341  val_P@10=0.4557
Ep059  LR0=5.00e-07  pw=1.01  aucα=0.400  token_p=0.010  dropE=(0.010,0.050)  smooth=0.010  train_loss=0.1241  train_AUPR=0.9301  train_P@5=0.9455  train_P@10=0.6333  val_loss=0.1672  val_AUPR=0.5823  val_P@5=0.6343  val_P@10=0.4557
Ep060  LR0=5.00e-07  pw=1.01  aucα=0.400  token_p=0.010  dropE=(0.010,0.050)  smooth=0.010  train_loss=0.1234  train_AUPR=0.9301  train_P@5=0.9456  train_P@10=0.6333  val_loss=0.1672  val_AUPR=0.5820  val_P@5=0.6337  val_P@10=0.4556
Ep061  LR0=5.00e-07  pw=1.01  aucα=0.400  token_p=0.010  dropE=(0.010,0.050)  smooth=0.010  train_loss=0.1230  train_AUPR=0.9302  train_P@5=0.9457  train_P@10=0.6335  val_loss=0.1672  val_AUPR=0.5818  val_P@5=0.6335  val_P@10=0.4557
Ep062  LR0=5.00e-07  pw=1.01  aucα=0.400  token_p=0.010  dropE=(0.010,0.050)  smooth=0.010  train_loss=0.1228  train_AUPR=0.9303  train_P@5=0.9456  train_P@10=0.6336  val_loss=0.1672  val_AUPR=0.5815  val_P@5=0.6335  val_P@10=0.4559
Ep063  LR0=5.00e-07  pw=1.01  aucα=0.400  token_p=0.010  dropE=(0.010,0.050)  smooth=0.010  train_loss=0.1242  train_AUPR=0.9305  train_P@5=0.9458  train_P@10=0.6335  val_loss=0.1672  val_AUPR=0.5812  val_P@5=0.6329  val_P@10=0.4557
Ep064  LR0=5.00e-07  pw=1.00  aucα=0.400  token_p=0.010  dropE=(0.010,0.050)  smooth=0.010  train_loss=0.1219  train_AUPR=0.9305  train_P@5=0.9456  train_P@10=0.6337  val_loss=0.1672  val_AUPR=0.5810  val_P@5=0.6329  val_P@10=0.4555
Ep065  LR0=5.00e-07  pw=1.00  aucα=0.400  token_p=0.010  dropE=(0.010,0.050)  smooth=0.010  train_loss=0.1227  train_AUPR=0.9304  train_P@5=0.9457  train_P@10=0.6340  val_loss=0.1672  val_AUPR=0.5807  val_P@5=0.6325  val_P@10=0.4554
Ep066  LR0=5.00e-07  pw=1.00  aucα=0.400  token_p=0.010  dropE=(0.010,0.050)  smooth=0.010  train_loss=0.1238  train_AUPR=0.9306  train_P@5=0.9459  train_P@10=0.6343  val_loss=0.1673  val_AUPR=0.5804  val_P@5=0.6327  val_P@10=0.4554
Ep067  LR0=5.00e-07  pw=1.00  aucα=0.400  token_p=0.010  dropE=(0.010,0.050)  smooth=0.010  train_loss=0.1231  train_AUPR=0.9310  train_P@5=0.9461  train_P@10=0.6340  val_loss=0.1673  val_AUPR=0.5802  val_P@5=0.6327  val_P@10=0.4555
Ep068  LR0=5.00e-07  pw=1.00  aucα=0.400  token_p=0.010  dropE=(0.010,0.050)  smooth=0.010  train_loss=0.1228  train_AUPR=0.9312  train_P@5=0.9462  train_P@10=0.6340  val_loss=0.1673  val_AUPR=0.5800  val_P@5=0.6325  val_P@10=0.4552
Ep069  LR0=5.00e-07  pw=1.00  aucα=0.400  token_p=0.010  dropE=(0.010,0.050)  smooth=0.010  train_loss=0.1220  train_AUPR=0.9313  train_P@5=0.9466  train_P@10=0.6341  val_loss=0.1674  val_AUPR=0.5798  val_P@5=0.6327  val_P@10=0.4551
Ep070  LR0=5.00e-07  pw=1.00  aucα=0.400  token_p=0.010  dropE=(0.010,0.050)  smooth=0.010  train_loss=0.1220  train_AUPR=0.9313  train_P@5=0.9467  train_P@10=0.6342  val_loss=0.1674  val_AUPR=0.5795  val_P@5=0.6323  val_P@10=0.4552
Ep071  LR0=5.00e-07  pw=1.00  aucα=0.400  token_p=0.010  dropE=(0.010,0.050)  smooth=0.010  train_loss=0.1222  train_AUPR=0.9314  train_P@5=0.9465  train_P@10=0.6342  val_loss=0.1674  val_AUPR=0.5794  val_P@5=0.6323  val_P@10=0.4552
Ep072  LR0=5.00e-07  pw=1.00  aucα=0.400  token_p=0.010  dropE=(0.010,0.050)  smooth=0.010  train_loss=0.1225  train_AUPR=0.9315  train_P@5=0.9464  train_P@10=0.6343  val_loss=0.1675  val_AUPR=0.5792  val_P@5=0.6317  val_P@10=0.4552
Ep073  LR0=5.00e-07  pw=1.00  aucα=0.400  token_p=0.010  dropE=(0.010,0.050)  smooth=0.010  train_loss=0.1213  train_AUPR=0.9316  train_P@5=0.9470  train_P@10=0.6342  val_loss=0.1675  val_AUPR=0.5790  val_P@5=0.6313  val_P@10=0.4551
Ep074  LR0=5.00e-07  pw=1.00  aucα=0.400  token_p=0.010  dropE=(0.010,0.050)  smooth=0.010  train_loss=0.1224  train_AUPR=0.9316  train_P@5=0.9471  train_P@10=0.6344  val_loss=0.1675  val_AUPR=0.5788  val_P@5=0.6311  val_P@10=0.4552
Ep075  LR0=5.00e-07  pw=1.00  aucα=0.400  token_p=0.010  dropE=(0.010,0.050)  smooth=0.010  train_loss=0.1217  train_AUPR=0.9316  train_P@5=0.9470  train_P@10=0.6344  val_loss=0.1676  val_AUPR=0.5786  val_P@5=0.6309  val_P@10=0.4554
Ep076  LR0=5.00e-07  pw=1.00  aucα=0.400  token_p=0.010  dropE=(0.010,0.050)  smooth=0.010  train_loss=0.1223  train_AUPR=0.9319  train_P@5=0.9473  train_P@10=0.6344  val_loss=0.1676  val_AUPR=0.5784  val_P@5=0.6313  val_P@10=0.4552
Ep077  LR0=5.00e-07  pw=1.00  aucα=0.400  token_p=0.010  dropE=(0.010,0.050)  smooth=0.010  train_loss=0.1229  train_AUPR=0.9319  train_P@5=0.9475  train_P@10=0.6345  val_loss=0.1677  val_AUPR=0.5783  val_P@5=0.6315  val_P@10=0.4552
Ep078  LR0=5.00e-07  pw=1.00  aucα=0.400  token_p=0.010  dropE=(0.010,0.050)  smooth=0.010  train_loss=0.1221  train_AUPR=0.9321  train_P@5=0.9475  train_P@10=0.6347  val_loss=0.1677  val_AUPR=0.5781  val_P@5=0.6315  val_P@10=0.4551
Early stop triggered: neither val_AUPR nor val_loss improved for 20 epochs.
Saved iPara_l1_g10_i5_do0.10_dpr0.03_lr0.0002_heads16_fold5.pth  (best val AUPR=0.6073)
Saved iPara_l1_g10_i5_do0.10_dpr0.03_lr0.0002_heads16_fold5_best_aupr.pth
Saved iPara_l1_g10_i5_do0.10_dpr0.03_lr0.0002_heads16_fold5_best_loss.pth  (best val loss=0.1672)
