Traceback (most recent call last):
  File "/projects/SimBioSys/Xing/MGA/Model/Train_model.py", line 724, in <module>
    main()
  File "/projects/SimBioSys/Xing/MGA/Model/Train_model.py", line 670, in main
    train_m = train_one_epoch(model, tr_loader, optimizer, scaler, device, config, epoch, class_weights)
              ^^^^^^^^^^^^^^^^^^^^^^^^^^^^^^^^^^^^^^^^^^^^^^^^^^^^^^^^^^^^^^^^^^^^^^^^^^^^^^^^^^^^^^^^^^
  File "/projects/SimBioSys/Xing/MGA/Model/Train_model.py", line 309, in train_one_epoch
    for step, (edges, seqs, labels) in enumerate(loader):
                                       ^^^^^^^^^^^^^^^^^
  File "/home/xing.liu/miniconda3/envs/msa_attention/lib/python3.12/site-packages/torch/utils/data/dataloader.py", line 741, in __next__
    data = self._next_data()
           ^^^^^^^^^^^^^^^^^
  File "/home/xing.liu/miniconda3/envs/msa_attention/lib/python3.12/site-packages/torch/utils/data/dataloader.py", line 1548, in _next_data
    return self._process_data(data, worker_id)
           ^^^^^^^^^^^^^^^^^^^^^^^^^^^^^^^^^^^
  File "/home/xing.liu/miniconda3/envs/msa_attention/lib/python3.12/site-packages/torch/utils/data/dataloader.py", line 1586, in _process_data
    data.reraise()
  File "/home/xing.liu/miniconda3/envs/msa_attention/lib/python3.12/site-packages/torch/_utils.py", line 785, in reraise
    raise exception
zipfile.BadZipFile: Caught BadZipFile in DataLoader worker process 0.
Original Traceback (most recent call last):
  File "/home/xing.liu/miniconda3/envs/msa_attention/lib/python3.12/site-packages/torch/utils/data/_utils/worker.py", line 358, in _worker_loop
    data = fetcher.fetch(index)  # type: ignore[possibly-undefined]
           ^^^^^^^^^^^^^^^^^^^^
  File "/home/xing.liu/miniconda3/envs/msa_attention/lib/python3.12/site-packages/torch/utils/data/_utils/fetch.py", line 52, in fetch
    data = self.dataset.__getitems__(possibly_batched_index)
           ^^^^^^^^^^^^^^^^^^^^^^^^^^^^^^^^^^^^^^^^^^^^^^^^^
  File "/home/xing.liu/miniconda3/envs/msa_attention/lib/python3.12/site-packages/torch/utils/data/dataset.py", line 443, in __getitems__
    return [self.dataset[self.indices[idx]] for idx in indices]
            ~~~~~~~~~~~~^^^^^^^^^^^^^^^^^^^
  File "/projects/SimBioSys/Xing/MGA/Model/Dataloader_itf.py", line 37, in __getitem__
    sequence = self.sequence_data[key]
               ~~~~~~~~~~~~~~~~~~^^^^^
  File "/home/xing.liu/miniconda3/envs/msa_attention/lib/python3.12/site-packages/numpy/lib/npyio.py", line 251, in __getitem__
    bytes = self.zip.open(key)
            ^^^^^^^^^^^^^^^^^^
  File "/home/xing.liu/miniconda3/envs/msa_attention/lib/python3.12/zipfile/__init__.py", line 1625, in open
    raise BadZipFile("Bad magic number for file header")
zipfile.BadZipFile: Bad magic number for file header

ls: cannot access 'iPara*pth': No such file or directory
