{'sequence_file': 'para_tv_esmsequences_1600.npz', 'data_file': 'para_tv_esminterfaces_1600.npz', 'edge_file': 'para_tv_esmedges_1600.npz', 'vocab_size': 31, 'seq_len': 1600, 'embed_dim': 256, 'num_heads': 16, 'dropout': 0.1, 'num_layers': 1, 'num_gnn_layers': 6, 'num_int_layers': 6, 'drop_path_rate': 0.1, 'num_classes': 2, 'batch_size': 4, 'num_epochs': 100, 'warmup_epochs': 10, 'dym_start_epoch': 0, 'dym_lr_factor': 0.1, 'swa_start': 30, 'learning_rate': 0.0002, 'weight_decay': 0.0001, 'max_grad_norm': 0.5, 'accum_steps': 1, 'n_splits': 5, 'early_stop': 20, 'min_stop_epoch': 40, 'weight_start': 15.0, 'weight_end': 1.0, 'weight_anneal_tau': 8.0, 'dropedge_min': 0.01, 'dropedge_max': 0.05, 'token_drop_p': 0.01, 'apply_feature_mask_on_train_only': True, 'smooth_lambda': 0.01, 'smooth_ramp_start': 5, 'smooth_ramp_len': 10, 'aucpr_alpha': 0.4, 'aucpr_ramp_start': 3, 'aucpr_ramp_len': 7, 'aucpr_bins': 64, 'aucpr_temp': 0.05, 'label_smoothing': 0.01, 'save_best_loss_checkpoint': True, 'save_best_aupr_checkpoint': True}
Number of GPUs available: 1

── Fold 1/5
Train labels: pos=26433, neg=373034, ignore=698133, pos_rate=0.066171
Val labels: pos=6797, neg=93928, ignore=174475, pos_rate=0.067481
Initializing ClassificationModel with 6 GAT layers and residual connections...
Initializing MCModel with 6 GAT layers and 6 row attention layers (drop_path_rate=0.1)
Initializing CoreModel with 1 layers, drop_path_rate=0.1
Ep000  LR0=2.00e-05  pw=15.00  aucα=0.000  token_p=0.000  dropE=(0.000,0.000)  smooth=0.000  train_loss=0.5568  train_AUPR=0.3655  train_P@5=0.4242  train_P@10=0.3270  val_loss=0.4869  val_AUPR=0.3739  val_P@5=0.4470  val_P@10=0.3377
Ep001  LR0=3.00e-05  pw=13.35  aucα=0.000  token_p=0.000  dropE=(0.000,0.000)  smooth=0.000  train_loss=0.4936  train_AUPR=0.4291  train_P@5=0.5034  train_P@10=0.3740  val_loss=0.4522  val_AUPR=0.4337  val_P@5=0.5125  val_P@10=0.3754
Ep002  LR0=4.00e-05  pw=11.90  aucα=0.000  token_p=0.000  dropE=(0.000,0.000)  smooth=0.000  train_loss=0.4566  train_AUPR=0.4831  train_P@5=0.5507  train_P@10=0.3963  val_loss=0.4303  val_AUPR=0.4806  val_P@5=0.5385  val_P@10=0.3930
Ep003  LR0=5.00e-05  pw=10.62  aucα=0.000  token_p=0.000  dropE=(0.000,0.000)  smooth=0.000  train_loss=0.4283  train_AUPR=0.5086  train_P@5=0.5770  train_P@10=0.4155  val_loss=0.4385  val_AUPR=0.4918  val_P@5=0.5637  val_P@10=0.4053
Ep004  LR0=6.00e-05  pw=9.49  aucα=0.057  token_p=0.000  dropE=(0.000,0.000)  smooth=0.000  train_loss=0.4231  train_AUPR=0.5335  train_P@5=0.5911  train_P@10=0.4289  val_loss=0.4171  val_AUPR=0.5042  val_P@5=0.5725  val_P@10=0.4178
Ep005  LR0=7.00e-05  pw=8.49  aucα=0.114  token_p=0.000  dropE=(0.000,0.000)  smooth=0.000  train_loss=0.4198  train_AUPR=0.5483  train_P@5=0.6008  train_P@10=0.4345  val_loss=0.4097  val_AUPR=0.5215  val_P@5=0.5854  val_P@10=0.4183
Ep006  LR0=8.00e-05  pw=7.61  aucα=0.171  token_p=0.001  dropE=(0.001,0.005)  smooth=0.001  train_loss=0.4176  train_AUPR=0.5289  train_P@5=0.5761  train_P@10=0.4266  val_loss=0.4140  val_AUPR=0.5010  val_P@5=0.5582  val_P@10=0.4087
Ep007  LR0=9.00e-05  pw=6.84  aucα=0.229  token_p=0.002  dropE=(0.002,0.010)  smooth=0.002  train_loss=0.4144  train_AUPR=0.5823  train_P@5=0.6265  train_P@10=0.4511  val_loss=0.3879  val_AUPR=0.5430  val_P@5=0.6060  val_P@10=0.4258
Ep008  LR0=1.00e-04  pw=6.15  aucα=0.286  token_p=0.003  dropE=(0.003,0.015)  smooth=0.003  train_loss=0.4063  train_AUPR=0.5998  train_P@5=0.6373  train_P@10=0.4559  val_loss=0.3826  val_AUPR=0.5544  val_P@5=0.6112  val_P@10=0.4319
Ep009  LR0=1.00e-04  pw=5.55  aucα=0.343  token_p=0.004  dropE=(0.004,0.020)  smooth=0.004  train_loss=0.4008  train_AUPR=0.6006  train_P@5=0.6413  train_P@10=0.4505  val_loss=0.3659  val_AUPR=0.5576  val_P@5=0.6130  val_P@10=0.4294
[Info] Unfroze 'dym' params after warmup (epoch=10). Added core=54 tensors, other=0 tensors.
Ep010  LR0=2.00e-05  pw=5.01  aucα=0.400  token_p=0.005  dropE=(0.005,0.025)  smooth=0.005  train_loss=0.3850  train_AUPR=0.6304  train_P@5=0.6645  train_P@10=0.4712  val_loss=0.3494  val_AUPR=0.5784  val_P@5=0.6324  val_P@10=0.4406
Ep011  LR0=3.00e-05  pw=4.54  aucα=0.400  token_p=0.006  dropE=(0.006,0.030)  smooth=0.006  train_loss=0.3714  train_AUPR=0.6418  train_P@5=0.6782  train_P@10=0.4778  val_loss=0.3384  val_AUPR=0.5849  val_P@5=0.6356  val_P@10=0.4424
Ep012  LR0=4.00e-05  pw=4.12  aucα=0.400  token_p=0.007  dropE=(0.007,0.035)  smooth=0.007  train_loss=0.3615  train_AUPR=0.6513  train_P@5=0.6833  train_P@10=0.4835  val_loss=0.3275  val_AUPR=0.5844  val_P@5=0.6374  val_P@10=0.4414
Ep013  LR0=5.00e-05  pw=3.76  aucα=0.400  token_p=0.008  dropE=(0.008,0.040)  smooth=0.008  train_loss=0.3540  train_AUPR=0.6493  train_P@5=0.6812  train_P@10=0.4810  val_loss=0.3211  val_AUPR=0.5848  val_P@5=0.6299  val_P@10=0.4386
Ep014  LR0=6.00e-05  pw=3.43  aucα=0.400  token_p=0.009  dropE=(0.009,0.045)  smooth=0.009  train_loss=0.3468  train_AUPR=0.6562  train_P@5=0.6876  train_P@10=0.4870  val_loss=0.3069  val_AUPR=0.5768  val_P@5=0.6307  val_P@10=0.4364
Ep015  LR0=7.00e-05  pw=3.15  aucα=0.400  token_p=0.010  dropE=(0.010,0.050)  smooth=0.010  train_loss=0.3363  train_AUPR=0.6545  train_P@5=0.6834  train_P@10=0.4847  val_loss=0.2920  val_AUPR=0.5907  val_P@5=0.6450  val_P@10=0.4466
Ep016  LR0=8.00e-05  pw=2.89  aucα=0.400  token_p=0.010  dropE=(0.010,0.050)  smooth=0.010  train_loss=0.3305  train_AUPR=0.6631  train_P@5=0.6879  train_P@10=0.4899  val_loss=0.2829  val_AUPR=0.5867  val_P@5=0.6344  val_P@10=0.4379
Ep017  LR0=9.00e-05  pw=2.67  aucα=0.400  token_p=0.010  dropE=(0.010,0.050)  smooth=0.010  train_loss=0.3218  train_AUPR=0.6661  train_P@5=0.6908  train_P@10=0.4915  val_loss=0.2743  val_AUPR=0.5714  val_P@5=0.6124  val_P@10=0.4350
Ep018  LR0=1.00e-04  pw=2.48  aucα=0.400  token_p=0.010  dropE=(0.010,0.050)  smooth=0.010  train_loss=0.3144  train_AUPR=0.6679  train_P@5=0.6913  train_P@10=0.4985  val_loss=0.2657  val_AUPR=0.5752  val_P@5=0.6324  val_P@10=0.4439
Ep019  LR0=1.00e-04  pw=2.30  aucα=0.400  token_p=0.010  dropE=(0.010,0.050)  smooth=0.010  train_loss=0.3061  train_AUPR=0.6790  train_P@5=0.7018  train_P@10=0.4954  val_loss=0.2523  val_AUPR=0.5849  val_P@5=0.6354  val_P@10=0.4379
Ep020  LR0=1.00e-04  pw=2.15  aucα=0.400  token_p=0.010  dropE=(0.010,0.050)  smooth=0.010  train_loss=0.2969  train_AUPR=0.6999  train_P@5=0.7218  train_P@10=0.5079  val_loss=0.2444  val_AUPR=0.5894  val_P@5=0.6426  val_P@10=0.4446
Ep021  LR0=9.99e-05  pw=2.01  aucα=0.400  token_p=0.010  dropE=(0.010,0.050)  smooth=0.010  train_loss=0.2876  train_AUPR=0.7013  train_P@5=0.7212  train_P@10=0.5115  val_loss=0.2362  val_AUPR=0.5787  val_P@5=0.6170  val_P@10=0.4390
Ep022  LR0=9.97e-05  pw=1.89  aucα=0.400  token_p=0.010  dropE=(0.010,0.050)  smooth=0.010  train_loss=0.2792  train_AUPR=0.7005  train_P@5=0.7174  train_P@10=0.5134  val_loss=0.2242  val_AUPR=0.5993  val_P@5=0.6509  val_P@10=0.4499
Ep023  LR0=9.95e-05  pw=1.79  aucα=0.400  token_p=0.010  dropE=(0.010,0.050)  smooth=0.010  train_loss=0.2687  train_AUPR=0.7189  train_P@5=0.7401  train_P@10=0.5161  val_loss=0.2327  val_AUPR=0.5705  val_P@5=0.6124  val_P@10=0.4260
Ep024  LR0=9.92e-05  pw=1.70  aucα=0.400  token_p=0.010  dropE=(0.010,0.050)  smooth=0.010  train_loss=0.2615  train_AUPR=0.7441  train_P@5=0.7602  train_P@10=0.5342  val_loss=0.2183  val_AUPR=0.5974  val_P@5=0.6454  val_P@10=0.4433
Ep025  LR0=9.89e-05  pw=1.62  aucα=0.400  token_p=0.010  dropE=(0.010,0.050)  smooth=0.010  train_loss=0.2534  train_AUPR=0.7399  train_P@5=0.7565  train_P@10=0.5282  val_loss=0.2200  val_AUPR=0.5751  val_P@5=0.6211  val_P@10=0.4338
Ep026  LR0=9.85e-05  pw=1.54  aucα=0.400  token_p=0.010  dropE=(0.010,0.050)  smooth=0.010  train_loss=0.2431  train_AUPR=0.7521  train_P@5=0.7634  train_P@10=0.5369  val_loss=0.2143  val_AUPR=0.5857  val_P@5=0.6277  val_P@10=0.4426
Ep027  LR0=9.81e-05  pw=1.48  aucα=0.400  token_p=0.010  dropE=(0.010,0.050)  smooth=0.010  train_loss=0.2384  train_AUPR=0.7727  train_P@5=0.7838  train_P@10=0.5507  val_loss=0.2074  val_AUPR=0.5898  val_P@5=0.6358  val_P@10=0.4472
Ep028  LR0=9.76e-05  pw=1.42  aucα=0.400  token_p=0.010  dropE=(0.010,0.050)  smooth=0.010  train_loss=0.2300  train_AUPR=0.7814  train_P@5=0.7910  train_P@10=0.5502  val_loss=0.2074  val_AUPR=0.5924  val_P@5=0.6442  val_P@10=0.4462
Ep029  LR0=9.70e-05  pw=1.37  aucα=0.400  token_p=0.010  dropE=(0.010,0.050)  smooth=0.010  train_loss=0.2247  train_AUPR=0.7877  train_P@5=0.7965  train_P@10=0.5569  val_loss=0.1946  val_AUPR=0.5941  val_P@5=0.6410  val_P@10=0.4487
Ep030  LR0=9.46e-05  pw=1.33  aucα=0.400  token_p=0.010  dropE=(0.010,0.050)  smooth=0.010  train_loss=0.2160  train_AUPR=0.7932  train_P@5=0.8024  train_P@10=0.5611  val_loss=0.1932  val_AUPR=0.5930  val_P@5=0.6336  val_P@10=0.4435
Ep031  LR0=8.78e-05  pw=1.29  aucα=0.400  token_p=0.010  dropE=(0.010,0.050)  smooth=0.010  train_loss=0.2090  train_AUPR=0.8048  train_P@5=0.8094  train_P@10=0.5712  val_loss=0.1926  val_AUPR=0.5920  val_P@5=0.6309  val_P@10=0.4477
Ep032  LR0=7.71e-05  pw=1.26  aucα=0.400  token_p=0.010  dropE=(0.010,0.050)  smooth=0.010  train_loss=0.2019  train_AUPR=0.8238  train_P@5=0.8276  train_P@10=0.5777  val_loss=0.1901  val_AUPR=0.5933  val_P@5=0.6313  val_P@10=0.4512
Ep033  LR0=6.37e-05  pw=1.23  aucα=0.400  token_p=0.010  dropE=(0.010,0.050)  smooth=0.010  train_loss=0.1916  train_AUPR=0.8377  train_P@5=0.8437  train_P@10=0.5828  val_loss=0.1882  val_AUPR=0.5913  val_P@5=0.6289  val_P@10=0.4502
Ep034  LR0=4.87e-05  pw=1.20  aucα=0.400  token_p=0.010  dropE=(0.010,0.050)  smooth=0.010  train_loss=0.1818  train_AUPR=0.8560  train_P@5=0.8597  train_P@10=0.5939  val_loss=0.1860  val_AUPR=0.5913  val_P@5=0.6315  val_P@10=0.4502
Ep035  LR0=3.38e-05  pw=1.18  aucα=0.400  token_p=0.010  dropE=(0.010,0.050)  smooth=0.010  train_loss=0.1728  train_AUPR=0.8686  train_P@5=0.8744  train_P@10=0.6006  val_loss=0.1846  val_AUPR=0.5893  val_P@5=0.6303  val_P@10=0.4502
Ep036  LR0=2.04e-05  pw=1.16  aucα=0.400  token_p=0.010  dropE=(0.010,0.050)  smooth=0.010  train_loss=0.1649  train_AUPR=0.8836  train_P@5=0.8886  train_P@10=0.6093  val_loss=0.1830  val_AUPR=0.5896  val_P@5=0.6287  val_P@10=0.4490
Ep037  LR0=9.71e-06  pw=1.14  aucα=0.400  token_p=0.010  dropE=(0.010,0.050)  smooth=0.010  train_loss=0.1580  train_AUPR=0.8891  train_P@5=0.8945  train_P@10=0.6108  val_loss=0.1818  val_AUPR=0.5883  val_P@5=0.6277  val_P@10=0.4490
Ep038  LR0=2.86e-06  pw=1.12  aucα=0.400  token_p=0.010  dropE=(0.010,0.050)  smooth=0.010  train_loss=0.1532  train_AUPR=0.8952  train_P@5=0.8995  train_P@10=0.6145  val_loss=0.1806  val_AUPR=0.5882  val_P@5=0.6273  val_P@10=0.4495
Ep039  LR0=5.00e-07  pw=1.11  aucα=0.400  token_p=0.010  dropE=(0.010,0.050)  smooth=0.010  train_loss=0.1486  train_AUPR=0.8971  train_P@5=0.9023  train_P@10=0.6152  val_loss=0.1797  val_AUPR=0.5875  val_P@5=0.6277  val_P@10=0.4494
Ep040  LR0=5.00e-07  pw=1.09  aucα=0.400  token_p=0.010  dropE=(0.010,0.050)  smooth=0.010  train_loss=0.1484  train_AUPR=0.8973  train_P@5=0.9022  train_P@10=0.6154  val_loss=0.1788  val_AUPR=0.5870  val_P@5=0.6283  val_P@10=0.4493
Ep041  LR0=5.00e-07  pw=1.08  aucα=0.400  token_p=0.010  dropE=(0.010,0.050)  smooth=0.010  train_loss=0.1457  train_AUPR=0.8977  train_P@5=0.9032  train_P@10=0.6157  val_loss=0.1780  val_AUPR=0.5866  val_P@5=0.6271  val_P@10=0.4489
Ep042  LR0=5.00e-07  pw=1.07  aucα=0.400  token_p=0.010  dropE=(0.010,0.050)  smooth=0.010  train_loss=0.1458  train_AUPR=0.8980  train_P@5=0.9038  train_P@10=0.6158  val_loss=0.1773  val_AUPR=0.5861  val_P@5=0.6263  val_P@10=0.4494
Ep043  LR0=5.00e-07  pw=1.06  aucα=0.400  token_p=0.010  dropE=(0.010,0.050)  smooth=0.010  train_loss=0.1461  train_AUPR=0.8981  train_P@5=0.9033  train_P@10=0.6160  val_loss=0.1767  val_AUPR=0.5857  val_P@5=0.6263  val_P@10=0.4490
Ep044  LR0=5.00e-07  pw=1.06  aucα=0.400  token_p=0.010  dropE=(0.010,0.050)  smooth=0.010  train_loss=0.1449  train_AUPR=0.8983  train_P@5=0.9035  train_P@10=0.6157  val_loss=0.1762  val_AUPR=0.5853  val_P@5=0.6265  val_P@10=0.4491
Ep045  LR0=5.00e-07  pw=1.05  aucα=0.400  token_p=0.010  dropE=(0.010,0.050)  smooth=0.010  train_loss=0.1433  train_AUPR=0.8985  train_P@5=0.9040  train_P@10=0.6161  val_loss=0.1757  val_AUPR=0.5849  val_P@5=0.6275  val_P@10=0.4491
Ep046  LR0=5.00e-07  pw=1.04  aucα=0.400  token_p=0.010  dropE=(0.010,0.050)  smooth=0.010  train_loss=0.1442  train_AUPR=0.8987  train_P@5=0.9040  train_P@10=0.6162  val_loss=0.1753  val_AUPR=0.5846  val_P@5=0.6269  val_P@10=0.4486
Ep047  LR0=5.00e-07  pw=1.04  aucα=0.400  token_p=0.010  dropE=(0.010,0.050)  smooth=0.010  train_loss=0.1445  train_AUPR=0.8987  train_P@5=0.9040  train_P@10=0.6160  val_loss=0.1749  val_AUPR=0.5843  val_P@5=0.6273  val_P@10=0.4484
Ep048  LR0=5.00e-07  pw=1.03  aucα=0.400  token_p=0.010  dropE=(0.010,0.050)  smooth=0.010  train_loss=0.1457  train_AUPR=0.8989  train_P@5=0.9040  train_P@10=0.6162  val_loss=0.1746  val_AUPR=0.5840  val_P@5=0.6273  val_P@10=0.4484
Ep049  LR0=5.00e-07  pw=1.03  aucα=0.400  token_p=0.010  dropE=(0.010,0.050)  smooth=0.010  train_loss=0.1435  train_AUPR=0.8990  train_P@5=0.9040  train_P@10=0.6163  val_loss=0.1743  val_AUPR=0.5838  val_P@5=0.6271  val_P@10=0.4483
Ep050  LR0=5.00e-07  pw=1.03  aucα=0.400  token_p=0.010  dropE=(0.010,0.050)  smooth=0.010  train_loss=0.1434  train_AUPR=0.8992  train_P@5=0.9043  train_P@10=0.6167  val_loss=0.1741  val_AUPR=0.5835  val_P@5=0.6277  val_P@10=0.4481
Ep051  LR0=5.00e-07  pw=1.02  aucα=0.400  token_p=0.010  dropE=(0.010,0.050)  smooth=0.010  train_loss=0.1434  train_AUPR=0.8995  train_P@5=0.9050  train_P@10=0.6169  val_loss=0.1739  val_AUPR=0.5834  val_P@5=0.6273  val_P@10=0.4480
Ep052  LR0=5.00e-07  pw=1.02  aucα=0.400  token_p=0.010  dropE=(0.010,0.050)  smooth=0.010  train_loss=0.1431  train_AUPR=0.8996  train_P@5=0.9050  train_P@10=0.6167  val_loss=0.1737  val_AUPR=0.5832  val_P@5=0.6277  val_P@10=0.4483
Ep053  LR0=5.00e-07  pw=1.02  aucα=0.400  token_p=0.010  dropE=(0.010,0.050)  smooth=0.010  train_loss=0.1425  train_AUPR=0.8998  train_P@5=0.9053  train_P@10=0.6170  val_loss=0.1736  val_AUPR=0.5830  val_P@5=0.6279  val_P@10=0.4478
Ep054  LR0=5.00e-07  pw=1.02  aucα=0.400  token_p=0.010  dropE=(0.010,0.050)  smooth=0.010  train_loss=0.1424  train_AUPR=0.9000  train_P@5=0.9056  train_P@10=0.6171  val_loss=0.1734  val_AUPR=0.5829  val_P@5=0.6279  val_P@10=0.4475
Ep055  LR0=5.00e-07  pw=1.01  aucα=0.400  token_p=0.010  dropE=(0.010,0.050)  smooth=0.010  train_loss=0.1432  train_AUPR=0.9003  train_P@5=0.9055  train_P@10=0.6170  val_loss=0.1733  val_AUPR=0.5827  val_P@5=0.6281  val_P@10=0.4474
Ep056  LR0=5.00e-07  pw=1.01  aucα=0.400  token_p=0.010  dropE=(0.010,0.050)  smooth=0.010  train_loss=0.1427  train_AUPR=0.9005  train_P@5=0.9056  train_P@10=0.6172  val_loss=0.1733  val_AUPR=0.5825  val_P@5=0.6281  val_P@10=0.4474
Ep057  LR0=5.00e-07  pw=1.01  aucα=0.400  token_p=0.010  dropE=(0.010,0.050)  smooth=0.010  train_loss=0.1426  train_AUPR=0.9005  train_P@5=0.9063  train_P@10=0.6172  val_loss=0.1732  val_AUPR=0.5824  val_P@5=0.6281  val_P@10=0.4471
Ep058  LR0=5.00e-07  pw=1.01  aucα=0.400  token_p=0.010  dropE=(0.010,0.050)  smooth=0.010  train_loss=0.1420  train_AUPR=0.9007  train_P@5=0.9066  train_P@10=0.6171  val_loss=0.1731  val_AUPR=0.5823  val_P@5=0.6279  val_P@10=0.4470
Ep059  LR0=5.00e-07  pw=1.01  aucα=0.400  token_p=0.010  dropE=(0.010,0.050)  smooth=0.010  train_loss=0.1420  train_AUPR=0.9007  train_P@5=0.9071  train_P@10=0.6173  val_loss=0.1731  val_AUPR=0.5821  val_P@5=0.6279  val_P@10=0.4471
Ep060  LR0=5.00e-07  pw=1.01  aucα=0.400  token_p=0.010  dropE=(0.010,0.050)  smooth=0.010  train_loss=0.1420  train_AUPR=0.9008  train_P@5=0.9069  train_P@10=0.6173  val_loss=0.1730  val_AUPR=0.5820  val_P@5=0.6277  val_P@10=0.4469
Ep061  LR0=5.00e-07  pw=1.01  aucα=0.400  token_p=0.010  dropE=(0.010,0.050)  smooth=0.010  train_loss=0.1407  train_AUPR=0.9010  train_P@5=0.9069  train_P@10=0.6173  val_loss=0.1730  val_AUPR=0.5819  val_P@5=0.6277  val_P@10=0.4468
Ep062  LR0=5.00e-07  pw=1.01  aucα=0.400  token_p=0.010  dropE=(0.010,0.050)  smooth=0.010  train_loss=0.1422  train_AUPR=0.9011  train_P@5=0.9067  train_P@10=0.6175  val_loss=0.1730  val_AUPR=0.5818  val_P@5=0.6281  val_P@10=0.4469
Ep063  LR0=5.00e-07  pw=1.01  aucα=0.400  token_p=0.010  dropE=(0.010,0.050)  smooth=0.010  train_loss=0.1419  train_AUPR=0.9012  train_P@5=0.9069  train_P@10=0.6176  val_loss=0.1730  val_AUPR=0.5816  val_P@5=0.6279  val_P@10=0.4466
Ep064  LR0=5.00e-07  pw=1.00  aucα=0.400  token_p=0.010  dropE=(0.010,0.050)  smooth=0.010  train_loss=0.1422  train_AUPR=0.9014  train_P@5=0.9074  train_P@10=0.6176  val_loss=0.1730  val_AUPR=0.5815  val_P@5=0.6277  val_P@10=0.4465
Ep065  LR0=5.00e-07  pw=1.00  aucα=0.400  token_p=0.010  dropE=(0.010,0.050)  smooth=0.010  train_loss=0.1417  train_AUPR=0.9015  train_P@5=0.9075  train_P@10=0.6175  val_loss=0.1730  val_AUPR=0.5814  val_P@5=0.6279  val_P@10=0.4467
Ep066  LR0=5.00e-07  pw=1.00  aucα=0.400  token_p=0.010  dropE=(0.010,0.050)  smooth=0.010  train_loss=0.1412  train_AUPR=0.9016  train_P@5=0.9079  train_P@10=0.6177  val_loss=0.1730  val_AUPR=0.5813  val_P@5=0.6281  val_P@10=0.4465
Ep067  LR0=5.00e-07  pw=1.00  aucα=0.400  token_p=0.010  dropE=(0.010,0.050)  smooth=0.010  train_loss=0.1409  train_AUPR=0.9018  train_P@5=0.9074  train_P@10=0.6177  val_loss=0.1730  val_AUPR=0.5812  val_P@5=0.6277  val_P@10=0.4468
Ep068  LR0=5.00e-07  pw=1.00  aucα=0.400  token_p=0.010  dropE=(0.010,0.050)  smooth=0.010  train_loss=0.1417  train_AUPR=0.9020  train_P@5=0.9076  train_P@10=0.6178  val_loss=0.1730  val_AUPR=0.5811  val_P@5=0.6277  val_P@10=0.4467
Ep069  LR0=5.00e-07  pw=1.00  aucα=0.400  token_p=0.010  dropE=(0.010,0.050)  smooth=0.010  train_loss=0.1416  train_AUPR=0.9020  train_P@5=0.9081  train_P@10=0.6179  val_loss=0.1730  val_AUPR=0.5810  val_P@5=0.6277  val_P@10=0.4466
Ep070  LR0=5.00e-07  pw=1.00  aucα=0.400  token_p=0.010  dropE=(0.010,0.050)  smooth=0.010  train_loss=0.1416  train_AUPR=0.9021  train_P@5=0.9082  train_P@10=0.6179  val_loss=0.1731  val_AUPR=0.5809  val_P@5=0.6273  val_P@10=0.4467
Ep071  LR0=5.00e-07  pw=1.00  aucα=0.400  token_p=0.010  dropE=(0.010,0.050)  smooth=0.010  train_loss=0.1418  train_AUPR=0.9022  train_P@5=0.9083  train_P@10=0.6180  val_loss=0.1731  val_AUPR=0.5808  val_P@5=0.6271  val_P@10=0.4466
Ep072  LR0=5.00e-07  pw=1.00  aucα=0.400  token_p=0.010  dropE=(0.010,0.050)  smooth=0.010  train_loss=0.1407  train_AUPR=0.9022  train_P@5=0.9084  train_P@10=0.6181  val_loss=0.1731  val_AUPR=0.5807  val_P@5=0.6269  val_P@10=0.4466
Ep073  LR0=5.00e-07  pw=1.00  aucα=0.400  token_p=0.010  dropE=(0.010,0.050)  smooth=0.010  train_loss=0.1411  train_AUPR=0.9023  train_P@5=0.9082  train_P@10=0.6181  val_loss=0.1731  val_AUPR=0.5806  val_P@5=0.6267  val_P@10=0.4464
Ep074  LR0=5.00e-07  pw=1.00  aucα=0.400  token_p=0.010  dropE=(0.010,0.050)  smooth=0.010  train_loss=0.1400  train_AUPR=0.9025  train_P@5=0.9082  train_P@10=0.6182  val_loss=0.1732  val_AUPR=0.5805  val_P@5=0.6269  val_P@10=0.4465
Ep075  LR0=5.00e-07  pw=1.00  aucα=0.400  token_p=0.010  dropE=(0.010,0.050)  smooth=0.010  train_loss=0.1390  train_AUPR=0.9028  train_P@5=0.9085  train_P@10=0.6182  val_loss=0.1732  val_AUPR=0.5805  val_P@5=0.6269  val_P@10=0.4467
Ep076  LR0=5.00e-07  pw=1.00  aucα=0.400  token_p=0.010  dropE=(0.010,0.050)  smooth=0.010  train_loss=0.1416  train_AUPR=0.9030  train_P@5=0.9088  train_P@10=0.6185  val_loss=0.1732  val_AUPR=0.5804  val_P@5=0.6265  val_P@10=0.4468
Ep077  LR0=5.00e-07  pw=1.00  aucα=0.400  token_p=0.010  dropE=(0.010,0.050)  smooth=0.010  train_loss=0.1403  train_AUPR=0.9029  train_P@5=0.9087  train_P@10=0.6185  val_loss=0.1732  val_AUPR=0.5803  val_P@5=0.6265  val_P@10=0.4469
Ep078  LR0=5.00e-07  pw=1.00  aucα=0.400  token_p=0.010  dropE=(0.010,0.050)  smooth=0.010  train_loss=0.1400  train_AUPR=0.9030  train_P@5=0.9089  train_P@10=0.6185  val_loss=0.1733  val_AUPR=0.5802  val_P@5=0.6263  val_P@10=0.4469
Ep079  LR0=5.00e-07  pw=1.00  aucα=0.400  token_p=0.010  dropE=(0.010,0.050)  smooth=0.010  train_loss=0.1404  train_AUPR=0.9031  train_P@5=0.9090  train_P@10=0.6185  val_loss=0.1733  val_AUPR=0.5801  val_P@5=0.6263  val_P@10=0.4469
Early stop triggered: neither val_AUPR nor val_loss improved for 20 epochs.
Saved iPara_l1_g6_i6_do0.10_dpr0.10_lr0.0002_heads16_fold1.pth  (best val AUPR=0.5993)
Saved iPara_l1_g6_i6_do0.10_dpr0.10_lr0.0002_heads16_fold1_best_aupr.pth
Saved iPara_l1_g6_i6_do0.10_dpr0.10_lr0.0002_heads16_fold1_best_loss.pth  (best val loss=0.1731)

── Fold 2/5
Train labels: pos=26650, neg=374184, ignore=696766, pos_rate=0.066486
Val labels: pos=6580, neg=92778, ignore=175842, pos_rate=0.066225
Initializing ClassificationModel with 6 GAT layers and residual connections...
Initializing MCModel with 6 GAT layers and 6 row attention layers (drop_path_rate=0.1)
Initializing CoreModel with 1 layers, drop_path_rate=0.1
Ep000  LR0=2.00e-05  pw=15.00  aucα=0.000  token_p=0.000  dropE=(0.000,0.000)  smooth=0.000  train_loss=0.5531  train_AUPR=0.3745  train_P@5=0.4415  train_P@10=0.3392  val_loss=0.4856  val_AUPR=0.3776  val_P@5=0.4474  val_P@10=0.3339
Ep001  LR0=3.00e-05  pw=13.35  aucα=0.000  token_p=0.000  dropE=(0.000,0.000)  smooth=0.000  train_loss=0.4826  train_AUPR=0.4385  train_P@5=0.5174  train_P@10=0.3771  val_loss=0.4558  val_AUPR=0.4344  val_P@5=0.5178  val_P@10=0.3768
Ep002  LR0=4.00e-05  pw=11.90  aucα=0.000  token_p=0.000  dropE=(0.000,0.000)  smooth=0.000  train_loss=0.4520  train_AUPR=0.4757  train_P@5=0.5524  train_P@10=0.3943  val_loss=0.4350  val_AUPR=0.4694  val_P@5=0.5543  val_P@10=0.3975
Ep003  LR0=5.00e-05  pw=10.62  aucα=0.000  token_p=0.000  dropE=(0.000,0.000)  smooth=0.000  train_loss=0.4304  train_AUPR=0.4974  train_P@5=0.5633  train_P@10=0.4067  val_loss=0.4208  val_AUPR=0.4841  val_P@5=0.5641  val_P@10=0.4044
Ep004  LR0=6.00e-05  pw=9.49  aucα=0.057  token_p=0.000  dropE=(0.000,0.000)  smooth=0.000  train_loss=0.4248  train_AUPR=0.5351  train_P@5=0.5912  train_P@10=0.4251  val_loss=0.4096  val_AUPR=0.5233  val_P@5=0.5810  val_P@10=0.4178
Ep005  LR0=7.00e-05  pw=8.49  aucα=0.114  token_p=0.000  dropE=(0.000,0.000)  smooth=0.000  train_loss=0.4228  train_AUPR=0.5486  train_P@5=0.6015  train_P@10=0.4351  val_loss=0.3976  val_AUPR=0.5361  val_P@5=0.5971  val_P@10=0.4247
Ep006  LR0=8.00e-05  pw=7.61  aucα=0.171  token_p=0.001  dropE=(0.001,0.005)  smooth=0.001  train_loss=0.4212  train_AUPR=0.5635  train_P@5=0.6097  train_P@10=0.4390  val_loss=0.3814  val_AUPR=0.5490  val_P@5=0.6112  val_P@10=0.4304
Ep007  LR0=9.00e-05  pw=6.84  aucα=0.229  token_p=0.002  dropE=(0.002,0.010)  smooth=0.002  train_loss=0.4156  train_AUPR=0.5760  train_P@5=0.6187  train_P@10=0.4383  val_loss=0.3682  val_AUPR=0.5557  val_P@5=0.6157  val_P@10=0.4317
Ep008  LR0=1.00e-04  pw=6.15  aucα=0.286  token_p=0.003  dropE=(0.003,0.015)  smooth=0.003  train_loss=0.4124  train_AUPR=0.5928  train_P@5=0.6333  train_P@10=0.4539  val_loss=0.3620  val_AUPR=0.5655  val_P@5=0.6189  val_P@10=0.4371
Ep009  LR0=1.00e-04  pw=5.55  aucα=0.343  token_p=0.004  dropE=(0.004,0.020)  smooth=0.004  train_loss=0.4048  train_AUPR=0.6130  train_P@5=0.6478  train_P@10=0.4603  val_loss=0.3428  val_AUPR=0.5837  val_P@5=0.6277  val_P@10=0.4481
[Info] Unfroze 'dym' params after warmup (epoch=10). Added core=54 tensors, other=0 tensors.
Ep010  LR0=2.00e-05  pw=5.01  aucα=0.400  token_p=0.005  dropE=(0.005,0.025)  smooth=0.005  train_loss=0.3842  train_AUPR=0.6326  train_P@5=0.6638  train_P@10=0.4725  val_loss=0.3382  val_AUPR=0.5931  val_P@5=0.6414  val_P@10=0.4507
Ep011  LR0=3.00e-05  pw=4.54  aucα=0.400  token_p=0.006  dropE=(0.006,0.030)  smooth=0.006  train_loss=0.3723  train_AUPR=0.6433  train_P@5=0.6706  train_P@10=0.4779  val_loss=0.3277  val_AUPR=0.5964  val_P@5=0.6400  val_P@10=0.4520
Ep012  LR0=4.00e-05  pw=4.12  aucα=0.400  token_p=0.007  dropE=(0.007,0.035)  smooth=0.007  train_loss=0.3640  train_AUPR=0.6456  train_P@5=0.6752  train_P@10=0.4809  val_loss=0.3176  val_AUPR=0.5952  val_P@5=0.6443  val_P@10=0.4497
Ep013  LR0=5.00e-05  pw=3.76  aucα=0.400  token_p=0.008  dropE=(0.008,0.040)  smooth=0.008  train_loss=0.3555  train_AUPR=0.6491  train_P@5=0.6733  train_P@10=0.4799  val_loss=0.3029  val_AUPR=0.5984  val_P@5=0.6489  val_P@10=0.4526
Ep014  LR0=6.00e-05  pw=3.43  aucα=0.400  token_p=0.009  dropE=(0.009,0.045)  smooth=0.009  train_loss=0.3482  train_AUPR=0.6458  train_P@5=0.6789  train_P@10=0.4792  val_loss=0.2960  val_AUPR=0.5886  val_P@5=0.6445  val_P@10=0.4439
Ep015  LR0=7.00e-05  pw=3.15  aucα=0.400  token_p=0.010  dropE=(0.010,0.050)  smooth=0.010  train_loss=0.3405  train_AUPR=0.6533  train_P@5=0.6795  train_P@10=0.4851  val_loss=0.2855  val_AUPR=0.5926  val_P@5=0.6443  val_P@10=0.4427
Ep016  LR0=8.00e-05  pw=2.89  aucα=0.400  token_p=0.010  dropE=(0.010,0.050)  smooth=0.010  train_loss=0.3306  train_AUPR=0.6531  train_P@5=0.6784  train_P@10=0.4883  val_loss=0.2737  val_AUPR=0.5959  val_P@5=0.6394  val_P@10=0.4455
Ep017  LR0=9.00e-05  pw=2.67  aucα=0.400  token_p=0.010  dropE=(0.010,0.050)  smooth=0.010  train_loss=0.3225  train_AUPR=0.6576  train_P@5=0.6866  train_P@10=0.4907  val_loss=0.2701  val_AUPR=0.5906  val_P@5=0.6402  val_P@10=0.4453
Ep018  LR0=1.00e-04  pw=2.48  aucα=0.400  token_p=0.010  dropE=(0.010,0.050)  smooth=0.010  train_loss=0.3140  train_AUPR=0.6819  train_P@5=0.7017  train_P@10=0.5001  val_loss=0.2527  val_AUPR=0.6072  val_P@5=0.6577  val_P@10=0.4551
Ep019  LR0=1.00e-04  pw=2.30  aucα=0.400  token_p=0.010  dropE=(0.010,0.050)  smooth=0.010  train_loss=0.3073  train_AUPR=0.6749  train_P@5=0.6966  train_P@10=0.4973  val_loss=0.2444  val_AUPR=0.6009  val_P@5=0.6505  val_P@10=0.4508
Ep020  LR0=1.00e-04  pw=2.15  aucα=0.400  token_p=0.010  dropE=(0.010,0.050)  smooth=0.010  train_loss=0.3006  train_AUPR=0.6877  train_P@5=0.7073  train_P@10=0.5052  val_loss=0.2350  val_AUPR=0.6065  val_P@5=0.6608  val_P@10=0.4539
Ep021  LR0=9.99e-05  pw=2.01  aucα=0.400  token_p=0.010  dropE=(0.010,0.050)  smooth=0.010  train_loss=0.2879  train_AUPR=0.7051  train_P@5=0.7230  train_P@10=0.5115  val_loss=0.2302  val_AUPR=0.5974  val_P@5=0.6491  val_P@10=0.4434
Ep022  LR0=9.97e-05  pw=1.89  aucα=0.400  token_p=0.010  dropE=(0.010,0.050)  smooth=0.010  train_loss=0.2805  train_AUPR=0.7048  train_P@5=0.7194  train_P@10=0.5093  val_loss=0.2296  val_AUPR=0.5976  val_P@5=0.6441  val_P@10=0.4473
Ep023  LR0=9.95e-05  pw=1.79  aucα=0.400  token_p=0.010  dropE=(0.010,0.050)  smooth=0.010  train_loss=0.2702  train_AUPR=0.7307  train_P@5=0.7455  train_P@10=0.5271  val_loss=0.2206  val_AUPR=0.6057  val_P@5=0.6537  val_P@10=0.4453
Ep024  LR0=9.92e-05  pw=1.70  aucα=0.400  token_p=0.010  dropE=(0.010,0.050)  smooth=0.010  train_loss=0.2636  train_AUPR=0.7301  train_P@5=0.7462  train_P@10=0.5239  val_loss=0.2130  val_AUPR=0.6007  val_P@5=0.6447  val_P@10=0.4436
Ep025  LR0=9.89e-05  pw=1.62  aucα=0.400  token_p=0.010  dropE=(0.010,0.050)  smooth=0.010  train_loss=0.2537  train_AUPR=0.7403  train_P@5=0.7501  train_P@10=0.5335  val_loss=0.2058  val_AUPR=0.6151  val_P@5=0.6670  val_P@10=0.4534
Ep026  LR0=9.85e-05  pw=1.54  aucα=0.400  token_p=0.010  dropE=(0.010,0.050)  smooth=0.010  train_loss=0.2449  train_AUPR=0.7656  train_P@5=0.7719  train_P@10=0.5478  val_loss=0.2014  val_AUPR=0.6083  val_P@5=0.6469  val_P@10=0.4473
Ep027  LR0=9.81e-05  pw=1.48  aucα=0.400  token_p=0.010  dropE=(0.010,0.050)  smooth=0.010  train_loss=0.2381  train_AUPR=0.7688  train_P@5=0.7763  train_P@10=0.5504  val_loss=0.1957  val_AUPR=0.6075  val_P@5=0.6535  val_P@10=0.4489
Ep028  LR0=9.76e-05  pw=1.42  aucα=0.400  token_p=0.010  dropE=(0.010,0.050)  smooth=0.010  train_loss=0.2323  train_AUPR=0.7755  train_P@5=0.7852  train_P@10=0.5559  val_loss=0.1949  val_AUPR=0.6041  val_P@5=0.6549  val_P@10=0.4502
Ep029  LR0=9.70e-05  pw=1.37  aucα=0.400  token_p=0.010  dropE=(0.010,0.050)  smooth=0.010  train_loss=0.2240  train_AUPR=0.7920  train_P@5=0.8036  train_P@10=0.5604  val_loss=0.1944  val_AUPR=0.5987  val_P@5=0.6398  val_P@10=0.4456
Ep030  LR0=9.46e-05  pw=1.33  aucα=0.400  token_p=0.010  dropE=(0.010,0.050)  smooth=0.010  train_loss=0.2156  train_AUPR=0.8045  train_P@5=0.8137  train_P@10=0.5670  val_loss=0.1942  val_AUPR=0.5934  val_P@5=0.6366  val_P@10=0.4447
Ep031  LR0=8.78e-05  pw=1.29  aucα=0.400  token_p=0.010  dropE=(0.010,0.050)  smooth=0.010  train_loss=0.2095  train_AUPR=0.8009  train_P@5=0.8069  train_P@10=0.5689  val_loss=0.1857  val_AUPR=0.6103  val_P@5=0.6559  val_P@10=0.4512
Ep032  LR0=7.71e-05  pw=1.26  aucα=0.400  token_p=0.010  dropE=(0.010,0.050)  smooth=0.010  train_loss=0.2023  train_AUPR=0.8303  train_P@5=0.8356  train_P@10=0.5827  val_loss=0.1832  val_AUPR=0.6133  val_P@5=0.6549  val_P@10=0.4525
Ep033  LR0=6.37e-05  pw=1.23  aucα=0.400  token_p=0.010  dropE=(0.010,0.050)  smooth=0.010  train_loss=0.1900  train_AUPR=0.8348  train_P@5=0.8394  train_P@10=0.5833  val_loss=0.1811  val_AUPR=0.6130  val_P@5=0.6567  val_P@10=0.4544
Ep034  LR0=4.87e-05  pw=1.20  aucα=0.400  token_p=0.010  dropE=(0.010,0.050)  smooth=0.010  train_loss=0.1837  train_AUPR=0.8600  train_P@5=0.8632  train_P@10=0.5975  val_loss=0.1792  val_AUPR=0.6122  val_P@5=0.6567  val_P@10=0.4540
Ep035  LR0=3.38e-05  pw=1.18  aucα=0.400  token_p=0.010  dropE=(0.010,0.050)  smooth=0.010  train_loss=0.1732  train_AUPR=0.8732  train_P@5=0.8804  train_P@10=0.6045  val_loss=0.1772  val_AUPR=0.6114  val_P@5=0.6553  val_P@10=0.4544
Ep036  LR0=2.04e-05  pw=1.16  aucα=0.400  token_p=0.010  dropE=(0.010,0.050)  smooth=0.010  train_loss=0.1624  train_AUPR=0.8843  train_P@5=0.8910  train_P@10=0.6116  val_loss=0.1762  val_AUPR=0.6091  val_P@5=0.6517  val_P@10=0.4542
Ep037  LR0=9.71e-06  pw=1.14  aucα=0.400  token_p=0.010  dropE=(0.010,0.050)  smooth=0.010  train_loss=0.1550  train_AUPR=0.8942  train_P@5=0.9017  train_P@10=0.6169  val_loss=0.1748  val_AUPR=0.6079  val_P@5=0.6505  val_P@10=0.4536
Ep038  LR0=2.86e-06  pw=1.12  aucα=0.400  token_p=0.010  dropE=(0.010,0.050)  smooth=0.010  train_loss=0.1510  train_AUPR=0.8992  train_P@5=0.9075  train_P@10=0.6190  val_loss=0.1739  val_AUPR=0.6064  val_P@5=0.6479  val_P@10=0.4537
Ep039  LR0=5.00e-07  pw=1.11  aucα=0.400  token_p=0.010  dropE=(0.010,0.050)  smooth=0.010  train_loss=0.1473  train_AUPR=0.9005  train_P@5=0.9086  train_P@10=0.6199  val_loss=0.1730  val_AUPR=0.6048  val_P@5=0.6481  val_P@10=0.4530
Ep040  LR0=5.00e-07  pw=1.09  aucα=0.400  token_p=0.010  dropE=(0.010,0.050)  smooth=0.010  train_loss=0.1467  train_AUPR=0.9010  train_P@5=0.9096  train_P@10=0.6201  val_loss=0.1723  val_AUPR=0.6034  val_P@5=0.6473  val_P@10=0.4534
Ep041  LR0=5.00e-07  pw=1.08  aucα=0.400  token_p=0.010  dropE=(0.010,0.050)  smooth=0.010  train_loss=0.1456  train_AUPR=0.9012  train_P@5=0.9098  train_P@10=0.6204  val_loss=0.1716  val_AUPR=0.6023  val_P@5=0.6465  val_P@10=0.4535
Ep042  LR0=5.00e-07  pw=1.07  aucα=0.400  token_p=0.010  dropE=(0.010,0.050)  smooth=0.010  train_loss=0.1449  train_AUPR=0.9016  train_P@5=0.9100  train_P@10=0.6206  val_loss=0.1709  val_AUPR=0.6013  val_P@5=0.6467  val_P@10=0.4532
Ep043  LR0=5.00e-07  pw=1.06  aucα=0.400  token_p=0.010  dropE=(0.010,0.050)  smooth=0.010  train_loss=0.1437  train_AUPR=0.9019  train_P@5=0.9103  train_P@10=0.6208  val_loss=0.1703  val_AUPR=0.6004  val_P@5=0.6459  val_P@10=0.4531
Ep044  LR0=5.00e-07  pw=1.06  aucα=0.400  token_p=0.010  dropE=(0.010,0.050)  smooth=0.010  train_loss=0.1441  train_AUPR=0.9022  train_P@5=0.9106  train_P@10=0.6208  val_loss=0.1698  val_AUPR=0.5996  val_P@5=0.6461  val_P@10=0.4533
Ep045  LR0=5.00e-07  pw=1.05  aucα=0.400  token_p=0.010  dropE=(0.010,0.050)  smooth=0.010  train_loss=0.1423  train_AUPR=0.9024  train_P@5=0.9107  train_P@10=0.6211  val_loss=0.1694  val_AUPR=0.5989  val_P@5=0.6463  val_P@10=0.4530
Ep046  LR0=5.00e-07  pw=1.04  aucα=0.400  token_p=0.010  dropE=(0.010,0.050)  smooth=0.010  train_loss=0.1435  train_AUPR=0.9026  train_P@5=0.9108  train_P@10=0.6211  val_loss=0.1690  val_AUPR=0.5982  val_P@5=0.6455  val_P@10=0.4534
Ep047  LR0=5.00e-07  pw=1.04  aucα=0.400  token_p=0.010  dropE=(0.010,0.050)  smooth=0.010  train_loss=0.1430  train_AUPR=0.9027  train_P@5=0.9113  train_P@10=0.6211  val_loss=0.1687  val_AUPR=0.5977  val_P@5=0.6449  val_P@10=0.4536
Ep048  LR0=5.00e-07  pw=1.03  aucα=0.400  token_p=0.010  dropE=(0.010,0.050)  smooth=0.010  train_loss=0.1430  train_AUPR=0.9027  train_P@5=0.9112  train_P@10=0.6210  val_loss=0.1684  val_AUPR=0.5971  val_P@5=0.6445  val_P@10=0.4537
Ep049  LR0=5.00e-07  pw=1.03  aucα=0.400  token_p=0.010  dropE=(0.010,0.050)  smooth=0.010  train_loss=0.1425  train_AUPR=0.9028  train_P@5=0.9116  train_P@10=0.6212  val_loss=0.1681  val_AUPR=0.5967  val_P@5=0.6434  val_P@10=0.4535
Ep050  LR0=5.00e-07  pw=1.03  aucα=0.400  token_p=0.010  dropE=(0.010,0.050)  smooth=0.010  train_loss=0.1409  train_AUPR=0.9030  train_P@5=0.9115  train_P@10=0.6212  val_loss=0.1679  val_AUPR=0.5962  val_P@5=0.6430  val_P@10=0.4539
Ep051  LR0=5.00e-07  pw=1.02  aucα=0.400  token_p=0.010  dropE=(0.010,0.050)  smooth=0.010  train_loss=0.1431  train_AUPR=0.9033  train_P@5=0.9122  train_P@10=0.6214  val_loss=0.1677  val_AUPR=0.5957  val_P@5=0.6420  val_P@10=0.4539
Ep052  LR0=5.00e-07  pw=1.02  aucα=0.400  token_p=0.010  dropE=(0.010,0.050)  smooth=0.010  train_loss=0.1412  train_AUPR=0.9035  train_P@5=0.9130  train_P@10=0.6214  val_loss=0.1676  val_AUPR=0.5953  val_P@5=0.6422  val_P@10=0.4539
Ep053  LR0=5.00e-07  pw=1.02  aucα=0.400  token_p=0.010  dropE=(0.010,0.050)  smooth=0.010  train_loss=0.1405  train_AUPR=0.9036  train_P@5=0.9133  train_P@10=0.6217  val_loss=0.1674  val_AUPR=0.5949  val_P@5=0.6412  val_P@10=0.4533
Ep054  LR0=5.00e-07  pw=1.02  aucα=0.400  token_p=0.010  dropE=(0.010,0.050)  smooth=0.010  train_loss=0.1425  train_AUPR=0.9038  train_P@5=0.9130  train_P@10=0.6217  val_loss=0.1673  val_AUPR=0.5946  val_P@5=0.6410  val_P@10=0.4529
Ep055  LR0=5.00e-07  pw=1.01  aucα=0.400  token_p=0.010  dropE=(0.010,0.050)  smooth=0.010  train_loss=0.1426  train_AUPR=0.9038  train_P@5=0.9129  train_P@10=0.6216  val_loss=0.1672  val_AUPR=0.5943  val_P@5=0.6412  val_P@10=0.4526
Ep056  LR0=5.00e-07  pw=1.01  aucα=0.400  token_p=0.010  dropE=(0.010,0.050)  smooth=0.010  train_loss=0.1422  train_AUPR=0.9039  train_P@5=0.9127  train_P@10=0.6219  val_loss=0.1672  val_AUPR=0.5940  val_P@5=0.6414  val_P@10=0.4529
Ep057  LR0=5.00e-07  pw=1.01  aucα=0.400  token_p=0.010  dropE=(0.010,0.050)  smooth=0.010  train_loss=0.1411  train_AUPR=0.9039  train_P@5=0.9132  train_P@10=0.6219  val_loss=0.1671  val_AUPR=0.5937  val_P@5=0.6410  val_P@10=0.4527
Ep058  LR0=5.00e-07  pw=1.01  aucα=0.400  token_p=0.010  dropE=(0.010,0.050)  smooth=0.010  train_loss=0.1409  train_AUPR=0.9041  train_P@5=0.9130  train_P@10=0.6218  val_loss=0.1670  val_AUPR=0.5934  val_P@5=0.6408  val_P@10=0.4528
Ep059  LR0=5.00e-07  pw=1.01  aucα=0.400  token_p=0.010  dropE=(0.010,0.050)  smooth=0.010  train_loss=0.1405  train_AUPR=0.9043  train_P@5=0.9137  train_P@10=0.6221  val_loss=0.1670  val_AUPR=0.5931  val_P@5=0.6406  val_P@10=0.4529
Ep060  LR0=5.00e-07  pw=1.01  aucα=0.400  token_p=0.010  dropE=(0.010,0.050)  smooth=0.010  train_loss=0.1396  train_AUPR=0.9044  train_P@5=0.9136  train_P@10=0.6220  val_loss=0.1670  val_AUPR=0.5929  val_P@5=0.6400  val_P@10=0.4529
Ep061  LR0=5.00e-07  pw=1.01  aucα=0.400  token_p=0.010  dropE=(0.010,0.050)  smooth=0.010  train_loss=0.1398  train_AUPR=0.9047  train_P@5=0.9141  train_P@10=0.6224  val_loss=0.1670  val_AUPR=0.5926  val_P@5=0.6404  val_P@10=0.4529
Ep062  LR0=5.00e-07  pw=1.01  aucα=0.400  token_p=0.010  dropE=(0.010,0.050)  smooth=0.010  train_loss=0.1409  train_AUPR=0.9049  train_P@5=0.9140  train_P@10=0.6223  val_loss=0.1670  val_AUPR=0.5924  val_P@5=0.6404  val_P@10=0.4529
Ep063  LR0=5.00e-07  pw=1.01  aucα=0.400  token_p=0.010  dropE=(0.010,0.050)  smooth=0.010  train_loss=0.1414  train_AUPR=0.9051  train_P@5=0.9140  train_P@10=0.6225  val_loss=0.1670  val_AUPR=0.5922  val_P@5=0.6404  val_P@10=0.4531
Ep064  LR0=5.00e-07  pw=1.00  aucα=0.400  token_p=0.010  dropE=(0.010,0.050)  smooth=0.010  train_loss=0.1406  train_AUPR=0.9053  train_P@5=0.9140  train_P@10=0.6225  val_loss=0.1670  val_AUPR=0.5920  val_P@5=0.6406  val_P@10=0.4530
Ep065  LR0=5.00e-07  pw=1.00  aucα=0.400  token_p=0.010  dropE=(0.010,0.050)  smooth=0.010  train_loss=0.1397  train_AUPR=0.9054  train_P@5=0.9143  train_P@10=0.6226  val_loss=0.1670  val_AUPR=0.5919  val_P@5=0.6408  val_P@10=0.4530
Ep066  LR0=5.00e-07  pw=1.00  aucα=0.400  token_p=0.010  dropE=(0.010,0.050)  smooth=0.010  train_loss=0.1396  train_AUPR=0.9054  train_P@5=0.9147  train_P@10=0.6226  val_loss=0.1670  val_AUPR=0.5917  val_P@5=0.6408  val_P@10=0.4530
Ep067  LR0=5.00e-07  pw=1.00  aucα=0.400  token_p=0.010  dropE=(0.010,0.050)  smooth=0.010  train_loss=0.1409  train_AUPR=0.9056  train_P@5=0.9150  train_P@10=0.6225  val_loss=0.1670  val_AUPR=0.5915  val_P@5=0.6410  val_P@10=0.4532
Ep068  LR0=5.00e-07  pw=1.00  aucα=0.400  token_p=0.010  dropE=(0.010,0.050)  smooth=0.010  train_loss=0.1408  train_AUPR=0.9056  train_P@5=0.9148  train_P@10=0.6226  val_loss=0.1670  val_AUPR=0.5914  val_P@5=0.6408  val_P@10=0.4533
Ep069  LR0=5.00e-07  pw=1.00  aucα=0.400  token_p=0.010  dropE=(0.010,0.050)  smooth=0.010  train_loss=0.1410  train_AUPR=0.9057  train_P@5=0.9148  train_P@10=0.6227  val_loss=0.1670  val_AUPR=0.5912  val_P@5=0.6408  val_P@10=0.4532
Ep070  LR0=5.00e-07  pw=1.00  aucα=0.400  token_p=0.010  dropE=(0.010,0.050)  smooth=0.010  train_loss=0.1403  train_AUPR=0.9057  train_P@5=0.9146  train_P@10=0.6228  val_loss=0.1670  val_AUPR=0.5911  val_P@5=0.6406  val_P@10=0.4531
Ep071  LR0=5.00e-07  pw=1.00  aucα=0.400  token_p=0.010  dropE=(0.010,0.050)  smooth=0.010  train_loss=0.1400  train_AUPR=0.9058  train_P@5=0.9149  train_P@10=0.6229  val_loss=0.1671  val_AUPR=0.5909  val_P@5=0.6404  val_P@10=0.4530
Ep072  LR0=5.00e-07  pw=1.00  aucα=0.400  token_p=0.010  dropE=(0.010,0.050)  smooth=0.010  train_loss=0.1413  train_AUPR=0.9060  train_P@5=0.9150  train_P@10=0.6227  val_loss=0.1671  val_AUPR=0.5908  val_P@5=0.6402  val_P@10=0.4529
Ep073  LR0=5.00e-07  pw=1.00  aucα=0.400  token_p=0.010  dropE=(0.010,0.050)  smooth=0.010  train_loss=0.1400  train_AUPR=0.9062  train_P@5=0.9150  train_P@10=0.6228  val_loss=0.1671  val_AUPR=0.5906  val_P@5=0.6400  val_P@10=0.4530
Ep074  LR0=5.00e-07  pw=1.00  aucα=0.400  token_p=0.010  dropE=(0.010,0.050)  smooth=0.010  train_loss=0.1403  train_AUPR=0.9062  train_P@5=0.9154  train_P@10=0.6228  val_loss=0.1672  val_AUPR=0.5905  val_P@5=0.6398  val_P@10=0.4530
Ep075  LR0=5.00e-07  pw=1.00  aucα=0.400  token_p=0.010  dropE=(0.010,0.050)  smooth=0.010  train_loss=0.1390  train_AUPR=0.9063  train_P@5=0.9153  train_P@10=0.6228  val_loss=0.1672  val_AUPR=0.5904  val_P@5=0.6398  val_P@10=0.4529
Ep076  LR0=5.00e-07  pw=1.00  aucα=0.400  token_p=0.010  dropE=(0.010,0.050)  smooth=0.010  train_loss=0.1384  train_AUPR=0.9065  train_P@5=0.9155  train_P@10=0.6231  val_loss=0.1672  val_AUPR=0.5903  val_P@5=0.6400  val_P@10=0.4529
Ep077  LR0=5.00e-07  pw=1.00  aucα=0.400  token_p=0.010  dropE=(0.010,0.050)  smooth=0.010  train_loss=0.1390  train_AUPR=0.9066  train_P@5=0.9158  train_P@10=0.6232  val_loss=0.1672  val_AUPR=0.5902  val_P@5=0.6398  val_P@10=0.4529
Ep078  LR0=5.00e-07  pw=1.00  aucα=0.400  token_p=0.010  dropE=(0.010,0.050)  smooth=0.010  train_loss=0.1398  train_AUPR=0.9067  train_P@5=0.9153  train_P@10=0.6232  val_loss=0.1673  val_AUPR=0.5901  val_P@5=0.6396  val_P@10=0.4529
Early stop triggered: neither val_AUPR nor val_loss improved for 20 epochs.
Saved iPara_l1_g6_i6_do0.10_dpr0.10_lr0.0002_heads16_fold2.pth  (best val AUPR=0.6151)
Saved iPara_l1_g6_i6_do0.10_dpr0.10_lr0.0002_heads16_fold2_best_aupr.pth
Saved iPara_l1_g6_i6_do0.10_dpr0.10_lr0.0002_heads16_fold2_best_loss.pth  (best val loss=0.1670)

── Fold 3/5
Train labels: pos=26660, neg=375289, ignore=695651, pos_rate=0.066327
Val labels: pos=6570, neg=91673, ignore=176957, pos_rate=0.066875
Initializing ClassificationModel with 6 GAT layers and residual connections...
Initializing MCModel with 6 GAT layers and 6 row attention layers (drop_path_rate=0.1)
Initializing CoreModel with 1 layers, drop_path_rate=0.1
Ep000  LR0=2.00e-05  pw=15.00  aucα=0.000  token_p=0.000  dropE=(0.000,0.000)  smooth=0.000  train_loss=0.5633  train_AUPR=0.3780  train_P@5=0.4505  train_P@10=0.3432  val_loss=0.4959  val_AUPR=0.3839  val_P@5=0.4542  val_P@10=0.3407
Ep001  LR0=3.00e-05  pw=13.35  aucα=0.000  token_p=0.000  dropE=(0.000,0.000)  smooth=0.000  train_loss=0.4853  train_AUPR=0.4304  train_P@5=0.5039  train_P@10=0.3649  val_loss=0.4808  val_AUPR=0.4327  val_P@5=0.5031  val_P@10=0.3650
Ep002  LR0=4.00e-05  pw=11.90  aucα=0.000  token_p=0.000  dropE=(0.000,0.000)  smooth=0.000  train_loss=0.4553  train_AUPR=0.4765  train_P@5=0.5483  train_P@10=0.3967  val_loss=0.4313  val_AUPR=0.4753  val_P@5=0.5491  val_P@10=0.3930
Ep003  LR0=5.00e-05  pw=10.62  aucα=0.000  token_p=0.000  dropE=(0.000,0.000)  smooth=0.000  train_loss=0.4328  train_AUPR=0.5021  train_P@5=0.5734  train_P@10=0.4066  val_loss=0.4193  val_AUPR=0.5027  val_P@5=0.5729  val_P@10=0.4044
Ep004  LR0=6.00e-05  pw=9.49  aucα=0.057  token_p=0.000  dropE=(0.000,0.000)  smooth=0.000  train_loss=0.4270  train_AUPR=0.5331  train_P@5=0.5960  train_P@10=0.4280  val_loss=0.4024  val_AUPR=0.5295  val_P@5=0.5973  val_P@10=0.4175
Ep005  LR0=7.00e-05  pw=8.49  aucα=0.114  token_p=0.000  dropE=(0.000,0.000)  smooth=0.000  train_loss=0.4219  train_AUPR=0.5335  train_P@5=0.5843  train_P@10=0.4222  val_loss=0.4151  val_AUPR=0.5288  val_P@5=0.5829  val_P@10=0.4111
Ep006  LR0=8.00e-05  pw=7.61  aucα=0.171  token_p=0.001  dropE=(0.001,0.005)  smooth=0.001  train_loss=0.4210  train_AUPR=0.5612  train_P@5=0.6100  train_P@10=0.4367  val_loss=0.3933  val_AUPR=0.5514  val_P@5=0.6079  val_P@10=0.4245
Ep007  LR0=9.00e-05  pw=6.84  aucα=0.229  token_p=0.002  dropE=(0.002,0.010)  smooth=0.002  train_loss=0.4163  train_AUPR=0.5754  train_P@5=0.6241  train_P@10=0.4466  val_loss=0.3679  val_AUPR=0.5603  val_P@5=0.6150  val_P@10=0.4333
Ep008  LR0=1.00e-04  pw=6.15  aucα=0.286  token_p=0.003  dropE=(0.003,0.015)  smooth=0.003  train_loss=0.4120  train_AUPR=0.5949  train_P@5=0.6337  train_P@10=0.4536  val_loss=0.3529  val_AUPR=0.5772  val_P@5=0.6246  val_P@10=0.4412
Ep009  LR0=1.00e-04  pw=5.55  aucα=0.343  token_p=0.004  dropE=(0.004,0.020)  smooth=0.004  train_loss=0.4083  train_AUPR=0.6068  train_P@5=0.6443  train_P@10=0.4600  val_loss=0.3493  val_AUPR=0.5835  val_P@5=0.6309  val_P@10=0.4405
[Info] Unfroze 'dym' params after warmup (epoch=10). Added core=54 tensors, other=0 tensors.
Ep010  LR0=2.00e-05  pw=5.01  aucα=0.400  token_p=0.005  dropE=(0.005,0.025)  smooth=0.005  train_loss=0.3868  train_AUPR=0.6269  train_P@5=0.6598  train_P@10=0.4713  val_loss=0.3294  val_AUPR=0.5960  val_P@5=0.6397  val_P@10=0.4505
Ep011  LR0=3.00e-05  pw=4.54  aucα=0.400  token_p=0.006  dropE=(0.006,0.030)  smooth=0.006  train_loss=0.3752  train_AUPR=0.6363  train_P@5=0.6696  train_P@10=0.4763  val_loss=0.3183  val_AUPR=0.5991  val_P@5=0.6370  val_P@10=0.4508
Ep012  LR0=4.00e-05  pw=4.12  aucα=0.400  token_p=0.007  dropE=(0.007,0.035)  smooth=0.007  train_loss=0.3658  train_AUPR=0.6395  train_P@5=0.6741  train_P@10=0.4785  val_loss=0.3072  val_AUPR=0.5970  val_P@5=0.6425  val_P@10=0.4476
Ep013  LR0=5.00e-05  pw=3.76  aucα=0.400  token_p=0.008  dropE=(0.008,0.040)  smooth=0.008  train_loss=0.3581  train_AUPR=0.6444  train_P@5=0.6751  train_P@10=0.4794  val_loss=0.2983  val_AUPR=0.6088  val_P@5=0.6458  val_P@10=0.4571
Ep014  LR0=6.00e-05  pw=3.43  aucα=0.400  token_p=0.009  dropE=(0.009,0.045)  smooth=0.009  train_loss=0.3483  train_AUPR=0.6470  train_P@5=0.6744  train_P@10=0.4826  val_loss=0.2905  val_AUPR=0.5921  val_P@5=0.6232  val_P@10=0.4470
Ep015  LR0=7.00e-05  pw=3.15  aucα=0.400  token_p=0.010  dropE=(0.010,0.050)  smooth=0.010  train_loss=0.3400  train_AUPR=0.6545  train_P@5=0.6823  train_P@10=0.4872  val_loss=0.2796  val_AUPR=0.5957  val_P@5=0.6350  val_P@10=0.4490
Ep016  LR0=8.00e-05  pw=2.89  aucα=0.400  token_p=0.010  dropE=(0.010,0.050)  smooth=0.010  train_loss=0.3313  train_AUPR=0.6561  train_P@5=0.6820  train_P@10=0.4866  val_loss=0.2711  val_AUPR=0.5901  val_P@5=0.6262  val_P@10=0.4467
Ep017  LR0=9.00e-05  pw=2.67  aucα=0.400  token_p=0.010  dropE=(0.010,0.050)  smooth=0.010  train_loss=0.3251  train_AUPR=0.6646  train_P@5=0.6890  train_P@10=0.4901  val_loss=0.2577  val_AUPR=0.6050  val_P@5=0.6460  val_P@10=0.4508
Ep018  LR0=1.00e-04  pw=2.48  aucα=0.400  token_p=0.010  dropE=(0.010,0.050)  smooth=0.010  train_loss=0.3161  train_AUPR=0.6651  train_P@5=0.6899  train_P@10=0.4892  val_loss=0.2522  val_AUPR=0.5975  val_P@5=0.6293  val_P@10=0.4450
Ep019  LR0=1.00e-04  pw=2.30  aucα=0.400  token_p=0.010  dropE=(0.010,0.050)  smooth=0.010  train_loss=0.3080  train_AUPR=0.6775  train_P@5=0.7016  train_P@10=0.4983  val_loss=0.2442  val_AUPR=0.6036  val_P@5=0.6407  val_P@10=0.4480
Ep020  LR0=1.00e-04  pw=2.15  aucα=0.400  token_p=0.010  dropE=(0.010,0.050)  smooth=0.010  train_loss=0.2985  train_AUPR=0.6838  train_P@5=0.7062  train_P@10=0.5048  val_loss=0.2449  val_AUPR=0.5825  val_P@5=0.6197  val_P@10=0.4341
Ep021  LR0=9.99e-05  pw=2.01  aucα=0.400  token_p=0.010  dropE=(0.010,0.050)  smooth=0.010  train_loss=0.2903  train_AUPR=0.6845  train_P@5=0.7068  train_P@10=0.4948  val_loss=0.2285  val_AUPR=0.6139  val_P@5=0.6602  val_P@10=0.4499
Ep022  LR0=9.97e-05  pw=1.89  aucα=0.400  token_p=0.010  dropE=(0.010,0.050)  smooth=0.010  train_loss=0.2807  train_AUPR=0.7152  train_P@5=0.7280  train_P@10=0.5226  val_loss=0.2270  val_AUPR=0.6081  val_P@5=0.6474  val_P@10=0.4492
Ep023  LR0=9.95e-05  pw=1.79  aucα=0.400  token_p=0.010  dropE=(0.010,0.050)  smooth=0.010  train_loss=0.2724  train_AUPR=0.7203  train_P@5=0.7374  train_P@10=0.5197  val_loss=0.2203  val_AUPR=0.6053  val_P@5=0.6372  val_P@10=0.4392
Ep024  LR0=9.92e-05  pw=1.70  aucα=0.400  token_p=0.010  dropE=(0.010,0.050)  smooth=0.010  train_loss=0.2626  train_AUPR=0.7403  train_P@5=0.7484  train_P@10=0.5382  val_loss=0.2088  val_AUPR=0.6167  val_P@5=0.6594  val_P@10=0.4527
Ep025  LR0=9.89e-05  pw=1.62  aucα=0.400  token_p=0.010  dropE=(0.010,0.050)  smooth=0.010  train_loss=0.2563  train_AUPR=0.7543  train_P@5=0.7673  train_P@10=0.5434  val_loss=0.2030  val_AUPR=0.6179  val_P@5=0.6484  val_P@10=0.4546
Ep026  LR0=9.85e-05  pw=1.54  aucα=0.400  token_p=0.010  dropE=(0.010,0.050)  smooth=0.010  train_loss=0.2468  train_AUPR=0.7662  train_P@5=0.7782  train_P@10=0.5472  val_loss=0.2007  val_AUPR=0.6121  val_P@5=0.6480  val_P@10=0.4507
Ep027  LR0=9.81e-05  pw=1.48  aucα=0.400  token_p=0.010  dropE=(0.010,0.050)  smooth=0.010  train_loss=0.2397  train_AUPR=0.7648  train_P@5=0.7757  train_P@10=0.5465  val_loss=0.1979  val_AUPR=0.6093  val_P@5=0.6472  val_P@10=0.4504
Ep028  LR0=9.76e-05  pw=1.42  aucα=0.400  token_p=0.010  dropE=(0.010,0.050)  smooth=0.010  train_loss=0.2314  train_AUPR=0.7733  train_P@5=0.7827  train_P@10=0.5505  val_loss=0.1964  val_AUPR=0.5941  val_P@5=0.6287  val_P@10=0.4381
Ep029  LR0=9.70e-05  pw=1.37  aucα=0.400  token_p=0.010  dropE=(0.010,0.050)  smooth=0.010  train_loss=0.2250  train_AUPR=0.7930  train_P@5=0.8032  train_P@10=0.5648  val_loss=0.1918  val_AUPR=0.5964  val_P@5=0.6331  val_P@10=0.4475
Ep030  LR0=9.46e-05  pw=1.33  aucα=0.400  token_p=0.010  dropE=(0.010,0.050)  smooth=0.010  train_loss=0.2170  train_AUPR=0.8046  train_P@5=0.8106  train_P@10=0.5693  val_loss=0.1857  val_AUPR=0.6112  val_P@5=0.6482  val_P@10=0.4463
Ep031  LR0=8.78e-05  pw=1.29  aucα=0.400  token_p=0.010  dropE=(0.010,0.050)  smooth=0.010  train_loss=0.2097  train_AUPR=0.8116  train_P@5=0.8182  train_P@10=0.5718  val_loss=0.1844  val_AUPR=0.6182  val_P@5=0.6519  val_P@10=0.4515
Ep032  LR0=7.71e-05  pw=1.26  aucα=0.400  token_p=0.010  dropE=(0.010,0.050)  smooth=0.010  train_loss=0.1995  train_AUPR=0.8332  train_P@5=0.8355  train_P@10=0.5852  val_loss=0.1816  val_AUPR=0.6187  val_P@5=0.6527  val_P@10=0.4512
Ep033  LR0=6.37e-05  pw=1.23  aucα=0.400  token_p=0.010  dropE=(0.010,0.050)  smooth=0.010  train_loss=0.1922  train_AUPR=0.8493  train_P@5=0.8529  train_P@10=0.5924  val_loss=0.1798  val_AUPR=0.6177  val_P@5=0.6523  val_P@10=0.4518
Ep034  LR0=4.87e-05  pw=1.20  aucα=0.400  token_p=0.010  dropE=(0.010,0.050)  smooth=0.010  train_loss=0.1796  train_AUPR=0.8604  train_P@5=0.8658  train_P@10=0.5977  val_loss=0.1776  val_AUPR=0.6182  val_P@5=0.6537  val_P@10=0.4524
Ep035  LR0=3.38e-05  pw=1.18  aucα=0.400  token_p=0.010  dropE=(0.010,0.050)  smooth=0.010  train_loss=0.1716  train_AUPR=0.8750  train_P@5=0.8798  train_P@10=0.6060  val_loss=0.1763  val_AUPR=0.6156  val_P@5=0.6498  val_P@10=0.4531
Ep036  LR0=2.04e-05  pw=1.16  aucα=0.400  token_p=0.010  dropE=(0.010,0.050)  smooth=0.010  train_loss=0.1621  train_AUPR=0.8855  train_P@5=0.8902  train_P@10=0.6104  val_loss=0.1752  val_AUPR=0.6141  val_P@5=0.6486  val_P@10=0.4534
Ep037  LR0=9.71e-06  pw=1.14  aucα=0.400  token_p=0.010  dropE=(0.010,0.050)  smooth=0.010  train_loss=0.1551  train_AUPR=0.8942  train_P@5=0.8998  train_P@10=0.6165  val_loss=0.1742  val_AUPR=0.6127  val_P@5=0.6468  val_P@10=0.4537
Ep038  LR0=2.86e-06  pw=1.12  aucα=0.400  token_p=0.010  dropE=(0.010,0.050)  smooth=0.010  train_loss=0.1483  train_AUPR=0.9015  train_P@5=0.9072  train_P@10=0.6207  val_loss=0.1734  val_AUPR=0.6113  val_P@5=0.6450  val_P@10=0.4542
Ep039  LR0=5.00e-07  pw=1.11  aucα=0.400  token_p=0.010  dropE=(0.010,0.050)  smooth=0.010  train_loss=0.1457  train_AUPR=0.9027  train_P@5=0.9072  train_P@10=0.6212  val_loss=0.1728  val_AUPR=0.6097  val_P@5=0.6443  val_P@10=0.4544
Ep040  LR0=5.00e-07  pw=1.09  aucα=0.400  token_p=0.010  dropE=(0.010,0.050)  smooth=0.010  train_loss=0.1436  train_AUPR=0.9031  train_P@5=0.9074  train_P@10=0.6213  val_loss=0.1722  val_AUPR=0.6084  val_P@5=0.6439  val_P@10=0.4535
Ep041  LR0=5.00e-07  pw=1.08  aucα=0.400  token_p=0.010  dropE=(0.010,0.050)  smooth=0.010  train_loss=0.1431  train_AUPR=0.9035  train_P@5=0.9076  train_P@10=0.6215  val_loss=0.1716  val_AUPR=0.6073  val_P@5=0.6441  val_P@10=0.4527
Ep042  LR0=5.00e-07  pw=1.07  aucα=0.400  token_p=0.010  dropE=(0.010,0.050)  smooth=0.010  train_loss=0.1426  train_AUPR=0.9038  train_P@5=0.9084  train_P@10=0.6215  val_loss=0.1711  val_AUPR=0.6063  val_P@5=0.6443  val_P@10=0.4530
Ep043  LR0=5.00e-07  pw=1.06  aucα=0.400  token_p=0.010  dropE=(0.010,0.050)  smooth=0.010  train_loss=0.1426  train_AUPR=0.9039  train_P@5=0.9084  train_P@10=0.6215  val_loss=0.1706  val_AUPR=0.6054  val_P@5=0.6441  val_P@10=0.4531
Ep044  LR0=5.00e-07  pw=1.06  aucα=0.400  token_p=0.010  dropE=(0.010,0.050)  smooth=0.010  train_loss=0.1417  train_AUPR=0.9041  train_P@5=0.9085  train_P@10=0.6218  val_loss=0.1702  val_AUPR=0.6046  val_P@5=0.6447  val_P@10=0.4525
Ep045  LR0=5.00e-07  pw=1.05  aucα=0.400  token_p=0.010  dropE=(0.010,0.050)  smooth=0.010  train_loss=0.1422  train_AUPR=0.9042  train_P@5=0.9086  train_P@10=0.6215  val_loss=0.1699  val_AUPR=0.6039  val_P@5=0.6435  val_P@10=0.4523
Ep046  LR0=5.00e-07  pw=1.04  aucα=0.400  token_p=0.010  dropE=(0.010,0.050)  smooth=0.010  train_loss=0.1422  train_AUPR=0.9043  train_P@5=0.9088  train_P@10=0.6218  val_loss=0.1696  val_AUPR=0.6032  val_P@5=0.6429  val_P@10=0.4526
Ep047  LR0=5.00e-07  pw=1.04  aucα=0.400  token_p=0.010  dropE=(0.010,0.050)  smooth=0.010  train_loss=0.1422  train_AUPR=0.9045  train_P@5=0.9090  train_P@10=0.6218  val_loss=0.1693  val_AUPR=0.6026  val_P@5=0.6427  val_P@10=0.4522
Ep048  LR0=5.00e-07  pw=1.03  aucα=0.400  token_p=0.010  dropE=(0.010,0.050)  smooth=0.010  train_loss=0.1413  train_AUPR=0.9046  train_P@5=0.9093  train_P@10=0.6223  val_loss=0.1691  val_AUPR=0.6021  val_P@5=0.6431  val_P@10=0.4519
Ep049  LR0=5.00e-07  pw=1.03  aucα=0.400  token_p=0.010  dropE=(0.010,0.050)  smooth=0.010  train_loss=0.1413  train_AUPR=0.9049  train_P@5=0.9096  train_P@10=0.6221  val_loss=0.1689  val_AUPR=0.6015  val_P@5=0.6433  val_P@10=0.4512
Ep050  LR0=5.00e-07  pw=1.03  aucα=0.400  token_p=0.010  dropE=(0.010,0.050)  smooth=0.010  train_loss=0.1401  train_AUPR=0.9051  train_P@5=0.9099  train_P@10=0.6223  val_loss=0.1687  val_AUPR=0.6010  val_P@5=0.6431  val_P@10=0.4509
Ep051  LR0=5.00e-07  pw=1.02  aucα=0.400  token_p=0.010  dropE=(0.010,0.050)  smooth=0.010  train_loss=0.1405  train_AUPR=0.9052  train_P@5=0.9103  train_P@10=0.6224  val_loss=0.1686  val_AUPR=0.6006  val_P@5=0.6429  val_P@10=0.4508
Ep052  LR0=5.00e-07  pw=1.02  aucα=0.400  token_p=0.010  dropE=(0.010,0.050)  smooth=0.010  train_loss=0.1389  train_AUPR=0.9052  train_P@5=0.9103  train_P@10=0.6224  val_loss=0.1685  val_AUPR=0.6002  val_P@5=0.6425  val_P@10=0.4510
Ep053  LR0=5.00e-07  pw=1.02  aucα=0.400  token_p=0.010  dropE=(0.010,0.050)  smooth=0.010  train_loss=0.1400  train_AUPR=0.9054  train_P@5=0.9103  train_P@10=0.6225  val_loss=0.1684  val_AUPR=0.5998  val_P@5=0.6427  val_P@10=0.4513
Ep054  LR0=5.00e-07  pw=1.02  aucα=0.400  token_p=0.010  dropE=(0.010,0.050)  smooth=0.010  train_loss=0.1403  train_AUPR=0.9056  train_P@5=0.9105  train_P@10=0.6226  val_loss=0.1683  val_AUPR=0.5994  val_P@5=0.6431  val_P@10=0.4513
Ep055  LR0=5.00e-07  pw=1.01  aucα=0.400  token_p=0.010  dropE=(0.010,0.050)  smooth=0.010  train_loss=0.1396  train_AUPR=0.9057  train_P@5=0.9109  train_P@10=0.6227  val_loss=0.1682  val_AUPR=0.5991  val_P@5=0.6421  val_P@10=0.4508
Ep056  LR0=5.00e-07  pw=1.01  aucα=0.400  token_p=0.010  dropE=(0.010,0.050)  smooth=0.010  train_loss=0.1399  train_AUPR=0.9058  train_P@5=0.9106  train_P@10=0.6230  val_loss=0.1682  val_AUPR=0.5988  val_P@5=0.6425  val_P@10=0.4506
Ep057  LR0=5.00e-07  pw=1.01  aucα=0.400  token_p=0.010  dropE=(0.010,0.050)  smooth=0.010  train_loss=0.1392  train_AUPR=0.9060  train_P@5=0.9108  train_P@10=0.6231  val_loss=0.1682  val_AUPR=0.5985  val_P@5=0.6425  val_P@10=0.4506
Ep058  LR0=5.00e-07  pw=1.01  aucα=0.400  token_p=0.010  dropE=(0.010,0.050)  smooth=0.010  train_loss=0.1397  train_AUPR=0.9062  train_P@5=0.9108  train_P@10=0.6232  val_loss=0.1681  val_AUPR=0.5982  val_P@5=0.6427  val_P@10=0.4507
Ep059  LR0=5.00e-07  pw=1.01  aucα=0.400  token_p=0.010  dropE=(0.010,0.050)  smooth=0.010  train_loss=0.1389  train_AUPR=0.9063  train_P@5=0.9112  train_P@10=0.6233  val_loss=0.1681  val_AUPR=0.5979  val_P@5=0.6425  val_P@10=0.4507
Ep060  LR0=5.00e-07  pw=1.01  aucα=0.400  token_p=0.010  dropE=(0.010,0.050)  smooth=0.010  train_loss=0.1396  train_AUPR=0.9064  train_P@5=0.9113  train_P@10=0.6234  val_loss=0.1681  val_AUPR=0.5977  val_P@5=0.6423  val_P@10=0.4507
Ep061  LR0=5.00e-07  pw=1.01  aucα=0.400  token_p=0.010  dropE=(0.010,0.050)  smooth=0.010  train_loss=0.1399  train_AUPR=0.9067  train_P@5=0.9117  train_P@10=0.6235  val_loss=0.1681  val_AUPR=0.5974  val_P@5=0.6419  val_P@10=0.4505
Ep062  LR0=5.00e-07  pw=1.01  aucα=0.400  token_p=0.010  dropE=(0.010,0.050)  smooth=0.010  train_loss=0.1380  train_AUPR=0.9067  train_P@5=0.9114  train_P@10=0.6237  val_loss=0.1681  val_AUPR=0.5972  val_P@5=0.6419  val_P@10=0.4504
Ep063  LR0=5.00e-07  pw=1.01  aucα=0.400  token_p=0.010  dropE=(0.010,0.050)  smooth=0.010  train_loss=0.1392  train_AUPR=0.9068  train_P@5=0.9114  train_P@10=0.6235  val_loss=0.1682  val_AUPR=0.5969  val_P@5=0.6417  val_P@10=0.4502
Ep064  LR0=5.00e-07  pw=1.00  aucα=0.400  token_p=0.010  dropE=(0.010,0.050)  smooth=0.010  train_loss=0.1389  train_AUPR=0.9070  train_P@5=0.9116  train_P@10=0.6237  val_loss=0.1682  val_AUPR=0.5967  val_P@5=0.6419  val_P@10=0.4502
Ep065  LR0=5.00e-07  pw=1.00  aucα=0.400  token_p=0.010  dropE=(0.010,0.050)  smooth=0.010  train_loss=0.1383  train_AUPR=0.9071  train_P@5=0.9121  train_P@10=0.6237  val_loss=0.1682  val_AUPR=0.5965  val_P@5=0.6419  val_P@10=0.4501
Ep066  LR0=5.00e-07  pw=1.00  aucα=0.400  token_p=0.010  dropE=(0.010,0.050)  smooth=0.010  train_loss=0.1380  train_AUPR=0.9072  train_P@5=0.9120  train_P@10=0.6237  val_loss=0.1682  val_AUPR=0.5963  val_P@5=0.6417  val_P@10=0.4501
Ep067  LR0=5.00e-07  pw=1.00  aucα=0.400  token_p=0.010  dropE=(0.010,0.050)  smooth=0.010  train_loss=0.1380  train_AUPR=0.9073  train_P@5=0.9122  train_P@10=0.6239  val_loss=0.1683  val_AUPR=0.5961  val_P@5=0.6419  val_P@10=0.4501
Ep068  LR0=5.00e-07  pw=1.00  aucα=0.400  token_p=0.010  dropE=(0.010,0.050)  smooth=0.010  train_loss=0.1375  train_AUPR=0.9073  train_P@5=0.9122  train_P@10=0.6239  val_loss=0.1683  val_AUPR=0.5959  val_P@5=0.6419  val_P@10=0.4499
Ep069  LR0=5.00e-07  pw=1.00  aucα=0.400  token_p=0.010  dropE=(0.010,0.050)  smooth=0.010  train_loss=0.1370  train_AUPR=0.9074  train_P@5=0.9122  train_P@10=0.6240  val_loss=0.1683  val_AUPR=0.5957  val_P@5=0.6417  val_P@10=0.4497
Ep070  LR0=5.00e-07  pw=1.00  aucα=0.400  token_p=0.010  dropE=(0.010,0.050)  smooth=0.010  train_loss=0.1372  train_AUPR=0.9076  train_P@5=0.9123  train_P@10=0.6239  val_loss=0.1684  val_AUPR=0.5955  val_P@5=0.6417  val_P@10=0.4496
Ep071  LR0=5.00e-07  pw=1.00  aucα=0.400  token_p=0.010  dropE=(0.010,0.050)  smooth=0.010  train_loss=0.1393  train_AUPR=0.9078  train_P@5=0.9131  train_P@10=0.6241  val_loss=0.1684  val_AUPR=0.5954  val_P@5=0.6417  val_P@10=0.4496
Ep072  LR0=5.00e-07  pw=1.00  aucα=0.400  token_p=0.010  dropE=(0.010,0.050)  smooth=0.010  train_loss=0.1374  train_AUPR=0.9079  train_P@5=0.9131  train_P@10=0.6240  val_loss=0.1684  val_AUPR=0.5952  val_P@5=0.6417  val_P@10=0.4494
Ep073  LR0=5.00e-07  pw=1.00  aucα=0.400  token_p=0.010  dropE=(0.010,0.050)  smooth=0.010  train_loss=0.1377  train_AUPR=0.9081  train_P@5=0.9129  train_P@10=0.6242  val_loss=0.1685  val_AUPR=0.5950  val_P@5=0.6421  val_P@10=0.4494
Ep074  LR0=5.00e-07  pw=1.00  aucα=0.400  token_p=0.010  dropE=(0.010,0.050)  smooth=0.010  train_loss=0.1384  train_AUPR=0.9081  train_P@5=0.9130  train_P@10=0.6241  val_loss=0.1685  val_AUPR=0.5949  val_P@5=0.6419  val_P@10=0.4495
Ep075  LR0=5.00e-07  pw=1.00  aucα=0.400  token_p=0.010  dropE=(0.010,0.050)  smooth=0.010  train_loss=0.1378  train_AUPR=0.9083  train_P@5=0.9135  train_P@10=0.6243  val_loss=0.1686  val_AUPR=0.5947  val_P@5=0.6421  val_P@10=0.4497
Ep076  LR0=5.00e-07  pw=1.00  aucα=0.400  token_p=0.010  dropE=(0.010,0.050)  smooth=0.010  train_loss=0.1381  train_AUPR=0.9084  train_P@5=0.9135  train_P@10=0.6244  val_loss=0.1686  val_AUPR=0.5946  val_P@5=0.6419  val_P@10=0.4496
Early stop triggered: neither val_AUPR nor val_loss improved for 20 epochs.
Saved iPara_l1_g6_i6_do0.10_dpr0.10_lr0.0002_heads16_fold3.pth  (best val AUPR=0.6187)
Saved iPara_l1_g6_i6_do0.10_dpr0.10_lr0.0002_heads16_fold3_best_aupr.pth
Saved iPara_l1_g6_i6_do0.10_dpr0.10_lr0.0002_heads16_fold3_best_loss.pth  (best val loss=0.1682)

── Fold 4/5
Train labels: pos=26560, neg=372298, ignore=700342, pos_rate=0.066590
Val labels: pos=6670, neg=94664, ignore=172266, pos_rate=0.065822
Initializing ClassificationModel with 6 GAT layers and residual connections...
Initializing MCModel with 6 GAT layers and 6 row attention layers (drop_path_rate=0.1)
Initializing CoreModel with 1 layers, drop_path_rate=0.1
Ep000  LR0=2.00e-05  pw=15.00  aucα=0.000  token_p=0.000  dropE=(0.000,0.000)  smooth=0.000  train_loss=0.5557  train_AUPR=0.3692  train_P@5=0.4423  train_P@10=0.3327  val_loss=0.5150  val_AUPR=0.3499  val_P@5=0.4254  val_P@10=0.3271
Ep001  LR0=3.00e-05  pw=13.35  aucα=0.000  token_p=0.000  dropE=(0.000,0.000)  smooth=0.000  train_loss=0.4852  train_AUPR=0.4295  train_P@5=0.5041  train_P@10=0.3702  val_loss=0.4938  val_AUPR=0.4104  val_P@5=0.4848  val_P@10=0.3612
Ep002  LR0=4.00e-05  pw=11.90  aucα=0.000  token_p=0.000  dropE=(0.000,0.000)  smooth=0.000  train_loss=0.4548  train_AUPR=0.4700  train_P@5=0.5379  train_P@10=0.3891  val_loss=0.4527  val_AUPR=0.4506  val_P@5=0.5172  val_P@10=0.3764
Ep003  LR0=5.00e-05  pw=10.62  aucα=0.000  token_p=0.000  dropE=(0.000,0.000)  smooth=0.000  train_loss=0.4305  train_AUPR=0.5040  train_P@5=0.5774  train_P@10=0.4099  val_loss=0.4368  val_AUPR=0.4829  val_P@5=0.5561  val_P@10=0.3982
Ep004  LR0=6.00e-05  pw=9.49  aucα=0.057  token_p=0.000  dropE=(0.000,0.000)  smooth=0.000  train_loss=0.4284  train_AUPR=0.5262  train_P@5=0.5929  train_P@10=0.4172  val_loss=0.4168  val_AUPR=0.5056  val_P@5=0.5790  val_P@10=0.4034
Ep005  LR0=7.00e-05  pw=8.49  aucα=0.114  token_p=0.000  dropE=(0.000,0.000)  smooth=0.000  train_loss=0.4222  train_AUPR=0.5449  train_P@5=0.6032  train_P@10=0.4272  val_loss=0.4207  val_AUPR=0.5250  val_P@5=0.5940  val_P@10=0.4173
Ep006  LR0=8.00e-05  pw=7.61  aucα=0.171  token_p=0.001  dropE=(0.001,0.005)  smooth=0.001  train_loss=0.4173  train_AUPR=0.5710  train_P@5=0.6188  train_P@10=0.4429  val_loss=0.3906  val_AUPR=0.5486  val_P@5=0.5971  val_P@10=0.4285
Ep007  LR0=9.00e-05  pw=6.84  aucα=0.229  token_p=0.002  dropE=(0.002,0.010)  smooth=0.002  train_loss=0.4141  train_AUPR=0.5850  train_P@5=0.6281  train_P@10=0.4450  val_loss=0.3782  val_AUPR=0.5602  val_P@5=0.6099  val_P@10=0.4300
Ep008  LR0=1.00e-04  pw=6.15  aucα=0.286  token_p=0.003  dropE=(0.003,0.015)  smooth=0.003  train_loss=0.4089  train_AUPR=0.5968  train_P@5=0.6352  train_P@10=0.4565  val_loss=0.3607  val_AUPR=0.5710  val_P@5=0.6186  val_P@10=0.4360
Ep009  LR0=1.00e-04  pw=5.55  aucα=0.343  token_p=0.004  dropE=(0.004,0.020)  smooth=0.004  train_loss=0.4039  train_AUPR=0.6059  train_P@5=0.6370  train_P@10=0.4587  val_loss=0.3537  val_AUPR=0.5773  val_P@5=0.6257  val_P@10=0.4387
[Info] Unfroze 'dym' params after warmup (epoch=10). Added core=54 tensors, other=0 tensors.
Ep010  LR0=2.00e-05  pw=5.01  aucα=0.400  token_p=0.005  dropE=(0.005,0.025)  smooth=0.005  train_loss=0.3843  train_AUPR=0.6270  train_P@5=0.6583  train_P@10=0.4697  val_loss=0.3418  val_AUPR=0.5882  val_P@5=0.6374  val_P@10=0.4442
Ep011  LR0=3.00e-05  pw=4.54  aucα=0.400  token_p=0.006  dropE=(0.006,0.030)  smooth=0.006  train_loss=0.3741  train_AUPR=0.6366  train_P@5=0.6671  train_P@10=0.4756  val_loss=0.3323  val_AUPR=0.5919  val_P@5=0.6394  val_P@10=0.4470
Ep012  LR0=4.00e-05  pw=4.12  aucα=0.400  token_p=0.007  dropE=(0.007,0.035)  smooth=0.007  train_loss=0.3653  train_AUPR=0.6397  train_P@5=0.6669  train_P@10=0.4773  val_loss=0.3201  val_AUPR=0.5928  val_P@5=0.6405  val_P@10=0.4453
Ep013  LR0=5.00e-05  pw=3.76  aucα=0.400  token_p=0.008  dropE=(0.008,0.040)  smooth=0.008  train_loss=0.3577  train_AUPR=0.6397  train_P@5=0.6658  train_P@10=0.4775  val_loss=0.3106  val_AUPR=0.5854  val_P@5=0.6346  val_P@10=0.4415
Ep014  LR0=6.00e-05  pw=3.43  aucα=0.400  token_p=0.009  dropE=(0.009,0.045)  smooth=0.009  train_loss=0.3477  train_AUPR=0.6515  train_P@5=0.6799  train_P@10=0.4839  val_loss=0.2994  val_AUPR=0.5972  val_P@5=0.6484  val_P@10=0.4462
Ep015  LR0=7.00e-05  pw=3.15  aucα=0.400  token_p=0.010  dropE=(0.010,0.050)  smooth=0.010  train_loss=0.3409  train_AUPR=0.6626  train_P@5=0.6865  train_P@10=0.4916  val_loss=0.2847  val_AUPR=0.6050  val_P@5=0.6575  val_P@10=0.4498
Ep016  LR0=8.00e-05  pw=2.89  aucα=0.400  token_p=0.010  dropE=(0.010,0.050)  smooth=0.010  train_loss=0.3316  train_AUPR=0.6660  train_P@5=0.6891  train_P@10=0.4918  val_loss=0.2700  val_AUPR=0.6054  val_P@5=0.6534  val_P@10=0.4534
Ep017  LR0=9.00e-05  pw=2.67  aucα=0.400  token_p=0.010  dropE=(0.010,0.050)  smooth=0.010  train_loss=0.3266  train_AUPR=0.6673  train_P@5=0.6898  train_P@10=0.4935  val_loss=0.2627  val_AUPR=0.5990  val_P@5=0.6449  val_P@10=0.4487
Ep018  LR0=1.00e-04  pw=2.48  aucα=0.400  token_p=0.010  dropE=(0.010,0.050)  smooth=0.010  train_loss=0.3158  train_AUPR=0.6716  train_P@5=0.6922  train_P@10=0.4931  val_loss=0.2562  val_AUPR=0.6033  val_P@5=0.6486  val_P@10=0.4505
Ep019  LR0=1.00e-04  pw=2.30  aucα=0.400  token_p=0.010  dropE=(0.010,0.050)  smooth=0.010  train_loss=0.3068  train_AUPR=0.6839  train_P@5=0.7008  train_P@10=0.5029  val_loss=0.2462  val_AUPR=0.6026  val_P@5=0.6512  val_P@10=0.4553
Ep020  LR0=1.00e-04  pw=2.15  aucα=0.400  token_p=0.010  dropE=(0.010,0.050)  smooth=0.010  train_loss=0.2994  train_AUPR=0.6838  train_P@5=0.7056  train_P@10=0.5016  val_loss=0.2404  val_AUPR=0.6022  val_P@5=0.6459  val_P@10=0.4483
Ep021  LR0=9.99e-05  pw=2.01  aucα=0.400  token_p=0.010  dropE=(0.010,0.050)  smooth=0.010  train_loss=0.2883  train_AUPR=0.7078  train_P@5=0.7254  train_P@10=0.5145  val_loss=0.2265  val_AUPR=0.6167  val_P@5=0.6646  val_P@10=0.4565
Ep022  LR0=9.97e-05  pw=1.89  aucα=0.400  token_p=0.010  dropE=(0.010,0.050)  smooth=0.010  train_loss=0.2776  train_AUPR=0.7106  train_P@5=0.7248  train_P@10=0.5169  val_loss=0.2290  val_AUPR=0.6083  val_P@5=0.6510  val_P@10=0.4489
Ep023  LR0=9.95e-05  pw=1.79  aucα=0.400  token_p=0.010  dropE=(0.010,0.050)  smooth=0.010  train_loss=0.2692  train_AUPR=0.7266  train_P@5=0.7382  train_P@10=0.5269  val_loss=0.2229  val_AUPR=0.6102  val_P@5=0.6542  val_P@10=0.4517
Ep024  LR0=9.92e-05  pw=1.70  aucα=0.400  token_p=0.010  dropE=(0.010,0.050)  smooth=0.010  train_loss=0.2624  train_AUPR=0.7314  train_P@5=0.7469  train_P@10=0.5291  val_loss=0.2124  val_AUPR=0.5916  val_P@5=0.6301  val_P@10=0.4441
Ep025  LR0=9.89e-05  pw=1.62  aucα=0.400  token_p=0.010  dropE=(0.010,0.050)  smooth=0.010  train_loss=0.2512  train_AUPR=0.7572  train_P@5=0.7662  train_P@10=0.5423  val_loss=0.2023  val_AUPR=0.6248  val_P@5=0.6739  val_P@10=0.4640
Ep026  LR0=9.85e-05  pw=1.54  aucα=0.400  token_p=0.010  dropE=(0.010,0.050)  smooth=0.010  train_loss=0.2460  train_AUPR=0.7625  train_P@5=0.7720  train_P@10=0.5455  val_loss=0.2003  val_AUPR=0.6121  val_P@5=0.6514  val_P@10=0.4573
Ep027  LR0=9.81e-05  pw=1.48  aucα=0.400  token_p=0.010  dropE=(0.010,0.050)  smooth=0.010  train_loss=0.2390  train_AUPR=0.7689  train_P@5=0.7788  train_P@10=0.5457  val_loss=0.1970  val_AUPR=0.6189  val_P@5=0.6581  val_P@10=0.4547
Ep028  LR0=9.76e-05  pw=1.42  aucα=0.400  token_p=0.010  dropE=(0.010,0.050)  smooth=0.010  train_loss=0.2320  train_AUPR=0.7822  train_P@5=0.7948  train_P@10=0.5562  val_loss=0.1905  val_AUPR=0.6178  val_P@5=0.6490  val_P@10=0.4561
Ep029  LR0=9.70e-05  pw=1.37  aucα=0.400  token_p=0.010  dropE=(0.010,0.050)  smooth=0.010  train_loss=0.2233  train_AUPR=0.8009  train_P@5=0.8107  train_P@10=0.5637  val_loss=0.1882  val_AUPR=0.6094  val_P@5=0.6508  val_P@10=0.4507
Ep030  LR0=9.46e-05  pw=1.33  aucα=0.400  token_p=0.010  dropE=(0.010,0.050)  smooth=0.010  train_loss=0.2178  train_AUPR=0.8121  train_P@5=0.8175  train_P@10=0.5743  val_loss=0.1847  val_AUPR=0.6125  val_P@5=0.6429  val_P@10=0.4552
Ep031  LR0=8.78e-05  pw=1.29  aucα=0.400  token_p=0.010  dropE=(0.010,0.050)  smooth=0.010  train_loss=0.2079  train_AUPR=0.8164  train_P@5=0.8193  train_P@10=0.5760  val_loss=0.1794  val_AUPR=0.6263  val_P@5=0.6630  val_P@10=0.4632
Ep032  LR0=7.71e-05  pw=1.26  aucα=0.400  token_p=0.010  dropE=(0.010,0.050)  smooth=0.010  train_loss=0.2005  train_AUPR=0.8335  train_P@5=0.8355  train_P@10=0.5859  val_loss=0.1783  val_AUPR=0.6261  val_P@5=0.6579  val_P@10=0.4629
Ep033  LR0=6.37e-05  pw=1.23  aucα=0.400  token_p=0.010  dropE=(0.010,0.050)  smooth=0.010  train_loss=0.1916  train_AUPR=0.8438  train_P@5=0.8495  train_P@10=0.5891  val_loss=0.1758  val_AUPR=0.6276  val_P@5=0.6603  val_P@10=0.4653
Ep034  LR0=4.87e-05  pw=1.20  aucα=0.400  token_p=0.010  dropE=(0.010,0.050)  smooth=0.010  train_loss=0.1807  train_AUPR=0.8617  train_P@5=0.8664  train_P@10=0.5999  val_loss=0.1732  val_AUPR=0.6298  val_P@5=0.6652  val_P@10=0.4668
Ep035  LR0=3.38e-05  pw=1.18  aucα=0.400  token_p=0.010  dropE=(0.010,0.050)  smooth=0.010  train_loss=0.1707  train_AUPR=0.8738  train_P@5=0.8775  train_P@10=0.6076  val_loss=0.1714  val_AUPR=0.6298  val_P@5=0.6634  val_P@10=0.4666
Ep036  LR0=2.04e-05  pw=1.16  aucα=0.400  token_p=0.010  dropE=(0.010,0.050)  smooth=0.010  train_loss=0.1629  train_AUPR=0.8885  train_P@5=0.8935  train_P@10=0.6136  val_loss=0.1703  val_AUPR=0.6286  val_P@5=0.6611  val_P@10=0.4662
Ep037  LR0=9.71e-06  pw=1.14  aucα=0.400  token_p=0.010  dropE=(0.010,0.050)  smooth=0.010  train_loss=0.1558  train_AUPR=0.8970  train_P@5=0.9053  train_P@10=0.6189  val_loss=0.1694  val_AUPR=0.6271  val_P@5=0.6601  val_P@10=0.4659
Ep038  LR0=2.86e-06  pw=1.12  aucα=0.400  token_p=0.010  dropE=(0.010,0.050)  smooth=0.010  train_loss=0.1489  train_AUPR=0.9033  train_P@5=0.9112  train_P@10=0.6222  val_loss=0.1687  val_AUPR=0.6258  val_P@5=0.6589  val_P@10=0.4658
Ep039  LR0=5.00e-07  pw=1.11  aucα=0.400  token_p=0.010  dropE=(0.010,0.050)  smooth=0.010  train_loss=0.1466  train_AUPR=0.9047  train_P@5=0.9129  train_P@10=0.6222  val_loss=0.1680  val_AUPR=0.6247  val_P@5=0.6575  val_P@10=0.4650
Ep040  LR0=5.00e-07  pw=1.09  aucα=0.400  token_p=0.010  dropE=(0.010,0.050)  smooth=0.010  train_loss=0.1455  train_AUPR=0.9052  train_P@5=0.9128  train_P@10=0.6224  val_loss=0.1674  val_AUPR=0.6238  val_P@5=0.6565  val_P@10=0.4647
Ep041  LR0=5.00e-07  pw=1.08  aucα=0.400  token_p=0.010  dropE=(0.010,0.050)  smooth=0.010  train_loss=0.1441  train_AUPR=0.9055  train_P@5=0.9131  train_P@10=0.6228  val_loss=0.1668  val_AUPR=0.6229  val_P@5=0.6555  val_P@10=0.4640
Ep042  LR0=5.00e-07  pw=1.07  aucα=0.400  token_p=0.010  dropE=(0.010,0.050)  smooth=0.010  train_loss=0.1424  train_AUPR=0.9057  train_P@5=0.9133  train_P@10=0.6228  val_loss=0.1663  val_AUPR=0.6221  val_P@5=0.6544  val_P@10=0.4634
Ep043  LR0=5.00e-07  pw=1.06  aucα=0.400  token_p=0.010  dropE=(0.010,0.050)  smooth=0.010  train_loss=0.1434  train_AUPR=0.9057  train_P@5=0.9136  train_P@10=0.6228  val_loss=0.1658  val_AUPR=0.6214  val_P@5=0.6524  val_P@10=0.4627
Ep044  LR0=5.00e-07  pw=1.06  aucα=0.400  token_p=0.010  dropE=(0.010,0.050)  smooth=0.010  train_loss=0.1429  train_AUPR=0.9059  train_P@5=0.9140  train_P@10=0.6231  val_loss=0.1654  val_AUPR=0.6207  val_P@5=0.6518  val_P@10=0.4628
Ep045  LR0=5.00e-07  pw=1.05  aucα=0.400  token_p=0.010  dropE=(0.010,0.050)  smooth=0.010  train_loss=0.1418  train_AUPR=0.9060  train_P@5=0.9140  train_P@10=0.6231  val_loss=0.1650  val_AUPR=0.6201  val_P@5=0.6514  val_P@10=0.4624
Ep046  LR0=5.00e-07  pw=1.04  aucα=0.400  token_p=0.010  dropE=(0.010,0.050)  smooth=0.010  train_loss=0.1421  train_AUPR=0.9062  train_P@5=0.9140  train_P@10=0.6233  val_loss=0.1647  val_AUPR=0.6195  val_P@5=0.6500  val_P@10=0.4621
Ep047  LR0=5.00e-07  pw=1.04  aucα=0.400  token_p=0.010  dropE=(0.010,0.050)  smooth=0.010  train_loss=0.1419  train_AUPR=0.9063  train_P@5=0.9142  train_P@10=0.6234  val_loss=0.1645  val_AUPR=0.6190  val_P@5=0.6498  val_P@10=0.4616
Ep048  LR0=5.00e-07  pw=1.03  aucα=0.400  token_p=0.010  dropE=(0.010,0.050)  smooth=0.010  train_loss=0.1417  train_AUPR=0.9065  train_P@5=0.9140  train_P@10=0.6235  val_loss=0.1642  val_AUPR=0.6186  val_P@5=0.6492  val_P@10=0.4619
Ep049  LR0=5.00e-07  pw=1.03  aucα=0.400  token_p=0.010  dropE=(0.010,0.050)  smooth=0.010  train_loss=0.1417  train_AUPR=0.9066  train_P@5=0.9142  train_P@10=0.6233  val_loss=0.1640  val_AUPR=0.6182  val_P@5=0.6492  val_P@10=0.4615
Ep050  LR0=5.00e-07  pw=1.03  aucα=0.400  token_p=0.010  dropE=(0.010,0.050)  smooth=0.010  train_loss=0.1408  train_AUPR=0.9069  train_P@5=0.9142  train_P@10=0.6236  val_loss=0.1638  val_AUPR=0.6178  val_P@5=0.6498  val_P@10=0.4616
Ep051  LR0=5.00e-07  pw=1.02  aucα=0.400  token_p=0.010  dropE=(0.010,0.050)  smooth=0.010  train_loss=0.1414  train_AUPR=0.9072  train_P@5=0.9146  train_P@10=0.6237  val_loss=0.1637  val_AUPR=0.6175  val_P@5=0.6492  val_P@10=0.4616
Ep052  LR0=5.00e-07  pw=1.02  aucα=0.400  token_p=0.010  dropE=(0.010,0.050)  smooth=0.010  train_loss=0.1404  train_AUPR=0.9073  train_P@5=0.9152  train_P@10=0.6237  val_loss=0.1636  val_AUPR=0.6171  val_P@5=0.6486  val_P@10=0.4613
Ep053  LR0=5.00e-07  pw=1.02  aucα=0.400  token_p=0.010  dropE=(0.010,0.050)  smooth=0.010  train_loss=0.1409  train_AUPR=0.9073  train_P@5=0.9150  train_P@10=0.6238  val_loss=0.1635  val_AUPR=0.6168  val_P@5=0.6482  val_P@10=0.4615
Ep054  LR0=5.00e-07  pw=1.02  aucα=0.400  token_p=0.010  dropE=(0.010,0.050)  smooth=0.010  train_loss=0.1407  train_AUPR=0.9075  train_P@5=0.9151  train_P@10=0.6237  val_loss=0.1634  val_AUPR=0.6166  val_P@5=0.6482  val_P@10=0.4611
Ep055  LR0=5.00e-07  pw=1.01  aucα=0.400  token_p=0.010  dropE=(0.010,0.050)  smooth=0.010  train_loss=0.1401  train_AUPR=0.9077  train_P@5=0.9152  train_P@10=0.6238  val_loss=0.1634  val_AUPR=0.6163  val_P@5=0.6480  val_P@10=0.4611
Ep056  LR0=5.00e-07  pw=1.01  aucα=0.400  token_p=0.010  dropE=(0.010,0.050)  smooth=0.010  train_loss=0.1411  train_AUPR=0.9078  train_P@5=0.9158  train_P@10=0.6239  val_loss=0.1633  val_AUPR=0.6161  val_P@5=0.6477  val_P@10=0.4609
Ep057  LR0=5.00e-07  pw=1.01  aucα=0.400  token_p=0.010  dropE=(0.010,0.050)  smooth=0.010  train_loss=0.1409  train_AUPR=0.9080  train_P@5=0.9159  train_P@10=0.6241  val_loss=0.1633  val_AUPR=0.6158  val_P@5=0.6477  val_P@10=0.4607
Ep058  LR0=5.00e-07  pw=1.01  aucα=0.400  token_p=0.010  dropE=(0.010,0.050)  smooth=0.010  train_loss=0.1392  train_AUPR=0.9081  train_P@5=0.9156  train_P@10=0.6240  val_loss=0.1632  val_AUPR=0.6156  val_P@5=0.6477  val_P@10=0.4606
Ep059  LR0=5.00e-07  pw=1.01  aucα=0.400  token_p=0.010  dropE=(0.010,0.050)  smooth=0.010  train_loss=0.1399  train_AUPR=0.9083  train_P@5=0.9155  train_P@10=0.6242  val_loss=0.1632  val_AUPR=0.6154  val_P@5=0.6473  val_P@10=0.4606
Ep060  LR0=5.00e-07  pw=1.01  aucα=0.400  token_p=0.010  dropE=(0.010,0.050)  smooth=0.010  train_loss=0.1407  train_AUPR=0.9083  train_P@5=0.9158  train_P@10=0.6242  val_loss=0.1632  val_AUPR=0.6152  val_P@5=0.6475  val_P@10=0.4607
Ep061  LR0=5.00e-07  pw=1.01  aucα=0.400  token_p=0.010  dropE=(0.010,0.050)  smooth=0.010  train_loss=0.1408  train_AUPR=0.9083  train_P@5=0.9157  train_P@10=0.6245  val_loss=0.1632  val_AUPR=0.6150  val_P@5=0.6477  val_P@10=0.4604
Ep062  LR0=5.00e-07  pw=1.01  aucα=0.400  token_p=0.010  dropE=(0.010,0.050)  smooth=0.010  train_loss=0.1375  train_AUPR=0.9085  train_P@5=0.9159  train_P@10=0.6245  val_loss=0.1632  val_AUPR=0.6148  val_P@5=0.6477  val_P@10=0.4603
Ep063  LR0=5.00e-07  pw=1.01  aucα=0.400  token_p=0.010  dropE=(0.010,0.050)  smooth=0.010  train_loss=0.1394  train_AUPR=0.9087  train_P@5=0.9160  train_P@10=0.6245  val_loss=0.1632  val_AUPR=0.6146  val_P@5=0.6478  val_P@10=0.4603
Ep064  LR0=5.00e-07  pw=1.00  aucα=0.400  token_p=0.010  dropE=(0.010,0.050)  smooth=0.010  train_loss=0.1394  train_AUPR=0.9086  train_P@5=0.9161  train_P@10=0.6246  val_loss=0.1632  val_AUPR=0.6144  val_P@5=0.6477  val_P@10=0.4602
Ep065  LR0=5.00e-07  pw=1.00  aucα=0.400  token_p=0.010  dropE=(0.010,0.050)  smooth=0.010  train_loss=0.1397  train_AUPR=0.9088  train_P@5=0.9160  train_P@10=0.6247  val_loss=0.1633  val_AUPR=0.6143  val_P@5=0.6477  val_P@10=0.4602
Ep066  LR0=5.00e-07  pw=1.00  aucα=0.400  token_p=0.010  dropE=(0.010,0.050)  smooth=0.010  train_loss=0.1393  train_AUPR=0.9091  train_P@5=0.9162  train_P@10=0.6248  val_loss=0.1633  val_AUPR=0.6141  val_P@5=0.6473  val_P@10=0.4600
Ep067  LR0=5.00e-07  pw=1.00  aucα=0.400  token_p=0.010  dropE=(0.010,0.050)  smooth=0.010  train_loss=0.1398  train_AUPR=0.9093  train_P@5=0.9166  train_P@10=0.6248  val_loss=0.1633  val_AUPR=0.6140  val_P@5=0.6471  val_P@10=0.4598
Ep068  LR0=5.00e-07  pw=1.00  aucα=0.400  token_p=0.010  dropE=(0.010,0.050)  smooth=0.010  train_loss=0.1396  train_AUPR=0.9093  train_P@5=0.9169  train_P@10=0.6249  val_loss=0.1633  val_AUPR=0.6139  val_P@5=0.6471  val_P@10=0.4595
Ep069  LR0=5.00e-07  pw=1.00  aucα=0.400  token_p=0.010  dropE=(0.010,0.050)  smooth=0.010  train_loss=0.1383  train_AUPR=0.9093  train_P@5=0.9170  train_P@10=0.6248  val_loss=0.1633  val_AUPR=0.6138  val_P@5=0.6475  val_P@10=0.4596
Ep070  LR0=5.00e-07  pw=1.00  aucα=0.400  token_p=0.010  dropE=(0.010,0.050)  smooth=0.010  train_loss=0.1398  train_AUPR=0.9095  train_P@5=0.9169  train_P@10=0.6248  val_loss=0.1634  val_AUPR=0.6137  val_P@5=0.6475  val_P@10=0.4596
Ep071  LR0=5.00e-07  pw=1.00  aucα=0.400  token_p=0.010  dropE=(0.010,0.050)  smooth=0.010  train_loss=0.1393  train_AUPR=0.9095  train_P@5=0.9169  train_P@10=0.6248  val_loss=0.1634  val_AUPR=0.6136  val_P@5=0.6473  val_P@10=0.4595
Ep072  LR0=5.00e-07  pw=1.00  aucα=0.400  token_p=0.010  dropE=(0.010,0.050)  smooth=0.010  train_loss=0.1393  train_AUPR=0.9096  train_P@5=0.9169  train_P@10=0.6250  val_loss=0.1634  val_AUPR=0.6134  val_P@5=0.6473  val_P@10=0.4597
Ep073  LR0=5.00e-07  pw=1.00  aucα=0.400  token_p=0.010  dropE=(0.010,0.050)  smooth=0.010  train_loss=0.1371  train_AUPR=0.9097  train_P@5=0.9171  train_P@10=0.6250  val_loss=0.1635  val_AUPR=0.6133  val_P@5=0.6471  val_P@10=0.4596
Ep074  LR0=5.00e-07  pw=1.00  aucα=0.400  token_p=0.010  dropE=(0.010,0.050)  smooth=0.010  train_loss=0.1391  train_AUPR=0.9098  train_P@5=0.9172  train_P@10=0.6252  val_loss=0.1635  val_AUPR=0.6132  val_P@5=0.6473  val_P@10=0.4597
Ep075  LR0=5.00e-07  pw=1.00  aucα=0.400  token_p=0.010  dropE=(0.010,0.050)  smooth=0.010  train_loss=0.1380  train_AUPR=0.9098  train_P@5=0.9171  train_P@10=0.6250  val_loss=0.1635  val_AUPR=0.6131  val_P@5=0.6473  val_P@10=0.4595
Ep076  LR0=5.00e-07  pw=1.00  aucα=0.400  token_p=0.010  dropE=(0.010,0.050)  smooth=0.010  train_loss=0.1390  train_AUPR=0.9099  train_P@5=0.9174  train_P@10=0.6251  val_loss=0.1636  val_AUPR=0.6130  val_P@5=0.6473  val_P@10=0.4597
Early stop triggered: neither val_AUPR nor val_loss improved for 20 epochs.
Saved iPara_l1_g6_i6_do0.10_dpr0.10_lr0.0002_heads16_fold4.pth  (best val AUPR=0.6298)
Saved iPara_l1_g6_i6_do0.10_dpr0.10_lr0.0002_heads16_fold4_best_aupr.pth
Saved iPara_l1_g6_i6_do0.10_dpr0.10_lr0.0002_heads16_fold4_best_loss.pth  (best val loss=0.1633)

── Fold 5/5
Train labels: pos=26617, neg=373043, ignore=699540, pos_rate=0.066599
Val labels: pos=6613, neg=93919, ignore=173068, pos_rate=0.065780
Initializing ClassificationModel with 6 GAT layers and residual connections...
Initializing MCModel with 6 GAT layers and 6 row attention layers (drop_path_rate=0.1)
Initializing CoreModel with 1 layers, drop_path_rate=0.1
Ep000  LR0=2.00e-05  pw=15.00  aucα=0.000  token_p=0.000  dropE=(0.000,0.000)  smooth=0.000  train_loss=0.5501  train_AUPR=0.3702  train_P@5=0.4376  train_P@10=0.3342  val_loss=0.5369  val_AUPR=0.3465  val_P@5=0.4103  val_P@10=0.3209
Ep001  LR0=3.00e-05  pw=13.35  aucα=0.000  token_p=0.000  dropE=(0.000,0.000)  smooth=0.000  train_loss=0.4819  train_AUPR=0.4379  train_P@5=0.5086  train_P@10=0.3755  val_loss=0.4510  val_AUPR=0.4267  val_P@5=0.4998  val_P@10=0.3682
Ep002  LR0=4.00e-05  pw=11.90  aucα=0.000  token_p=0.000  dropE=(0.000,0.000)  smooth=0.000  train_loss=0.4490  train_AUPR=0.4828  train_P@5=0.5522  train_P@10=0.4002  val_loss=0.4257  val_AUPR=0.4764  val_P@5=0.5533  val_P@10=0.3936
Ep003  LR0=5.00e-05  pw=10.62  aucα=0.000  token_p=0.000  dropE=(0.000,0.000)  smooth=0.000  train_loss=0.4282  train_AUPR=0.4989  train_P@5=0.5602  train_P@10=0.4068  val_loss=0.4211  val_AUPR=0.4883  val_P@5=0.5527  val_P@10=0.4038
Ep004  LR0=6.00e-05  pw=9.49  aucα=0.057  token_p=0.000  dropE=(0.000,0.000)  smooth=0.000  train_loss=0.4271  train_AUPR=0.5141  train_P@5=0.5724  train_P@10=0.4197  val_loss=0.4193  val_AUPR=0.4943  val_P@5=0.5657  val_P@10=0.4113
Ep005  LR0=7.00e-05  pw=8.49  aucα=0.114  token_p=0.000  dropE=(0.000,0.000)  smooth=0.000  train_loss=0.4233  train_AUPR=0.5510  train_P@5=0.6065  train_P@10=0.4330  val_loss=0.3875  val_AUPR=0.5449  val_P@5=0.5951  val_P@10=0.4248
Ep006  LR0=8.00e-05  pw=7.61  aucα=0.171  token_p=0.001  dropE=(0.001,0.005)  smooth=0.001  train_loss=0.4190  train_AUPR=0.5499  train_P@5=0.6005  train_P@10=0.4339  val_loss=0.3849  val_AUPR=0.5278  val_P@5=0.5899  val_P@10=0.4254
Ep007  LR0=9.00e-05  pw=6.84  aucα=0.229  token_p=0.002  dropE=(0.002,0.010)  smooth=0.002  train_loss=0.4146  train_AUPR=0.5809  train_P@5=0.6243  train_P@10=0.4504  val_loss=0.3849  val_AUPR=0.5468  val_P@5=0.5929  val_P@10=0.4357
Ep008  LR0=1.00e-04  pw=6.15  aucα=0.286  token_p=0.003  dropE=(0.003,0.015)  smooth=0.003  train_loss=0.4103  train_AUPR=0.5987  train_P@5=0.6375  train_P@10=0.4558  val_loss=0.3635  val_AUPR=0.5678  val_P@5=0.6134  val_P@10=0.4370
Ep009  LR0=1.00e-04  pw=5.55  aucα=0.343  token_p=0.004  dropE=(0.004,0.020)  smooth=0.004  train_loss=0.4015  train_AUPR=0.5892  train_P@5=0.6326  train_P@10=0.4469  val_loss=0.3674  val_AUPR=0.5662  val_P@5=0.6106  val_P@10=0.4313
[Info] Unfroze 'dym' params after warmup (epoch=10). Added core=54 tensors, other=0 tensors.
Ep010  LR0=2.00e-05  pw=5.01  aucα=0.400  token_p=0.005  dropE=(0.005,0.025)  smooth=0.005  train_loss=0.3881  train_AUPR=0.6306  train_P@5=0.6633  train_P@10=0.4730  val_loss=0.3361  val_AUPR=0.5913  val_P@5=0.6265  val_P@10=0.4464
Ep011  LR0=3.00e-05  pw=4.54  aucα=0.400  token_p=0.006  dropE=(0.006,0.030)  smooth=0.006  train_loss=0.3711  train_AUPR=0.6382  train_P@5=0.6681  train_P@10=0.4775  val_loss=0.3245  val_AUPR=0.5926  val_P@5=0.6277  val_P@10=0.4488
Ep012  LR0=4.00e-05  pw=4.12  aucα=0.400  token_p=0.007  dropE=(0.007,0.035)  smooth=0.007  train_loss=0.3630  train_AUPR=0.6500  train_P@5=0.6818  train_P@10=0.4836  val_loss=0.3108  val_AUPR=0.5961  val_P@5=0.6343  val_P@10=0.4534
Ep013  LR0=5.00e-05  pw=3.76  aucα=0.400  token_p=0.008  dropE=(0.008,0.040)  smooth=0.008  train_loss=0.3543  train_AUPR=0.6520  train_P@5=0.6816  train_P@10=0.4842  val_loss=0.3071  val_AUPR=0.5905  val_P@5=0.6238  val_P@10=0.4460
Ep014  LR0=6.00e-05  pw=3.43  aucα=0.400  token_p=0.009  dropE=(0.009,0.045)  smooth=0.009  train_loss=0.3455  train_AUPR=0.6526  train_P@5=0.6856  train_P@10=0.4850  val_loss=0.2900  val_AUPR=0.5952  val_P@5=0.6357  val_P@10=0.4476
Ep015  LR0=7.00e-05  pw=3.15  aucα=0.400  token_p=0.010  dropE=(0.010,0.050)  smooth=0.010  train_loss=0.3388  train_AUPR=0.6656  train_P@5=0.6922  train_P@10=0.4929  val_loss=0.2797  val_AUPR=0.5938  val_P@5=0.6321  val_P@10=0.4453
Ep016  LR0=8.00e-05  pw=2.89  aucα=0.400  token_p=0.010  dropE=(0.010,0.050)  smooth=0.010  train_loss=0.3323  train_AUPR=0.6606  train_P@5=0.6825  train_P@10=0.4928  val_loss=0.2685  val_AUPR=0.5965  val_P@5=0.6319  val_P@10=0.4505
Ep017  LR0=9.00e-05  pw=2.67  aucα=0.400  token_p=0.010  dropE=(0.010,0.050)  smooth=0.010  train_loss=0.3236  train_AUPR=0.6713  train_P@5=0.7026  train_P@10=0.4909  val_loss=0.2669  val_AUPR=0.5982  val_P@5=0.6391  val_P@10=0.4440
Ep018  LR0=1.00e-04  pw=2.48  aucα=0.400  token_p=0.010  dropE=(0.010,0.050)  smooth=0.010  train_loss=0.3137  train_AUPR=0.6654  train_P@5=0.6945  train_P@10=0.4871  val_loss=0.2615  val_AUPR=0.5882  val_P@5=0.6355  val_P@10=0.4416
Ep019  LR0=1.00e-04  pw=2.30  aucα=0.400  token_p=0.010  dropE=(0.010,0.050)  smooth=0.010  train_loss=0.3063  train_AUPR=0.6708  train_P@5=0.6962  train_P@10=0.4940  val_loss=0.2520  val_AUPR=0.5794  val_P@5=0.6232  val_P@10=0.4403
Ep020  LR0=1.00e-04  pw=2.15  aucα=0.400  token_p=0.010  dropE=(0.010,0.050)  smooth=0.010  train_loss=0.2958  train_AUPR=0.6988  train_P@5=0.7223  train_P@10=0.5115  val_loss=0.2396  val_AUPR=0.6044  val_P@5=0.6391  val_P@10=0.4497
Ep021  LR0=9.99e-05  pw=2.01  aucα=0.400  token_p=0.010  dropE=(0.010,0.050)  smooth=0.010  train_loss=0.2903  train_AUPR=0.7052  train_P@5=0.7246  train_P@10=0.5140  val_loss=0.2278  val_AUPR=0.6098  val_P@5=0.6520  val_P@10=0.4540
Ep022  LR0=9.97e-05  pw=1.89  aucα=0.400  token_p=0.010  dropE=(0.010,0.050)  smooth=0.010  train_loss=0.2773  train_AUPR=0.7251  train_P@5=0.7427  train_P@10=0.5281  val_loss=0.2220  val_AUPR=0.6103  val_P@5=0.6540  val_P@10=0.4475
Ep023  LR0=9.95e-05  pw=1.79  aucα=0.400  token_p=0.010  dropE=(0.010,0.050)  smooth=0.010  train_loss=0.2699  train_AUPR=0.7112  train_P@5=0.7224  train_P@10=0.5215  val_loss=0.2153  val_AUPR=0.6028  val_P@5=0.6423  val_P@10=0.4503
Ep024  LR0=9.92e-05  pw=1.70  aucα=0.400  token_p=0.010  dropE=(0.010,0.050)  smooth=0.010  train_loss=0.2603  train_AUPR=0.7465  train_P@5=0.7618  train_P@10=0.5391  val_loss=0.2107  val_AUPR=0.6056  val_P@5=0.6425  val_P@10=0.4461
Ep025  LR0=9.89e-05  pw=1.62  aucα=0.400  token_p=0.010  dropE=(0.010,0.050)  smooth=0.010  train_loss=0.2514  train_AUPR=0.7584  train_P@5=0.7686  train_P@10=0.5435  val_loss=0.2084  val_AUPR=0.6063  val_P@5=0.6540  val_P@10=0.4428
Ep026  LR0=9.85e-05  pw=1.54  aucα=0.400  token_p=0.010  dropE=(0.010,0.050)  smooth=0.010  train_loss=0.2417  train_AUPR=0.7745  train_P@5=0.7830  train_P@10=0.5538  val_loss=0.2052  val_AUPR=0.6107  val_P@5=0.6488  val_P@10=0.4517
Ep027  LR0=9.81e-05  pw=1.48  aucα=0.400  token_p=0.010  dropE=(0.010,0.050)  smooth=0.010  train_loss=0.2337  train_AUPR=0.7742  train_P@5=0.7848  train_P@10=0.5534  val_loss=0.2069  val_AUPR=0.5941  val_P@5=0.6349  val_P@10=0.4361
Ep028  LR0=9.76e-05  pw=1.42  aucα=0.400  token_p=0.010  dropE=(0.010,0.050)  smooth=0.010  train_loss=0.2286  train_AUPR=0.7871  train_P@5=0.7926  train_P@10=0.5620  val_loss=0.1999  val_AUPR=0.6057  val_P@5=0.6488  val_P@10=0.4505
Ep029  LR0=9.70e-05  pw=1.37  aucα=0.400  token_p=0.010  dropE=(0.010,0.050)  smooth=0.010  train_loss=0.2195  train_AUPR=0.8059  train_P@5=0.8127  train_P@10=0.5701  val_loss=0.1988  val_AUPR=0.5923  val_P@5=0.6359  val_P@10=0.4386
Ep030  LR0=9.46e-05  pw=1.33  aucα=0.400  token_p=0.010  dropE=(0.010,0.050)  smooth=0.010  train_loss=0.2124  train_AUPR=0.8154  train_P@5=0.8191  train_P@10=0.5777  val_loss=0.1868  val_AUPR=0.6087  val_P@5=0.6508  val_P@10=0.4457
Ep031  LR0=8.78e-05  pw=1.29  aucα=0.400  token_p=0.010  dropE=(0.010,0.050)  smooth=0.010  train_loss=0.2077  train_AUPR=0.8215  train_P@5=0.8282  train_P@10=0.5825  val_loss=0.1867  val_AUPR=0.6091  val_P@5=0.6478  val_P@10=0.4487
Ep032  LR0=7.71e-05  pw=1.26  aucα=0.400  token_p=0.010  dropE=(0.010,0.050)  smooth=0.010  train_loss=0.1969  train_AUPR=0.8271  train_P@5=0.8319  train_P@10=0.5827  val_loss=0.1835  val_AUPR=0.6130  val_P@5=0.6474  val_P@10=0.4499
Ep033  LR0=6.37e-05  pw=1.23  aucα=0.400  token_p=0.010  dropE=(0.010,0.050)  smooth=0.010  train_loss=0.1884  train_AUPR=0.8473  train_P@5=0.8521  train_P@10=0.5947  val_loss=0.1824  val_AUPR=0.6106  val_P@5=0.6444  val_P@10=0.4490
Ep034  LR0=4.87e-05  pw=1.20  aucα=0.400  token_p=0.010  dropE=(0.010,0.050)  smooth=0.010  train_loss=0.1793  train_AUPR=0.8580  train_P@5=0.8620  train_P@10=0.5993  val_loss=0.1803  val_AUPR=0.6103  val_P@5=0.6409  val_P@10=0.4500
Ep035  LR0=3.38e-05  pw=1.18  aucα=0.400  token_p=0.010  dropE=(0.010,0.050)  smooth=0.010  train_loss=0.1700  train_AUPR=0.8771  train_P@5=0.8814  train_P@10=0.6098  val_loss=0.1790  val_AUPR=0.6097  val_P@5=0.6442  val_P@10=0.4490
Ep036  LR0=2.04e-05  pw=1.16  aucα=0.400  token_p=0.010  dropE=(0.010,0.050)  smooth=0.010  train_loss=0.1610  train_AUPR=0.8883  train_P@5=0.8923  train_P@10=0.6163  val_loss=0.1782  val_AUPR=0.6081  val_P@5=0.6409  val_P@10=0.4492
Ep037  LR0=9.71e-06  pw=1.14  aucα=0.400  token_p=0.010  dropE=(0.010,0.050)  smooth=0.010  train_loss=0.1536  train_AUPR=0.8943  train_P@5=0.8982  train_P@10=0.6184  val_loss=0.1775  val_AUPR=0.6062  val_P@5=0.6387  val_P@10=0.4473
Ep038  LR0=2.86e-06  pw=1.12  aucα=0.400  token_p=0.010  dropE=(0.010,0.050)  smooth=0.010  train_loss=0.1492  train_AUPR=0.9016  train_P@5=0.9073  train_P@10=0.6226  val_loss=0.1767  val_AUPR=0.6051  val_P@5=0.6373  val_P@10=0.4470
Ep039  LR0=5.00e-07  pw=1.11  aucα=0.400  token_p=0.010  dropE=(0.010,0.050)  smooth=0.010  train_loss=0.1456  train_AUPR=0.9035  train_P@5=0.9095  train_P@10=0.6234  val_loss=0.1760  val_AUPR=0.6039  val_P@5=0.6365  val_P@10=0.4469
Ep040  LR0=5.00e-07  pw=1.09  aucα=0.400  token_p=0.010  dropE=(0.010,0.050)  smooth=0.010  train_loss=0.1438  train_AUPR=0.9042  train_P@5=0.9100  train_P@10=0.6237  val_loss=0.1754  val_AUPR=0.6030  val_P@5=0.6357  val_P@10=0.4466
Ep041  LR0=5.00e-07  pw=1.08  aucα=0.400  token_p=0.010  dropE=(0.010,0.050)  smooth=0.010  train_loss=0.1439  train_AUPR=0.9045  train_P@5=0.9102  train_P@10=0.6240  val_loss=0.1748  val_AUPR=0.6022  val_P@5=0.6361  val_P@10=0.4468
Ep042  LR0=5.00e-07  pw=1.07  aucα=0.400  token_p=0.010  dropE=(0.010,0.050)  smooth=0.010  train_loss=0.1425  train_AUPR=0.9047  train_P@5=0.9107  train_P@10=0.6241  val_loss=0.1742  val_AUPR=0.6014  val_P@5=0.6361  val_P@10=0.4466
Ep043  LR0=5.00e-07  pw=1.06  aucα=0.400  token_p=0.010  dropE=(0.010,0.050)  smooth=0.010  train_loss=0.1426  train_AUPR=0.9048  train_P@5=0.9113  train_P@10=0.6243  val_loss=0.1737  val_AUPR=0.6008  val_P@5=0.6363  val_P@10=0.4466
Ep044  LR0=5.00e-07  pw=1.06  aucα=0.400  token_p=0.010  dropE=(0.010,0.050)  smooth=0.010  train_loss=0.1420  train_AUPR=0.9051  train_P@5=0.9115  train_P@10=0.6245  val_loss=0.1733  val_AUPR=0.6003  val_P@5=0.6369  val_P@10=0.4462
Ep045  LR0=5.00e-07  pw=1.05  aucα=0.400  token_p=0.010  dropE=(0.010,0.050)  smooth=0.010  train_loss=0.1414  train_AUPR=0.9053  train_P@5=0.9123  train_P@10=0.6244  val_loss=0.1729  val_AUPR=0.5998  val_P@5=0.6369  val_P@10=0.4460
Ep046  LR0=5.00e-07  pw=1.04  aucα=0.400  token_p=0.010  dropE=(0.010,0.050)  smooth=0.010  train_loss=0.1407  train_AUPR=0.9054  train_P@5=0.9117  train_P@10=0.6246  val_loss=0.1726  val_AUPR=0.5993  val_P@5=0.6365  val_P@10=0.4458
Ep047  LR0=5.00e-07  pw=1.04  aucα=0.400  token_p=0.010  dropE=(0.010,0.050)  smooth=0.010  train_loss=0.1400  train_AUPR=0.9055  train_P@5=0.9118  train_P@10=0.6245  val_loss=0.1723  val_AUPR=0.5989  val_P@5=0.6365  val_P@10=0.4459
Ep048  LR0=5.00e-07  pw=1.03  aucα=0.400  token_p=0.010  dropE=(0.010,0.050)  smooth=0.010  train_loss=0.1411  train_AUPR=0.9056  train_P@5=0.9123  train_P@10=0.6246  val_loss=0.1720  val_AUPR=0.5985  val_P@5=0.6361  val_P@10=0.4457
Ep049  LR0=5.00e-07  pw=1.03  aucα=0.400  token_p=0.010  dropE=(0.010,0.050)  smooth=0.010  train_loss=0.1406  train_AUPR=0.9056  train_P@5=0.9125  train_P@10=0.6247  val_loss=0.1718  val_AUPR=0.5981  val_P@5=0.6365  val_P@10=0.4449
Ep050  LR0=5.00e-07  pw=1.03  aucα=0.400  token_p=0.010  dropE=(0.010,0.050)  smooth=0.010  train_loss=0.1413  train_AUPR=0.9058  train_P@5=0.9120  train_P@10=0.6248  val_loss=0.1716  val_AUPR=0.5978  val_P@5=0.6363  val_P@10=0.4450
Ep051  LR0=5.00e-07  pw=1.02  aucα=0.400  token_p=0.010  dropE=(0.010,0.050)  smooth=0.010  train_loss=0.1411  train_AUPR=0.9060  train_P@5=0.9126  train_P@10=0.6248  val_loss=0.1714  val_AUPR=0.5975  val_P@5=0.6357  val_P@10=0.4448
Ep052  LR0=5.00e-07  pw=1.02  aucα=0.400  token_p=0.010  dropE=(0.010,0.050)  smooth=0.010  train_loss=0.1396  train_AUPR=0.9062  train_P@5=0.9131  train_P@10=0.6249  val_loss=0.1713  val_AUPR=0.5973  val_P@5=0.6355  val_P@10=0.4447
Ep053  LR0=5.00e-07  pw=1.02  aucα=0.400  token_p=0.010  dropE=(0.010,0.050)  smooth=0.010  train_loss=0.1401  train_AUPR=0.9064  train_P@5=0.9131  train_P@10=0.6249  val_loss=0.1712  val_AUPR=0.5970  val_P@5=0.6365  val_P@10=0.4450
Ep054  LR0=5.00e-07  pw=1.02  aucα=0.400  token_p=0.010  dropE=(0.010,0.050)  smooth=0.010  train_loss=0.1387  train_AUPR=0.9065  train_P@5=0.9127  train_P@10=0.6252  val_loss=0.1711  val_AUPR=0.5968  val_P@5=0.6367  val_P@10=0.4453
Ep055  LR0=5.00e-07  pw=1.01  aucα=0.400  token_p=0.010  dropE=(0.010,0.050)  smooth=0.010  train_loss=0.1387  train_AUPR=0.9066  train_P@5=0.9131  train_P@10=0.6253  val_loss=0.1710  val_AUPR=0.5965  val_P@5=0.6365  val_P@10=0.4455
Ep056  LR0=5.00e-07  pw=1.01  aucα=0.400  token_p=0.010  dropE=(0.010,0.050)  smooth=0.010  train_loss=0.1396  train_AUPR=0.9066  train_P@5=0.9133  train_P@10=0.6253  val_loss=0.1710  val_AUPR=0.5963  val_P@5=0.6367  val_P@10=0.4453
Ep057  LR0=5.00e-07  pw=1.01  aucα=0.400  token_p=0.010  dropE=(0.010,0.050)  smooth=0.010  train_loss=0.1387  train_AUPR=0.9068  train_P@5=0.9132  train_P@10=0.6254  val_loss=0.1709  val_AUPR=0.5961  val_P@5=0.6371  val_P@10=0.4449
Ep058  LR0=5.00e-07  pw=1.01  aucα=0.400  token_p=0.010  dropE=(0.010,0.050)  smooth=0.010  train_loss=0.1387  train_AUPR=0.9071  train_P@5=0.9135  train_P@10=0.6255  val_loss=0.1709  val_AUPR=0.5959  val_P@5=0.6367  val_P@10=0.4451
Ep059  LR0=5.00e-07  pw=1.01  aucα=0.400  token_p=0.010  dropE=(0.010,0.050)  smooth=0.010  train_loss=0.1402  train_AUPR=0.9072  train_P@5=0.9133  train_P@10=0.6256  val_loss=0.1709  val_AUPR=0.5957  val_P@5=0.6365  val_P@10=0.4451
Ep060  LR0=5.00e-07  pw=1.01  aucα=0.400  token_p=0.010  dropE=(0.010,0.050)  smooth=0.010  train_loss=0.1386  train_AUPR=0.9072  train_P@5=0.9135  train_P@10=0.6255  val_loss=0.1709  val_AUPR=0.5956  val_P@5=0.6369  val_P@10=0.4451
Ep061  LR0=5.00e-07  pw=1.01  aucα=0.400  token_p=0.010  dropE=(0.010,0.050)  smooth=0.010  train_loss=0.1374  train_AUPR=0.9073  train_P@5=0.9137  train_P@10=0.6257  val_loss=0.1709  val_AUPR=0.5954  val_P@5=0.6369  val_P@10=0.4450
Ep062  LR0=5.00e-07  pw=1.01  aucα=0.400  token_p=0.010  dropE=(0.010,0.050)  smooth=0.010  train_loss=0.1379  train_AUPR=0.9075  train_P@5=0.9138  train_P@10=0.6258  val_loss=0.1709  val_AUPR=0.5952  val_P@5=0.6359  val_P@10=0.4449
Ep063  LR0=5.00e-07  pw=1.01  aucα=0.400  token_p=0.010  dropE=(0.010,0.050)  smooth=0.010  train_loss=0.1379  train_AUPR=0.9076  train_P@5=0.9142  train_P@10=0.6259  val_loss=0.1709  val_AUPR=0.5951  val_P@5=0.6361  val_P@10=0.4448
Ep064  LR0=5.00e-07  pw=1.00  aucα=0.400  token_p=0.010  dropE=(0.010,0.050)  smooth=0.010  train_loss=0.1389  train_AUPR=0.9077  train_P@5=0.9144  train_P@10=0.6257  val_loss=0.1709  val_AUPR=0.5949  val_P@5=0.6359  val_P@10=0.4448
Ep065  LR0=5.00e-07  pw=1.00  aucα=0.400  token_p=0.010  dropE=(0.010,0.050)  smooth=0.010  train_loss=0.1381  train_AUPR=0.9077  train_P@5=0.9140  train_P@10=0.6259  val_loss=0.1709  val_AUPR=0.5948  val_P@5=0.6359  val_P@10=0.4447
Ep066  LR0=5.00e-07  pw=1.00  aucα=0.400  token_p=0.010  dropE=(0.010,0.050)  smooth=0.010  train_loss=0.1378  train_AUPR=0.9078  train_P@5=0.9142  train_P@10=0.6258  val_loss=0.1709  val_AUPR=0.5947  val_P@5=0.6357  val_P@10=0.4449
Ep067  LR0=5.00e-07  pw=1.00  aucα=0.400  token_p=0.010  dropE=(0.010,0.050)  smooth=0.010  train_loss=0.1375  train_AUPR=0.9079  train_P@5=0.9141  train_P@10=0.6258  val_loss=0.1709  val_AUPR=0.5945  val_P@5=0.6353  val_P@10=0.4448
Ep068  LR0=5.00e-07  pw=1.00  aucα=0.400  token_p=0.010  dropE=(0.010,0.050)  smooth=0.010  train_loss=0.1372  train_AUPR=0.9080  train_P@5=0.9143  train_P@10=0.6259  val_loss=0.1710  val_AUPR=0.5944  val_P@5=0.6353  val_P@10=0.4447
Ep069  LR0=5.00e-07  pw=1.00  aucα=0.400  token_p=0.010  dropE=(0.010,0.050)  smooth=0.010  train_loss=0.1382  train_AUPR=0.9083  train_P@5=0.9145  train_P@10=0.6259  val_loss=0.1710  val_AUPR=0.5943  val_P@5=0.6353  val_P@10=0.4447
Ep070  LR0=5.00e-07  pw=1.00  aucα=0.400  token_p=0.010  dropE=(0.010,0.050)  smooth=0.010  train_loss=0.1378  train_AUPR=0.9084  train_P@5=0.9152  train_P@10=0.6262  val_loss=0.1710  val_AUPR=0.5942  val_P@5=0.6353  val_P@10=0.4446
Ep071  LR0=5.00e-07  pw=1.00  aucα=0.400  token_p=0.010  dropE=(0.010,0.050)  smooth=0.010  train_loss=0.1390  train_AUPR=0.9085  train_P@5=0.9150  train_P@10=0.6262  val_loss=0.1711  val_AUPR=0.5941  val_P@5=0.6355  val_P@10=0.4446
Ep072  LR0=5.00e-07  pw=1.00  aucα=0.400  token_p=0.010  dropE=(0.010,0.050)  smooth=0.010  train_loss=0.1384  train_AUPR=0.9086  train_P@5=0.9146  train_P@10=0.6262  val_loss=0.1711  val_AUPR=0.5940  val_P@5=0.6355  val_P@10=0.4445
Ep073  LR0=5.00e-07  pw=1.00  aucα=0.400  token_p=0.010  dropE=(0.010,0.050)  smooth=0.010  train_loss=0.1371  train_AUPR=0.9088  train_P@5=0.9151  train_P@10=0.6264  val_loss=0.1711  val_AUPR=0.5939  val_P@5=0.6353  val_P@10=0.4445
Ep074  LR0=5.00e-07  pw=1.00  aucα=0.400  token_p=0.010  dropE=(0.010,0.050)  smooth=0.010  train_loss=0.1367  train_AUPR=0.9089  train_P@5=0.9147  train_P@10=0.6264  val_loss=0.1712  val_AUPR=0.5939  val_P@5=0.6355  val_P@10=0.4446
Ep075  LR0=5.00e-07  pw=1.00  aucα=0.400  token_p=0.010  dropE=(0.010,0.050)  smooth=0.010  train_loss=0.1374  train_AUPR=0.9091  train_P@5=0.9150  train_P@10=0.6265  val_loss=0.1712  val_AUPR=0.5938  val_P@5=0.6355  val_P@10=0.4446
Ep076  LR0=5.00e-07  pw=1.00  aucα=0.400  token_p=0.010  dropE=(0.010,0.050)  smooth=0.010  train_loss=0.1366  train_AUPR=0.9091  train_P@5=0.9150  train_P@10=0.6265  val_loss=0.1712  val_AUPR=0.5937  val_P@5=0.6357  val_P@10=0.4444
Ep077  LR0=5.00e-07  pw=1.00  aucα=0.400  token_p=0.010  dropE=(0.010,0.050)  smooth=0.010  train_loss=0.1370  train_AUPR=0.9092  train_P@5=0.9150  train_P@10=0.6268  val_loss=0.1713  val_AUPR=0.5936  val_P@5=0.6361  val_P@10=0.4444
Ep078  LR0=5.00e-07  pw=1.00  aucα=0.400  token_p=0.010  dropE=(0.010,0.050)  smooth=0.010  train_loss=0.1370  train_AUPR=0.9093  train_P@5=0.9155  train_P@10=0.6267  val_loss=0.1713  val_AUPR=0.5935  val_P@5=0.6361  val_P@10=0.4442
Early stop triggered: neither val_AUPR nor val_loss improved for 20 epochs.
Saved iPara_l1_g6_i6_do0.10_dpr0.10_lr0.0002_heads16_fold5.pth  (best val AUPR=0.6130)
Saved iPara_l1_g6_i6_do0.10_dpr0.10_lr0.0002_heads16_fold5_best_aupr.pth
Saved iPara_l1_g6_i6_do0.10_dpr0.10_lr0.0002_heads16_fold5_best_loss.pth  (best val loss=0.1709)
