Device: cuda
Visible GPUs: 1
GPU 0: NVIDIA RTX PRO 6000 Blackwell Server Edition
Dataset size: 858
Config: {'sequence_file': 'para_tv_esmsequences_1600.npz', 'data_file': 'para_tv_esminterfaces_1600.npz', 'edge_file': 'para_tv_esmedges_1600.npz', 'seq_len': 1600, 'vocab_size': 31, 'num_classes': 2, 'pad_id': 1, 'eoc_id': 24, 'embed_dim': 256, 'num_heads': 16, 'num_layers': 1, 'num_gnn_layers': 10, 'num_int_layers': 5, 'dropout': 0.1, 'drop_path_rate': 0.1, 'batch_size': 4, 'num_epochs': 80, 'warmup_epochs': 10, 'min_stop_epoch': 35, 'early_stop': 18, 'learning_rate': 0.0002, 'weight_decay': 0.0001, 'max_grad_norm': 0.5, 'accum_steps': 1, 'amp': True, 'weight_start': 8.0, 'weight_end': 1.0, 'weight_anneal_tau': 10.0, 'dropedge_min': 0.01, 'dropedge_max': 0.05, 'token_drop_p': 0.01, 'smooth_lambda': 0.01, 'aucpr_alpha': 0.4, 'aucpr_ramp_start': 10, 'aucpr_ramp_len': 10, 'aucpr_bins': 64, 'aucpr_temp': 0.05, 'antibody_loss_weight': 1.5, 'antigen_loss_weight': 1.0, 'n_splits': 5}

================================================================================
Fold 1/5
================================================================================
Train labels: valid=399467, pos=26433, neg=373034, ignore=698133, pos_frac=0.06617
Val labels: valid=100725, pos=6797, neg=93928, ignore=174475, pos_frac=0.06748
Initializing ClassificationModel with 10 GAT layers and residual connections...
Initializing MCModel with 10 GAT layers and 5 row attention layers (drop_path_rate=0.1)
Initializing CoreModel with 1 layers, drop_path_rate=0.1
Ep001  LR0=2.00e-04  pw=8.00  aucα=0.000  token_p=0.010  dropE=(0.010,0.050)  smooth=0.010  train_loss=0.6155  train_AUPR_all=0.3197  train_AUPR_ab=0.4106  train_AUPR_ag=0.1964  train_P@5_ab=0.7000  train_P@10_ab=0.6500  val_loss=0.7615  val_AUPR_all=0.4666  val_AUPR_ab=0.5578  val_AUPR_ag=0.3201  val_P@5_ab=0.9000  val_P@10_ab=0.8500
  Saved best antibody-AUPR checkpoint: checkpoints_ab_aupr/iPara_l1_g10_i5_do0.10_dpr0.10_lr0.0002_heads16_fold1.pth  val_AUPR_ab=0.5578
Ep002  LR0=2.00e-04  pw=7.33  aucα=0.000  token_p=0.010  dropE=(0.010,0.050)  smooth=0.010  train_loss=0.4438  train_AUPR_all=0.4436  train_AUPR_ab=0.5498  train_AUPR_ag=0.2673  train_P@5_ab=0.8500  train_P@10_ab=0.8000  val_loss=0.6516  val_AUPR_all=0.4962  val_AUPR_ab=0.6105  val_AUPR_ag=0.3309  val_P@5_ab=0.8000  val_P@10_ab=0.8500
  Saved best antibody-AUPR checkpoint: checkpoints_ab_aupr/iPara_l1_g10_i5_do0.10_dpr0.10_lr0.0002_heads16_fold1.pth  val_AUPR_ab=0.6105
Ep003  LR0=2.00e-04  pw=6.73  aucα=0.000  token_p=0.010  dropE=(0.010,0.050)  smooth=0.010  train_loss=0.4030  train_AUPR_all=0.4847  train_AUPR_ab=0.5923  train_AUPR_ag=0.3032  train_P@5_ab=0.9500  train_P@10_ab=0.9000  val_loss=0.6318  val_AUPR_all=0.4947  val_AUPR_ab=0.6156  val_AUPR_ag=0.3316  val_P@5_ab=0.9000  val_P@10_ab=0.9000
  Saved best antibody-AUPR checkpoint: checkpoints_ab_aupr/iPara_l1_g10_i5_do0.10_dpr0.10_lr0.0002_heads16_fold1.pth  val_AUPR_ab=0.6156
Ep004  LR0=1.99e-04  pw=6.19  aucα=0.000  token_p=0.010  dropE=(0.010,0.050)  smooth=0.010  train_loss=0.3670  train_AUPR_all=0.5129  train_AUPR_ab=0.6177  train_AUPR_ag=0.3307  train_P@5_ab=1.0000  train_P@10_ab=0.9500  val_loss=0.6086  val_AUPR_all=0.5362  val_AUPR_ab=0.6404  val_AUPR_ag=0.3646  val_P@5_ab=0.8000  val_P@10_ab=0.8000
  Saved best antibody-AUPR checkpoint: checkpoints_ab_aupr/iPara_l1_g10_i5_do0.10_dpr0.10_lr0.0002_heads16_fold1.pth  val_AUPR_ab=0.6404
Ep005  LR0=1.99e-04  pw=5.69  aucα=0.000  token_p=0.010  dropE=(0.010,0.050)  smooth=0.010  train_loss=0.3405  train_AUPR_all=0.5368  train_AUPR_ab=0.6485  train_AUPR_ag=0.3471  train_P@5_ab=0.6500  train_P@10_ab=0.7500  val_loss=0.5923  val_AUPR_all=0.5405  val_AUPR_ab=0.6764  val_AUPR_ag=0.3727  val_P@5_ab=1.0000  val_P@10_ab=1.0000
  Saved best antibody-AUPR checkpoint: checkpoints_ab_aupr/iPara_l1_g10_i5_do0.10_dpr0.10_lr0.0002_heads16_fold1.pth  val_AUPR_ab=0.6764
Ep006  LR0=1.98e-04  pw=5.25  aucα=0.000  token_p=0.010  dropE=(0.010,0.050)  smooth=0.010  train_loss=0.3177  train_AUPR_all=0.5532  train_AUPR_ab=0.6590  train_AUPR_ag=0.3726  train_P@5_ab=1.0000  train_P@10_ab=0.9250  val_loss=0.5377  val_AUPR_all=0.5623  val_AUPR_ab=0.6826  val_AUPR_ag=0.3699  val_P@5_ab=0.9000  val_P@10_ab=0.9000
  Saved best antibody-AUPR checkpoint: checkpoints_ab_aupr/iPara_l1_g10_i5_do0.10_dpr0.10_lr0.0002_heads16_fold1.pth  val_AUPR_ab=0.6826
Ep007  LR0=1.97e-04  pw=4.84  aucα=0.000  token_p=0.010  dropE=(0.010,0.050)  smooth=0.010  train_loss=0.2966  train_AUPR_all=0.5712  train_AUPR_ab=0.6801  train_AUPR_ag=0.3864  train_P@5_ab=0.9500  train_P@10_ab=0.9500  val_loss=0.5438  val_AUPR_all=0.5509  val_AUPR_ab=0.6854  val_AUPR_ag=0.3534  val_P@5_ab=1.0000  val_P@10_ab=0.9500
  Saved best antibody-AUPR checkpoint: checkpoints_ab_aupr/iPara_l1_g10_i5_do0.10_dpr0.10_lr0.0002_heads16_fold1.pth  val_AUPR_ab=0.6854
Ep008  LR0=1.96e-04  pw=4.48  aucα=0.000  token_p=0.010  dropE=(0.010,0.050)  smooth=0.010  train_loss=0.2828  train_AUPR_all=0.5756  train_AUPR_ab=0.6842  train_AUPR_ag=0.3915  train_P@5_ab=0.9500  train_P@10_ab=0.9250  val_loss=0.5170  val_AUPR_all=0.5748  val_AUPR_ab=0.6944  val_AUPR_ag=0.3724  val_P@5_ab=0.9500  val_P@10_ab=0.9500
  Saved best antibody-AUPR checkpoint: checkpoints_ab_aupr/iPara_l1_g10_i5_do0.10_dpr0.10_lr0.0002_heads16_fold1.pth  val_AUPR_ab=0.6944
Ep009  LR0=1.95e-04  pw=4.15  aucα=0.000  token_p=0.010  dropE=(0.010,0.050)  smooth=0.010  train_loss=0.2636  train_AUPR_all=0.5929  train_AUPR_ab=0.7056  train_AUPR_ag=0.4090  train_P@5_ab=0.9000  train_P@10_ab=0.9500  val_loss=0.5113  val_AUPR_all=0.5706  val_AUPR_ab=0.7070  val_AUPR_ag=0.3794  val_P@5_ab=1.0000  val_P@10_ab=1.0000
  Saved best antibody-AUPR checkpoint: checkpoints_ab_aupr/iPara_l1_g10_i5_do0.10_dpr0.10_lr0.0002_heads16_fold1.pth  val_AUPR_ab=0.7070
Ep010  LR0=1.94e-04  pw=3.85  aucα=0.040  token_p=0.010  dropE=(0.010,0.050)  smooth=0.010  train_loss=0.2693  train_AUPR_all=0.5986  train_AUPR_ab=0.7073  train_AUPR_ag=0.4167  train_P@5_ab=1.0000  train_P@10_ab=1.0000  val_loss=0.4690  val_AUPR_all=0.5824  val_AUPR_ab=0.7009  val_AUPR_ag=0.3795  val_P@5_ab=0.5000  val_P@10_ab=0.7000
Unfreezing DyM parameters.
Ep011  LR0=1.92e-04  pw=3.58  aucα=0.080  token_p=0.010  dropE=(0.010,0.050)  smooth=0.010  train_loss=0.2727  train_AUPR_all=0.6119  train_AUPR_ab=0.7213  train_AUPR_ag=0.4338  train_P@5_ab=0.8000  train_P@10_ab=0.8500  val_loss=0.4684  val_AUPR_all=0.5749  val_AUPR_ab=0.7026  val_AUPR_ag=0.3821  val_P@5_ab=0.8500  val_P@10_ab=0.8250
Ep012  LR0=1.91e-04  pw=3.33  aucα=0.120  token_p=0.010  dropE=(0.010,0.050)  smooth=0.010  train_loss=0.2771  train_AUPR_all=0.6182  train_AUPR_ab=0.7242  train_AUPR_ag=0.4440  train_P@5_ab=0.8500  train_P@10_ab=0.9000  val_loss=0.4597  val_AUPR_all=0.5861  val_AUPR_ab=0.7268  val_AUPR_ag=0.3697  val_P@5_ab=1.0000  val_P@10_ab=1.0000
  Saved best antibody-AUPR checkpoint: checkpoints_ab_aupr/iPara_l1_g10_i5_do0.10_dpr0.10_lr0.0002_heads16_fold1.pth  val_AUPR_ab=0.7268
Ep013  LR0=1.89e-04  pw=3.11  aucα=0.160  token_p=0.010  dropE=(0.010,0.050)  smooth=0.010  train_loss=0.2833  train_AUPR_all=0.6249  train_AUPR_ab=0.7306  train_AUPR_ag=0.4537  train_P@5_ab=0.9500  train_P@10_ab=0.9750  val_loss=0.4383  val_AUPR_all=0.5836  val_AUPR_ab=0.7236  val_AUPR_ag=0.3803  val_P@5_ab=1.0000  val_P@10_ab=1.0000
Ep014  LR0=1.87e-04  pw=2.91  aucα=0.200  token_p=0.010  dropE=(0.010,0.050)  smooth=0.010  train_loss=0.2849  train_AUPR_all=0.6393  train_AUPR_ab=0.7433  train_AUPR_ag=0.4703  train_P@5_ab=0.9000  train_P@10_ab=0.9500  val_loss=0.4224  val_AUPR_all=0.5939  val_AUPR_ab=0.7384  val_AUPR_ag=0.3741  val_P@5_ab=1.0000  val_P@10_ab=1.0000
  Saved best antibody-AUPR checkpoint: checkpoints_ab_aupr/iPara_l1_g10_i5_do0.10_dpr0.10_lr0.0002_heads16_fold1.pth  val_AUPR_ab=0.7384
Ep015  LR0=1.85e-04  pw=2.73  aucα=0.240  token_p=0.010  dropE=(0.010,0.050)  smooth=0.010  train_loss=0.2903  train_AUPR_all=0.6454  train_AUPR_ab=0.7472  train_AUPR_ag=0.4793  train_P@5_ab=1.0000  train_P@10_ab=1.0000  val_loss=0.4065  val_AUPR_all=0.5953  val_AUPR_ab=0.7313  val_AUPR_ag=0.3735  val_P@5_ab=1.0000  val_P@10_ab=0.9500
Ep016  LR0=1.83e-04  pw=2.56  aucα=0.280  token_p=0.010  dropE=(0.010,0.050)  smooth=0.010  train_loss=0.2924  train_AUPR_all=0.6590  train_AUPR_ab=0.7589  train_AUPR_ag=0.4982  train_P@5_ab=0.9500  train_P@10_ab=0.9750  val_loss=0.4265  val_AUPR_all=0.5887  val_AUPR_ab=0.7295  val_AUPR_ag=0.3788  val_P@5_ab=1.0000  val_P@10_ab=0.9750
Ep017  LR0=1.81e-04  pw=2.41  aucα=0.320  token_p=0.010  dropE=(0.010,0.050)  smooth=0.010  train_loss=0.2969  train_AUPR_all=0.6678  train_AUPR_ab=0.7668  train_AUPR_ag=0.5078  train_P@5_ab=0.9500  train_P@10_ab=0.9750  val_loss=0.4026  val_AUPR_all=0.5961  val_AUPR_ab=0.7381  val_AUPR_ag=0.3807  val_P@5_ab=1.0000  val_P@10_ab=1.0000
Ep018  LR0=1.79e-04  pw=2.28  aucα=0.360  token_p=0.010  dropE=(0.010,0.050)  smooth=0.010  train_loss=0.2959  train_AUPR_all=0.6862  train_AUPR_ab=0.7795  train_AUPR_ag=0.5373  train_P@5_ab=0.9500  train_P@10_ab=0.9750  val_loss=0.3931  val_AUPR_all=0.5843  val_AUPR_ab=0.7216  val_AUPR_ag=0.3827  val_P@5_ab=0.9500  val_P@10_ab=0.9500
Ep019  LR0=1.76e-04  pw=2.16  aucα=0.400  token_p=0.010  dropE=(0.010,0.050)  smooth=0.010  train_loss=0.2988  train_AUPR_all=0.6962  train_AUPR_ab=0.7866  train_AUPR_ag=0.5543  train_P@5_ab=0.9500  train_P@10_ab=0.9750  val_loss=0.3968  val_AUPR_all=0.5924  val_AUPR_ab=0.7348  val_AUPR_ag=0.3789  val_P@5_ab=1.0000  val_P@10_ab=0.9750
Ep020  LR0=1.73e-04  pw=2.05  aucα=0.400  token_p=0.010  dropE=(0.010,0.050)  smooth=0.010  train_loss=0.2847  train_AUPR_all=0.7094  train_AUPR_ab=0.7972  train_AUPR_ag=0.5718  train_P@5_ab=1.0000  train_P@10_ab=1.0000  val_loss=0.3974  val_AUPR_all=0.5916  val_AUPR_ab=0.7417  val_AUPR_ag=0.3751  val_P@5_ab=0.9000  val_P@10_ab=0.9500
  Saved best antibody-AUPR checkpoint: checkpoints_ab_aupr/iPara_l1_g10_i5_do0.10_dpr0.10_lr0.0002_heads16_fold1.pth  val_AUPR_ab=0.7417
Ep021  LR0=1.71e-04  pw=1.95  aucα=0.400  token_p=0.010  dropE=(0.010,0.050)  smooth=0.010  train_loss=0.2741  train_AUPR_all=0.7197  train_AUPR_ab=0.8050  train_AUPR_ag=0.5861  train_P@5_ab=0.9000  train_P@10_ab=0.9500  val_loss=0.3705  val_AUPR_all=0.6017  val_AUPR_ab=0.7494  val_AUPR_ag=0.3723  val_P@5_ab=1.0000  val_P@10_ab=1.0000
  Saved best antibody-AUPR checkpoint: checkpoints_ab_aupr/iPara_l1_g10_i5_do0.10_dpr0.10_lr0.0002_heads16_fold1.pth  val_AUPR_ab=0.7494
Ep022  LR0=1.68e-04  pw=1.86  aucα=0.400  token_p=0.010  dropE=(0.010,0.050)  smooth=0.010  train_loss=0.2591  train_AUPR_all=0.7360  train_AUPR_ab=0.8135  train_AUPR_ag=0.6157  train_P@5_ab=0.9500  train_P@10_ab=0.9750  val_loss=0.3835  val_AUPR_all=0.5880  val_AUPR_ab=0.7400  val_AUPR_ag=0.3797  val_P@5_ab=0.9500  val_P@10_ab=0.9250
Ep023  LR0=1.65e-04  pw=1.78  aucα=0.400  token_p=0.010  dropE=(0.010,0.050)  smooth=0.010  train_loss=0.2463  train_AUPR_all=0.7527  train_AUPR_ab=0.8240  train_AUPR_ag=0.6438  train_P@5_ab=1.0000  train_P@10_ab=1.0000  val_loss=0.3806  val_AUPR_all=0.5953  val_AUPR_ab=0.7490  val_AUPR_ag=0.3734  val_P@5_ab=0.8500  val_P@10_ab=0.9250
Ep024  LR0=1.62e-04  pw=1.70  aucα=0.400  token_p=0.010  dropE=(0.010,0.050)  smooth=0.010  train_loss=0.2351  train_AUPR_all=0.7640  train_AUPR_ab=0.8333  train_AUPR_ag=0.6580  train_P@5_ab=1.0000  train_P@10_ab=0.9750  val_loss=0.3660  val_AUPR_all=0.5996  val_AUPR_ab=0.7432  val_AUPR_ag=0.3822  val_P@5_ab=0.9500  val_P@10_ab=0.9500
Ep025  LR0=1.59e-04  pw=1.64  aucα=0.400  token_p=0.010  dropE=(0.010,0.050)  smooth=0.010  train_loss=0.2236  train_AUPR_all=0.7776  train_AUPR_ab=0.8446  train_AUPR_ag=0.6746  train_P@5_ab=1.0000  train_P@10_ab=0.9750  val_loss=0.3869  val_AUPR_all=0.5922  val_AUPR_ab=0.7568  val_AUPR_ag=0.3568  val_P@5_ab=0.9500  val_P@10_ab=0.9500
  Saved best antibody-AUPR checkpoint: checkpoints_ab_aupr/iPara_l1_g10_i5_do0.10_dpr0.10_lr0.0002_heads16_fold1.pth  val_AUPR_ab=0.7568
Ep026  LR0=1.56e-04  pw=1.57  aucα=0.400  token_p=0.010  dropE=(0.010,0.050)  smooth=0.010  train_loss=0.2160  train_AUPR_all=0.7846  train_AUPR_ab=0.8482  train_AUPR_ag=0.6874  train_P@5_ab=1.0000  train_P@10_ab=1.0000  val_loss=0.3744  val_AUPR_all=0.5947  val_AUPR_ab=0.7521  val_AUPR_ag=0.3761  val_P@5_ab=0.9500  val_P@10_ab=0.9500
Ep027  LR0=1.52e-04  pw=1.52  aucα=0.400  token_p=0.010  dropE=(0.010,0.050)  smooth=0.010  train_loss=0.2043  train_AUPR_all=0.7998  train_AUPR_ab=0.8605  train_AUPR_ag=0.7066  train_P@5_ab=1.0000  train_P@10_ab=1.0000  val_loss=0.3590  val_AUPR_all=0.5966  val_AUPR_ab=0.7528  val_AUPR_ag=0.3879  val_P@5_ab=0.9000  val_P@10_ab=0.9500
Ep028  LR0=1.49e-04  pw=1.47  aucα=0.400  token_p=0.010  dropE=(0.010,0.050)  smooth=0.010  train_loss=0.1961  train_AUPR_all=0.8100  train_AUPR_ab=0.8679  train_AUPR_ag=0.7214  train_P@5_ab=1.0000  train_P@10_ab=1.0000  val_loss=0.3648  val_AUPR_all=0.5989  val_AUPR_ab=0.7525  val_AUPR_ag=0.3802  val_P@5_ab=0.9000  val_P@10_ab=0.9500
Ep029  LR0=1.46e-04  pw=1.43  aucα=0.400  token_p=0.010  dropE=(0.010,0.050)  smooth=0.010  train_loss=0.1885  train_AUPR_all=0.8193  train_AUPR_ab=0.8737  train_AUPR_ag=0.7368  train_P@5_ab=1.0000  train_P@10_ab=1.0000  val_loss=0.3747  val_AUPR_all=0.5919  val_AUPR_ab=0.7601  val_AUPR_ag=0.3583  val_P@5_ab=0.9000  val_P@10_ab=0.8750
  Saved best antibody-AUPR checkpoint: checkpoints_ab_aupr/iPara_l1_g10_i5_do0.10_dpr0.10_lr0.0002_heads16_fold1.pth  val_AUPR_ab=0.7601
Ep030  LR0=1.42e-04  pw=1.39  aucα=0.400  token_p=0.010  dropE=(0.010,0.050)  smooth=0.010  train_loss=0.1800  train_AUPR_all=0.8279  train_AUPR_ab=0.8808  train_AUPR_ag=0.7474  train_P@5_ab=1.0000  train_P@10_ab=1.0000  val_loss=0.3676  val_AUPR_all=0.5968  val_AUPR_ab=0.7507  val_AUPR_ag=0.3890  val_P@5_ab=0.9000  val_P@10_ab=0.9000
Ep031  LR0=1.38e-04  pw=1.35  aucα=0.400  token_p=0.010  dropE=(0.010,0.050)  smooth=0.010  train_loss=0.1713  train_AUPR_all=0.8414  train_AUPR_ab=0.8888  train_AUPR_ag=0.7698  train_P@5_ab=1.0000  train_P@10_ab=1.0000  val_loss=0.3688  val_AUPR_all=0.5884  val_AUPR_ab=0.7472  val_AUPR_ag=0.3731  val_P@5_ab=0.9000  val_P@10_ab=0.8750
Ep032  LR0=1.35e-04  pw=1.32  aucα=0.400  token_p=0.010  dropE=(0.010,0.050)  smooth=0.010  train_loss=0.1645  train_AUPR_all=0.8475  train_AUPR_ab=0.8957  train_AUPR_ag=0.7736  train_P@5_ab=0.9500  train_P@10_ab=0.9750  val_loss=0.3799  val_AUPR_all=0.5741  val_AUPR_ab=0.7420  val_AUPR_ag=0.3564  val_P@5_ab=0.8500  val_P@10_ab=0.9000
Ep033  LR0=1.31e-04  pw=1.29  aucα=0.400  token_p=0.010  dropE=(0.010,0.050)  smooth=0.010  train_loss=0.1576  train_AUPR_all=0.8574  train_AUPR_ab=0.9048  train_AUPR_ag=0.7846  train_P@5_ab=1.0000  train_P@10_ab=1.0000  val_loss=0.3800  val_AUPR_all=0.5778  val_AUPR_ab=0.7421  val_AUPR_ag=0.3618  val_P@5_ab=0.9000  val_P@10_ab=0.9250
Ep034  LR0=1.27e-04  pw=1.26  aucα=0.400  token_p=0.010  dropE=(0.010,0.050)  smooth=0.010  train_loss=0.1554  train_AUPR_all=0.8591  train_AUPR_ab=0.9039  train_AUPR_ag=0.7904  train_P@5_ab=1.0000  train_P@10_ab=1.0000  val_loss=0.3601  val_AUPR_all=0.5893  val_AUPR_ab=0.7503  val_AUPR_ag=0.3766  val_P@5_ab=0.9000  val_P@10_ab=0.9500
Ep035  LR0=1.24e-04  pw=1.23  aucα=0.400  token_p=0.010  dropE=(0.010,0.050)  smooth=0.010  train_loss=0.1486  train_AUPR_all=0.8687  train_AUPR_ab=0.9093  train_AUPR_ag=0.8077  train_P@5_ab=1.0000  train_P@10_ab=1.0000  val_loss=0.3880  val_AUPR_all=0.5870  val_AUPR_ab=0.7504  val_AUPR_ag=0.3585  val_P@5_ab=0.9500  val_P@10_ab=0.9000
Ep036  LR0=1.20e-04  pw=1.21  aucα=0.400  token_p=0.010  dropE=(0.010,0.050)  smooth=0.010  train_loss=0.1428  train_AUPR_all=0.8750  train_AUPR_ab=0.9156  train_AUPR_ag=0.8126  train_P@5_ab=1.0000  train_P@10_ab=1.0000  val_loss=0.3759  val_AUPR_all=0.5816  val_AUPR_ab=0.7356  val_AUPR_ag=0.3634  val_P@5_ab=0.9500  val_P@10_ab=0.8750
Ep037  LR0=1.16e-04  pw=1.19  aucα=0.400  token_p=0.010  dropE=(0.010,0.050)  smooth=0.010  train_loss=0.1356  train_AUPR_all=0.8844  train_AUPR_ab=0.9221  train_AUPR_ag=0.8266  train_P@5_ab=1.0000  train_P@10_ab=1.0000  val_loss=0.3695  val_AUPR_all=0.5812  val_AUPR_ab=0.7362  val_AUPR_ag=0.3585  val_P@5_ab=1.0000  val_P@10_ab=1.0000
Ep038  LR0=1.12e-04  pw=1.17  aucα=0.400  token_p=0.010  dropE=(0.010,0.050)  smooth=0.010  train_loss=0.1294  train_AUPR_all=0.8934  train_AUPR_ab=0.9312  train_AUPR_ag=0.8345  train_P@5_ab=1.0000  train_P@10_ab=1.0000  val_loss=0.3970  val_AUPR_all=0.5731  val_AUPR_ab=0.7381  val_AUPR_ag=0.3557  val_P@5_ab=0.9000  val_P@10_ab=0.9250
Ep039  LR0=1.08e-04  pw=1.16  aucα=0.400  token_p=0.010  dropE=(0.010,0.050)  smooth=0.010  train_loss=0.1249  train_AUPR_all=0.8976  train_AUPR_ab=0.9332  train_AUPR_ag=0.8424  train_P@5_ab=1.0000  train_P@10_ab=1.0000  val_loss=0.3828  val_AUPR_all=0.5682  val_AUPR_ab=0.7307  val_AUPR_ag=0.3521  val_P@5_ab=0.8500  val_P@10_ab=0.9000
Ep040  LR0=1.04e-04  pw=1.14  aucα=0.400  token_p=0.010  dropE=(0.010,0.050)  smooth=0.010  train_loss=0.1221  train_AUPR_all=0.9015  train_AUPR_ab=0.9371  train_AUPR_ag=0.8453  train_P@5_ab=1.0000  train_P@10_ab=1.0000  val_loss=0.3871  val_AUPR_all=0.5757  val_AUPR_ab=0.7336  val_AUPR_ag=0.3510  val_P@5_ab=0.7500  val_P@10_ab=0.8750
Ep041  LR0=1.00e-04  pw=1.13  aucα=0.400  token_p=0.010  dropE=(0.010,0.050)  smooth=0.010  train_loss=0.1146  train_AUPR_all=0.9111  train_AUPR_ab=0.9470  train_AUPR_ag=0.8532  train_P@5_ab=1.0000  train_P@10_ab=1.0000  val_loss=0.4019  val_AUPR_all=0.5678  val_AUPR_ab=0.7371  val_AUPR_ag=0.3384  val_P@5_ab=0.8500  val_P@10_ab=0.9000
Ep042  LR0=9.63e-05  pw=1.12  aucα=0.400  token_p=0.010  dropE=(0.010,0.050)  smooth=0.010  train_loss=0.1124  train_AUPR_all=0.9134  train_AUPR_ab=0.9452  train_AUPR_ag=0.8627  train_P@5_ab=1.0000  train_P@10_ab=1.0000  val_loss=0.3809  val_AUPR_all=0.5763  val_AUPR_ab=0.7383  val_AUPR_ag=0.3392  val_P@5_ab=1.0000  val_P@10_ab=0.9250
Ep043  LR0=9.24e-05  pw=1.10  aucα=0.400  token_p=0.010  dropE=(0.010,0.050)  smooth=0.010  train_loss=0.1055  train_AUPR_all=0.9223  train_AUPR_ab=0.9536  train_AUPR_ag=0.8717  train_P@5_ab=1.0000  train_P@10_ab=1.0000  val_loss=0.3902  val_AUPR_all=0.5742  val_AUPR_ab=0.7272  val_AUPR_ag=0.3490  val_P@5_ab=0.8500  val_P@10_ab=0.8500
Ep044  LR0=8.85e-05  pw=1.09  aucα=0.400  token_p=0.010  dropE=(0.010,0.050)  smooth=0.010  train_loss=0.1046  train_AUPR_all=0.9236  train_AUPR_ab=0.9524  train_AUPR_ag=0.8785  train_P@5_ab=1.0000  train_P@10_ab=1.0000  val_loss=0.3929  val_AUPR_all=0.5771  val_AUPR_ab=0.7408  val_AUPR_ag=0.3410  val_P@5_ab=1.0000  val_P@10_ab=0.9750
Ep045  LR0=8.46e-05  pw=1.09  aucα=0.400  token_p=0.010  dropE=(0.010,0.050)  smooth=0.010  train_loss=0.0997  train_AUPR_all=0.9289  train_AUPR_ab=0.9571  train_AUPR_ag=0.8834  train_P@5_ab=0.9500  train_P@10_ab=0.9750  val_loss=0.3841  val_AUPR_all=0.5868  val_AUPR_ab=0.7468  val_AUPR_ag=0.3511  val_P@5_ab=0.8500  val_P@10_ab=0.9000
Ep046  LR0=8.08e-05  pw=1.08  aucα=0.400  token_p=0.010  dropE=(0.010,0.050)  smooth=0.010  train_loss=0.0973  train_AUPR_all=0.9322  train_AUPR_ab=0.9606  train_AUPR_ag=0.8861  train_P@5_ab=1.0000  train_P@10_ab=1.0000  val_loss=0.3754  val_AUPR_all=0.5791  val_AUPR_ab=0.7357  val_AUPR_ag=0.3532  val_P@5_ab=0.8500  val_P@10_ab=0.8750
Ep047  LR0=7.70e-05  pw=1.07  aucα=0.400  token_p=0.010  dropE=(0.010,0.050)  smooth=0.010  train_loss=0.0924  train_AUPR_all=0.9377  train_AUPR_ab=0.9635  train_AUPR_ag=0.8958  train_P@5_ab=1.0000  train_P@10_ab=1.0000  val_loss=0.3807  val_AUPR_all=0.5791  val_AUPR_ab=0.7462  val_AUPR_ag=0.3417  val_P@5_ab=0.9500  val_P@10_ab=0.9750
Early stopping at epoch 47. Best val_AUPR_ab=0.7601 at epoch 29.
Final saved checkpoint for fold 1: checkpoints_ab_aupr/iPara_l1_g10_i5_do0.10_dpr0.10_lr0.0002_heads16_fold1.pth
Best val_AUPR_ab=0.7601 at epoch 29

================================================================================
Fold 2/5
================================================================================
Train labels: valid=400834, pos=26650, neg=374184, ignore=696766, pos_frac=0.06649
Val labels: valid=99358, pos=6580, neg=92778, ignore=175842, pos_frac=0.06623
Initializing ClassificationModel with 10 GAT layers and residual connections...
Initializing MCModel with 10 GAT layers and 5 row attention layers (drop_path_rate=0.1)
Initializing CoreModel with 1 layers, drop_path_rate=0.1
Ep001  LR0=2.00e-04  pw=8.00  aucα=0.000  token_p=0.010  dropE=(0.010,0.050)  smooth=0.010  train_loss=0.6045  train_AUPR_all=0.2918  train_AUPR_ab=0.3823  train_AUPR_ag=0.1762  train_P@5_ab=0.5500  train_P@10_ab=0.6000  val_loss=0.7334  val_AUPR_all=0.4696  val_AUPR_ab=0.5596  val_AUPR_ag=0.3186  val_P@5_ab=0.8500  val_P@10_ab=0.8000
  Saved best antibody-AUPR checkpoint: checkpoints_ab_aupr/iPara_l1_g10_i5_do0.10_dpr0.10_lr0.0002_heads16_fold2.pth  val_AUPR_ab=0.5596
Ep002  LR0=2.00e-04  pw=7.33  aucα=0.000  token_p=0.010  dropE=(0.010,0.050)  smooth=0.010  train_loss=0.4392  train_AUPR_all=0.4522  train_AUPR_ab=0.5550  train_AUPR_ag=0.2843  train_P@5_ab=0.9000  train_P@10_ab=0.8000  val_loss=0.6426  val_AUPR_all=0.5151  val_AUPR_ab=0.6067  val_AUPR_ag=0.3628  val_P@5_ab=0.9500  val_P@10_ab=0.8500
  Saved best antibody-AUPR checkpoint: checkpoints_ab_aupr/iPara_l1_g10_i5_do0.10_dpr0.10_lr0.0002_heads16_fold2.pth  val_AUPR_ab=0.6067
Ep003  LR0=2.00e-04  pw=6.73  aucα=0.000  token_p=0.010  dropE=(0.010,0.050)  smooth=0.010  train_loss=0.3977  train_AUPR_all=0.4903  train_AUPR_ab=0.5963  train_AUPR_ag=0.3165  train_P@5_ab=0.9000  train_P@10_ab=0.9000  val_loss=0.6185  val_AUPR_all=0.5376  val_AUPR_ab=0.6288  val_AUPR_ag=0.3715  val_P@5_ab=0.8000  val_P@10_ab=0.7500
  Saved best antibody-AUPR checkpoint: checkpoints_ab_aupr/iPara_l1_g10_i5_do0.10_dpr0.10_lr0.0002_heads16_fold2.pth  val_AUPR_ab=0.6288
Ep004  LR0=1.99e-04  pw=6.19  aucα=0.000  token_p=0.010  dropE=(0.010,0.050)  smooth=0.010  train_loss=0.3661  train_AUPR_all=0.5181  train_AUPR_ab=0.6228  train_AUPR_ag=0.3439  train_P@5_ab=0.8000  train_P@10_ab=0.8250  val_loss=0.5883  val_AUPR_all=0.5350  val_AUPR_ab=0.6393  val_AUPR_ag=0.3806  val_P@5_ab=0.8000  val_P@10_ab=0.8000
  Saved best antibody-AUPR checkpoint: checkpoints_ab_aupr/iPara_l1_g10_i5_do0.10_dpr0.10_lr0.0002_heads16_fold2.pth  val_AUPR_ab=0.6393
Ep005  LR0=1.99e-04  pw=5.69  aucα=0.000  token_p=0.010  dropE=(0.010,0.050)  smooth=0.010  train_loss=0.3428  train_AUPR_all=0.5338  train_AUPR_ab=0.6410  train_AUPR_ag=0.3546  train_P@5_ab=0.9500  train_P@10_ab=0.8750  val_loss=0.5797  val_AUPR_all=0.5395  val_AUPR_ab=0.6622  val_AUPR_ag=0.3710  val_P@5_ab=0.9000  val_P@10_ab=0.9000
  Saved best antibody-AUPR checkpoint: checkpoints_ab_aupr/iPara_l1_g10_i5_do0.10_dpr0.10_lr0.0002_heads16_fold2.pth  val_AUPR_ab=0.6622
Ep006  LR0=1.98e-04  pw=5.25  aucα=0.000  token_p=0.010  dropE=(0.010,0.050)  smooth=0.010  train_loss=0.3187  train_AUPR_all=0.5546  train_AUPR_ab=0.6651  train_AUPR_ag=0.3732  train_P@5_ab=0.9000  train_P@10_ab=0.9000  val_loss=0.5412  val_AUPR_all=0.5705  val_AUPR_ab=0.6821  val_AUPR_ag=0.3761  val_P@5_ab=0.9000  val_P@10_ab=0.8500
  Saved best antibody-AUPR checkpoint: checkpoints_ab_aupr/iPara_l1_g10_i5_do0.10_dpr0.10_lr0.0002_heads16_fold2.pth  val_AUPR_ab=0.6821
Ep007  LR0=1.97e-04  pw=4.84  aucα=0.000  token_p=0.010  dropE=(0.010,0.050)  smooth=0.010  train_loss=0.2999  train_AUPR_all=0.5668  train_AUPR_ab=0.6813  train_AUPR_ag=0.3779  train_P@5_ab=1.0000  train_P@10_ab=1.0000  val_loss=0.5274  val_AUPR_all=0.5818  val_AUPR_ab=0.6869  val_AUPR_ag=0.4003  val_P@5_ab=0.8500  val_P@10_ab=0.8250
  Saved best antibody-AUPR checkpoint: checkpoints_ab_aupr/iPara_l1_g10_i5_do0.10_dpr0.10_lr0.0002_heads16_fold2.pth  val_AUPR_ab=0.6869
Ep008  LR0=1.96e-04  pw=4.48  aucα=0.000  token_p=0.010  dropE=(0.010,0.050)  smooth=0.010  train_loss=0.2838  train_AUPR_all=0.5728  train_AUPR_ab=0.6802  train_AUPR_ag=0.3922  train_P@5_ab=0.9500  train_P@10_ab=0.9500  val_loss=0.4937  val_AUPR_all=0.5940  val_AUPR_ab=0.6996  val_AUPR_ag=0.4116  val_P@5_ab=0.8500  val_P@10_ab=0.8500
  Saved best antibody-AUPR checkpoint: checkpoints_ab_aupr/iPara_l1_g10_i5_do0.10_dpr0.10_lr0.0002_heads16_fold2.pth  val_AUPR_ab=0.6996
Ep009  LR0=1.95e-04  pw=4.15  aucα=0.000  token_p=0.010  dropE=(0.010,0.050)  smooth=0.010  train_loss=0.2666  train_AUPR_all=0.5912  train_AUPR_ab=0.7012  train_AUPR_ag=0.4056  train_P@5_ab=1.0000  train_P@10_ab=1.0000  val_loss=0.5011  val_AUPR_all=0.5806  val_AUPR_ab=0.7023  val_AUPR_ag=0.4049  val_P@5_ab=0.8500  val_P@10_ab=0.9000
  Saved best antibody-AUPR checkpoint: checkpoints_ab_aupr/iPara_l1_g10_i5_do0.10_dpr0.10_lr0.0002_heads16_fold2.pth  val_AUPR_ab=0.7023
Ep010  LR0=1.94e-04  pw=3.85  aucα=0.040  token_p=0.010  dropE=(0.010,0.050)  smooth=0.010  train_loss=0.2690  train_AUPR_all=0.6011  train_AUPR_ab=0.7122  train_AUPR_ag=0.4166  train_P@5_ab=0.9000  train_P@10_ab=0.9250  val_loss=0.4552  val_AUPR_all=0.6054  val_AUPR_ab=0.7220  val_AUPR_ag=0.4248  val_P@5_ab=0.8000  val_P@10_ab=0.9000
  Saved best antibody-AUPR checkpoint: checkpoints_ab_aupr/iPara_l1_g10_i5_do0.10_dpr0.10_lr0.0002_heads16_fold2.pth  val_AUPR_ab=0.7220
Unfreezing DyM parameters.
Ep011  LR0=1.92e-04  pw=3.58  aucα=0.080  token_p=0.010  dropE=(0.010,0.050)  smooth=0.010  train_loss=0.2749  train_AUPR_all=0.6068  train_AUPR_ab=0.7126  train_AUPR_ag=0.4325  train_P@5_ab=0.9500  train_P@10_ab=0.9500  val_loss=0.4481  val_AUPR_all=0.6003  val_AUPR_ab=0.7159  val_AUPR_ag=0.4108  val_P@5_ab=0.9000  val_P@10_ab=0.9500
Ep012  LR0=1.91e-04  pw=3.33  aucα=0.120  token_p=0.010  dropE=(0.010,0.050)  smooth=0.010  train_loss=0.2794  train_AUPR_all=0.6189  train_AUPR_ab=0.7274  train_AUPR_ag=0.4408  train_P@5_ab=1.0000  train_P@10_ab=1.0000  val_loss=0.4438  val_AUPR_all=0.5993  val_AUPR_ab=0.7142  val_AUPR_ag=0.4165  val_P@5_ab=0.8000  val_P@10_ab=0.8500
Ep013  LR0=1.89e-04  pw=3.11  aucα=0.160  token_p=0.010  dropE=(0.010,0.050)  smooth=0.010  train_loss=0.2832  train_AUPR_all=0.6233  train_AUPR_ab=0.7314  train_AUPR_ag=0.4481  train_P@5_ab=1.0000  train_P@10_ab=0.9750  val_loss=0.4294  val_AUPR_all=0.6055  val_AUPR_ab=0.7218  val_AUPR_ag=0.4145  val_P@5_ab=0.9000  val_P@10_ab=0.9250
Ep014  LR0=1.87e-04  pw=2.91  aucα=0.200  token_p=0.010  dropE=(0.010,0.050)  smooth=0.010  train_loss=0.2898  train_AUPR_all=0.6328  train_AUPR_ab=0.7409  train_AUPR_ag=0.4586  train_P@5_ab=1.0000  train_P@10_ab=0.9750  val_loss=0.4088  val_AUPR_all=0.6135  val_AUPR_ab=0.7394  val_AUPR_ag=0.4116  val_P@5_ab=0.8500  val_P@10_ab=0.9000
  Saved best antibody-AUPR checkpoint: checkpoints_ab_aupr/iPara_l1_g10_i5_do0.10_dpr0.10_lr0.0002_heads16_fold2.pth  val_AUPR_ab=0.7394
Ep015  LR0=1.85e-04  pw=2.73  aucα=0.240  token_p=0.010  dropE=(0.010,0.050)  smooth=0.010  train_loss=0.2914  train_AUPR_all=0.6461  train_AUPR_ab=0.7520  train_AUPR_ag=0.4765  train_P@5_ab=0.9500  train_P@10_ab=0.9500  val_loss=0.4083  val_AUPR_all=0.6050  val_AUPR_ab=0.7334  val_AUPR_ag=0.4063  val_P@5_ab=0.9500  val_P@10_ab=0.8500
Ep016  LR0=1.83e-04  pw=2.56  aucα=0.280  token_p=0.010  dropE=(0.010,0.050)  smooth=0.010  train_loss=0.2992  train_AUPR_all=0.6530  train_AUPR_ab=0.7586  train_AUPR_ag=0.4842  train_P@5_ab=1.0000  train_P@10_ab=0.9750  val_loss=0.3942  val_AUPR_all=0.6126  val_AUPR_ab=0.7350  val_AUPR_ag=0.4293  val_P@5_ab=0.9500  val_P@10_ab=0.8750
Ep017  LR0=1.81e-04  pw=2.41  aucα=0.320  token_p=0.010  dropE=(0.010,0.050)  smooth=0.010  train_loss=0.2999  train_AUPR_all=0.6673  train_AUPR_ab=0.7657  train_AUPR_ag=0.5117  train_P@5_ab=1.0000  train_P@10_ab=1.0000  val_loss=0.3914  val_AUPR_all=0.6071  val_AUPR_ab=0.7403  val_AUPR_ag=0.4092  val_P@5_ab=0.9000  val_P@10_ab=0.9500
  Saved best antibody-AUPR checkpoint: checkpoints_ab_aupr/iPara_l1_g10_i5_do0.10_dpr0.10_lr0.0002_heads16_fold2.pth  val_AUPR_ab=0.7403
Ep018  LR0=1.79e-04  pw=2.28  aucα=0.360  token_p=0.010  dropE=(0.010,0.050)  smooth=0.010  train_loss=0.3017  train_AUPR_all=0.6787  train_AUPR_ab=0.7760  train_AUPR_ag=0.5259  train_P@5_ab=0.9500  train_P@10_ab=0.9750  val_loss=0.3737  val_AUPR_all=0.6214  val_AUPR_ab=0.7432  val_AUPR_ag=0.4193  val_P@5_ab=0.9000  val_P@10_ab=0.9250
  Saved best antibody-AUPR checkpoint: checkpoints_ab_aupr/iPara_l1_g10_i5_do0.10_dpr0.10_lr0.0002_heads16_fold2.pth  val_AUPR_ab=0.7432
Ep019  LR0=1.76e-04  pw=2.16  aucα=0.400  token_p=0.010  dropE=(0.010,0.050)  smooth=0.010  train_loss=0.3049  train_AUPR_all=0.6864  train_AUPR_ab=0.7840  train_AUPR_ag=0.5345  train_P@5_ab=0.9500  train_P@10_ab=0.9250  val_loss=0.3689  val_AUPR_all=0.6190  val_AUPR_ab=0.7445  val_AUPR_ag=0.4282  val_P@5_ab=0.9000  val_P@10_ab=0.9250
  Saved best antibody-AUPR checkpoint: checkpoints_ab_aupr/iPara_l1_g10_i5_do0.10_dpr0.10_lr0.0002_heads16_fold2.pth  val_AUPR_ab=0.7445
Ep020  LR0=1.73e-04  pw=2.05  aucα=0.400  token_p=0.010  dropE=(0.010,0.050)  smooth=0.010  train_loss=0.2900  train_AUPR_all=0.7015  train_AUPR_ab=0.7917  train_AUPR_ag=0.5614  train_P@5_ab=1.0000  train_P@10_ab=1.0000  val_loss=0.3719  val_AUPR_all=0.6143  val_AUPR_ab=0.7479  val_AUPR_ag=0.4203  val_P@5_ab=0.8500  val_P@10_ab=0.9250
  Saved best antibody-AUPR checkpoint: checkpoints_ab_aupr/iPara_l1_g10_i5_do0.10_dpr0.10_lr0.0002_heads16_fold2.pth  val_AUPR_ab=0.7479
Ep021  LR0=1.71e-04  pw=1.95  aucα=0.400  token_p=0.010  dropE=(0.010,0.050)  smooth=0.010  train_loss=0.2816  train_AUPR_all=0.7088  train_AUPR_ab=0.7938  train_AUPR_ag=0.5774  train_P@5_ab=0.9500  train_P@10_ab=0.9000  val_loss=0.3710  val_AUPR_all=0.6218  val_AUPR_ab=0.7479  val_AUPR_ag=0.4345  val_P@5_ab=0.9500  val_P@10_ab=0.9750
Ep022  LR0=1.68e-04  pw=1.86  aucα=0.400  token_p=0.010  dropE=(0.010,0.050)  smooth=0.010  train_loss=0.2662  train_AUPR_all=0.7278  train_AUPR_ab=0.8049  train_AUPR_ag=0.6120  train_P@5_ab=0.9500  train_P@10_ab=0.9750  val_loss=0.3578  val_AUPR_all=0.6196  val_AUPR_ab=0.7448  val_AUPR_ag=0.4296  val_P@5_ab=0.9500  val_P@10_ab=0.9750
Ep023  LR0=1.65e-04  pw=1.78  aucα=0.400  token_p=0.010  dropE=(0.010,0.050)  smooth=0.010  train_loss=0.2551  train_AUPR_all=0.7402  train_AUPR_ab=0.8152  train_AUPR_ag=0.6282  train_P@5_ab=1.0000  train_P@10_ab=1.0000  val_loss=0.3719  val_AUPR_all=0.6111  val_AUPR_ab=0.7566  val_AUPR_ag=0.4055  val_P@5_ab=0.9000  val_P@10_ab=0.9000
  Saved best antibody-AUPR checkpoint: checkpoints_ab_aupr/iPara_l1_g10_i5_do0.10_dpr0.10_lr0.0002_heads16_fold2.pth  val_AUPR_ab=0.7566
Ep024  LR0=1.62e-04  pw=1.70  aucα=0.400  token_p=0.010  dropE=(0.010,0.050)  smooth=0.010  train_loss=0.2457  train_AUPR_all=0.7487  train_AUPR_ab=0.8187  train_AUPR_ag=0.6441  train_P@5_ab=0.9500  train_P@10_ab=0.9750  val_loss=0.3525  val_AUPR_all=0.6184  val_AUPR_ab=0.7504  val_AUPR_ag=0.4159  val_P@5_ab=0.9500  val_P@10_ab=0.9500
Ep025  LR0=1.59e-04  pw=1.64  aucα=0.400  token_p=0.010  dropE=(0.010,0.050)  smooth=0.010  train_loss=0.2329  train_AUPR_all=0.7644  train_AUPR_ab=0.8330  train_AUPR_ag=0.6616  train_P@5_ab=1.0000  train_P@10_ab=0.9750  val_loss=0.3437  val_AUPR_all=0.6211  val_AUPR_ab=0.7505  val_AUPR_ag=0.4283  val_P@5_ab=1.0000  val_P@10_ab=0.9500
Ep026  LR0=1.56e-04  pw=1.57  aucα=0.400  token_p=0.010  dropE=(0.010,0.050)  smooth=0.010  train_loss=0.2225  train_AUPR_all=0.7776  train_AUPR_ab=0.8401  train_AUPR_ag=0.6859  train_P@5_ab=1.0000  train_P@10_ab=1.0000  val_loss=0.3511  val_AUPR_all=0.6171  val_AUPR_ab=0.7575  val_AUPR_ag=0.4199  val_P@5_ab=0.9500  val_P@10_ab=0.9250
  Saved best antibody-AUPR checkpoint: checkpoints_ab_aupr/iPara_l1_g10_i5_do0.10_dpr0.10_lr0.0002_heads16_fold2.pth  val_AUPR_ab=0.7575
Ep027  LR0=1.52e-04  pw=1.52  aucα=0.400  token_p=0.010  dropE=(0.010,0.050)  smooth=0.010  train_loss=0.2160  train_AUPR_all=0.7821  train_AUPR_ab=0.8406  train_AUPR_ag=0.6963  train_P@5_ab=1.0000  train_P@10_ab=0.9500  val_loss=0.3520  val_AUPR_all=0.6188  val_AUPR_ab=0.7524  val_AUPR_ag=0.4141  val_P@5_ab=1.0000  val_P@10_ab=1.0000
Ep028  LR0=1.49e-04  pw=1.47  aucα=0.400  token_p=0.010  dropE=(0.010,0.050)  smooth=0.010  train_loss=0.2046  train_AUPR_all=0.7975  train_AUPR_ab=0.8535  train_AUPR_ag=0.7155  train_P@5_ab=1.0000  train_P@10_ab=1.0000  val_loss=0.3424  val_AUPR_all=0.6159  val_AUPR_ab=0.7503  val_AUPR_ag=0.4271  val_P@5_ab=1.0000  val_P@10_ab=1.0000
Ep029  LR0=1.46e-04  pw=1.43  aucα=0.400  token_p=0.010  dropE=(0.010,0.050)  smooth=0.010  train_loss=0.1973  train_AUPR_all=0.8072  train_AUPR_ab=0.8609  train_AUPR_ag=0.7289  train_P@5_ab=1.0000  train_P@10_ab=1.0000  val_loss=0.3647  val_AUPR_all=0.6117  val_AUPR_ab=0.7589  val_AUPR_ag=0.4195  val_P@5_ab=1.0000  val_P@10_ab=1.0000
  Saved best antibody-AUPR checkpoint: checkpoints_ab_aupr/iPara_l1_g10_i5_do0.10_dpr0.10_lr0.0002_heads16_fold2.pth  val_AUPR_ab=0.7589
Ep030  LR0=1.42e-04  pw=1.39  aucα=0.400  token_p=0.010  dropE=(0.010,0.050)  smooth=0.010  train_loss=0.1894  train_AUPR_all=0.8165  train_AUPR_ab=0.8675  train_AUPR_ag=0.7424  train_P@5_ab=1.0000  train_P@10_ab=1.0000  val_loss=0.3448  val_AUPR_all=0.6196  val_AUPR_ab=0.7571  val_AUPR_ag=0.4150  val_P@5_ab=1.0000  val_P@10_ab=1.0000
Ep031  LR0=1.38e-04  pw=1.35  aucα=0.400  token_p=0.010  dropE=(0.010,0.050)  smooth=0.010  train_loss=0.1823  train_AUPR_all=0.8248  train_AUPR_ab=0.8738  train_AUPR_ag=0.7538  train_P@5_ab=1.0000  train_P@10_ab=0.9750  val_loss=0.3555  val_AUPR_all=0.6067  val_AUPR_ab=0.7547  val_AUPR_ag=0.4166  val_P@5_ab=1.0000  val_P@10_ab=1.0000
Ep032  LR0=1.35e-04  pw=1.32  aucα=0.400  token_p=0.010  dropE=(0.010,0.050)  smooth=0.010  train_loss=0.1738  train_AUPR_all=0.8361  train_AUPR_ab=0.8816  train_AUPR_ag=0.7700  train_P@5_ab=0.9500  train_P@10_ab=0.9750  val_loss=0.3635  val_AUPR_all=0.6025  val_AUPR_ab=0.7494  val_AUPR_ag=0.3979  val_P@5_ab=0.9500  val_P@10_ab=0.9750
Ep033  LR0=1.31e-04  pw=1.29  aucα=0.400  token_p=0.010  dropE=(0.010,0.050)  smooth=0.010  train_loss=0.1669  train_AUPR_all=0.8447  train_AUPR_ab=0.8890  train_AUPR_ag=0.7799  train_P@5_ab=1.0000  train_P@10_ab=1.0000  val_loss=0.3583  val_AUPR_all=0.6066  val_AUPR_ab=0.7608  val_AUPR_ag=0.4186  val_P@5_ab=1.0000  val_P@10_ab=0.9750
  Saved best antibody-AUPR checkpoint: checkpoints_ab_aupr/iPara_l1_g10_i5_do0.10_dpr0.10_lr0.0002_heads16_fold2.pth  val_AUPR_ab=0.7608
Ep034  LR0=1.27e-04  pw=1.26  aucα=0.400  token_p=0.010  dropE=(0.010,0.050)  smooth=0.010  train_loss=0.1620  train_AUPR_all=0.8502  train_AUPR_ab=0.8930  train_AUPR_ag=0.7879  train_P@5_ab=0.9500  train_P@10_ab=0.9750  val_loss=0.3511  val_AUPR_all=0.6089  val_AUPR_ab=0.7528  val_AUPR_ag=0.3983  val_P@5_ab=1.0000  val_P@10_ab=1.0000
Ep035  LR0=1.24e-04  pw=1.23  aucα=0.400  token_p=0.010  dropE=(0.010,0.050)  smooth=0.010  train_loss=0.1565  train_AUPR_all=0.8569  train_AUPR_ab=0.8980  train_AUPR_ag=0.7965  train_P@5_ab=1.0000  train_P@10_ab=1.0000  val_loss=0.3561  val_AUPR_all=0.5956  val_AUPR_ab=0.7505  val_AUPR_ag=0.4049  val_P@5_ab=1.0000  val_P@10_ab=0.9500
Ep036  LR0=1.20e-04  pw=1.21  aucα=0.400  token_p=0.010  dropE=(0.010,0.050)  smooth=0.010  train_loss=0.1476  train_AUPR_all=0.8684  train_AUPR_ab=0.9093  train_AUPR_ag=0.8073  train_P@5_ab=1.0000  train_P@10_ab=1.0000  val_loss=0.3447  val_AUPR_all=0.6128  val_AUPR_ab=0.7520  val_AUPR_ag=0.4196  val_P@5_ab=0.9500  val_P@10_ab=0.9500
Ep037  LR0=1.16e-04  pw=1.19  aucα=0.400  token_p=0.010  dropE=(0.010,0.050)  smooth=0.010  train_loss=0.1425  train_AUPR_all=0.8770  train_AUPR_ab=0.9144  train_AUPR_ag=0.8221  train_P@5_ab=1.0000  train_P@10_ab=1.0000  val_loss=0.3534  val_AUPR_all=0.5975  val_AUPR_ab=0.7482  val_AUPR_ag=0.4013  val_P@5_ab=0.9000  val_P@10_ab=0.9250
Ep038  LR0=1.12e-04  pw=1.17  aucα=0.400  token_p=0.010  dropE=(0.010,0.050)  smooth=0.010  train_loss=0.1389  train_AUPR_all=0.8806  train_AUPR_ab=0.9162  train_AUPR_ag=0.8286  train_P@5_ab=1.0000  train_P@10_ab=1.0000  val_loss=0.3573  val_AUPR_all=0.5936  val_AUPR_ab=0.7478  val_AUPR_ag=0.4006  val_P@5_ab=1.0000  val_P@10_ab=0.9500
Ep039  LR0=1.08e-04  pw=1.16  aucα=0.400  token_p=0.010  dropE=(0.010,0.050)  smooth=0.010  train_loss=0.1313  train_AUPR_all=0.8904  train_AUPR_ab=0.9243  train_AUPR_ag=0.8401  train_P@5_ab=1.0000  train_P@10_ab=1.0000  val_loss=0.3570  val_AUPR_all=0.6098  val_AUPR_ab=0.7497  val_AUPR_ag=0.3953  val_P@5_ab=1.0000  val_P@10_ab=0.9500
Ep040  LR0=1.04e-04  pw=1.14  aucα=0.400  token_p=0.010  dropE=(0.010,0.050)  smooth=0.010  train_loss=0.1296  train_AUPR_all=0.8923  train_AUPR_ab=0.9257  train_AUPR_ag=0.8423  train_P@5_ab=1.0000  train_P@10_ab=1.0000  val_loss=0.3570  val_AUPR_all=0.5988  val_AUPR_ab=0.7506  val_AUPR_ag=0.3926  val_P@5_ab=0.9500  val_P@10_ab=0.9500
Ep041  LR0=1.00e-04  pw=1.13  aucα=0.400  token_p=0.010  dropE=(0.010,0.050)  smooth=0.010  train_loss=0.1234  train_AUPR_all=0.9000  train_AUPR_ab=0.9314  train_AUPR_ag=0.8530  train_P@5_ab=1.0000  train_P@10_ab=1.0000  val_loss=0.3528  val_AUPR_all=0.5943  val_AUPR_ab=0.7432  val_AUPR_ag=0.3975  val_P@5_ab=1.0000  val_P@10_ab=0.9500
Ep042  LR0=9.63e-05  pw=1.12  aucα=0.400  token_p=0.010  dropE=(0.010,0.050)  smooth=0.010  train_loss=0.1218  train_AUPR_all=0.9020  train_AUPR_ab=0.9324  train_AUPR_ag=0.8572  train_P@5_ab=1.0000  train_P@10_ab=1.0000  val_loss=0.3721  val_AUPR_all=0.5846  val_AUPR_ab=0.7387  val_AUPR_ag=0.3793  val_P@5_ab=0.9500  val_P@10_ab=0.9750
Ep043  LR0=9.24e-05  pw=1.10  aucα=0.400  token_p=0.010  dropE=(0.010,0.050)  smooth=0.010  train_loss=0.1148  train_AUPR_all=0.9097  train_AUPR_ab=0.9408  train_AUPR_ag=0.8622  train_P@5_ab=1.0000  train_P@10_ab=1.0000  val_loss=0.3501  val_AUPR_all=0.6000  val_AUPR_ab=0.7419  val_AUPR_ag=0.3879  val_P@5_ab=0.9500  val_P@10_ab=0.9500
Ep044  LR0=8.85e-05  pw=1.09  aucα=0.400  token_p=0.010  dropE=(0.010,0.050)  smooth=0.010  train_loss=0.1101  train_AUPR_all=0.9170  train_AUPR_ab=0.9446  train_AUPR_ag=0.8756  train_P@5_ab=1.0000  train_P@10_ab=1.0000  val_loss=0.3560  val_AUPR_all=0.5988  val_AUPR_ab=0.7551  val_AUPR_ag=0.3895  val_P@5_ab=0.9500  val_P@10_ab=0.9750
Ep045  LR0=8.46e-05  pw=1.09  aucα=0.400  token_p=0.010  dropE=(0.010,0.050)  smooth=0.010  train_loss=0.1085  train_AUPR_all=0.9180  train_AUPR_ab=0.9475  train_AUPR_ag=0.8728  train_P@5_ab=1.0000  train_P@10_ab=1.0000  val_loss=0.3598  val_AUPR_all=0.5954  val_AUPR_ab=0.7477  val_AUPR_ag=0.3747  val_P@5_ab=1.0000  val_P@10_ab=0.9000
Ep046  LR0=8.08e-05  pw=1.08  aucα=0.400  token_p=0.010  dropE=(0.010,0.050)  smooth=0.010  train_loss=0.1040  train_AUPR_all=0.9235  train_AUPR_ab=0.9498  train_AUPR_ag=0.8835  train_P@5_ab=1.0000  train_P@10_ab=1.0000  val_loss=0.3598  val_AUPR_all=0.5902  val_AUPR_ab=0.7359  val_AUPR_ag=0.3717  val_P@5_ab=1.0000  val_P@10_ab=0.9750
Ep047  LR0=7.70e-05  pw=1.07  aucα=0.400  token_p=0.010  dropE=(0.010,0.050)  smooth=0.010  train_loss=0.1006  train_AUPR_all=0.9285  train_AUPR_ab=0.9537  train_AUPR_ag=0.8900  train_P@5_ab=1.0000  train_P@10_ab=1.0000  val_loss=0.3713  val_AUPR_all=0.5804  val_AUPR_ab=0.7401  val_AUPR_ag=0.3683  val_P@5_ab=1.0000  val_P@10_ab=0.9750
Ep048  LR0=7.32e-05  pw=1.06  aucα=0.400  token_p=0.010  dropE=(0.010,0.050)  smooth=0.010  train_loss=0.0977  train_AUPR_all=0.9314  train_AUPR_ab=0.9555  train_AUPR_ag=0.8947  train_P@5_ab=1.0000  train_P@10_ab=1.0000  val_loss=0.3585  val_AUPR_all=0.5993  val_AUPR_ab=0.7420  val_AUPR_ag=0.3898  val_P@5_ab=0.9500  val_P@10_ab=0.9250
Ep049  LR0=6.94e-05  pw=1.06  aucα=0.400  token_p=0.010  dropE=(0.010,0.050)  smooth=0.010  train_loss=0.0932  train_AUPR_all=0.9371  train_AUPR_ab=0.9603  train_AUPR_ag=0.9012  train_P@5_ab=1.0000  train_P@10_ab=1.0000  val_loss=0.3698  val_AUPR_all=0.5884  val_AUPR_ab=0.7403  val_AUPR_ag=0.3807  val_P@5_ab=0.8500  val_P@10_ab=0.9000
Ep050  LR0=6.57e-05  pw=1.05  aucα=0.400  token_p=0.010  dropE=(0.010,0.050)  smooth=0.010  train_loss=0.0903  train_AUPR_all=0.9409  train_AUPR_ab=0.9622  train_AUPR_ag=0.9085  train_P@5_ab=1.0000  train_P@10_ab=1.0000  val_loss=0.3808  val_AUPR_all=0.5842  val_AUPR_ab=0.7390  val_AUPR_ag=0.3613  val_P@5_ab=1.0000  val_P@10_ab=0.9500
Ep051  LR0=6.21e-05  pw=1.05  aucα=0.400  token_p=0.010  dropE=(0.010,0.050)  smooth=0.010  train_loss=0.0884  train_AUPR_all=0.9430  train_AUPR_ab=0.9655  train_AUPR_ag=0.9079  train_P@5_ab=1.0000  train_P@10_ab=1.0000  val_loss=0.3768  val_AUPR_all=0.5886  val_AUPR_ab=0.7484  val_AUPR_ag=0.3702  val_P@5_ab=1.0000  val_P@10_ab=0.9250
Early stopping at epoch 51. Best val_AUPR_ab=0.7608 at epoch 33.
Final saved checkpoint for fold 2: checkpoints_ab_aupr/iPara_l1_g10_i5_do0.10_dpr0.10_lr0.0002_heads16_fold2.pth
Best val_AUPR_ab=0.7608 at epoch 33

================================================================================
Fold 3/5
================================================================================
Train labels: valid=401949, pos=26660, neg=375289, ignore=695651, pos_frac=0.06633
Val labels: valid=98243, pos=6570, neg=91673, ignore=176957, pos_frac=0.06687
Initializing ClassificationModel with 10 GAT layers and residual connections...
Initializing MCModel with 10 GAT layers and 5 row attention layers (drop_path_rate=0.1)
Initializing CoreModel with 1 layers, drop_path_rate=0.1
Ep001  LR0=2.00e-04  pw=8.00  aucα=0.000  token_p=0.010  dropE=(0.010,0.050)  smooth=0.010  train_loss=0.6368  train_AUPR_all=0.2789  train_AUPR_ab=0.3642  train_AUPR_ag=0.1824  train_P@5_ab=0.9000  train_P@10_ab=0.8000  val_loss=0.7388  val_AUPR_all=0.4761  val_AUPR_ab=0.5708  val_AUPR_ag=0.3258  val_P@5_ab=0.8000  val_P@10_ab=0.8250
  Saved best antibody-AUPR checkpoint: checkpoints_ab_aupr/iPara_l1_g10_i5_do0.10_dpr0.10_lr0.0002_heads16_fold3.pth  val_AUPR_ab=0.5708
Ep002  LR0=2.00e-04  pw=7.33  aucα=0.000  token_p=0.010  dropE=(0.010,0.050)  smooth=0.010  train_loss=0.4506  train_AUPR_all=0.4343  train_AUPR_ab=0.5392  train_AUPR_ag=0.2618  train_P@5_ab=0.9000  train_P@10_ab=0.9000  val_loss=0.7006  val_AUPR_all=0.5077  val_AUPR_ab=0.6109  val_AUPR_ag=0.3451  val_P@5_ab=0.9500  val_P@10_ab=0.9250
  Saved best antibody-AUPR checkpoint: checkpoints_ab_aupr/iPara_l1_g10_i5_do0.10_dpr0.10_lr0.0002_heads16_fold3.pth  val_AUPR_ab=0.6109
Ep003  LR0=2.00e-04  pw=6.73  aucα=0.000  token_p=0.010  dropE=(0.010,0.050)  smooth=0.010  train_loss=0.4072  train_AUPR_all=0.4828  train_AUPR_ab=0.5912  train_AUPR_ag=0.3067  train_P@5_ab=0.7500  train_P@10_ab=0.7250  val_loss=0.6219  val_AUPR_all=0.5338  val_AUPR_ab=0.6474  val_AUPR_ag=0.3627  val_P@5_ab=0.9500  val_P@10_ab=0.9500
  Saved best antibody-AUPR checkpoint: checkpoints_ab_aupr/iPara_l1_g10_i5_do0.10_dpr0.10_lr0.0002_heads16_fold3.pth  val_AUPR_ab=0.6474
Ep004  LR0=1.99e-04  pw=6.19  aucα=0.000  token_p=0.010  dropE=(0.010,0.050)  smooth=0.010  train_loss=0.3704  train_AUPR_all=0.5125  train_AUPR_ab=0.6196  train_AUPR_ag=0.3334  train_P@5_ab=0.8500  train_P@10_ab=0.8750  val_loss=0.5746  val_AUPR_all=0.5612  val_AUPR_ab=0.6749  val_AUPR_ag=0.3659  val_P@5_ab=0.9500  val_P@10_ab=0.9250
  Saved best antibody-AUPR checkpoint: checkpoints_ab_aupr/iPara_l1_g10_i5_do0.10_dpr0.10_lr0.0002_heads16_fold3.pth  val_AUPR_ab=0.6749
Ep005  LR0=1.99e-04  pw=5.69  aucα=0.000  token_p=0.010  dropE=(0.010,0.050)  smooth=0.010  train_loss=0.3377  train_AUPR_all=0.5410  train_AUPR_ab=0.6442  train_AUPR_ag=0.3667  train_P@5_ab=0.7500  train_P@10_ab=0.7500  val_loss=0.5535  val_AUPR_all=0.5700  val_AUPR_ab=0.6929  val_AUPR_ag=0.3778  val_P@5_ab=0.9000  val_P@10_ab=0.9000
  Saved best antibody-AUPR checkpoint: checkpoints_ab_aupr/iPara_l1_g10_i5_do0.10_dpr0.10_lr0.0002_heads16_fold3.pth  val_AUPR_ab=0.6929
Ep006  LR0=1.98e-04  pw=5.25  aucα=0.000  token_p=0.010  dropE=(0.010,0.050)  smooth=0.010  train_loss=0.3242  train_AUPR_all=0.5496  train_AUPR_ab=0.6613  train_AUPR_ag=0.3659  train_P@5_ab=1.0000  train_P@10_ab=0.9500  val_loss=0.5321  val_AUPR_all=0.5774  val_AUPR_ab=0.6951  val_AUPR_ag=0.3785  val_P@5_ab=0.8500  val_P@10_ab=0.8500
  Saved best antibody-AUPR checkpoint: checkpoints_ab_aupr/iPara_l1_g10_i5_do0.10_dpr0.10_lr0.0002_heads16_fold3.pth  val_AUPR_ab=0.6951
Ep007  LR0=1.97e-04  pw=4.84  aucα=0.000  token_p=0.010  dropE=(0.010,0.050)  smooth=0.010  train_loss=0.3000  train_AUPR_all=0.5640  train_AUPR_ab=0.6727  train_AUPR_ag=0.3788  train_P@5_ab=0.8500  train_P@10_ab=0.9000  val_loss=0.5028  val_AUPR_all=0.5864  val_AUPR_ab=0.7050  val_AUPR_ag=0.3817  val_P@5_ab=0.9000  val_P@10_ab=0.9000
  Saved best antibody-AUPR checkpoint: checkpoints_ab_aupr/iPara_l1_g10_i5_do0.10_dpr0.10_lr0.0002_heads16_fold3.pth  val_AUPR_ab=0.7050
Ep008  LR0=1.96e-04  pw=4.48  aucα=0.000  token_p=0.010  dropE=(0.010,0.050)  smooth=0.010  train_loss=0.2813  train_AUPR_all=0.5814  train_AUPR_ab=0.6942  train_AUPR_ag=0.3931  train_P@5_ab=0.9500  train_P@10_ab=0.9500  val_loss=0.4827  val_AUPR_all=0.5989  val_AUPR_ab=0.7207  val_AUPR_ag=0.4006  val_P@5_ab=1.0000  val_P@10_ab=0.9500
  Saved best antibody-AUPR checkpoint: checkpoints_ab_aupr/iPara_l1_g10_i5_do0.10_dpr0.10_lr0.0002_heads16_fold3.pth  val_AUPR_ab=0.7207
Ep009  LR0=1.95e-04  pw=4.15  aucα=0.000  token_p=0.010  dropE=(0.010,0.050)  smooth=0.010  train_loss=0.2652  train_AUPR_all=0.5898  train_AUPR_ab=0.7044  train_AUPR_ag=0.3992  train_P@5_ab=0.8500  train_P@10_ab=0.9250  val_loss=0.4682  val_AUPR_all=0.5982  val_AUPR_ab=0.7233  val_AUPR_ag=0.4039  val_P@5_ab=0.9500  val_P@10_ab=0.9250
  Saved best antibody-AUPR checkpoint: checkpoints_ab_aupr/iPara_l1_g10_i5_do0.10_dpr0.10_lr0.0002_heads16_fold3.pth  val_AUPR_ab=0.7233
Ep010  LR0=1.94e-04  pw=3.85  aucα=0.040  token_p=0.010  dropE=(0.010,0.050)  smooth=0.010  train_loss=0.2713  train_AUPR_all=0.5950  train_AUPR_ab=0.7083  train_AUPR_ag=0.4086  train_P@5_ab=0.9000  train_P@10_ab=0.9500  val_loss=0.4658  val_AUPR_all=0.6017  val_AUPR_ab=0.7218  val_AUPR_ag=0.3988  val_P@5_ab=0.9500  val_P@10_ab=0.9750
Unfreezing DyM parameters.
Ep011  LR0=1.92e-04  pw=3.58  aucα=0.080  token_p=0.010  dropE=(0.010,0.050)  smooth=0.010  train_loss=0.2771  train_AUPR_all=0.6051  train_AUPR_ab=0.7152  train_AUPR_ag=0.4257  train_P@5_ab=0.9500  train_P@10_ab=0.9000  val_loss=0.4422  val_AUPR_all=0.6070  val_AUPR_ab=0.7295  val_AUPR_ag=0.4060  val_P@5_ab=1.0000  val_P@10_ab=0.9500
  Saved best antibody-AUPR checkpoint: checkpoints_ab_aupr/iPara_l1_g10_i5_do0.10_dpr0.10_lr0.0002_heads16_fold3.pth  val_AUPR_ab=0.7295
Ep012  LR0=1.91e-04  pw=3.33  aucα=0.120  token_p=0.010  dropE=(0.010,0.050)  smooth=0.010  train_loss=0.2799  train_AUPR_all=0.6184  train_AUPR_ab=0.7315  train_AUPR_ag=0.4335  train_P@5_ab=0.9000  train_P@10_ab=0.9250  val_loss=0.4365  val_AUPR_all=0.5955  val_AUPR_ab=0.7230  val_AUPR_ag=0.3910  val_P@5_ab=1.0000  val_P@10_ab=1.0000
Ep013  LR0=1.89e-04  pw=3.11  aucα=0.160  token_p=0.010  dropE=(0.010,0.050)  smooth=0.010  train_loss=0.2849  train_AUPR_all=0.6256  train_AUPR_ab=0.7353  train_AUPR_ag=0.4470  train_P@5_ab=0.9500  train_P@10_ab=0.9750  val_loss=0.4076  val_AUPR_all=0.6107  val_AUPR_ab=0.7312  val_AUPR_ag=0.4130  val_P@5_ab=1.0000  val_P@10_ab=1.0000
  Saved best antibody-AUPR checkpoint: checkpoints_ab_aupr/iPara_l1_g10_i5_do0.10_dpr0.10_lr0.0002_heads16_fold3.pth  val_AUPR_ab=0.7312
Ep014  LR0=1.87e-04  pw=2.91  aucα=0.200  token_p=0.010  dropE=(0.010,0.050)  smooth=0.010  train_loss=0.2900  train_AUPR_all=0.6337  train_AUPR_ab=0.7434  train_AUPR_ag=0.4552  train_P@5_ab=0.9000  train_P@10_ab=0.9000  val_loss=0.4009  val_AUPR_all=0.6092  val_AUPR_ab=0.7389  val_AUPR_ag=0.4111  val_P@5_ab=1.0000  val_P@10_ab=0.9750
  Saved best antibody-AUPR checkpoint: checkpoints_ab_aupr/iPara_l1_g10_i5_do0.10_dpr0.10_lr0.0002_heads16_fold3.pth  val_AUPR_ab=0.7389
Ep015  LR0=1.85e-04  pw=2.73  aucα=0.240  token_p=0.010  dropE=(0.010,0.050)  smooth=0.010  train_loss=0.2920  train_AUPR_all=0.6433  train_AUPR_ab=0.7470  train_AUPR_ag=0.4759  train_P@5_ab=0.9000  train_P@10_ab=0.9500  val_loss=0.3960  val_AUPR_all=0.6064  val_AUPR_ab=0.7243  val_AUPR_ag=0.4179  val_P@5_ab=1.0000  val_P@10_ab=0.9750
Ep016  LR0=1.83e-04  pw=2.56  aucα=0.280  token_p=0.010  dropE=(0.010,0.050)  smooth=0.010  train_loss=0.2971  train_AUPR_all=0.6548  train_AUPR_ab=0.7577  train_AUPR_ag=0.4907  train_P@5_ab=0.9000  train_P@10_ab=0.9500  val_loss=0.3927  val_AUPR_all=0.6136  val_AUPR_ab=0.7387  val_AUPR_ag=0.4147  val_P@5_ab=1.0000  val_P@10_ab=1.0000
Ep017  LR0=1.81e-04  pw=2.41  aucα=0.320  token_p=0.010  dropE=(0.010,0.050)  smooth=0.010  train_loss=0.3011  train_AUPR_all=0.6659  train_AUPR_ab=0.7654  train_AUPR_ag=0.5080  train_P@5_ab=1.0000  train_P@10_ab=1.0000  val_loss=0.3720  val_AUPR_all=0.6221  val_AUPR_ab=0.7475  val_AUPR_ag=0.4180  val_P@5_ab=1.0000  val_P@10_ab=1.0000
  Saved best antibody-AUPR checkpoint: checkpoints_ab_aupr/iPara_l1_g10_i5_do0.10_dpr0.10_lr0.0002_heads16_fold3.pth  val_AUPR_ab=0.7475
Ep018  LR0=1.79e-04  pw=2.28  aucα=0.360  token_p=0.010  dropE=(0.010,0.050)  smooth=0.010  train_loss=0.3033  train_AUPR_all=0.6769  train_AUPR_ab=0.7764  train_AUPR_ag=0.5187  train_P@5_ab=0.9500  train_P@10_ab=0.9750  val_loss=0.3756  val_AUPR_all=0.6148  val_AUPR_ab=0.7512  val_AUPR_ag=0.3997  val_P@5_ab=1.0000  val_P@10_ab=1.0000
  Saved best antibody-AUPR checkpoint: checkpoints_ab_aupr/iPara_l1_g10_i5_do0.10_dpr0.10_lr0.0002_heads16_fold3.pth  val_AUPR_ab=0.7512
Ep019  LR0=1.76e-04  pw=2.16  aucα=0.400  token_p=0.010  dropE=(0.010,0.050)  smooth=0.010  train_loss=0.3044  train_AUPR_all=0.6884  train_AUPR_ab=0.7815  train_AUPR_ag=0.5434  train_P@5_ab=0.9500  train_P@10_ab=0.9750  val_loss=0.3567  val_AUPR_all=0.6214  val_AUPR_ab=0.7513  val_AUPR_ag=0.4151  val_P@5_ab=1.0000  val_P@10_ab=0.9750
  Saved best antibody-AUPR checkpoint: checkpoints_ab_aupr/iPara_l1_g10_i5_do0.10_dpr0.10_lr0.0002_heads16_fold3.pth  val_AUPR_ab=0.7513
Ep020  LR0=1.73e-04  pw=2.05  aucα=0.400  token_p=0.010  dropE=(0.010,0.050)  smooth=0.010  train_loss=0.2878  train_AUPR_all=0.7067  train_AUPR_ab=0.7982  train_AUPR_ag=0.5633  train_P@5_ab=1.0000  train_P@10_ab=1.0000  val_loss=0.3603  val_AUPR_all=0.6180  val_AUPR_ab=0.7453  val_AUPR_ag=0.4197  val_P@5_ab=1.0000  val_P@10_ab=1.0000
Ep021  LR0=1.71e-04  pw=1.95  aucα=0.400  token_p=0.010  dropE=(0.010,0.050)  smooth=0.010  train_loss=0.2765  train_AUPR_all=0.7166  train_AUPR_ab=0.8038  train_AUPR_ag=0.5801  train_P@5_ab=0.9000  train_P@10_ab=0.9500  val_loss=0.3508  val_AUPR_all=0.6282  val_AUPR_ab=0.7564  val_AUPR_ag=0.4211  val_P@5_ab=1.0000  val_P@10_ab=1.0000
  Saved best antibody-AUPR checkpoint: checkpoints_ab_aupr/iPara_l1_g10_i5_do0.10_dpr0.10_lr0.0002_heads16_fold3.pth  val_AUPR_ab=0.7564
Ep022  LR0=1.68e-04  pw=1.86  aucα=0.400  token_p=0.010  dropE=(0.010,0.050)  smooth=0.010  train_loss=0.2618  train_AUPR_all=0.7340  train_AUPR_ab=0.8132  train_AUPR_ag=0.6122  train_P@5_ab=0.9500  train_P@10_ab=0.9750  val_loss=0.3605  val_AUPR_all=0.6127  val_AUPR_ab=0.7523  val_AUPR_ag=0.4177  val_P@5_ab=1.0000  val_P@10_ab=0.9750
Ep023  LR0=1.65e-04  pw=1.78  aucα=0.400  token_p=0.010  dropE=(0.010,0.050)  smooth=0.010  train_loss=0.2496  train_AUPR_all=0.7470  train_AUPR_ab=0.8217  train_AUPR_ag=0.6332  train_P@5_ab=1.0000  train_P@10_ab=1.0000  val_loss=0.3471  val_AUPR_all=0.6066  val_AUPR_ab=0.7254  val_AUPR_ag=0.4214  val_P@5_ab=1.0000  val_P@10_ab=1.0000
Ep024  LR0=1.62e-04  pw=1.70  aucα=0.400  token_p=0.010  dropE=(0.010,0.050)  smooth=0.010  train_loss=0.2418  train_AUPR_all=0.7558  train_AUPR_ab=0.8285  train_AUPR_ag=0.6461  train_P@5_ab=0.9500  train_P@10_ab=0.9750  val_loss=0.3427  val_AUPR_all=0.6197  val_AUPR_ab=0.7528  val_AUPR_ag=0.4105  val_P@5_ab=0.9000  val_P@10_ab=0.9250
Ep025  LR0=1.59e-04  pw=1.64  aucα=0.400  token_p=0.010  dropE=(0.010,0.050)  smooth=0.010  train_loss=0.2303  train_AUPR_all=0.7682  train_AUPR_ab=0.8394  train_AUPR_ag=0.6594  train_P@5_ab=0.9000  train_P@10_ab=0.9500  val_loss=0.3590  val_AUPR_all=0.6007  val_AUPR_ab=0.7415  val_AUPR_ag=0.3826  val_P@5_ab=1.0000  val_P@10_ab=0.9750
Ep026  LR0=1.56e-04  pw=1.57  aucα=0.400  token_p=0.010  dropE=(0.010,0.050)  smooth=0.010  train_loss=0.2168  train_AUPR_all=0.7841  train_AUPR_ab=0.8459  train_AUPR_ag=0.6912  train_P@5_ab=1.0000  train_P@10_ab=1.0000  val_loss=0.3621  val_AUPR_all=0.6025  val_AUPR_ab=0.7477  val_AUPR_ag=0.4039  val_P@5_ab=1.0000  val_P@10_ab=1.0000
Ep027  LR0=1.52e-04  pw=1.52  aucα=0.400  token_p=0.010  dropE=(0.010,0.050)  smooth=0.010  train_loss=0.2096  train_AUPR_all=0.7940  train_AUPR_ab=0.8543  train_AUPR_ag=0.7038  train_P@5_ab=1.0000  train_P@10_ab=1.0000  val_loss=0.3577  val_AUPR_all=0.6042  val_AUPR_ab=0.7457  val_AUPR_ag=0.4004  val_P@5_ab=1.0000  val_P@10_ab=1.0000
Ep028  LR0=1.49e-04  pw=1.47  aucα=0.400  token_p=0.010  dropE=(0.010,0.050)  smooth=0.010  train_loss=0.1988  train_AUPR_all=0.8052  train_AUPR_ab=0.8591  train_AUPR_ag=0.7251  train_P@5_ab=1.0000  train_P@10_ab=0.9750  val_loss=0.3418  val_AUPR_all=0.6195  val_AUPR_ab=0.7486  val_AUPR_ag=0.4173  val_P@5_ab=1.0000  val_P@10_ab=1.0000
Ep029  LR0=1.46e-04  pw=1.43  aucα=0.400  token_p=0.010  dropE=(0.010,0.050)  smooth=0.010  train_loss=0.1917  train_AUPR_all=0.8153  train_AUPR_ab=0.8694  train_AUPR_ag=0.7348  train_P@5_ab=1.0000  train_P@10_ab=1.0000  val_loss=0.3472  val_AUPR_all=0.5947  val_AUPR_ab=0.7341  val_AUPR_ag=0.3941  val_P@5_ab=1.0000  val_P@10_ab=1.0000
Ep030  LR0=1.42e-04  pw=1.39  aucα=0.400  token_p=0.010  dropE=(0.010,0.050)  smooth=0.010  train_loss=0.1828  train_AUPR_all=0.8252  train_AUPR_ab=0.8761  train_AUPR_ag=0.7494  train_P@5_ab=0.9500  train_P@10_ab=0.9750  val_loss=0.3438  val_AUPR_all=0.6099  val_AUPR_ab=0.7553  val_AUPR_ag=0.3950  val_P@5_ab=1.0000  val_P@10_ab=1.0000
Ep031  LR0=1.38e-04  pw=1.35  aucα=0.400  token_p=0.010  dropE=(0.010,0.050)  smooth=0.010  train_loss=0.1706  train_AUPR_all=0.8422  train_AUPR_ab=0.8890  train_AUPR_ag=0.7723  train_P@5_ab=0.9500  train_P@10_ab=0.9500  val_loss=0.3578  val_AUPR_all=0.6058  val_AUPR_ab=0.7453  val_AUPR_ag=0.4037  val_P@5_ab=0.9500  val_P@10_ab=0.9750
Ep032  LR0=1.35e-04  pw=1.32  aucα=0.400  token_p=0.010  dropE=(0.010,0.050)  smooth=0.010  train_loss=0.1659  train_AUPR_all=0.8479  train_AUPR_ab=0.8933  train_AUPR_ag=0.7802  train_P@5_ab=1.0000  train_P@10_ab=0.9750  val_loss=0.3507  val_AUPR_all=0.5888  val_AUPR_ab=0.7511  val_AUPR_ag=0.3952  val_P@5_ab=1.0000  val_P@10_ab=1.0000
Ep033  LR0=1.31e-04  pw=1.29  aucα=0.400  token_p=0.010  dropE=(0.010,0.050)  smooth=0.010  train_loss=0.1593  train_AUPR_all=0.8547  train_AUPR_ab=0.8987  train_AUPR_ag=0.7884  train_P@5_ab=1.0000  train_P@10_ab=1.0000  val_loss=0.3422  val_AUPR_all=0.6057  val_AUPR_ab=0.7525  val_AUPR_ag=0.3842  val_P@5_ab=1.0000  val_P@10_ab=0.9750
Ep034  LR0=1.27e-04  pw=1.26  aucα=0.400  token_p=0.010  dropE=(0.010,0.050)  smooth=0.010  train_loss=0.1518  train_AUPR_all=0.8634  train_AUPR_ab=0.9063  train_AUPR_ag=0.7987  train_P@5_ab=1.0000  train_P@10_ab=1.0000  val_loss=0.3468  val_AUPR_all=0.6076  val_AUPR_ab=0.7490  val_AUPR_ag=0.4052  val_P@5_ab=1.0000  val_P@10_ab=0.9750
Ep035  LR0=1.24e-04  pw=1.23  aucα=0.400  token_p=0.010  dropE=(0.010,0.050)  smooth=0.010  train_loss=0.1464  train_AUPR_all=0.8714  train_AUPR_ab=0.9113  train_AUPR_ag=0.8116  train_P@5_ab=1.0000  train_P@10_ab=1.0000  val_loss=0.3476  val_AUPR_all=0.6005  val_AUPR_ab=0.7307  val_AUPR_ag=0.4045  val_P@5_ab=0.9500  val_P@10_ab=0.9250
Ep036  LR0=1.20e-04  pw=1.21  aucα=0.400  token_p=0.010  dropE=(0.010,0.050)  smooth=0.010  train_loss=0.1411  train_AUPR_all=0.8793  train_AUPR_ab=0.9181  train_AUPR_ag=0.8207  train_P@5_ab=1.0000  train_P@10_ab=1.0000  val_loss=0.3485  val_AUPR_all=0.5947  val_AUPR_ab=0.7390  val_AUPR_ag=0.3797  val_P@5_ab=0.9500  val_P@10_ab=0.9000
Ep037  LR0=1.16e-04  pw=1.19  aucα=0.400  token_p=0.010  dropE=(0.010,0.050)  smooth=0.010  train_loss=0.1401  train_AUPR_all=0.8789  train_AUPR_ab=0.9183  train_AUPR_ag=0.8190  train_P@5_ab=1.0000  train_P@10_ab=1.0000  val_loss=0.3513  val_AUPR_all=0.5970  val_AUPR_ab=0.7450  val_AUPR_ag=0.3845  val_P@5_ab=1.0000  val_P@10_ab=1.0000
Ep038  LR0=1.12e-04  pw=1.17  aucα=0.400  token_p=0.010  dropE=(0.010,0.050)  smooth=0.010  train_loss=0.1315  train_AUPR_all=0.8900  train_AUPR_ab=0.9264  train_AUPR_ag=0.8348  train_P@5_ab=0.9500  train_P@10_ab=0.9750  val_loss=0.3446  val_AUPR_all=0.6024  val_AUPR_ab=0.7469  val_AUPR_ag=0.3948  val_P@5_ab=1.0000  val_P@10_ab=0.9750
Ep039  LR0=1.08e-04  pw=1.16  aucα=0.400  token_p=0.010  dropE=(0.010,0.050)  smooth=0.010  train_loss=0.1261  train_AUPR_all=0.8958  train_AUPR_ab=0.9296  train_AUPR_ag=0.8440  train_P@5_ab=0.9500  train_P@10_ab=0.9750  val_loss=0.3632  val_AUPR_all=0.5927  val_AUPR_ab=0.7457  val_AUPR_ag=0.3932  val_P@5_ab=1.0000  val_P@10_ab=1.0000
Early stopping at epoch 39. Best val_AUPR_ab=0.7564 at epoch 21.
Final saved checkpoint for fold 3: checkpoints_ab_aupr/iPara_l1_g10_i5_do0.10_dpr0.10_lr0.0002_heads16_fold3.pth
Best val_AUPR_ab=0.7564 at epoch 21

================================================================================
Fold 4/5
================================================================================
Train labels: valid=398858, pos=26560, neg=372298, ignore=700342, pos_frac=0.06659
Val labels: valid=101334, pos=6670, neg=94664, ignore=172266, pos_frac=0.06582
Initializing ClassificationModel with 10 GAT layers and residual connections...
Initializing MCModel with 10 GAT layers and 5 row attention layers (drop_path_rate=0.1)
Initializing CoreModel with 1 layers, drop_path_rate=0.1
Ep001  LR0=2.00e-04  pw=8.00  aucα=0.000  token_p=0.010  dropE=(0.010,0.050)  smooth=0.010  train_loss=0.6816  train_AUPR_all=0.2179  train_AUPR_ab=0.2560  train_AUPR_ag=0.1657  train_P@5_ab=0.8000  train_P@10_ab=0.7000  val_loss=0.7626  val_AUPR_all=0.4330  val_AUPR_ab=0.5428  val_AUPR_ag=0.2939  val_P@5_ab=0.9000  val_P@10_ab=0.8500
  Saved best antibody-AUPR checkpoint: checkpoints_ab_aupr/iPara_l1_g10_i5_do0.10_dpr0.10_lr0.0002_heads16_fold4.pth  val_AUPR_ab=0.5428
Ep002  LR0=2.00e-04  pw=7.33  aucα=0.000  token_p=0.010  dropE=(0.010,0.050)  smooth=0.010  train_loss=0.4392  train_AUPR_all=0.4508  train_AUPR_ab=0.5466  train_AUPR_ag=0.2883  train_P@5_ab=0.9000  train_P@10_ab=0.9000  val_loss=0.7054  val_AUPR_all=0.5089  val_AUPR_ab=0.6176  val_AUPR_ag=0.3331  val_P@5_ab=0.9000  val_P@10_ab=0.9250
  Saved best antibody-AUPR checkpoint: checkpoints_ab_aupr/iPara_l1_g10_i5_do0.10_dpr0.10_lr0.0002_heads16_fold4.pth  val_AUPR_ab=0.6176
Ep003  LR0=2.00e-04  pw=6.73  aucα=0.000  token_p=0.010  dropE=(0.010,0.050)  smooth=0.010  train_loss=0.3975  train_AUPR_all=0.4868  train_AUPR_ab=0.5923  train_AUPR_ag=0.3096  train_P@5_ab=0.9000  train_P@10_ab=0.9000  val_loss=0.6638  val_AUPR_all=0.5245  val_AUPR_ab=0.6372  val_AUPR_ag=0.3380  val_P@5_ab=0.9000  val_P@10_ab=0.9250
  Saved best antibody-AUPR checkpoint: checkpoints_ab_aupr/iPara_l1_g10_i5_do0.10_dpr0.10_lr0.0002_heads16_fold4.pth  val_AUPR_ab=0.6372
Ep004  LR0=1.99e-04  pw=6.19  aucα=0.000  token_p=0.010  dropE=(0.010,0.050)  smooth=0.010  train_loss=0.3660  train_AUPR_all=0.5188  train_AUPR_ab=0.6176  train_AUPR_ag=0.3496  train_P@5_ab=0.7000  train_P@10_ab=0.8250  val_loss=0.6148  val_AUPR_all=0.5546  val_AUPR_ab=0.6670  val_AUPR_ag=0.3681  val_P@5_ab=0.9500  val_P@10_ab=0.9750
  Saved best antibody-AUPR checkpoint: checkpoints_ab_aupr/iPara_l1_g10_i5_do0.10_dpr0.10_lr0.0002_heads16_fold4.pth  val_AUPR_ab=0.6670
Ep005  LR0=1.99e-04  pw=5.69  aucα=0.000  token_p=0.010  dropE=(0.010,0.050)  smooth=0.010  train_loss=0.3382  train_AUPR_all=0.5419  train_AUPR_ab=0.6448  train_AUPR_ag=0.3619  train_P@5_ab=0.9000  train_P@10_ab=0.9000  val_loss=0.5604  val_AUPR_all=0.5587  val_AUPR_ab=0.6781  val_AUPR_ag=0.3661  val_P@5_ab=1.0000  val_P@10_ab=0.9500
  Saved best antibody-AUPR checkpoint: checkpoints_ab_aupr/iPara_l1_g10_i5_do0.10_dpr0.10_lr0.0002_heads16_fold4.pth  val_AUPR_ab=0.6781
Ep006  LR0=1.98e-04  pw=5.25  aucα=0.000  token_p=0.010  dropE=(0.010,0.050)  smooth=0.010  train_loss=0.3159  train_AUPR_all=0.5542  train_AUPR_ab=0.6595  train_AUPR_ag=0.3735  train_P@5_ab=0.8000  train_P@10_ab=0.7750  val_loss=0.5920  val_AUPR_all=0.5464  val_AUPR_ab=0.6628  val_AUPR_ag=0.3482  val_P@5_ab=0.9500  val_P@10_ab=0.9750
Ep007  LR0=1.97e-04  pw=4.84  aucα=0.000  token_p=0.010  dropE=(0.010,0.050)  smooth=0.010  train_loss=0.2997  train_AUPR_all=0.5651  train_AUPR_ab=0.6702  train_AUPR_ag=0.3835  train_P@5_ab=0.7500  train_P@10_ab=0.8000  val_loss=0.5265  val_AUPR_all=0.5797  val_AUPR_ab=0.7037  val_AUPR_ag=0.3786  val_P@5_ab=0.9500  val_P@10_ab=0.9750
  Saved best antibody-AUPR checkpoint: checkpoints_ab_aupr/iPara_l1_g10_i5_do0.10_dpr0.10_lr0.0002_heads16_fold4.pth  val_AUPR_ab=0.7037
Ep008  LR0=1.96e-04  pw=4.48  aucα=0.000  token_p=0.010  dropE=(0.010,0.050)  smooth=0.010  train_loss=0.2800  train_AUPR_all=0.5788  train_AUPR_ab=0.6871  train_AUPR_ag=0.3984  train_P@5_ab=0.9500  train_P@10_ab=0.9250  val_loss=0.5001  val_AUPR_all=0.5867  val_AUPR_ab=0.7122  val_AUPR_ag=0.3846  val_P@5_ab=0.9000  val_P@10_ab=0.9250
  Saved best antibody-AUPR checkpoint: checkpoints_ab_aupr/iPara_l1_g10_i5_do0.10_dpr0.10_lr0.0002_heads16_fold4.pth  val_AUPR_ab=0.7122
Ep009  LR0=1.95e-04  pw=4.15  aucα=0.000  token_p=0.010  dropE=(0.010,0.050)  smooth=0.010  train_loss=0.2641  train_AUPR_all=0.5870  train_AUPR_ab=0.6999  train_AUPR_ag=0.3989  train_P@5_ab=0.8500  train_P@10_ab=0.8750  val_loss=0.4843  val_AUPR_all=0.5928  val_AUPR_ab=0.7182  val_AUPR_ag=0.3827  val_P@5_ab=1.0000  val_P@10_ab=0.9500
  Saved best antibody-AUPR checkpoint: checkpoints_ab_aupr/iPara_l1_g10_i5_do0.10_dpr0.10_lr0.0002_heads16_fold4.pth  val_AUPR_ab=0.7182
Ep010  LR0=1.94e-04  pw=3.85  aucα=0.040  token_p=0.010  dropE=(0.010,0.050)  smooth=0.010  train_loss=0.2683  train_AUPR_all=0.6022  train_AUPR_ab=0.7088  train_AUPR_ag=0.4253  train_P@5_ab=1.0000  train_P@10_ab=0.9500  val_loss=0.4870  val_AUPR_all=0.5832  val_AUPR_ab=0.7115  val_AUPR_ag=0.3799  val_P@5_ab=0.9500  val_P@10_ab=0.9750
Unfreezing DyM parameters.
Ep011  LR0=1.92e-04  pw=3.58  aucα=0.080  token_p=0.010  dropE=(0.010,0.050)  smooth=0.010  train_loss=0.2747  train_AUPR_all=0.6079  train_AUPR_ab=0.7122  train_AUPR_ag=0.4336  train_P@5_ab=0.9000  train_P@10_ab=0.8750  val_loss=0.4622  val_AUPR_all=0.5983  val_AUPR_ab=0.7210  val_AUPR_ag=0.4038  val_P@5_ab=1.0000  val_P@10_ab=0.9750
  Saved best antibody-AUPR checkpoint: checkpoints_ab_aupr/iPara_l1_g10_i5_do0.10_dpr0.10_lr0.0002_heads16_fold4.pth  val_AUPR_ab=0.7210
Ep012  LR0=1.91e-04  pw=3.33  aucα=0.120  token_p=0.010  dropE=(0.010,0.050)  smooth=0.010  train_loss=0.2786  train_AUPR_all=0.6161  train_AUPR_ab=0.7230  train_AUPR_ag=0.4391  train_P@5_ab=0.8500  train_P@10_ab=0.9000  val_loss=0.4451  val_AUPR_all=0.6032  val_AUPR_ab=0.7321  val_AUPR_ag=0.3983  val_P@5_ab=1.0000  val_P@10_ab=0.9750
  Saved best antibody-AUPR checkpoint: checkpoints_ab_aupr/iPara_l1_g10_i5_do0.10_dpr0.10_lr0.0002_heads16_fold4.pth  val_AUPR_ab=0.7321
Ep013  LR0=1.89e-04  pw=3.11  aucα=0.160  token_p=0.010  dropE=(0.010,0.050)  smooth=0.010  train_loss=0.2841  train_AUPR_all=0.6261  train_AUPR_ab=0.7342  train_AUPR_ag=0.4479  train_P@5_ab=1.0000  train_P@10_ab=0.9750  val_loss=0.4289  val_AUPR_all=0.6000  val_AUPR_ab=0.7285  val_AUPR_ag=0.3969  val_P@5_ab=0.9000  val_P@10_ab=0.9250
Ep014  LR0=1.87e-04  pw=2.91  aucα=0.200  token_p=0.010  dropE=(0.010,0.050)  smooth=0.010  train_loss=0.2881  train_AUPR_all=0.6343  train_AUPR_ab=0.7357  train_AUPR_ag=0.4690  train_P@5_ab=1.0000  train_P@10_ab=1.0000  val_loss=0.4153  val_AUPR_all=0.6046  val_AUPR_ab=0.7379  val_AUPR_ag=0.3929  val_P@5_ab=1.0000  val_P@10_ab=0.9750
  Saved best antibody-AUPR checkpoint: checkpoints_ab_aupr/iPara_l1_g10_i5_do0.10_dpr0.10_lr0.0002_heads16_fold4.pth  val_AUPR_ab=0.7379
Ep015  LR0=1.85e-04  pw=2.73  aucα=0.240  token_p=0.010  dropE=(0.010,0.050)  smooth=0.010  train_loss=0.2923  train_AUPR_all=0.6463  train_AUPR_ab=0.7517  train_AUPR_ag=0.4753  train_P@5_ab=0.9500  train_P@10_ab=0.9500  val_loss=0.4009  val_AUPR_all=0.6111  val_AUPR_ab=0.7408  val_AUPR_ag=0.4100  val_P@5_ab=1.0000  val_P@10_ab=1.0000
  Saved best antibody-AUPR checkpoint: checkpoints_ab_aupr/iPara_l1_g10_i5_do0.10_dpr0.10_lr0.0002_heads16_fold4.pth  val_AUPR_ab=0.7408
Ep016  LR0=1.83e-04  pw=2.56  aucα=0.280  token_p=0.010  dropE=(0.010,0.050)  smooth=0.010  train_loss=0.2950  train_AUPR_all=0.6557  train_AUPR_ab=0.7547  train_AUPR_ag=0.4951  train_P@5_ab=1.0000  train_P@10_ab=1.0000  val_loss=0.4021  val_AUPR_all=0.6082  val_AUPR_ab=0.7399  val_AUPR_ag=0.4096  val_P@5_ab=0.9500  val_P@10_ab=0.9500
Ep017  LR0=1.81e-04  pw=2.41  aucα=0.320  token_p=0.010  dropE=(0.010,0.050)  smooth=0.010  train_loss=0.2968  train_AUPR_all=0.6657  train_AUPR_ab=0.7615  train_AUPR_ag=0.5111  train_P@5_ab=1.0000  train_P@10_ab=0.9750  val_loss=0.3860  val_AUPR_all=0.6084  val_AUPR_ab=0.7454  val_AUPR_ag=0.3946  val_P@5_ab=1.0000  val_P@10_ab=0.9750
  Saved best antibody-AUPR checkpoint: checkpoints_ab_aupr/iPara_l1_g10_i5_do0.10_dpr0.10_lr0.0002_heads16_fold4.pth  val_AUPR_ab=0.7454
Ep018  LR0=1.79e-04  pw=2.28  aucα=0.360  token_p=0.010  dropE=(0.010,0.050)  smooth=0.010  train_loss=0.3002  train_AUPR_all=0.6803  train_AUPR_ab=0.7758  train_AUPR_ag=0.5281  train_P@5_ab=1.0000  train_P@10_ab=1.0000  val_loss=0.3883  val_AUPR_all=0.6104  val_AUPR_ab=0.7517  val_AUPR_ag=0.3907  val_P@5_ab=1.0000  val_P@10_ab=0.9750
  Saved best antibody-AUPR checkpoint: checkpoints_ab_aupr/iPara_l1_g10_i5_do0.10_dpr0.10_lr0.0002_heads16_fold4.pth  val_AUPR_ab=0.7517
Ep019  LR0=1.76e-04  pw=2.16  aucα=0.400  token_p=0.010  dropE=(0.010,0.050)  smooth=0.010  train_loss=0.2993  train_AUPR_all=0.6955  train_AUPR_ab=0.7836  train_AUPR_ag=0.5557  train_P@5_ab=0.9500  train_P@10_ab=0.9750  val_loss=0.3804  val_AUPR_all=0.6061  val_AUPR_ab=0.7405  val_AUPR_ag=0.4009  val_P@5_ab=1.0000  val_P@10_ab=1.0000
Ep020  LR0=1.73e-04  pw=2.05  aucα=0.400  token_p=0.010  dropE=(0.010,0.050)  smooth=0.010  train_loss=0.2869  train_AUPR_all=0.7058  train_AUPR_ab=0.7934  train_AUPR_ag=0.5685  train_P@5_ab=1.0000  train_P@10_ab=0.9750  val_loss=0.3805  val_AUPR_all=0.6093  val_AUPR_ab=0.7527  val_AUPR_ag=0.4035  val_P@5_ab=0.9000  val_P@10_ab=0.9250
  Saved best antibody-AUPR checkpoint: checkpoints_ab_aupr/iPara_l1_g10_i5_do0.10_dpr0.10_lr0.0002_heads16_fold4.pth  val_AUPR_ab=0.7527
Ep021  LR0=1.71e-04  pw=1.95  aucα=0.400  token_p=0.010  dropE=(0.010,0.050)  smooth=0.010  train_loss=0.2755  train_AUPR_all=0.7170  train_AUPR_ab=0.7960  train_AUPR_ag=0.5952  train_P@5_ab=1.0000  train_P@10_ab=0.9500  val_loss=0.3663  val_AUPR_all=0.6028  val_AUPR_ab=0.7461  val_AUPR_ag=0.3864  val_P@5_ab=1.0000  val_P@10_ab=0.9500
Ep022  LR0=1.68e-04  pw=1.86  aucα=0.400  token_p=0.010  dropE=(0.010,0.050)  smooth=0.010  train_loss=0.2606  train_AUPR_all=0.7342  train_AUPR_ab=0.8086  train_AUPR_ag=0.6202  train_P@5_ab=0.9500  train_P@10_ab=0.9750  val_loss=0.3646  val_AUPR_all=0.6098  val_AUPR_ab=0.7396  val_AUPR_ag=0.4128  val_P@5_ab=1.0000  val_P@10_ab=0.9750
Ep023  LR0=1.65e-04  pw=1.78  aucα=0.400  token_p=0.010  dropE=(0.010,0.050)  smooth=0.010  train_loss=0.2495  train_AUPR_all=0.7469  train_AUPR_ab=0.8205  train_AUPR_ag=0.6342  train_P@5_ab=1.0000  train_P@10_ab=1.0000  val_loss=0.3745  val_AUPR_all=0.5985  val_AUPR_ab=0.7587  val_AUPR_ag=0.3888  val_P@5_ab=0.9500  val_P@10_ab=0.9500
  Saved best antibody-AUPR checkpoint: checkpoints_ab_aupr/iPara_l1_g10_i5_do0.10_dpr0.10_lr0.0002_heads16_fold4.pth  val_AUPR_ab=0.7587
Ep024  LR0=1.62e-04  pw=1.70  aucα=0.400  token_p=0.010  dropE=(0.010,0.050)  smooth=0.010  train_loss=0.2378  train_AUPR_all=0.7602  train_AUPR_ab=0.8286  train_AUPR_ag=0.6561  train_P@5_ab=1.0000  train_P@10_ab=1.0000  val_loss=0.3622  val_AUPR_all=0.6082  val_AUPR_ab=0.7500  val_AUPR_ag=0.4092  val_P@5_ab=0.9500  val_P@10_ab=0.9250
Ep025  LR0=1.59e-04  pw=1.64  aucα=0.400  token_p=0.010  dropE=(0.010,0.050)  smooth=0.010  train_loss=0.2292  train_AUPR_all=0.7709  train_AUPR_ab=0.8333  train_AUPR_ag=0.6775  train_P@5_ab=1.0000  train_P@10_ab=1.0000  val_loss=0.3707  val_AUPR_all=0.6014  val_AUPR_ab=0.7650  val_AUPR_ag=0.3600  val_P@5_ab=1.0000  val_P@10_ab=0.9750
  Saved best antibody-AUPR checkpoint: checkpoints_ab_aupr/iPara_l1_g10_i5_do0.10_dpr0.10_lr0.0002_heads16_fold4.pth  val_AUPR_ab=0.7650
Ep026  LR0=1.56e-04  pw=1.57  aucα=0.400  token_p=0.010  dropE=(0.010,0.050)  smooth=0.010  train_loss=0.2214  train_AUPR_all=0.7775  train_AUPR_ab=0.8388  train_AUPR_ag=0.6856  train_P@5_ab=1.0000  train_P@10_ab=0.9750  val_loss=0.3661  val_AUPR_all=0.6022  val_AUPR_ab=0.7506  val_AUPR_ag=0.3956  val_P@5_ab=0.9500  val_P@10_ab=0.9250
Ep027  LR0=1.52e-04  pw=1.52  aucα=0.400  token_p=0.010  dropE=(0.010,0.050)  smooth=0.010  train_loss=0.2109  train_AUPR_all=0.7913  train_AUPR_ab=0.8520  train_AUPR_ag=0.7004  train_P@5_ab=1.0000  train_P@10_ab=1.0000  val_loss=0.3569  val_AUPR_all=0.6200  val_AUPR_ab=0.7638  val_AUPR_ag=0.4229  val_P@5_ab=1.0000  val_P@10_ab=0.9500
Ep028  LR0=1.49e-04  pw=1.47  aucα=0.400  token_p=0.010  dropE=(0.010,0.050)  smooth=0.010  train_loss=0.1993  train_AUPR_all=0.8060  train_AUPR_ab=0.8621  train_AUPR_ag=0.7218  train_P@5_ab=1.0000  train_P@10_ab=1.0000  val_loss=0.3617  val_AUPR_all=0.6191  val_AUPR_ab=0.7523  val_AUPR_ag=0.4212  val_P@5_ab=1.0000  val_P@10_ab=0.9750
Ep029  LR0=1.46e-04  pw=1.43  aucα=0.400  token_p=0.010  dropE=(0.010,0.050)  smooth=0.010  train_loss=0.1928  train_AUPR_all=0.8130  train_AUPR_ab=0.8655  train_AUPR_ag=0.7348  train_P@5_ab=1.0000  train_P@10_ab=1.0000  val_loss=0.3555  val_AUPR_all=0.6072  val_AUPR_ab=0.7443  val_AUPR_ag=0.4126  val_P@5_ab=1.0000  val_P@10_ab=0.9750
Ep030  LR0=1.42e-04  pw=1.39  aucα=0.400  token_p=0.010  dropE=(0.010,0.050)  smooth=0.010  train_loss=0.1865  train_AUPR_all=0.8211  train_AUPR_ab=0.8745  train_AUPR_ag=0.7405  train_P@5_ab=1.0000  train_P@10_ab=1.0000  val_loss=0.3572  val_AUPR_all=0.6102  val_AUPR_ab=0.7607  val_AUPR_ag=0.3972  val_P@5_ab=0.9500  val_P@10_ab=0.9750
Ep031  LR0=1.38e-04  pw=1.35  aucα=0.400  token_p=0.010  dropE=(0.010,0.050)  smooth=0.010  train_loss=0.1776  train_AUPR_all=0.8321  train_AUPR_ab=0.8820  train_AUPR_ag=0.7572  train_P@5_ab=1.0000  train_P@10_ab=1.0000  val_loss=0.3378  val_AUPR_all=0.6288  val_AUPR_ab=0.7706  val_AUPR_ag=0.4299  val_P@5_ab=1.0000  val_P@10_ab=1.0000
  Saved best antibody-AUPR checkpoint: checkpoints_ab_aupr/iPara_l1_g10_i5_do0.10_dpr0.10_lr0.0002_heads16_fold4.pth  val_AUPR_ab=0.7706
Ep032  LR0=1.35e-04  pw=1.32  aucα=0.400  token_p=0.010  dropE=(0.010,0.050)  smooth=0.010  train_loss=0.1679  train_AUPR_all=0.8440  train_AUPR_ab=0.8913  train_AUPR_ag=0.7730  train_P@5_ab=1.0000  train_P@10_ab=0.9750  val_loss=0.3506  val_AUPR_all=0.6135  val_AUPR_ab=0.7575  val_AUPR_ag=0.4301  val_P@5_ab=1.0000  val_P@10_ab=0.9750
Ep033  LR0=1.31e-04  pw=1.29  aucα=0.400  token_p=0.010  dropE=(0.010,0.050)  smooth=0.010  train_loss=0.1651  train_AUPR_all=0.8470  train_AUPR_ab=0.8940  train_AUPR_ag=0.7760  train_P@5_ab=1.0000  train_P@10_ab=1.0000  val_loss=0.3529  val_AUPR_all=0.6065  val_AUPR_ab=0.7467  val_AUPR_ag=0.4116  val_P@5_ab=1.0000  val_P@10_ab=1.0000
Ep034  LR0=1.27e-04  pw=1.26  aucα=0.400  token_p=0.010  dropE=(0.010,0.050)  smooth=0.010  train_loss=0.1578  train_AUPR_all=0.8554  train_AUPR_ab=0.8987  train_AUPR_ag=0.7903  train_P@5_ab=1.0000  train_P@10_ab=1.0000  val_loss=0.3564  val_AUPR_all=0.6024  val_AUPR_ab=0.7511  val_AUPR_ag=0.4028  val_P@5_ab=1.0000  val_P@10_ab=0.9500
Ep035  LR0=1.24e-04  pw=1.23  aucα=0.400  token_p=0.010  dropE=(0.010,0.050)  smooth=0.010  train_loss=0.1490  train_AUPR_all=0.8685  train_AUPR_ab=0.9097  train_AUPR_ag=0.8060  train_P@5_ab=1.0000  train_P@10_ab=0.9750  val_loss=0.3623  val_AUPR_all=0.6056  val_AUPR_ab=0.7582  val_AUPR_ag=0.3887  val_P@5_ab=1.0000  val_P@10_ab=1.0000
Ep036  LR0=1.20e-04  pw=1.21  aucα=0.400  token_p=0.010  dropE=(0.010,0.050)  smooth=0.010  train_loss=0.1459  train_AUPR_all=0.8727  train_AUPR_ab=0.9140  train_AUPR_ag=0.8102  train_P@5_ab=1.0000  train_P@10_ab=1.0000  val_loss=0.3591  val_AUPR_all=0.6104  val_AUPR_ab=0.7584  val_AUPR_ag=0.4004  val_P@5_ab=1.0000  val_P@10_ab=0.9750
Ep037  LR0=1.16e-04  pw=1.19  aucα=0.400  token_p=0.010  dropE=(0.010,0.050)  smooth=0.010  train_loss=0.1381  train_AUPR_all=0.8813  train_AUPR_ab=0.9206  train_AUPR_ag=0.8209  train_P@5_ab=1.0000  train_P@10_ab=1.0000  val_loss=0.3542  val_AUPR_all=0.6048  val_AUPR_ab=0.7372  val_AUPR_ag=0.4161  val_P@5_ab=0.9000  val_P@10_ab=0.9500
Ep038  LR0=1.12e-04  pw=1.17  aucα=0.400  token_p=0.010  dropE=(0.010,0.050)  smooth=0.010  train_loss=0.1339  train_AUPR_all=0.8871  train_AUPR_ab=0.9236  train_AUPR_ag=0.8313  train_P@5_ab=1.0000  train_P@10_ab=1.0000  val_loss=0.3509  val_AUPR_all=0.6130  val_AUPR_ab=0.7524  val_AUPR_ag=0.4157  val_P@5_ab=0.9500  val_P@10_ab=0.9500
Ep039  LR0=1.08e-04  pw=1.16  aucα=0.400  token_p=0.010  dropE=(0.010,0.050)  smooth=0.010  train_loss=0.1268  train_AUPR_all=0.8949  train_AUPR_ab=0.9303  train_AUPR_ag=0.8402  train_P@5_ab=1.0000  train_P@10_ab=1.0000  val_loss=0.3630  val_AUPR_all=0.5956  val_AUPR_ab=0.7422  val_AUPR_ag=0.3952  val_P@5_ab=1.0000  val_P@10_ab=1.0000
Ep040  LR0=1.04e-04  pw=1.14  aucα=0.400  token_p=0.010  dropE=(0.010,0.050)  smooth=0.010  train_loss=0.1268  train_AUPR_all=0.8954  train_AUPR_ab=0.9303  train_AUPR_ag=0.8420  train_P@5_ab=1.0000  train_P@10_ab=1.0000  val_loss=0.3575  val_AUPR_all=0.6098  val_AUPR_ab=0.7514  val_AUPR_ag=0.4072  val_P@5_ab=0.9500  val_P@10_ab=0.9750
Ep041  LR0=1.00e-04  pw=1.13  aucα=0.400  token_p=0.010  dropE=(0.010,0.050)  smooth=0.010  train_loss=0.1200  train_AUPR_all=0.9043  train_AUPR_ab=0.9373  train_AUPR_ag=0.8534  train_P@5_ab=1.0000  train_P@10_ab=1.0000  val_loss=0.3634  val_AUPR_all=0.5973  val_AUPR_ab=0.7351  val_AUPR_ag=0.4139  val_P@5_ab=0.8000  val_P@10_ab=0.8750
Ep042  LR0=9.63e-05  pw=1.12  aucα=0.400  token_p=0.010  dropE=(0.010,0.050)  smooth=0.010  train_loss=0.1175  train_AUPR_all=0.9073  train_AUPR_ab=0.9387  train_AUPR_ag=0.8590  train_P@5_ab=1.0000  train_P@10_ab=1.0000  val_loss=0.3463  val_AUPR_all=0.6158  val_AUPR_ab=0.7555  val_AUPR_ag=0.4397  val_P@5_ab=0.9500  val_P@10_ab=0.9500
Ep043  LR0=9.24e-05  pw=1.10  aucα=0.400  token_p=0.010  dropE=(0.010,0.050)  smooth=0.010  train_loss=0.1092  train_AUPR_all=0.9176  train_AUPR_ab=0.9477  train_AUPR_ag=0.8700  train_P@5_ab=1.0000  train_P@10_ab=0.9750  val_loss=0.3631  val_AUPR_all=0.5995  val_AUPR_ab=0.7443  val_AUPR_ag=0.3830  val_P@5_ab=1.0000  val_P@10_ab=0.9500
Ep044  LR0=8.85e-05  pw=1.09  aucα=0.400  token_p=0.010  dropE=(0.010,0.050)  smooth=0.010  train_loss=0.1052  train_AUPR_all=0.9221  train_AUPR_ab=0.9507  train_AUPR_ag=0.8779  train_P@5_ab=1.0000  train_P@10_ab=1.0000  val_loss=0.3634  val_AUPR_all=0.6038  val_AUPR_ab=0.7491  val_AUPR_ag=0.4063  val_P@5_ab=0.9000  val_P@10_ab=0.9250
Ep045  LR0=8.46e-05  pw=1.09  aucα=0.400  token_p=0.010  dropE=(0.010,0.050)  smooth=0.010  train_loss=0.1025  train_AUPR_all=0.9252  train_AUPR_ab=0.9532  train_AUPR_ag=0.8806  train_P@5_ab=1.0000  train_P@10_ab=1.0000  val_loss=0.3605  val_AUPR_all=0.6019  val_AUPR_ab=0.7432  val_AUPR_ag=0.4148  val_P@5_ab=0.9000  val_P@10_ab=0.8750
Ep046  LR0=8.08e-05  pw=1.08  aucα=0.400  token_p=0.010  dropE=(0.010,0.050)  smooth=0.010  train_loss=0.1025  train_AUPR_all=0.9255  train_AUPR_ab=0.9521  train_AUPR_ag=0.8841  train_P@5_ab=1.0000  train_P@10_ab=1.0000  val_loss=0.3590  val_AUPR_all=0.6127  val_AUPR_ab=0.7536  val_AUPR_ag=0.4142  val_P@5_ab=0.9500  val_P@10_ab=0.9250
Ep047  LR0=7.70e-05  pw=1.07  aucα=0.400  token_p=0.010  dropE=(0.010,0.050)  smooth=0.010  train_loss=0.0976  train_AUPR_all=0.9317  train_AUPR_ab=0.9569  train_AUPR_ag=0.8922  train_P@5_ab=1.0000  train_P@10_ab=0.9750  val_loss=0.3850  val_AUPR_all=0.5999  val_AUPR_ab=0.7481  val_AUPR_ag=0.3973  val_P@5_ab=0.9000  val_P@10_ab=0.9000
Ep048  LR0=7.32e-05  pw=1.06  aucα=0.400  token_p=0.010  dropE=(0.010,0.050)  smooth=0.010  train_loss=0.0908  train_AUPR_all=0.9397  train_AUPR_ab=0.9636  train_AUPR_ag=0.9017  train_P@5_ab=1.0000  train_P@10_ab=1.0000  val_loss=0.3741  val_AUPR_all=0.6034  val_AUPR_ab=0.7448  val_AUPR_ag=0.4028  val_P@5_ab=0.9000  val_P@10_ab=0.9250
Ep049  LR0=6.94e-05  pw=1.06  aucα=0.400  token_p=0.010  dropE=(0.010,0.050)  smooth=0.010  train_loss=0.0907  train_AUPR_all=0.9396  train_AUPR_ab=0.9633  train_AUPR_ag=0.9016  train_P@5_ab=1.0000  train_P@10_ab=1.0000  val_loss=0.3676  val_AUPR_all=0.6073  val_AUPR_ab=0.7506  val_AUPR_ag=0.3932  val_P@5_ab=0.9500  val_P@10_ab=0.9750
Early stopping at epoch 49. Best val_AUPR_ab=0.7706 at epoch 31.
Final saved checkpoint for fold 4: checkpoints_ab_aupr/iPara_l1_g10_i5_do0.10_dpr0.10_lr0.0002_heads16_fold4.pth
Best val_AUPR_ab=0.7706 at epoch 31

================================================================================
Fold 5/5
================================================================================
Train labels: valid=399660, pos=26617, neg=373043, ignore=699540, pos_frac=0.06660
Val labels: valid=100532, pos=6613, neg=93919, ignore=173068, pos_frac=0.06578
Initializing ClassificationModel with 10 GAT layers and residual connections...
Initializing MCModel with 10 GAT layers and 5 row attention layers (drop_path_rate=0.1)
Initializing CoreModel with 1 layers, drop_path_rate=0.1
Ep001  LR0=2.00e-04  pw=8.00  aucα=0.000  token_p=0.010  dropE=(0.010,0.050)  smooth=0.010  train_loss=0.7095  train_AUPR_all=0.2041  train_AUPR_ab=0.2461  train_AUPR_ag=0.1546  train_P@5_ab=0.5000  train_P@10_ab=0.4750  val_loss=0.8174  val_AUPR_all=0.4440  val_AUPR_ab=0.5668  val_AUPR_ag=0.2500  val_P@5_ab=0.9000  val_P@10_ab=0.8500
  Saved best antibody-AUPR checkpoint: checkpoints_ab_aupr/iPara_l1_g10_i5_do0.10_dpr0.10_lr0.0002_heads16_fold5.pth  val_AUPR_ab=0.5668
Ep002  LR0=2.00e-04  pw=7.33  aucα=0.000  token_p=0.010  dropE=(0.010,0.050)  smooth=0.010  train_loss=0.4583  train_AUPR_all=0.4081  train_AUPR_ab=0.5184  train_AUPR_ag=0.2339  train_P@5_ab=0.8500  train_P@10_ab=0.8750  val_loss=0.6807  val_AUPR_all=0.4872  val_AUPR_ab=0.6208  val_AUPR_ag=0.3089  val_P@5_ab=0.9000  val_P@10_ab=0.8750
  Saved best antibody-AUPR checkpoint: checkpoints_ab_aupr/iPara_l1_g10_i5_do0.10_dpr0.10_lr0.0002_heads16_fold5.pth  val_AUPR_ab=0.6208
Ep003  LR0=2.00e-04  pw=6.73  aucα=0.000  token_p=0.010  dropE=(0.010,0.050)  smooth=0.010  train_loss=0.4036  train_AUPR_all=0.4846  train_AUPR_ab=0.5902  train_AUPR_ag=0.3085  train_P@5_ab=0.9000  train_P@10_ab=0.8250  val_loss=0.5984  val_AUPR_all=0.5391  val_AUPR_ab=0.6659  val_AUPR_ag=0.3338  val_P@5_ab=0.9500  val_P@10_ab=0.9250
  Saved best antibody-AUPR checkpoint: checkpoints_ab_aupr/iPara_l1_g10_i5_do0.10_dpr0.10_lr0.0002_heads16_fold5.pth  val_AUPR_ab=0.6659
Ep004  LR0=1.99e-04  pw=6.19  aucα=0.000  token_p=0.010  dropE=(0.010,0.050)  smooth=0.010  train_loss=0.3661  train_AUPR_all=0.5148  train_AUPR_ab=0.6229  train_AUPR_ag=0.3345  train_P@5_ab=0.8000  train_P@10_ab=0.8000  val_loss=0.5768  val_AUPR_all=0.5558  val_AUPR_ab=0.6878  val_AUPR_ag=0.3397  val_P@5_ab=0.9000  val_P@10_ab=0.9000
  Saved best antibody-AUPR checkpoint: checkpoints_ab_aupr/iPara_l1_g10_i5_do0.10_dpr0.10_lr0.0002_heads16_fold5.pth  val_AUPR_ab=0.6878
Ep005  LR0=1.99e-04  pw=5.69  aucα=0.000  token_p=0.010  dropE=(0.010,0.050)  smooth=0.010  train_loss=0.3472  train_AUPR_all=0.5261  train_AUPR_ab=0.6351  train_AUPR_ag=0.3453  train_P@5_ab=0.9000  train_P@10_ab=0.9500  val_loss=0.5562  val_AUPR_all=0.5640  val_AUPR_ab=0.6980  val_AUPR_ag=0.3463  val_P@5_ab=0.9500  val_P@10_ab=0.9750
  Saved best antibody-AUPR checkpoint: checkpoints_ab_aupr/iPara_l1_g10_i5_do0.10_dpr0.10_lr0.0002_heads16_fold5.pth  val_AUPR_ab=0.6980
Ep006  LR0=1.98e-04  pw=5.25  aucα=0.000  token_p=0.010  dropE=(0.010,0.050)  smooth=0.010  train_loss=0.3211  train_AUPR_all=0.5521  train_AUPR_ab=0.6614  train_AUPR_ag=0.3707  train_P@5_ab=0.9500  train_P@10_ab=0.8750  val_loss=0.5351  val_AUPR_all=0.5755  val_AUPR_ab=0.7141  val_AUPR_ag=0.3453  val_P@5_ab=1.0000  val_P@10_ab=0.9750
  Saved best antibody-AUPR checkpoint: checkpoints_ab_aupr/iPara_l1_g10_i5_do0.10_dpr0.10_lr0.0002_heads16_fold5.pth  val_AUPR_ab=0.7141
Ep007  LR0=1.97e-04  pw=4.84  aucα=0.000  token_p=0.010  dropE=(0.010,0.050)  smooth=0.010  train_loss=0.3036  train_AUPR_all=0.5606  train_AUPR_ab=0.6749  train_AUPR_ag=0.3729  train_P@5_ab=0.9500  train_P@10_ab=0.9500  val_loss=0.5136  val_AUPR_all=0.5754  val_AUPR_ab=0.7194  val_AUPR_ag=0.3477  val_P@5_ab=1.0000  val_P@10_ab=1.0000
  Saved best antibody-AUPR checkpoint: checkpoints_ab_aupr/iPara_l1_g10_i5_do0.10_dpr0.10_lr0.0002_heads16_fold5.pth  val_AUPR_ab=0.7194
Ep008  LR0=1.96e-04  pw=4.48  aucα=0.000  token_p=0.010  dropE=(0.010,0.050)  smooth=0.010  train_loss=0.2870  train_AUPR_all=0.5609  train_AUPR_ab=0.6713  train_AUPR_ag=0.3771  train_P@5_ab=0.9000  train_P@10_ab=0.9000  val_loss=0.4998  val_AUPR_all=0.5761  val_AUPR_ab=0.7225  val_AUPR_ag=0.3605  val_P@5_ab=1.0000  val_P@10_ab=1.0000
  Saved best antibody-AUPR checkpoint: checkpoints_ab_aupr/iPara_l1_g10_i5_do0.10_dpr0.10_lr0.0002_heads16_fold5.pth  val_AUPR_ab=0.7225
Ep009  LR0=1.95e-04  pw=4.15  aucα=0.000  token_p=0.010  dropE=(0.010,0.050)  smooth=0.010  train_loss=0.2655  train_AUPR_all=0.5874  train_AUPR_ab=0.6974  train_AUPR_ag=0.4043  train_P@5_ab=0.9000  train_P@10_ab=0.8750  val_loss=0.4715  val_AUPR_all=0.5942  val_AUPR_ab=0.7310  val_AUPR_ag=0.3694  val_P@5_ab=1.0000  val_P@10_ab=1.0000
  Saved best antibody-AUPR checkpoint: checkpoints_ab_aupr/iPara_l1_g10_i5_do0.10_dpr0.10_lr0.0002_heads16_fold5.pth  val_AUPR_ab=0.7310
Ep010  LR0=1.94e-04  pw=3.85  aucα=0.040  token_p=0.010  dropE=(0.010,0.050)  smooth=0.010  train_loss=0.2724  train_AUPR_all=0.5962  train_AUPR_ab=0.7070  train_AUPR_ag=0.4142  train_P@5_ab=1.0000  train_P@10_ab=0.9500  val_loss=0.4883  val_AUPR_all=0.5959  val_AUPR_ab=0.7362  val_AUPR_ag=0.3725  val_P@5_ab=1.0000  val_P@10_ab=1.0000
  Saved best antibody-AUPR checkpoint: checkpoints_ab_aupr/iPara_l1_g10_i5_do0.10_dpr0.10_lr0.0002_heads16_fold5.pth  val_AUPR_ab=0.7362
Unfreezing DyM parameters.
Ep011  LR0=1.92e-04  pw=3.58  aucα=0.080  token_p=0.010  dropE=(0.010,0.050)  smooth=0.010  train_loss=0.2747  train_AUPR_all=0.6046  train_AUPR_ab=0.7196  train_AUPR_ag=0.4145  train_P@5_ab=0.9000  train_P@10_ab=0.9250  val_loss=0.4471  val_AUPR_all=0.5981  val_AUPR_ab=0.7377  val_AUPR_ag=0.3743  val_P@5_ab=0.9000  val_P@10_ab=0.9500
  Saved best antibody-AUPR checkpoint: checkpoints_ab_aupr/iPara_l1_g10_i5_do0.10_dpr0.10_lr0.0002_heads16_fold5.pth  val_AUPR_ab=0.7377
Ep012  LR0=1.91e-04  pw=3.33  aucα=0.120  token_p=0.010  dropE=(0.010,0.050)  smooth=0.010  train_loss=0.2798  train_AUPR_all=0.6145  train_AUPR_ab=0.7165  train_AUPR_ag=0.4452  train_P@5_ab=0.9500  train_P@10_ab=0.9000  val_loss=0.4342  val_AUPR_all=0.5898  val_AUPR_ab=0.7425  val_AUPR_ag=0.3476  val_P@5_ab=0.9500  val_P@10_ab=0.9750
  Saved best antibody-AUPR checkpoint: checkpoints_ab_aupr/iPara_l1_g10_i5_do0.10_dpr0.10_lr0.0002_heads16_fold5.pth  val_AUPR_ab=0.7425
Ep013  LR0=1.89e-04  pw=3.11  aucα=0.160  token_p=0.010  dropE=(0.010,0.050)  smooth=0.010  train_loss=0.2853  train_AUPR_all=0.6222  train_AUPR_ab=0.7272  train_AUPR_ag=0.4481  train_P@5_ab=0.9500  train_P@10_ab=0.9500  val_loss=0.4261  val_AUPR_all=0.5911  val_AUPR_ab=0.7390  val_AUPR_ag=0.3585  val_P@5_ab=1.0000  val_P@10_ab=1.0000
Ep014  LR0=1.87e-04  pw=2.91  aucα=0.200  token_p=0.010  dropE=(0.010,0.050)  smooth=0.010  train_loss=0.2923  train_AUPR_all=0.6290  train_AUPR_ab=0.7313  train_AUPR_ag=0.4623  train_P@5_ab=0.9000  train_P@10_ab=0.9000  val_loss=0.4277  val_AUPR_all=0.5910  val_AUPR_ab=0.7443  val_AUPR_ag=0.3515  val_P@5_ab=0.9500  val_P@10_ab=0.9750
  Saved best antibody-AUPR checkpoint: checkpoints_ab_aupr/iPara_l1_g10_i5_do0.10_dpr0.10_lr0.0002_heads16_fold5.pth  val_AUPR_ab=0.7443
Ep015  LR0=1.85e-04  pw=2.73  aucα=0.240  token_p=0.010  dropE=(0.010,0.050)  smooth=0.010  train_loss=0.2934  train_AUPR_all=0.6440  train_AUPR_ab=0.7461  train_AUPR_ag=0.4794  train_P@5_ab=1.0000  train_P@10_ab=1.0000  val_loss=0.4021  val_AUPR_all=0.6063  val_AUPR_ab=0.7503  val_AUPR_ag=0.3762  val_P@5_ab=1.0000  val_P@10_ab=1.0000
  Saved best antibody-AUPR checkpoint: checkpoints_ab_aupr/iPara_l1_g10_i5_do0.10_dpr0.10_lr0.0002_heads16_fold5.pth  val_AUPR_ab=0.7503
Ep016  LR0=1.83e-04  pw=2.56  aucα=0.280  token_p=0.010  dropE=(0.010,0.050)  smooth=0.010  train_loss=0.2946  train_AUPR_all=0.6570  train_AUPR_ab=0.7544  train_AUPR_ag=0.4991  train_P@5_ab=1.0000  train_P@10_ab=0.9750  val_loss=0.4134  val_AUPR_all=0.5923  val_AUPR_ab=0.7420  val_AUPR_ag=0.3619  val_P@5_ab=1.0000  val_P@10_ab=1.0000
Ep017  LR0=1.81e-04  pw=2.41  aucα=0.320  token_p=0.010  dropE=(0.010,0.050)  smooth=0.010  train_loss=0.2971  train_AUPR_all=0.6706  train_AUPR_ab=0.7689  train_AUPR_ag=0.5119  train_P@5_ab=1.0000  train_P@10_ab=1.0000  val_loss=0.3851  val_AUPR_all=0.6094  val_AUPR_ab=0.7569  val_AUPR_ag=0.3753  val_P@5_ab=1.0000  val_P@10_ab=1.0000
  Saved best antibody-AUPR checkpoint: checkpoints_ab_aupr/iPara_l1_g10_i5_do0.10_dpr0.10_lr0.0002_heads16_fold5.pth  val_AUPR_ab=0.7569
Ep018  LR0=1.79e-04  pw=2.28  aucα=0.360  token_p=0.010  dropE=(0.010,0.050)  smooth=0.010  train_loss=0.3020  train_AUPR_all=0.6790  train_AUPR_ab=0.7723  train_AUPR_ag=0.5304  train_P@5_ab=1.0000  train_P@10_ab=0.9750  val_loss=0.3846  val_AUPR_all=0.6013  val_AUPR_ab=0.7533  val_AUPR_ag=0.3735  val_P@5_ab=1.0000  val_P@10_ab=1.0000
Ep019  LR0=1.76e-04  pw=2.16  aucα=0.400  token_p=0.010  dropE=(0.010,0.050)  smooth=0.010  train_loss=0.3004  train_AUPR_all=0.6924  train_AUPR_ab=0.7812  train_AUPR_ag=0.5521  train_P@5_ab=0.9500  train_P@10_ab=0.9750  val_loss=0.3761  val_AUPR_all=0.5989  val_AUPR_ab=0.7519  val_AUPR_ag=0.3596  val_P@5_ab=1.0000  val_P@10_ab=1.0000
Ep020  LR0=1.73e-04  pw=2.05  aucα=0.400  token_p=0.010  dropE=(0.010,0.050)  smooth=0.010  train_loss=0.2868  train_AUPR_all=0.7070  train_AUPR_ab=0.7932  train_AUPR_ag=0.5703  train_P@5_ab=1.0000  train_P@10_ab=1.0000  val_loss=0.3704  val_AUPR_all=0.6061  val_AUPR_ab=0.7677  val_AUPR_ag=0.3699  val_P@5_ab=1.0000  val_P@10_ab=1.0000
  Saved best antibody-AUPR checkpoint: checkpoints_ab_aupr/iPara_l1_g10_i5_do0.10_dpr0.10_lr0.0002_heads16_fold5.pth  val_AUPR_ab=0.7677
Ep021  LR0=1.71e-04  pw=1.95  aucα=0.400  token_p=0.010  dropE=(0.010,0.050)  smooth=0.010  train_loss=0.2722  train_AUPR_all=0.7241  train_AUPR_ab=0.8043  train_AUPR_ag=0.5999  train_P@5_ab=1.0000  train_P@10_ab=1.0000  val_loss=0.3820  val_AUPR_all=0.5943  val_AUPR_ab=0.7573  val_AUPR_ag=0.3473  val_P@5_ab=1.0000  val_P@10_ab=1.0000
Ep022  LR0=1.68e-04  pw=1.86  aucα=0.400  token_p=0.010  dropE=(0.010,0.050)  smooth=0.010  train_loss=0.2644  train_AUPR_all=0.7281  train_AUPR_ab=0.8098  train_AUPR_ag=0.6004  train_P@5_ab=0.9500  train_P@10_ab=0.9750  val_loss=0.3692  val_AUPR_all=0.6000  val_AUPR_ab=0.7678  val_AUPR_ag=0.3753  val_P@5_ab=1.0000  val_P@10_ab=1.0000
  Saved best antibody-AUPR checkpoint: checkpoints_ab_aupr/iPara_l1_g10_i5_do0.10_dpr0.10_lr0.0002_heads16_fold5.pth  val_AUPR_ab=0.7678
Ep023  LR0=1.65e-04  pw=1.78  aucα=0.400  token_p=0.010  dropE=(0.010,0.050)  smooth=0.010  train_loss=0.2518  train_AUPR_all=0.7430  train_AUPR_ab=0.8192  train_AUPR_ag=0.6252  train_P@5_ab=1.0000  train_P@10_ab=1.0000  val_loss=0.3673  val_AUPR_all=0.5915  val_AUPR_ab=0.7550  val_AUPR_ag=0.3770  val_P@5_ab=1.0000  val_P@10_ab=1.0000
Ep024  LR0=1.62e-04  pw=1.70  aucα=0.400  token_p=0.010  dropE=(0.010,0.050)  smooth=0.010  train_loss=0.2385  train_AUPR_all=0.7583  train_AUPR_ab=0.8273  train_AUPR_ag=0.6533  train_P@5_ab=1.0000  train_P@10_ab=1.0000  val_loss=0.3949  val_AUPR_all=0.5931  val_AUPR_ab=0.7584  val_AUPR_ag=0.3710  val_P@5_ab=0.9000  val_P@10_ab=0.9500
Ep025  LR0=1.59e-04  pw=1.64  aucα=0.400  token_p=0.010  dropE=(0.010,0.050)  smooth=0.010  train_loss=0.2306  train_AUPR_all=0.7674  train_AUPR_ab=0.8317  train_AUPR_ag=0.6699  train_P@5_ab=1.0000  train_P@10_ab=1.0000  val_loss=0.3839  val_AUPR_all=0.5798  val_AUPR_ab=0.7333  val_AUPR_ag=0.3706  val_P@5_ab=0.9000  val_P@10_ab=0.9500
Ep026  LR0=1.56e-04  pw=1.57  aucα=0.400  token_p=0.010  dropE=(0.010,0.050)  smooth=0.010  train_loss=0.2223  train_AUPR_all=0.7756  train_AUPR_ab=0.8415  train_AUPR_ag=0.6748  train_P@5_ab=1.0000  train_P@10_ab=1.0000  val_loss=0.3593  val_AUPR_all=0.6113  val_AUPR_ab=0.7696  val_AUPR_ag=0.3802  val_P@5_ab=0.9500  val_P@10_ab=0.9750
  Saved best antibody-AUPR checkpoint: checkpoints_ab_aupr/iPara_l1_g10_i5_do0.10_dpr0.10_lr0.0002_heads16_fold5.pth  val_AUPR_ab=0.7696
Ep027  LR0=1.52e-04  pw=1.52  aucα=0.400  token_p=0.010  dropE=(0.010,0.050)  smooth=0.010  train_loss=0.2112  train_AUPR_all=0.7897  train_AUPR_ab=0.8493  train_AUPR_ag=0.6995  train_P@5_ab=0.9500  train_P@10_ab=0.9750  val_loss=0.3790  val_AUPR_all=0.5828  val_AUPR_ab=0.7605  val_AUPR_ag=0.3407  val_P@5_ab=1.0000  val_P@10_ab=0.9750
Ep028  LR0=1.49e-04  pw=1.47  aucα=0.400  token_p=0.010  dropE=(0.010,0.050)  smooth=0.010  train_loss=0.2010  train_AUPR_all=0.8017  train_AUPR_ab=0.8592  train_AUPR_ag=0.7146  train_P@5_ab=1.0000  train_P@10_ab=1.0000  val_loss=0.3730  val_AUPR_all=0.6028  val_AUPR_ab=0.7627  val_AUPR_ag=0.3831  val_P@5_ab=1.0000  val_P@10_ab=0.9750
Ep029  LR0=1.46e-04  pw=1.43  aucα=0.400  token_p=0.010  dropE=(0.010,0.050)  smooth=0.010  train_loss=0.1926  train_AUPR_all=0.8124  train_AUPR_ab=0.8656  train_AUPR_ag=0.7327  train_P@5_ab=1.0000  train_P@10_ab=1.0000  val_loss=0.3591  val_AUPR_all=0.6024  val_AUPR_ab=0.7579  val_AUPR_ag=0.3746  val_P@5_ab=0.9500  val_P@10_ab=0.9500
Ep030  LR0=1.42e-04  pw=1.39  aucα=0.400  token_p=0.010  dropE=(0.010,0.050)  smooth=0.010  train_loss=0.1825  train_AUPR_all=0.8252  train_AUPR_ab=0.8728  train_AUPR_ag=0.7547  train_P@5_ab=1.0000  train_P@10_ab=0.9750  val_loss=0.3583  val_AUPR_all=0.6011  val_AUPR_ab=0.7579  val_AUPR_ag=0.3903  val_P@5_ab=0.9000  val_P@10_ab=0.9500
Ep031  LR0=1.38e-04  pw=1.35  aucα=0.400  token_p=0.010  dropE=(0.010,0.050)  smooth=0.010  train_loss=0.1778  train_AUPR_all=0.8326  train_AUPR_ab=0.8849  train_AUPR_ag=0.7532  train_P@5_ab=1.0000  train_P@10_ab=1.0000  val_loss=0.3423  val_AUPR_all=0.6072  val_AUPR_ab=0.7624  val_AUPR_ag=0.3910  val_P@5_ab=0.9500  val_P@10_ab=0.9750
Ep032  LR0=1.35e-04  pw=1.32  aucα=0.400  token_p=0.010  dropE=(0.010,0.050)  smooth=0.010  train_loss=0.1715  train_AUPR_all=0.8392  train_AUPR_ab=0.8886  train_AUPR_ag=0.7644  train_P@5_ab=1.0000  train_P@10_ab=1.0000  val_loss=0.3694  val_AUPR_all=0.6045  val_AUPR_ab=0.7698  val_AUPR_ag=0.3751  val_P@5_ab=0.9500  val_P@10_ab=0.9750
  Saved best antibody-AUPR checkpoint: checkpoints_ab_aupr/iPara_l1_g10_i5_do0.10_dpr0.10_lr0.0002_heads16_fold5.pth  val_AUPR_ab=0.7698
Ep033  LR0=1.31e-04  pw=1.29  aucα=0.400  token_p=0.010  dropE=(0.010,0.050)  smooth=0.010  train_loss=0.1638  train_AUPR_all=0.8483  train_AUPR_ab=0.8926  train_AUPR_ag=0.7820  train_P@5_ab=1.0000  train_P@10_ab=1.0000  val_loss=0.3504  val_AUPR_all=0.6008  val_AUPR_ab=0.7649  val_AUPR_ag=0.3767  val_P@5_ab=1.0000  val_P@10_ab=1.0000
Ep034  LR0=1.27e-04  pw=1.26  aucα=0.400  token_p=0.010  dropE=(0.010,0.050)  smooth=0.010  train_loss=0.1567  train_AUPR_all=0.8574  train_AUPR_ab=0.8992  train_AUPR_ag=0.7943  train_P@5_ab=1.0000  train_P@10_ab=1.0000  val_loss=0.3529  val_AUPR_all=0.5948  val_AUPR_ab=0.7508  val_AUPR_ag=0.3745  val_P@5_ab=0.9500  val_P@10_ab=0.9750
Ep035  LR0=1.24e-04  pw=1.23  aucα=0.400  token_p=0.010  dropE=(0.010,0.050)  smooth=0.010  train_loss=0.1501  train_AUPR_all=0.8662  train_AUPR_ab=0.9065  train_AUPR_ag=0.8054  train_P@5_ab=1.0000  train_P@10_ab=0.9750  val_loss=0.3589  val_AUPR_all=0.5841  val_AUPR_ab=0.7567  val_AUPR_ag=0.3546  val_P@5_ab=0.9500  val_P@10_ab=0.9500
Ep036  LR0=1.20e-04  pw=1.21  aucα=0.400  token_p=0.010  dropE=(0.010,0.050)  smooth=0.010  train_loss=0.1454  train_AUPR_all=0.8730  train_AUPR_ab=0.9122  train_AUPR_ag=0.8138  train_P@5_ab=1.0000  train_P@10_ab=1.0000  val_loss=0.3494  val_AUPR_all=0.6054  val_AUPR_ab=0.7602  val_AUPR_ag=0.3899  val_P@5_ab=1.0000  val_P@10_ab=0.9750
Ep037  LR0=1.16e-04  pw=1.19  aucα=0.400  token_p=0.010  dropE=(0.010,0.050)  smooth=0.010  train_loss=0.1359  train_AUPR_all=0.8842  train_AUPR_ab=0.9223  train_AUPR_ag=0.8256  train_P@5_ab=1.0000  train_P@10_ab=1.0000  val_loss=0.3568  val_AUPR_all=0.5980  val_AUPR_ab=0.7573  val_AUPR_ag=0.3729  val_P@5_ab=0.9500  val_P@10_ab=0.9500
Ep038  LR0=1.12e-04  pw=1.17  aucα=0.400  token_p=0.010  dropE=(0.010,0.050)  smooth=0.010  train_loss=0.1331  train_AUPR_all=0.8878  train_AUPR_ab=0.9266  train_AUPR_ag=0.8275  train_P@5_ab=0.9500  train_P@10_ab=0.9750  val_loss=0.3572  val_AUPR_all=0.5953  val_AUPR_ab=0.7594  val_AUPR_ag=0.3792  val_P@5_ab=0.9500  val_P@10_ab=0.9750
Ep039  LR0=1.08e-04  pw=1.16  aucα=0.400  token_p=0.010  dropE=(0.010,0.050)  smooth=0.010  train_loss=0.1248  train_AUPR_all=0.8981  train_AUPR_ab=0.9333  train_AUPR_ag=0.8436  train_P@5_ab=1.0000  train_P@10_ab=1.0000  val_loss=0.3745  val_AUPR_all=0.5984  val_AUPR_ab=0.7628  val_AUPR_ag=0.3704  val_P@5_ab=0.9500  val_P@10_ab=0.9750
Ep040  LR0=1.04e-04  pw=1.14  aucα=0.400  token_p=0.010  dropE=(0.010,0.050)  smooth=0.010  train_loss=0.1222  train_AUPR_all=0.9014  train_AUPR_ab=0.9366  train_AUPR_ag=0.8460  train_P@5_ab=1.0000  train_P@10_ab=1.0000  val_loss=0.3609  val_AUPR_all=0.5925  val_AUPR_ab=0.7599  val_AUPR_ag=0.3603  val_P@5_ab=0.9500  val_P@10_ab=0.9500
Ep041  LR0=1.00e-04  pw=1.13  aucα=0.400  token_p=0.010  dropE=(0.010,0.050)  smooth=0.010  train_loss=0.1218  train_AUPR_all=0.9021  train_AUPR_ab=0.9360  train_AUPR_ag=0.8489  train_P@5_ab=1.0000  train_P@10_ab=0.9750  val_loss=0.3584  val_AUPR_all=0.5981  val_AUPR_ab=0.7615  val_AUPR_ag=0.3635  val_P@5_ab=0.9000  val_P@10_ab=0.9500
Ep042  LR0=9.63e-05  pw=1.12  aucα=0.400  token_p=0.010  dropE=(0.010,0.050)  smooth=0.010  train_loss=0.1134  train_AUPR_all=0.9117  train_AUPR_ab=0.9432  train_AUPR_ag=0.8627  train_P@5_ab=1.0000  train_P@10_ab=1.0000  val_loss=0.3661  val_AUPR_all=0.5899  val_AUPR_ab=0.7554  val_AUPR_ag=0.3602  val_P@5_ab=0.9500  val_P@10_ab=0.9500
Ep043  LR0=9.24e-05  pw=1.10  aucα=0.400  token_p=0.010  dropE=(0.010,0.050)  smooth=0.010  train_loss=0.1127  train_AUPR_all=0.9125  train_AUPR_ab=0.9423  train_AUPR_ag=0.8668  train_P@5_ab=1.0000  train_P@10_ab=1.0000  val_loss=0.3657  val_AUPR_all=0.5931  val_AUPR_ab=0.7555  val_AUPR_ag=0.3710  val_P@5_ab=0.9500  val_P@10_ab=0.9750
Ep044  LR0=8.85e-05  pw=1.09  aucα=0.400  token_p=0.010  dropE=(0.010,0.050)  smooth=0.010  train_loss=0.1091  train_AUPR_all=0.9171  train_AUPR_ab=0.9470  train_AUPR_ag=0.8705  train_P@5_ab=1.0000  train_P@10_ab=0.9750  val_loss=0.3521  val_AUPR_all=0.6046  val_AUPR_ab=0.7622  val_AUPR_ag=0.3795  val_P@5_ab=1.0000  val_P@10_ab=0.9500
Ep045  LR0=8.46e-05  pw=1.09  aucα=0.400  token_p=0.010  dropE=(0.010,0.050)  smooth=0.010  train_loss=0.1042  train_AUPR_all=0.9230  train_AUPR_ab=0.9512  train_AUPR_ag=0.8789  train_P@5_ab=1.0000  train_P@10_ab=1.0000  val_loss=0.3650  val_AUPR_all=0.5829  val_AUPR_ab=0.7442  val_AUPR_ag=0.3548  val_P@5_ab=1.0000  val_P@10_ab=0.9750
Ep046  LR0=8.08e-05  pw=1.08  aucα=0.400  token_p=0.010  dropE=(0.010,0.050)  smooth=0.010  train_loss=0.1005  train_AUPR_all=0.9280  train_AUPR_ab=0.9559  train_AUPR_ag=0.8834  train_P@5_ab=1.0000  train_P@10_ab=1.0000  val_loss=0.3738  val_AUPR_all=0.5796  val_AUPR_ab=0.7523  val_AUPR_ag=0.3551  val_P@5_ab=0.9000  val_P@10_ab=0.9000
Ep047  LR0=7.70e-05  pw=1.07  aucα=0.400  token_p=0.010  dropE=(0.010,0.050)  smooth=0.010  train_loss=0.0958  train_AUPR_all=0.9332  train_AUPR_ab=0.9599  train_AUPR_ag=0.8903  train_P@5_ab=1.0000  train_P@10_ab=1.0000  val_loss=0.3679  val_AUPR_all=0.5874  val_AUPR_ab=0.7540  val_AUPR_ag=0.3542  val_P@5_ab=1.0000  val_P@10_ab=1.0000
Ep048  LR0=7.32e-05  pw=1.06  aucα=0.400  token_p=0.010  dropE=(0.010,0.050)  smooth=0.010  train_loss=0.0928  train_AUPR_all=0.9372  train_AUPR_ab=0.9629  train_AUPR_ag=0.8955  train_P@5_ab=1.0000  train_P@10_ab=1.0000  val_loss=0.3724  val_AUPR_all=0.5891  val_AUPR_ab=0.7559  val_AUPR_ag=0.3457  val_P@5_ab=1.0000  val_P@10_ab=0.9500
Ep049  LR0=6.94e-05  pw=1.06  aucα=0.400  token_p=0.010  dropE=(0.010,0.050)  smooth=0.010  train_loss=0.0886  train_AUPR_all=0.9424  train_AUPR_ab=0.9670  train_AUPR_ag=0.9020  train_P@5_ab=1.0000  train_P@10_ab=1.0000  val_loss=0.3767  val_AUPR_all=0.5889  val_AUPR_ab=0.7540  val_AUPR_ag=0.3507  val_P@5_ab=0.9500  val_P@10_ab=0.9500
Ep050  LR0=6.57e-05  pw=1.05  aucα=0.400  token_p=0.010  dropE=(0.010,0.050)  smooth=0.010  train_loss=0.0885  train_AUPR_all=0.9425  train_AUPR_ab=0.9649  train_AUPR_ag=0.9068  train_P@5_ab=1.0000  train_P@10_ab=1.0000  val_loss=0.3873  val_AUPR_all=0.5711  val_AUPR_ab=0.7402  val_AUPR_ag=0.3417  val_P@5_ab=0.9000  val_P@10_ab=0.9250
Early stopping at epoch 50. Best val_AUPR_ab=0.7698 at epoch 32.
Final saved checkpoint for fold 5: checkpoints_ab_aupr/iPara_l1_g10_i5_do0.10_dpr0.10_lr0.0002_heads16_fold5.pth
Best val_AUPR_ab=0.7698 at epoch 32
