{'sequence_file': 'para_tv_esmsequences_1600.npz', 'data_file': 'para_tv_esminterfaces_1600.npz', 'edge_file': 'para_tv_esmedges_1600.npz', 'vocab_size': 31, 'seq_len': 1600, 'embed_dim': 256, 'num_heads': 16, 'dropout': 0.1, 'num_layers': 1, 'num_gnn_layers': 10, 'num_int_layers': 5, 'drop_path_rate': 0.05, 'num_classes': 2, 'batch_size': 4, 'num_epochs': 100, 'warmup_epochs': 10, 'dym_start_epoch': 20, 'dym_lr_factor': 0.1, 'swa_start': 30, 'learning_rate': 0.0002, 'weight_decay': 0.0001, 'max_grad_norm': 0.5, 'accum_steps': 1, 'n_splits': 5, 'early_stop': 20, 'min_stop_epoch': 40, 'weight_start': 15.0, 'weight_end': 1.0, 'weight_anneal_tau': 8.0, 'dropedge_min': 0.01, 'dropedge_max': 0.05, 'token_drop_p': 0.01, 'apply_feature_mask_on_train_only': True, 'smooth_lambda': 0.01, 'smooth_ramp_start': 5, 'smooth_ramp_len': 10, 'aucpr_alpha': 0.4, 'aucpr_ramp_start': 3, 'aucpr_ramp_len': 7, 'aucpr_bins': 64, 'aucpr_temp': 0.05, 'label_smoothing': 0.01, 'save_best_loss_checkpoint': True, 'save_best_aupr_checkpoint': True}
Number of GPUs available: 1

── Fold 1/5
Train labels: pos=26433, neg=373034, ignore=698133, pos_rate=0.066171
Val labels: pos=6797, neg=93928, ignore=174475, pos_rate=0.067481
Initializing ClassificationModel with 10 GAT layers and residual connections...
Initializing MCModel with 10 GAT layers and 5 row attention layers (drop_path_rate=0.05)
Initializing CoreModel with 1 layers, drop_path_rate=0.05
Ep000  LR0=2.00e-05  pw=15.00  aucα=0.000  token_p=0.000  dropE=(0.000,0.000)  smooth=0.000  train_loss=0.6015  train_AUPR=0.3534  train_P@5=0.4054  train_P@10=0.3230  val_loss=0.4924  val_AUPR=0.3668  val_P@5=0.4261  val_P@10=0.3300
Ep001  LR0=3.00e-05  pw=13.35  aucα=0.000  token_p=0.000  dropE=(0.000,0.000)  smooth=0.000  train_loss=0.5047  train_AUPR=0.4394  train_P@5=0.5045  train_P@10=0.3785  val_loss=0.4666  val_AUPR=0.4404  val_P@5=0.5185  val_P@10=0.3765
Ep002  LR0=4.00e-05  pw=11.90  aucα=0.000  token_p=0.000  dropE=(0.000,0.000)  smooth=0.000  train_loss=0.4729  train_AUPR=0.4642  train_P@5=0.5284  train_P@10=0.3863  val_loss=0.4707  val_AUPR=0.4567  val_P@5=0.5300  val_P@10=0.3802
Ep003  LR0=5.00e-05  pw=10.62  aucα=0.000  token_p=0.000  dropE=(0.000,0.000)  smooth=0.000  train_loss=0.4438  train_AUPR=0.4894  train_P@5=0.5622  train_P@10=0.4056  val_loss=0.4357  val_AUPR=0.4752  val_P@5=0.5483  val_P@10=0.4003
Ep004  LR0=6.00e-05  pw=9.49  aucα=0.057  token_p=0.000  dropE=(0.000,0.000)  smooth=0.000  train_loss=0.4326  train_AUPR=0.5287  train_P@5=0.5931  train_P@10=0.4235  val_loss=0.4248  val_AUPR=0.5116  val_P@5=0.5810  val_P@10=0.4179
Ep005  LR0=7.00e-05  pw=8.49  aucα=0.114  token_p=0.000  dropE=(0.000,0.000)  smooth=0.000  train_loss=0.4264  train_AUPR=0.5583  train_P@5=0.6008  train_P@10=0.4431  val_loss=0.4026  val_AUPR=0.5296  val_P@5=0.5840  val_P@10=0.4256
Ep006  LR0=8.00e-05  pw=7.61  aucα=0.171  token_p=0.001  dropE=(0.001,0.005)  smooth=0.001  train_loss=0.4237  train_AUPR=0.5606  train_P@5=0.6063  train_P@10=0.4403  val_loss=0.4092  val_AUPR=0.5211  val_P@5=0.5770  val_P@10=0.4210
Ep007  LR0=9.00e-05  pw=6.84  aucα=0.229  token_p=0.002  dropE=(0.002,0.010)  smooth=0.002  train_loss=0.4174  train_AUPR=0.5831  train_P@5=0.6252  train_P@10=0.4517  val_loss=0.3823  val_AUPR=0.5473  val_P@5=0.6003  val_P@10=0.4353
Ep008  LR0=1.00e-04  pw=6.15  aucα=0.286  token_p=0.003  dropE=(0.003,0.015)  smooth=0.003  train_loss=0.4132  train_AUPR=0.5926  train_P@5=0.6412  train_P@10=0.4563  val_loss=0.3689  val_AUPR=0.5519  val_P@5=0.6128  val_P@10=0.4300
Ep009  LR0=1.00e-04  pw=5.55  aucα=0.343  token_p=0.004  dropE=(0.004,0.020)  smooth=0.004  train_loss=0.4064  train_AUPR=0.6046  train_P@5=0.6419  train_P@10=0.4612  val_loss=0.3629  val_AUPR=0.5544  val_P@5=0.6031  val_P@10=0.4318
[Info] Unfroze 'dym' params after warmup (epoch=10). Added core=66 tensors, other=0 tensors.
Ep010  LR0=2.00e-05  pw=5.01  aucα=0.400  token_p=0.005  dropE=(0.005,0.025)  smooth=0.005  train_loss=0.3852  train_AUPR=0.6317  train_P@5=0.6623  train_P@10=0.4748  val_loss=0.3494  val_AUPR=0.5676  val_P@5=0.6243  val_P@10=0.4391
Ep011  LR0=3.00e-05  pw=4.54  aucα=0.400  token_p=0.006  dropE=(0.006,0.030)  smooth=0.006  train_loss=0.3730  train_AUPR=0.6409  train_P@5=0.6731  train_P@10=0.4789  val_loss=0.3369  val_AUPR=0.5763  val_P@5=0.6346  val_P@10=0.4419
Ep012  LR0=4.00e-05  pw=4.12  aucα=0.400  token_p=0.007  dropE=(0.007,0.035)  smooth=0.007  train_loss=0.3652  train_AUPR=0.6389  train_P@5=0.6704  train_P@10=0.4817  val_loss=0.3307  val_AUPR=0.5701  val_P@5=0.6197  val_P@10=0.4412
Ep013  LR0=5.00e-05  pw=3.76  aucα=0.400  token_p=0.008  dropE=(0.008,0.040)  smooth=0.008  train_loss=0.3564  train_AUPR=0.6459  train_P@5=0.6763  train_P@10=0.4806  val_loss=0.3177  val_AUPR=0.5824  val_P@5=0.6372  val_P@10=0.4428
Ep014  LR0=6.00e-05  pw=3.43  aucα=0.400  token_p=0.009  dropE=(0.009,0.045)  smooth=0.009  train_loss=0.3493  train_AUPR=0.6456  train_P@5=0.6744  train_P@10=0.4825  val_loss=0.3013  val_AUPR=0.5683  val_P@5=0.6193  val_P@10=0.4477
Ep015  LR0=7.00e-05  pw=3.15  aucα=0.400  token_p=0.010  dropE=(0.010,0.050)  smooth=0.010  train_loss=0.3436  train_AUPR=0.6597  train_P@5=0.6832  train_P@10=0.4892  val_loss=0.2948  val_AUPR=0.5736  val_P@5=0.6313  val_P@10=0.4386
Ep016  LR0=8.00e-05  pw=2.89  aucα=0.400  token_p=0.010  dropE=(0.010,0.050)  smooth=0.010  train_loss=0.3372  train_AUPR=0.6550  train_P@5=0.6830  train_P@10=0.4885  val_loss=0.2804  val_AUPR=0.5896  val_P@5=0.6418  val_P@10=0.4471
Ep017  LR0=9.00e-05  pw=2.67  aucα=0.400  token_p=0.010  dropE=(0.010,0.050)  smooth=0.010  train_loss=0.3263  train_AUPR=0.6536  train_P@5=0.6840  train_P@10=0.4847  val_loss=0.2725  val_AUPR=0.5660  val_P@5=0.6293  val_P@10=0.4391
Ep018  LR0=1.00e-04  pw=2.48  aucα=0.400  token_p=0.010  dropE=(0.010,0.050)  smooth=0.010  train_loss=0.3221  train_AUPR=0.6683  train_P@5=0.6995  train_P@10=0.4944  val_loss=0.2638  val_AUPR=0.5674  val_P@5=0.6309  val_P@10=0.4393
Ep019  LR0=1.00e-04  pw=2.30  aucα=0.400  token_p=0.010  dropE=(0.010,0.050)  smooth=0.010  train_loss=0.3115  train_AUPR=0.6693  train_P@5=0.6947  train_P@10=0.4981  val_loss=0.2586  val_AUPR=0.5869  val_P@5=0.6384  val_P@10=0.4428
Ep020  LR0=1.00e-04  pw=2.15  aucα=0.400  token_p=0.010  dropE=(0.010,0.050)  smooth=0.010  train_loss=0.3032  train_AUPR=0.6721  train_P@5=0.6953  train_P@10=0.5010  val_loss=0.2464  val_AUPR=0.5819  val_P@5=0.6309  val_P@10=0.4468
Ep021  LR0=9.99e-05  pw=2.01  aucα=0.400  token_p=0.010  dropE=(0.010,0.050)  smooth=0.010  train_loss=0.2944  train_AUPR=0.7082  train_P@5=0.7313  train_P@10=0.5127  val_loss=0.2366  val_AUPR=0.5936  val_P@5=0.6467  val_P@10=0.4493
Ep022  LR0=9.97e-05  pw=1.89  aucα=0.400  token_p=0.010  dropE=(0.010,0.050)  smooth=0.010  train_loss=0.2835  train_AUPR=0.7094  train_P@5=0.7297  train_P@10=0.5138  val_loss=0.2320  val_AUPR=0.5919  val_P@5=0.6289  val_P@10=0.4481
Ep023  LR0=9.95e-05  pw=1.79  aucα=0.400  token_p=0.010  dropE=(0.010,0.050)  smooth=0.010  train_loss=0.2746  train_AUPR=0.7189  train_P@5=0.7347  train_P@10=0.5208  val_loss=0.2258  val_AUPR=0.5774  val_P@5=0.6183  val_P@10=0.4425
Ep024  LR0=9.92e-05  pw=1.70  aucα=0.400  token_p=0.010  dropE=(0.010,0.050)  smooth=0.010  train_loss=0.2661  train_AUPR=0.7224  train_P@5=0.7388  train_P@10=0.5231  val_loss=0.2205  val_AUPR=0.5854  val_P@5=0.6370  val_P@10=0.4432
Ep025  LR0=9.89e-05  pw=1.62  aucα=0.400  token_p=0.010  dropE=(0.010,0.050)  smooth=0.010  train_loss=0.2553  train_AUPR=0.7497  train_P@5=0.7702  train_P@10=0.5365  val_loss=0.2116  val_AUPR=0.5932  val_P@5=0.6324  val_P@10=0.4472
Ep026  LR0=9.85e-05  pw=1.54  aucα=0.400  token_p=0.010  dropE=(0.010,0.050)  smooth=0.010  train_loss=0.2510  train_AUPR=0.7497  train_P@5=0.7688  train_P@10=0.5340  val_loss=0.2104  val_AUPR=0.5852  val_P@5=0.6320  val_P@10=0.4396
Ep027  LR0=9.81e-05  pw=1.48  aucα=0.400  token_p=0.010  dropE=(0.010,0.050)  smooth=0.010  train_loss=0.2430  train_AUPR=0.7520  train_P@5=0.7716  train_P@10=0.5431  val_loss=0.2032  val_AUPR=0.5893  val_P@5=0.6458  val_P@10=0.4528
Ep028  LR0=9.76e-05  pw=1.42  aucα=0.400  token_p=0.010  dropE=(0.010,0.050)  smooth=0.010  train_loss=0.2341  train_AUPR=0.7595  train_P@5=0.7723  train_P@10=0.5428  val_loss=0.2028  val_AUPR=0.5768  val_P@5=0.6193  val_P@10=0.4416
Ep029  LR0=9.70e-05  pw=1.37  aucα=0.400  token_p=0.010  dropE=(0.010,0.050)  smooth=0.010  train_loss=0.2287  train_AUPR=0.7885  train_P@5=0.8013  train_P@10=0.5546  val_loss=0.1965  val_AUPR=0.5906  val_P@5=0.6354  val_P@10=0.4470
Ep030  LR0=9.46e-05  pw=1.33  aucα=0.400  token_p=0.010  dropE=(0.010,0.050)  smooth=0.010  train_loss=0.2201  train_AUPR=0.7958  train_P@5=0.8097  train_P@10=0.5588  val_loss=0.1925  val_AUPR=0.5807  val_P@5=0.6350  val_P@10=0.4499
Ep031  LR0=8.78e-05  pw=1.29  aucα=0.400  token_p=0.010  dropE=(0.010,0.050)  smooth=0.010  train_loss=0.2113  train_AUPR=0.8125  train_P@5=0.8209  train_P@10=0.5678  val_loss=0.1893  val_AUPR=0.5956  val_P@5=0.6485  val_P@10=0.4531
Ep032  LR0=7.71e-05  pw=1.26  aucα=0.400  token_p=0.010  dropE=(0.010,0.050)  smooth=0.010  train_loss=0.2035  train_AUPR=0.8129  train_P@5=0.8242  train_P@10=0.5679  val_loss=0.1872  val_AUPR=0.5966  val_P@5=0.6436  val_P@10=0.4523
Ep033  LR0=6.37e-05  pw=1.23  aucα=0.400  token_p=0.010  dropE=(0.010,0.050)  smooth=0.010  train_loss=0.1946  train_AUPR=0.8360  train_P@5=0.8435  train_P@10=0.5805  val_loss=0.1841  val_AUPR=0.6026  val_P@5=0.6499  val_P@10=0.4542
Ep034  LR0=4.87e-05  pw=1.20  aucα=0.400  token_p=0.010  dropE=(0.010,0.050)  smooth=0.010  train_loss=0.1837  train_AUPR=0.8541  train_P@5=0.8606  train_P@10=0.5889  val_loss=0.1812  val_AUPR=0.6071  val_P@5=0.6557  val_P@10=0.4548
Ep035  LR0=3.38e-05  pw=1.18  aucα=0.400  token_p=0.010  dropE=(0.010,0.050)  smooth=0.010  train_loss=0.1729  train_AUPR=0.8679  train_P@5=0.8757  train_P@10=0.5979  val_loss=0.1798  val_AUPR=0.6049  val_P@5=0.6507  val_P@10=0.4547
Ep036  LR0=2.04e-05  pw=1.16  aucα=0.400  token_p=0.010  dropE=(0.010,0.050)  smooth=0.010  train_loss=0.1628  train_AUPR=0.8887  train_P@5=0.8995  train_P@10=0.6068  val_loss=0.1779  val_AUPR=0.6041  val_P@5=0.6505  val_P@10=0.4556
Ep037  LR0=9.71e-06  pw=1.14  aucα=0.400  token_p=0.010  dropE=(0.010,0.050)  smooth=0.010  train_loss=0.1550  train_AUPR=0.8977  train_P@5=0.9082  train_P@10=0.6123  val_loss=0.1763  val_AUPR=0.6041  val_P@5=0.6493  val_P@10=0.4567
Ep038  LR0=2.86e-06  pw=1.12  aucα=0.400  token_p=0.010  dropE=(0.010,0.050)  smooth=0.010  train_loss=0.1478  train_AUPR=0.9019  train_P@5=0.9134  train_P@10=0.6149  val_loss=0.1750  val_AUPR=0.6033  val_P@5=0.6487  val_P@10=0.4574
Ep039  LR0=5.00e-07  pw=1.11  aucα=0.400  token_p=0.010  dropE=(0.010,0.050)  smooth=0.010  train_loss=0.1431  train_AUPR=0.9053  train_P@5=0.9173  train_P@10=0.6167  val_loss=0.1739  val_AUPR=0.6024  val_P@5=0.6471  val_P@10=0.4573
Ep040  LR0=5.00e-07  pw=1.09  aucα=0.400  token_p=0.010  dropE=(0.010,0.050)  smooth=0.010  train_loss=0.1426  train_AUPR=0.9059  train_P@5=0.9179  train_P@10=0.6170  val_loss=0.1730  val_AUPR=0.6015  val_P@5=0.6475  val_P@10=0.4573
Ep041  LR0=5.00e-07  pw=1.08  aucα=0.400  token_p=0.010  dropE=(0.010,0.050)  smooth=0.010  train_loss=0.1410  train_AUPR=0.9062  train_P@5=0.9184  train_P@10=0.6169  val_loss=0.1722  val_AUPR=0.6008  val_P@5=0.6481  val_P@10=0.4574
Ep042  LR0=5.00e-07  pw=1.07  aucα=0.400  token_p=0.010  dropE=(0.010,0.050)  smooth=0.010  train_loss=0.1413  train_AUPR=0.9067  train_P@5=0.9187  train_P@10=0.6172  val_loss=0.1715  val_AUPR=0.6001  val_P@5=0.6473  val_P@10=0.4571
Ep043  LR0=5.00e-07  pw=1.06  aucα=0.400  token_p=0.010  dropE=(0.010,0.050)  smooth=0.010  train_loss=0.1392  train_AUPR=0.9068  train_P@5=0.9190  train_P@10=0.6172  val_loss=0.1709  val_AUPR=0.5995  val_P@5=0.6467  val_P@10=0.4575
Ep044  LR0=5.00e-07  pw=1.06  aucα=0.400  token_p=0.010  dropE=(0.010,0.050)  smooth=0.010  train_loss=0.1399  train_AUPR=0.9070  train_P@5=0.9191  train_P@10=0.6173  val_loss=0.1704  val_AUPR=0.5989  val_P@5=0.6459  val_P@10=0.4574
Ep045  LR0=5.00e-07  pw=1.05  aucα=0.400  token_p=0.010  dropE=(0.010,0.050)  smooth=0.010  train_loss=0.1386  train_AUPR=0.9074  train_P@5=0.9196  train_P@10=0.6173  val_loss=0.1699  val_AUPR=0.5983  val_P@5=0.6452  val_P@10=0.4572
Ep046  LR0=5.00e-07  pw=1.04  aucα=0.400  token_p=0.010  dropE=(0.010,0.050)  smooth=0.010  train_loss=0.1400  train_AUPR=0.9075  train_P@5=0.9198  train_P@10=0.6174  val_loss=0.1695  val_AUPR=0.5978  val_P@5=0.6450  val_P@10=0.4573
Ep047  LR0=5.00e-07  pw=1.04  aucα=0.400  token_p=0.010  dropE=(0.010,0.050)  smooth=0.010  train_loss=0.1396  train_AUPR=0.9077  train_P@5=0.9203  train_P@10=0.6173  val_loss=0.1691  val_AUPR=0.5974  val_P@5=0.6446  val_P@10=0.4575
Ep048  LR0=5.00e-07  pw=1.03  aucα=0.400  token_p=0.010  dropE=(0.010,0.050)  smooth=0.010  train_loss=0.1405  train_AUPR=0.9078  train_P@5=0.9210  train_P@10=0.6173  val_loss=0.1688  val_AUPR=0.5970  val_P@5=0.6446  val_P@10=0.4577
Ep049  LR0=5.00e-07  pw=1.03  aucα=0.400  token_p=0.010  dropE=(0.010,0.050)  smooth=0.010  train_loss=0.1383  train_AUPR=0.9080  train_P@5=0.9209  train_P@10=0.6176  val_loss=0.1686  val_AUPR=0.5966  val_P@5=0.6446  val_P@10=0.4579
Ep050  LR0=5.00e-07  pw=1.03  aucα=0.400  token_p=0.010  dropE=(0.010,0.050)  smooth=0.010  train_loss=0.1388  train_AUPR=0.9083  train_P@5=0.9210  train_P@10=0.6177  val_loss=0.1683  val_AUPR=0.5962  val_P@5=0.6450  val_P@10=0.4574
Ep051  LR0=5.00e-07  pw=1.02  aucα=0.400  token_p=0.010  dropE=(0.010,0.050)  smooth=0.010  train_loss=0.1379  train_AUPR=0.9083  train_P@5=0.9213  train_P@10=0.6176  val_loss=0.1681  val_AUPR=0.5959  val_P@5=0.6450  val_P@10=0.4577
Ep052  LR0=5.00e-07  pw=1.02  aucα=0.400  token_p=0.010  dropE=(0.010,0.050)  smooth=0.010  train_loss=0.1382  train_AUPR=0.9085  train_P@5=0.9213  train_P@10=0.6178  val_loss=0.1680  val_AUPR=0.5956  val_P@5=0.6444  val_P@10=0.4579
Ep053  LR0=5.00e-07  pw=1.02  aucα=0.400  token_p=0.010  dropE=(0.010,0.050)  smooth=0.010  train_loss=0.1381  train_AUPR=0.9086  train_P@5=0.9215  train_P@10=0.6178  val_loss=0.1678  val_AUPR=0.5953  val_P@5=0.6436  val_P@10=0.4580
Ep054  LR0=5.00e-07  pw=1.02  aucα=0.400  token_p=0.010  dropE=(0.010,0.050)  smooth=0.010  train_loss=0.1384  train_AUPR=0.9088  train_P@5=0.9218  train_P@10=0.6180  val_loss=0.1677  val_AUPR=0.5950  val_P@5=0.6438  val_P@10=0.4580
Ep055  LR0=5.00e-07  pw=1.01  aucα=0.400  token_p=0.010  dropE=(0.010,0.050)  smooth=0.010  train_loss=0.1374  train_AUPR=0.9089  train_P@5=0.9220  train_P@10=0.6181  val_loss=0.1676  val_AUPR=0.5947  val_P@5=0.6438  val_P@10=0.4581
Ep056  LR0=5.00e-07  pw=1.01  aucα=0.400  token_p=0.010  dropE=(0.010,0.050)  smooth=0.010  train_loss=0.1377  train_AUPR=0.9092  train_P@5=0.9222  train_P@10=0.6181  val_loss=0.1675  val_AUPR=0.5944  val_P@5=0.6436  val_P@10=0.4583
Ep057  LR0=5.00e-07  pw=1.01  aucα=0.400  token_p=0.010  dropE=(0.010,0.050)  smooth=0.010  train_loss=0.1377  train_AUPR=0.9094  train_P@5=0.9227  train_P@10=0.6182  val_loss=0.1675  val_AUPR=0.5942  val_P@5=0.6430  val_P@10=0.4584
Ep058  LR0=5.00e-07  pw=1.01  aucα=0.400  token_p=0.010  dropE=(0.010,0.050)  smooth=0.010  train_loss=0.1384  train_AUPR=0.9096  train_P@5=0.9228  train_P@10=0.6184  val_loss=0.1674  val_AUPR=0.5939  val_P@5=0.6420  val_P@10=0.4587
Ep059  LR0=5.00e-07  pw=1.01  aucα=0.400  token_p=0.010  dropE=(0.010,0.050)  smooth=0.010  train_loss=0.1369  train_AUPR=0.9097  train_P@5=0.9227  train_P@10=0.6187  val_loss=0.1674  val_AUPR=0.5937  val_P@5=0.6414  val_P@10=0.4587
Ep060  LR0=5.00e-07  pw=1.01  aucα=0.400  token_p=0.010  dropE=(0.010,0.050)  smooth=0.010  train_loss=0.1373  train_AUPR=0.9099  train_P@5=0.9233  train_P@10=0.6186  val_loss=0.1674  val_AUPR=0.5935  val_P@5=0.6412  val_P@10=0.4583
Ep061  LR0=5.00e-07  pw=1.01  aucα=0.400  token_p=0.010  dropE=(0.010,0.050)  smooth=0.010  train_loss=0.1371  train_AUPR=0.9100  train_P@5=0.9232  train_P@10=0.6187  val_loss=0.1673  val_AUPR=0.5933  val_P@5=0.6420  val_P@10=0.4586
Ep062  LR0=5.00e-07  pw=1.01  aucα=0.400  token_p=0.010  dropE=(0.010,0.050)  smooth=0.010  train_loss=0.1369  train_AUPR=0.9102  train_P@5=0.9234  train_P@10=0.6188  val_loss=0.1673  val_AUPR=0.5931  val_P@5=0.6420  val_P@10=0.4588
Ep063  LR0=5.00e-07  pw=1.01  aucα=0.400  token_p=0.010  dropE=(0.010,0.050)  smooth=0.010  train_loss=0.1373  train_AUPR=0.9105  train_P@5=0.9239  train_P@10=0.6188  val_loss=0.1673  val_AUPR=0.5928  val_P@5=0.6418  val_P@10=0.4586
Ep064  LR0=5.00e-07  pw=1.00  aucα=0.400  token_p=0.010  dropE=(0.010,0.050)  smooth=0.010  train_loss=0.1359  train_AUPR=0.9105  train_P@5=0.9237  train_P@10=0.6190  val_loss=0.1673  val_AUPR=0.5927  val_P@5=0.6416  val_P@10=0.4586
Ep065  LR0=5.00e-07  pw=1.00  aucα=0.400  token_p=0.010  dropE=(0.010,0.050)  smooth=0.010  train_loss=0.1358  train_AUPR=0.9106  train_P@5=0.9239  train_P@10=0.6190  val_loss=0.1673  val_AUPR=0.5925  val_P@5=0.6416  val_P@10=0.4585
Ep066  LR0=5.00e-07  pw=1.00  aucα=0.400  token_p=0.010  dropE=(0.010,0.050)  smooth=0.010  train_loss=0.1359  train_AUPR=0.9108  train_P@5=0.9241  train_P@10=0.6189  val_loss=0.1673  val_AUPR=0.5923  val_P@5=0.6414  val_P@10=0.4587
Ep067  LR0=5.00e-07  pw=1.00  aucα=0.400  token_p=0.010  dropE=(0.010,0.050)  smooth=0.010  train_loss=0.1359  train_AUPR=0.9109  train_P@5=0.9238  train_P@10=0.6191  val_loss=0.1674  val_AUPR=0.5921  val_P@5=0.6416  val_P@10=0.4586
Ep068  LR0=5.00e-07  pw=1.00  aucα=0.400  token_p=0.010  dropE=(0.010,0.050)  smooth=0.010  train_loss=0.1356  train_AUPR=0.9110  train_P@5=0.9239  train_P@10=0.6191  val_loss=0.1674  val_AUPR=0.5919  val_P@5=0.6414  val_P@10=0.4585
Ep069  LR0=5.00e-07  pw=1.00  aucα=0.400  token_p=0.010  dropE=(0.010,0.050)  smooth=0.010  train_loss=0.1357  train_AUPR=0.9111  train_P@5=0.9243  train_P@10=0.6193  val_loss=0.1674  val_AUPR=0.5918  val_P@5=0.6414  val_P@10=0.4581
Ep070  LR0=5.00e-07  pw=1.00  aucα=0.400  token_p=0.010  dropE=(0.010,0.050)  smooth=0.010  train_loss=0.1355  train_AUPR=0.9113  train_P@5=0.9248  train_P@10=0.6193  val_loss=0.1674  val_AUPR=0.5916  val_P@5=0.6416  val_P@10=0.4579
Ep071  LR0=5.00e-07  pw=1.00  aucα=0.400  token_p=0.010  dropE=(0.010,0.050)  smooth=0.010  train_loss=0.1364  train_AUPR=0.9115  train_P@5=0.9251  train_P@10=0.6194  val_loss=0.1674  val_AUPR=0.5915  val_P@5=0.6418  val_P@10=0.4580
Ep072  LR0=5.00e-07  pw=1.00  aucα=0.400  token_p=0.010  dropE=(0.010,0.050)  smooth=0.010  train_loss=0.1355  train_AUPR=0.9118  train_P@5=0.9250  train_P@10=0.6193  val_loss=0.1675  val_AUPR=0.5913  val_P@5=0.6414  val_P@10=0.4581
Ep073  LR0=5.00e-07  pw=1.00  aucα=0.400  token_p=0.010  dropE=(0.010,0.050)  smooth=0.010  train_loss=0.1366  train_AUPR=0.9118  train_P@5=0.9253  train_P@10=0.6196  val_loss=0.1675  val_AUPR=0.5912  val_P@5=0.6414  val_P@10=0.4580
Ep074  LR0=5.00e-07  pw=1.00  aucα=0.400  token_p=0.010  dropE=(0.010,0.050)  smooth=0.010  train_loss=0.1358  train_AUPR=0.9119  train_P@5=0.9252  train_P@10=0.6196  val_loss=0.1675  val_AUPR=0.5911  val_P@5=0.6414  val_P@10=0.4579
Ep075  LR0=5.00e-07  pw=1.00  aucα=0.400  token_p=0.010  dropE=(0.010,0.050)  smooth=0.010  train_loss=0.1342  train_AUPR=0.9120  train_P@5=0.9250  train_P@10=0.6198  val_loss=0.1676  val_AUPR=0.5910  val_P@5=0.6410  val_P@10=0.4580
Ep076  LR0=5.00e-07  pw=1.00  aucα=0.400  token_p=0.010  dropE=(0.010,0.050)  smooth=0.010  train_loss=0.1347  train_AUPR=0.9120  train_P@5=0.9250  train_P@10=0.6199  val_loss=0.1676  val_AUPR=0.5908  val_P@5=0.6410  val_P@10=0.4578
Ep077  LR0=5.00e-07  pw=1.00  aucα=0.400  token_p=0.010  dropE=(0.010,0.050)  smooth=0.010  train_loss=0.1353  train_AUPR=0.9121  train_P@5=0.9256  train_P@10=0.6198  val_loss=0.1676  val_AUPR=0.5907  val_P@5=0.6406  val_P@10=0.4579
Ep078  LR0=5.00e-07  pw=1.00  aucα=0.400  token_p=0.010  dropE=(0.010,0.050)  smooth=0.010  train_loss=0.1362  train_AUPR=0.9123  train_P@5=0.9260  train_P@10=0.6199  val_loss=0.1677  val_AUPR=0.5906  val_P@5=0.6404  val_P@10=0.4576
Ep079  LR0=5.00e-07  pw=1.00  aucα=0.400  token_p=0.010  dropE=(0.010,0.050)  smooth=0.010  train_loss=0.1338  train_AUPR=0.9125  train_P@5=0.9260  train_P@10=0.6201  val_loss=0.1677  val_AUPR=0.5904  val_P@5=0.6402  val_P@10=0.4575
Ep080  LR0=5.00e-07  pw=1.00  aucα=0.400  token_p=0.010  dropE=(0.010,0.050)  smooth=0.010  train_loss=0.1360  train_AUPR=0.9128  train_P@5=0.9267  train_P@10=0.6201  val_loss=0.1677  val_AUPR=0.5903  val_P@5=0.6402  val_P@10=0.4575
Early stop triggered: neither val_AUPR nor val_loss improved for 20 epochs.
Saved iPara_l1_g10_i5_do0.10_dpr0.05_lr0.0002_heads16_fold1.pth  (best val AUPR=0.6071)
Saved iPara_l1_g10_i5_do0.10_dpr0.05_lr0.0002_heads16_fold1_best_aupr.pth
Saved iPara_l1_g10_i5_do0.10_dpr0.05_lr0.0002_heads16_fold1_best_loss.pth  (best val loss=0.1674)

── Fold 2/5
Train labels: pos=26650, neg=374184, ignore=696766, pos_rate=0.066486
Val labels: pos=6580, neg=92778, ignore=175842, pos_rate=0.066225
Initializing ClassificationModel with 10 GAT layers and residual connections...
Initializing MCModel with 10 GAT layers and 5 row attention layers (drop_path_rate=0.05)
Initializing CoreModel with 1 layers, drop_path_rate=0.05
Ep000  LR0=2.00e-05  pw=15.00  aucα=0.000  token_p=0.000  dropE=(0.000,0.000)  smooth=0.000  train_loss=0.6074  train_AUPR=0.3811  train_P@5=0.4402  train_P@10=0.3433  val_loss=0.5430  val_AUPR=0.3797  val_P@5=0.4421  val_P@10=0.3346
Ep001  LR0=3.00e-05  pw=13.35  aucα=0.000  token_p=0.000  dropE=(0.000,0.000)  smooth=0.000  train_loss=0.5086  train_AUPR=0.4287  train_P@5=0.4926  train_P@10=0.3728  val_loss=0.4577  val_AUPR=0.4264  val_P@5=0.4989  val_P@10=0.3683
Ep002  LR0=4.00e-05  pw=11.90  aucα=0.000  token_p=0.000  dropE=(0.000,0.000)  smooth=0.000  train_loss=0.4696  train_AUPR=0.4622  train_P@5=0.5382  train_P@10=0.3892  val_loss=0.4454  val_AUPR=0.4480  val_P@5=0.5317  val_P@10=0.3836
Ep003  LR0=5.00e-05  pw=10.62  aucα=0.000  token_p=0.000  dropE=(0.000,0.000)  smooth=0.000  train_loss=0.4465  train_AUPR=0.4924  train_P@5=0.5600  train_P@10=0.4051  val_loss=0.4348  val_AUPR=0.4750  val_P@5=0.5480  val_P@10=0.3979
Ep004  LR0=6.00e-05  pw=9.49  aucα=0.057  token_p=0.000  dropE=(0.000,0.000)  smooth=0.000  train_loss=0.4369  train_AUPR=0.5295  train_P@5=0.5874  train_P@10=0.4266  val_loss=0.4062  val_AUPR=0.5123  val_P@5=0.5810  val_P@10=0.4168
Ep005  LR0=7.00e-05  pw=8.49  aucα=0.114  token_p=0.000  dropE=(0.000,0.000)  smooth=0.000  train_loss=0.4309  train_AUPR=0.5470  train_P@5=0.5978  train_P@10=0.4342  val_loss=0.4011  val_AUPR=0.5262  val_P@5=0.5939  val_P@10=0.4274
Ep006  LR0=8.00e-05  pw=7.61  aucα=0.171  token_p=0.001  dropE=(0.001,0.005)  smooth=0.001  train_loss=0.4243  train_AUPR=0.5457  train_P@5=0.6028  train_P@10=0.4308  val_loss=0.4075  val_AUPR=0.5191  val_P@5=0.5901  val_P@10=0.4215
Ep007  LR0=9.00e-05  pw=6.84  aucα=0.229  token_p=0.002  dropE=(0.002,0.010)  smooth=0.002  train_loss=0.4234  train_AUPR=0.5823  train_P@5=0.6287  train_P@10=0.4509  val_loss=0.3731  val_AUPR=0.5544  val_P@5=0.6157  val_P@10=0.4379
Ep008  LR0=1.00e-04  pw=6.15  aucα=0.286  token_p=0.003  dropE=(0.003,0.015)  smooth=0.003  train_loss=0.4177  train_AUPR=0.5667  train_P@5=0.6163  train_P@10=0.4424  val_loss=0.3746  val_AUPR=0.5391  val_P@5=0.6060  val_P@10=0.4299
Ep009  LR0=1.00e-04  pw=5.55  aucα=0.343  token_p=0.004  dropE=(0.004,0.020)  smooth=0.004  train_loss=0.4146  train_AUPR=0.5878  train_P@5=0.6345  train_P@10=0.4530  val_loss=0.3730  val_AUPR=0.5563  val_P@5=0.6213  val_P@10=0.4364
[Info] Unfroze 'dym' params after warmup (epoch=10). Added core=66 tensors, other=0 tensors.
Ep010  LR0=2.00e-05  pw=5.01  aucα=0.400  token_p=0.005  dropE=(0.005,0.025)  smooth=0.005  train_loss=0.3892  train_AUPR=0.6320  train_P@5=0.6624  train_P@10=0.4757  val_loss=0.3430  val_AUPR=0.5844  val_P@5=0.6340  val_P@10=0.4502
Ep011  LR0=3.00e-05  pw=4.54  aucα=0.400  token_p=0.006  dropE=(0.006,0.030)  smooth=0.006  train_loss=0.3756  train_AUPR=0.6325  train_P@5=0.6629  train_P@10=0.4760  val_loss=0.3276  val_AUPR=0.5822  val_P@5=0.6374  val_P@10=0.4486
Ep012  LR0=4.00e-05  pw=4.12  aucα=0.400  token_p=0.007  dropE=(0.007,0.035)  smooth=0.007  train_loss=0.3685  train_AUPR=0.6434  train_P@5=0.6718  train_P@10=0.4808  val_loss=0.3184  val_AUPR=0.5901  val_P@5=0.6426  val_P@10=0.4499
Ep013  LR0=5.00e-05  pw=3.76  aucα=0.400  token_p=0.008  dropE=(0.008,0.040)  smooth=0.008  train_loss=0.3601  train_AUPR=0.6421  train_P@5=0.6686  train_P@10=0.4797  val_loss=0.3083  val_AUPR=0.5876  val_P@5=0.6398  val_P@10=0.4522
Ep014  LR0=6.00e-05  pw=3.43  aucα=0.400  token_p=0.009  dropE=(0.009,0.045)  smooth=0.009  train_loss=0.3529  train_AUPR=0.6529  train_P@5=0.6838  train_P@10=0.4838  val_loss=0.2943  val_AUPR=0.5915  val_P@5=0.6463  val_P@10=0.4456
Ep015  LR0=7.00e-05  pw=3.15  aucα=0.400  token_p=0.010  dropE=(0.010,0.050)  smooth=0.010  train_loss=0.3449  train_AUPR=0.6496  train_P@5=0.6806  train_P@10=0.4847  val_loss=0.2849  val_AUPR=0.5809  val_P@5=0.6340  val_P@10=0.4451
Ep016  LR0=8.00e-05  pw=2.89  aucα=0.400  token_p=0.010  dropE=(0.010,0.050)  smooth=0.010  train_loss=0.3358  train_AUPR=0.6671  train_P@5=0.6913  train_P@10=0.4929  val_loss=0.2746  val_AUPR=0.5886  val_P@5=0.6366  val_P@10=0.4501
Ep017  LR0=9.00e-05  pw=2.67  aucα=0.400  token_p=0.010  dropE=(0.010,0.050)  smooth=0.010  train_loss=0.3304  train_AUPR=0.6699  train_P@5=0.6949  train_P@10=0.4917  val_loss=0.2691  val_AUPR=0.5929  val_P@5=0.6501  val_P@10=0.4504
Ep018  LR0=1.00e-04  pw=2.48  aucα=0.400  token_p=0.010  dropE=(0.010,0.050)  smooth=0.010  train_loss=0.3236  train_AUPR=0.6419  train_P@5=0.6698  train_P@10=0.4682  val_loss=0.2667  val_AUPR=0.5757  val_P@5=0.6406  val_P@10=0.4436
Ep019  LR0=1.00e-04  pw=2.30  aucα=0.400  token_p=0.010  dropE=(0.010,0.050)  smooth=0.010  train_loss=0.3154  train_AUPR=0.6863  train_P@5=0.7087  train_P@10=0.5011  val_loss=0.2483  val_AUPR=0.5925  val_P@5=0.6483  val_P@10=0.4508
Ep020  LR0=1.00e-04  pw=2.15  aucα=0.400  token_p=0.010  dropE=(0.010,0.050)  smooth=0.010  train_loss=0.3055  train_AUPR=0.6810  train_P@5=0.7020  train_P@10=0.5007  val_loss=0.2427  val_AUPR=0.5967  val_P@5=0.6551  val_P@10=0.4514
Ep021  LR0=9.99e-05  pw=2.01  aucα=0.400  token_p=0.010  dropE=(0.010,0.050)  smooth=0.010  train_loss=0.2935  train_AUPR=0.6983  train_P@5=0.7186  train_P@10=0.5136  val_loss=0.2351  val_AUPR=0.5902  val_P@5=0.6487  val_P@10=0.4498
Ep022  LR0=9.97e-05  pw=1.89  aucα=0.400  token_p=0.010  dropE=(0.010,0.050)  smooth=0.010  train_loss=0.2830  train_AUPR=0.7014  train_P@5=0.7169  train_P@10=0.5102  val_loss=0.2260  val_AUPR=0.5946  val_P@5=0.6443  val_P@10=0.4476
Ep023  LR0=9.95e-05  pw=1.79  aucα=0.400  token_p=0.010  dropE=(0.010,0.050)  smooth=0.010  train_loss=0.2745  train_AUPR=0.7211  train_P@5=0.7390  train_P@10=0.5204  val_loss=0.2214  val_AUPR=0.5986  val_P@5=0.6501  val_P@10=0.4508
Ep024  LR0=9.92e-05  pw=1.70  aucα=0.400  token_p=0.010  dropE=(0.010,0.050)  smooth=0.010  train_loss=0.2639  train_AUPR=0.7061  train_P@5=0.7240  train_P@10=0.5173  val_loss=0.2185  val_AUPR=0.5814  val_P@5=0.6197  val_P@10=0.4500
Ep025  LR0=9.89e-05  pw=1.62  aucα=0.400  token_p=0.010  dropE=(0.010,0.050)  smooth=0.010  train_loss=0.2589  train_AUPR=0.7405  train_P@5=0.7612  train_P@10=0.5305  val_loss=0.2086  val_AUPR=0.6060  val_P@5=0.6519  val_P@10=0.4552
Ep026  LR0=9.85e-05  pw=1.54  aucα=0.400  token_p=0.010  dropE=(0.010,0.050)  smooth=0.010  train_loss=0.2489  train_AUPR=0.7505  train_P@5=0.7682  train_P@10=0.5418  val_loss=0.2097  val_AUPR=0.5791  val_P@5=0.6316  val_P@10=0.4387
Ep027  LR0=9.81e-05  pw=1.48  aucα=0.400  token_p=0.010  dropE=(0.010,0.050)  smooth=0.010  train_loss=0.2394  train_AUPR=0.7609  train_P@5=0.7722  train_P@10=0.5468  val_loss=0.2011  val_AUPR=0.5775  val_P@5=0.6285  val_P@10=0.4502
Ep028  LR0=9.76e-05  pw=1.42  aucα=0.400  token_p=0.010  dropE=(0.010,0.050)  smooth=0.010  train_loss=0.2341  train_AUPR=0.7875  train_P@5=0.7957  train_P@10=0.5567  val_loss=0.2015  val_AUPR=0.5965  val_P@5=0.6523  val_P@10=0.4446
Ep029  LR0=9.70e-05  pw=1.37  aucα=0.400  token_p=0.010  dropE=(0.010,0.050)  smooth=0.010  train_loss=0.2238  train_AUPR=0.7926  train_P@5=0.8008  train_P@10=0.5584  val_loss=0.1928  val_AUPR=0.5968  val_P@5=0.6475  val_P@10=0.4485
Ep030  LR0=9.46e-05  pw=1.33  aucα=0.400  token_p=0.010  dropE=(0.010,0.050)  smooth=0.010  train_loss=0.2175  train_AUPR=0.8021  train_P@5=0.8115  train_P@10=0.5639  val_loss=0.1886  val_AUPR=0.5911  val_P@5=0.6372  val_P@10=0.4494
Ep031  LR0=8.78e-05  pw=1.29  aucα=0.400  token_p=0.010  dropE=(0.010,0.050)  smooth=0.010  train_loss=0.2117  train_AUPR=0.8183  train_P@5=0.8263  train_P@10=0.5762  val_loss=0.1844  val_AUPR=0.6015  val_P@5=0.6487  val_P@10=0.4547
Ep032  LR0=7.71e-05  pw=1.26  aucα=0.400  token_p=0.010  dropE=(0.010,0.050)  smooth=0.010  train_loss=0.2007  train_AUPR=0.8341  train_P@5=0.8421  train_P@10=0.5801  val_loss=0.1817  val_AUPR=0.6045  val_P@5=0.6499  val_P@10=0.4552
Ep033  LR0=6.37e-05  pw=1.23  aucα=0.400  token_p=0.010  dropE=(0.010,0.050)  smooth=0.010  train_loss=0.1880  train_AUPR=0.8526  train_P@5=0.8625  train_P@10=0.5899  val_loss=0.1797  val_AUPR=0.6033  val_P@5=0.6501  val_P@10=0.4545
Ep034  LR0=4.87e-05  pw=1.20  aucα=0.400  token_p=0.010  dropE=(0.010,0.050)  smooth=0.010  train_loss=0.1799  train_AUPR=0.8709  train_P@5=0.8811  train_P@10=0.6004  val_loss=0.1781  val_AUPR=0.6035  val_P@5=0.6491  val_P@10=0.4546
Ep035  LR0=3.38e-05  pw=1.18  aucα=0.400  token_p=0.010  dropE=(0.010,0.050)  smooth=0.010  train_loss=0.1675  train_AUPR=0.8784  train_P@5=0.8872  train_P@10=0.6056  val_loss=0.1762  val_AUPR=0.6040  val_P@5=0.6497  val_P@10=0.4542
Ep036  LR0=2.04e-05  pw=1.16  aucα=0.400  token_p=0.010  dropE=(0.010,0.050)  smooth=0.010  train_loss=0.1578  train_AUPR=0.8995  train_P@5=0.9113  train_P@10=0.6165  val_loss=0.1752  val_AUPR=0.6018  val_P@5=0.6495  val_P@10=0.4545
Ep037  LR0=9.71e-06  pw=1.14  aucα=0.400  token_p=0.010  dropE=(0.010,0.050)  smooth=0.010  train_loss=0.1487  train_AUPR=0.9067  train_P@5=0.9197  train_P@10=0.6202  val_loss=0.1743  val_AUPR=0.5987  val_P@5=0.6469  val_P@10=0.4542
Ep038  LR0=2.86e-06  pw=1.12  aucα=0.400  token_p=0.010  dropE=(0.010,0.050)  smooth=0.010  train_loss=0.1431  train_AUPR=0.9119  train_P@5=0.9262  train_P@10=0.6228  val_loss=0.1735  val_AUPR=0.5969  val_P@5=0.6465  val_P@10=0.4537
Ep039  LR0=5.00e-07  pw=1.11  aucα=0.400  token_p=0.010  dropE=(0.010,0.050)  smooth=0.010  train_loss=0.1377  train_AUPR=0.9147  train_P@5=0.9280  train_P@10=0.6244  val_loss=0.1727  val_AUPR=0.5947  val_P@5=0.6457  val_P@10=0.4541
Ep040  LR0=5.00e-07  pw=1.09  aucα=0.400  token_p=0.010  dropE=(0.010,0.050)  smooth=0.010  train_loss=0.1364  train_AUPR=0.9152  train_P@5=0.9288  train_P@10=0.6243  val_loss=0.1720  val_AUPR=0.5929  val_P@5=0.6455  val_P@10=0.4535
Ep041  LR0=5.00e-07  pw=1.08  aucα=0.400  token_p=0.010  dropE=(0.010,0.050)  smooth=0.010  train_loss=0.1368  train_AUPR=0.9154  train_P@5=0.9291  train_P@10=0.6247  val_loss=0.1714  val_AUPR=0.5913  val_P@5=0.6436  val_P@10=0.4533
Ep042  LR0=5.00e-07  pw=1.07  aucα=0.400  token_p=0.010  dropE=(0.010,0.050)  smooth=0.010  train_loss=0.1371  train_AUPR=0.9159  train_P@5=0.9302  train_P@10=0.6248  val_loss=0.1708  val_AUPR=0.5900  val_P@5=0.6432  val_P@10=0.4531
Ep043  LR0=5.00e-07  pw=1.06  aucα=0.400  token_p=0.010  dropE=(0.010,0.050)  smooth=0.010  train_loss=0.1347  train_AUPR=0.9160  train_P@5=0.9305  train_P@10=0.6251  val_loss=0.1704  val_AUPR=0.5888  val_P@5=0.6420  val_P@10=0.4537
Ep044  LR0=5.00e-07  pw=1.06  aucα=0.400  token_p=0.010  dropE=(0.010,0.050)  smooth=0.010  train_loss=0.1348  train_AUPR=0.9159  train_P@5=0.9300  train_P@10=0.6250  val_loss=0.1699  val_AUPR=0.5876  val_P@5=0.6420  val_P@10=0.4542
Ep045  LR0=5.00e-07  pw=1.05  aucα=0.400  token_p=0.010  dropE=(0.010,0.050)  smooth=0.010  train_loss=0.1347  train_AUPR=0.9162  train_P@5=0.9302  train_P@10=0.6252  val_loss=0.1695  val_AUPR=0.5866  val_P@5=0.6414  val_P@10=0.4543
Ep046  LR0=5.00e-07  pw=1.04  aucα=0.400  token_p=0.010  dropE=(0.010,0.050)  smooth=0.010  train_loss=0.1350  train_AUPR=0.9165  train_P@5=0.9306  train_P@10=0.6254  val_loss=0.1692  val_AUPR=0.5858  val_P@5=0.6418  val_P@10=0.4542
Ep047  LR0=5.00e-07  pw=1.04  aucα=0.400  token_p=0.010  dropE=(0.010,0.050)  smooth=0.010  train_loss=0.1340  train_AUPR=0.9166  train_P@5=0.9306  train_P@10=0.6255  val_loss=0.1689  val_AUPR=0.5849  val_P@5=0.6412  val_P@10=0.4541
Ep048  LR0=5.00e-07  pw=1.03  aucα=0.400  token_p=0.010  dropE=(0.010,0.050)  smooth=0.010  train_loss=0.1327  train_AUPR=0.9168  train_P@5=0.9306  train_P@10=0.6255  val_loss=0.1686  val_AUPR=0.5841  val_P@5=0.6408  val_P@10=0.4539
Ep049  LR0=5.00e-07  pw=1.03  aucα=0.400  token_p=0.010  dropE=(0.010,0.050)  smooth=0.010  train_loss=0.1325  train_AUPR=0.9170  train_P@5=0.9316  train_P@10=0.6255  val_loss=0.1684  val_AUPR=0.5834  val_P@5=0.6406  val_P@10=0.4536
Ep050  LR0=5.00e-07  pw=1.03  aucα=0.400  token_p=0.010  dropE=(0.010,0.050)  smooth=0.010  train_loss=0.1325  train_AUPR=0.9171  train_P@5=0.9313  train_P@10=0.6257  val_loss=0.1682  val_AUPR=0.5828  val_P@5=0.6408  val_P@10=0.4537
Ep051  LR0=5.00e-07  pw=1.02  aucα=0.400  token_p=0.010  dropE=(0.010,0.050)  smooth=0.010  train_loss=0.1322  train_AUPR=0.9173  train_P@5=0.9312  train_P@10=0.6258  val_loss=0.1681  val_AUPR=0.5821  val_P@5=0.6406  val_P@10=0.4540
Ep052  LR0=5.00e-07  pw=1.02  aucα=0.400  token_p=0.010  dropE=(0.010,0.050)  smooth=0.010  train_loss=0.1331  train_AUPR=0.9174  train_P@5=0.9313  train_P@10=0.6258  val_loss=0.1679  val_AUPR=0.5815  val_P@5=0.6404  val_P@10=0.4541
Ep053  LR0=5.00e-07  pw=1.02  aucα=0.400  token_p=0.010  dropE=(0.010,0.050)  smooth=0.010  train_loss=0.1325  train_AUPR=0.9175  train_P@5=0.9316  train_P@10=0.6258  val_loss=0.1678  val_AUPR=0.5810  val_P@5=0.6400  val_P@10=0.4544
Ep054  LR0=5.00e-07  pw=1.02  aucα=0.400  token_p=0.010  dropE=(0.010,0.050)  smooth=0.010  train_loss=0.1319  train_AUPR=0.9177  train_P@5=0.9319  train_P@10=0.6260  val_loss=0.1677  val_AUPR=0.5805  val_P@5=0.6396  val_P@10=0.4545
Ep055  LR0=5.00e-07  pw=1.01  aucα=0.400  token_p=0.010  dropE=(0.010,0.050)  smooth=0.010  train_loss=0.1335  train_AUPR=0.9178  train_P@5=0.9317  train_P@10=0.6261  val_loss=0.1676  val_AUPR=0.5800  val_P@5=0.6398  val_P@10=0.4544
Ep056  LR0=5.00e-07  pw=1.01  aucα=0.400  token_p=0.010  dropE=(0.010,0.050)  smooth=0.010  train_loss=0.1328  train_AUPR=0.9180  train_P@5=0.9316  train_P@10=0.6261  val_loss=0.1676  val_AUPR=0.5796  val_P@5=0.6400  val_P@10=0.4544
Ep057  LR0=5.00e-07  pw=1.01  aucα=0.400  token_p=0.010  dropE=(0.010,0.050)  smooth=0.010  train_loss=0.1322  train_AUPR=0.9181  train_P@5=0.9314  train_P@10=0.6260  val_loss=0.1675  val_AUPR=0.5792  val_P@5=0.6398  val_P@10=0.4544
Ep058  LR0=5.00e-07  pw=1.01  aucα=0.400  token_p=0.010  dropE=(0.010,0.050)  smooth=0.010  train_loss=0.1314  train_AUPR=0.9184  train_P@5=0.9322  train_P@10=0.6262  val_loss=0.1675  val_AUPR=0.5788  val_P@5=0.6394  val_P@10=0.4544
Ep059  LR0=5.00e-07  pw=1.01  aucα=0.400  token_p=0.010  dropE=(0.010,0.050)  smooth=0.010  train_loss=0.1312  train_AUPR=0.9185  train_P@5=0.9326  train_P@10=0.6264  val_loss=0.1675  val_AUPR=0.5784  val_P@5=0.6394  val_P@10=0.4543
Ep060  LR0=5.00e-07  pw=1.01  aucα=0.400  token_p=0.010  dropE=(0.010,0.050)  smooth=0.010  train_loss=0.1321  train_AUPR=0.9187  train_P@5=0.9324  train_P@10=0.6266  val_loss=0.1675  val_AUPR=0.5781  val_P@5=0.6396  val_P@10=0.4542
Ep061  LR0=5.00e-07  pw=1.01  aucα=0.400  token_p=0.010  dropE=(0.010,0.050)  smooth=0.010  train_loss=0.1303  train_AUPR=0.9188  train_P@5=0.9329  train_P@10=0.6265  val_loss=0.1674  val_AUPR=0.5778  val_P@5=0.6396  val_P@10=0.4543
Ep062  LR0=5.00e-07  pw=1.01  aucα=0.400  token_p=0.010  dropE=(0.010,0.050)  smooth=0.010  train_loss=0.1311  train_AUPR=0.9189  train_P@5=0.9331  train_P@10=0.6264  val_loss=0.1674  val_AUPR=0.5775  val_P@5=0.6396  val_P@10=0.4543
Ep063  LR0=5.00e-07  pw=1.01  aucα=0.400  token_p=0.010  dropE=(0.010,0.050)  smooth=0.010  train_loss=0.1312  train_AUPR=0.9190  train_P@5=0.9327  train_P@10=0.6264  val_loss=0.1675  val_AUPR=0.5773  val_P@5=0.6398  val_P@10=0.4542
Ep064  LR0=5.00e-07  pw=1.00  aucα=0.400  token_p=0.010  dropE=(0.010,0.050)  smooth=0.010  train_loss=0.1306  train_AUPR=0.9192  train_P@5=0.9330  train_P@10=0.6265  val_loss=0.1675  val_AUPR=0.5770  val_P@5=0.6398  val_P@10=0.4542
Ep065  LR0=5.00e-07  pw=1.00  aucα=0.400  token_p=0.010  dropE=(0.010,0.050)  smooth=0.010  train_loss=0.1313  train_AUPR=0.9195  train_P@5=0.9334  train_P@10=0.6268  val_loss=0.1675  val_AUPR=0.5768  val_P@5=0.6396  val_P@10=0.4540
Ep066  LR0=5.00e-07  pw=1.00  aucα=0.400  token_p=0.010  dropE=(0.010,0.050)  smooth=0.010  train_loss=0.1311  train_AUPR=0.9196  train_P@5=0.9339  train_P@10=0.6267  val_loss=0.1675  val_AUPR=0.5766  val_P@5=0.6392  val_P@10=0.4541
Ep067  LR0=5.00e-07  pw=1.00  aucα=0.400  token_p=0.010  dropE=(0.010,0.050)  smooth=0.010  train_loss=0.1311  train_AUPR=0.9198  train_P@5=0.9339  train_P@10=0.6268  val_loss=0.1675  val_AUPR=0.5764  val_P@5=0.6394  val_P@10=0.4541
Ep068  LR0=5.00e-07  pw=1.00  aucα=0.400  token_p=0.010  dropE=(0.010,0.050)  smooth=0.010  train_loss=0.1308  train_AUPR=0.9198  train_P@5=0.9337  train_P@10=0.6267  val_loss=0.1675  val_AUPR=0.5762  val_P@5=0.6390  val_P@10=0.4541
Ep069  LR0=5.00e-07  pw=1.00  aucα=0.400  token_p=0.010  dropE=(0.010,0.050)  smooth=0.010  train_loss=0.1321  train_AUPR=0.9200  train_P@5=0.9342  train_P@10=0.6269  val_loss=0.1675  val_AUPR=0.5760  val_P@5=0.6392  val_P@10=0.4541
Ep070  LR0=5.00e-07  pw=1.00  aucα=0.400  token_p=0.010  dropE=(0.010,0.050)  smooth=0.010  train_loss=0.1304  train_AUPR=0.9202  train_P@5=0.9341  train_P@10=0.6268  val_loss=0.1676  val_AUPR=0.5757  val_P@5=0.6386  val_P@10=0.4541
Ep071  LR0=5.00e-07  pw=1.00  aucα=0.400  token_p=0.010  dropE=(0.010,0.050)  smooth=0.010  train_loss=0.1303  train_AUPR=0.9201  train_P@5=0.9342  train_P@10=0.6270  val_loss=0.1676  val_AUPR=0.5755  val_P@5=0.6390  val_P@10=0.4540
Ep072  LR0=5.00e-07  pw=1.00  aucα=0.400  token_p=0.010  dropE=(0.010,0.050)  smooth=0.010  train_loss=0.1311  train_AUPR=0.9201  train_P@5=0.9342  train_P@10=0.6271  val_loss=0.1676  val_AUPR=0.5753  val_P@5=0.6386  val_P@10=0.4542
Ep073  LR0=5.00e-07  pw=1.00  aucα=0.400  token_p=0.010  dropE=(0.010,0.050)  smooth=0.010  train_loss=0.1307  train_AUPR=0.9204  train_P@5=0.9345  train_P@10=0.6273  val_loss=0.1677  val_AUPR=0.5751  val_P@5=0.6384  val_P@10=0.4542
Ep074  LR0=5.00e-07  pw=1.00  aucα=0.400  token_p=0.010  dropE=(0.010,0.050)  smooth=0.010  train_loss=0.1298  train_AUPR=0.9206  train_P@5=0.9348  train_P@10=0.6274  val_loss=0.1677  val_AUPR=0.5749  val_P@5=0.6384  val_P@10=0.4543
Ep075  LR0=5.00e-07  pw=1.00  aucα=0.400  token_p=0.010  dropE=(0.010,0.050)  smooth=0.010  train_loss=0.1303  train_AUPR=0.9207  train_P@5=0.9347  train_P@10=0.6273  val_loss=0.1677  val_AUPR=0.5747  val_P@5=0.6384  val_P@10=0.4543
Ep076  LR0=5.00e-07  pw=1.00  aucα=0.400  token_p=0.010  dropE=(0.010,0.050)  smooth=0.010  train_loss=0.1301  train_AUPR=0.9206  train_P@5=0.9347  train_P@10=0.6274  val_loss=0.1678  val_AUPR=0.5745  val_P@5=0.6382  val_P@10=0.4542
Ep077  LR0=5.00e-07  pw=1.00  aucα=0.400  token_p=0.010  dropE=(0.010,0.050)  smooth=0.010  train_loss=0.1297  train_AUPR=0.9208  train_P@5=0.9349  train_P@10=0.6275  val_loss=0.1678  val_AUPR=0.5743  val_P@5=0.6382  val_P@10=0.4542
Early stop triggered: neither val_AUPR nor val_loss improved for 20 epochs.
Saved iPara_l1_g10_i5_do0.10_dpr0.05_lr0.0002_heads16_fold2.pth  (best val AUPR=0.6060)
Saved iPara_l1_g10_i5_do0.10_dpr0.05_lr0.0002_heads16_fold2_best_aupr.pth
Saved iPara_l1_g10_i5_do0.10_dpr0.05_lr0.0002_heads16_fold2_best_loss.pth  (best val loss=0.1675)

── Fold 3/5
Train labels: pos=26660, neg=375289, ignore=695651, pos_rate=0.066327
Val labels: pos=6570, neg=91673, ignore=176957, pos_rate=0.066875
Initializing ClassificationModel with 10 GAT layers and residual connections...
Initializing MCModel with 10 GAT layers and 5 row attention layers (drop_path_rate=0.05)
Initializing CoreModel with 1 layers, drop_path_rate=0.05
Ep000  LR0=2.00e-05  pw=15.00  aucα=0.000  token_p=0.000  dropE=(0.000,0.000)  smooth=0.000  train_loss=0.5852  train_AUPR=0.3823  train_P@5=0.4461  train_P@10=0.3460  val_loss=0.4840  val_AUPR=0.3921  val_P@5=0.4503  val_P@10=0.3473
Ep001  LR0=3.00e-05  pw=13.35  aucα=0.000  token_p=0.000  dropE=(0.000,0.000)  smooth=0.000  train_loss=0.4908  train_AUPR=0.4458  train_P@5=0.5114  train_P@10=0.3823  val_loss=0.4827  val_AUPR=0.4437  val_P@5=0.5004  val_P@10=0.3780
Ep002  LR0=4.00e-05  pw=11.90  aucα=0.000  token_p=0.000  dropE=(0.000,0.000)  smooth=0.000  train_loss=0.4599  train_AUPR=0.4770  train_P@5=0.5456  train_P@10=0.4011  val_loss=0.4425  val_AUPR=0.4655  val_P@5=0.5318  val_P@10=0.3957
Ep003  LR0=5.00e-05  pw=10.62  aucα=0.000  token_p=0.000  dropE=(0.000,0.000)  smooth=0.000  train_loss=0.4396  train_AUPR=0.5080  train_P@5=0.5796  train_P@10=0.4190  val_loss=0.4320  val_AUPR=0.5047  val_P@5=0.5670  val_P@10=0.4113
Ep004  LR0=6.00e-05  pw=9.49  aucα=0.057  token_p=0.000  dropE=(0.000,0.000)  smooth=0.000  train_loss=0.4305  train_AUPR=0.5275  train_P@5=0.5765  train_P@10=0.4236  val_loss=0.4007  val_AUPR=0.5191  val_P@5=0.5662  val_P@10=0.4165
Ep005  LR0=7.00e-05  pw=8.49  aucα=0.114  token_p=0.000  dropE=(0.000,0.000)  smooth=0.000  train_loss=0.4293  train_AUPR=0.5256  train_P@5=0.5744  train_P@10=0.4208  val_loss=0.4278  val_AUPR=0.5194  val_P@5=0.5552  val_P@10=0.4162
Ep006  LR0=8.00e-05  pw=7.61  aucα=0.171  token_p=0.001  dropE=(0.001,0.005)  smooth=0.001  train_loss=0.4258  train_AUPR=0.5592  train_P@5=0.6112  train_P@10=0.4398  val_loss=0.3894  val_AUPR=0.5496  val_P@5=0.6087  val_P@10=0.4327
Ep007  LR0=9.00e-05  pw=6.84  aucα=0.229  token_p=0.002  dropE=(0.002,0.010)  smooth=0.002  train_loss=0.4201  train_AUPR=0.5619  train_P@5=0.6170  train_P@10=0.4371  val_loss=0.3761  val_AUPR=0.5391  val_P@5=0.6016  val_P@10=0.4294
Ep008  LR0=1.00e-04  pw=6.15  aucα=0.286  token_p=0.003  dropE=(0.003,0.015)  smooth=0.003  train_loss=0.4181  train_AUPR=0.5692  train_P@5=0.6176  train_P@10=0.4450  val_loss=0.3669  val_AUPR=0.5588  val_P@5=0.6110  val_P@10=0.4396
Ep009  LR0=1.00e-04  pw=5.55  aucα=0.343  token_p=0.004  dropE=(0.004,0.020)  smooth=0.004  train_loss=0.4114  train_AUPR=0.5892  train_P@5=0.6368  train_P@10=0.4487  val_loss=0.3787  val_AUPR=0.5652  val_P@5=0.6160  val_P@10=0.4289
[Info] Unfroze 'dym' params after warmup (epoch=10). Added core=66 tensors, other=0 tensors.
Ep010  LR0=2.00e-05  pw=5.01  aucα=0.400  token_p=0.005  dropE=(0.005,0.025)  smooth=0.005  train_loss=0.3894  train_AUPR=0.6254  train_P@5=0.6670  train_P@10=0.4694  val_loss=0.3367  val_AUPR=0.5936  val_P@5=0.6397  val_P@10=0.4468
Ep011  LR0=3.00e-05  pw=4.54  aucα=0.400  token_p=0.006  dropE=(0.006,0.030)  smooth=0.006  train_loss=0.3769  train_AUPR=0.6314  train_P@5=0.6660  train_P@10=0.4740  val_loss=0.3250  val_AUPR=0.5912  val_P@5=0.6395  val_P@10=0.4502
Ep012  LR0=4.00e-05  pw=4.12  aucα=0.400  token_p=0.007  dropE=(0.007,0.035)  smooth=0.007  train_loss=0.3686  train_AUPR=0.6372  train_P@5=0.6752  train_P@10=0.4743  val_loss=0.3178  val_AUPR=0.5966  val_P@5=0.6450  val_P@10=0.4468
Ep013  LR0=5.00e-05  pw=3.76  aucα=0.400  token_p=0.008  dropE=(0.008,0.040)  smooth=0.008  train_loss=0.3625  train_AUPR=0.6438  train_P@5=0.6820  train_P@10=0.4783  val_loss=0.3107  val_AUPR=0.5981  val_P@5=0.6423  val_P@10=0.4470
Ep014  LR0=6.00e-05  pw=3.43  aucα=0.400  token_p=0.009  dropE=(0.009,0.045)  smooth=0.009  train_loss=0.3528  train_AUPR=0.6347  train_P@5=0.6679  train_P@10=0.4761  val_loss=0.3041  val_AUPR=0.5680  val_P@5=0.6148  val_P@10=0.4352
Ep015  LR0=7.00e-05  pw=3.15  aucα=0.400  token_p=0.010  dropE=(0.010,0.050)  smooth=0.010  train_loss=0.3467  train_AUPR=0.6336  train_P@5=0.6716  train_P@10=0.4684  val_loss=0.2922  val_AUPR=0.5775  val_P@5=0.6283  val_P@10=0.4336
Ep016  LR0=8.00e-05  pw=2.89  aucα=0.400  token_p=0.010  dropE=(0.010,0.050)  smooth=0.010  train_loss=0.3382  train_AUPR=0.6543  train_P@5=0.6882  train_P@10=0.4848  val_loss=0.2831  val_AUPR=0.5881  val_P@5=0.6340  val_P@10=0.4416
Ep017  LR0=9.00e-05  pw=2.67  aucα=0.400  token_p=0.010  dropE=(0.010,0.050)  smooth=0.010  train_loss=0.3314  train_AUPR=0.6599  train_P@5=0.6890  train_P@10=0.4878  val_loss=0.2595  val_AUPR=0.5986  val_P@5=0.6468  val_P@10=0.4529
Ep018  LR0=1.00e-04  pw=2.48  aucα=0.400  token_p=0.010  dropE=(0.010,0.050)  smooth=0.010  train_loss=0.3236  train_AUPR=0.6575  train_P@5=0.6893  train_P@10=0.4862  val_loss=0.2634  val_AUPR=0.5842  val_P@5=0.6262  val_P@10=0.4458
Ep019  LR0=1.00e-04  pw=2.30  aucα=0.400  token_p=0.010  dropE=(0.010,0.050)  smooth=0.010  train_loss=0.3155  train_AUPR=0.6576  train_P@5=0.6880  train_P@10=0.4863  val_loss=0.2542  val_AUPR=0.5915  val_P@5=0.6366  val_P@10=0.4488
Ep020  LR0=1.00e-04  pw=2.15  aucα=0.400  token_p=0.010  dropE=(0.010,0.050)  smooth=0.010  train_loss=0.3038  train_AUPR=0.6754  train_P@5=0.7076  train_P@10=0.4970  val_loss=0.2428  val_AUPR=0.5880  val_P@5=0.6356  val_P@10=0.4413
Ep021  LR0=9.99e-05  pw=2.01  aucα=0.400  token_p=0.010  dropE=(0.010,0.050)  smooth=0.010  train_loss=0.2937  train_AUPR=0.6935  train_P@5=0.7170  train_P@10=0.5051  val_loss=0.2305  val_AUPR=0.5993  val_P@5=0.6407  val_P@10=0.4458
Ep022  LR0=9.97e-05  pw=1.89  aucα=0.400  token_p=0.010  dropE=(0.010,0.050)  smooth=0.010  train_loss=0.2863  train_AUPR=0.6978  train_P@5=0.7201  train_P@10=0.5104  val_loss=0.2240  val_AUPR=0.6008  val_P@5=0.6502  val_P@10=0.4592
Ep023  LR0=9.95e-05  pw=1.79  aucα=0.400  token_p=0.010  dropE=(0.010,0.050)  smooth=0.010  train_loss=0.2759  train_AUPR=0.7168  train_P@5=0.7361  train_P@10=0.5146  val_loss=0.2220  val_AUPR=0.6127  val_P@5=0.6545  val_P@10=0.4583
Ep024  LR0=9.92e-05  pw=1.70  aucα=0.400  token_p=0.010  dropE=(0.010,0.050)  smooth=0.010  train_loss=0.2710  train_AUPR=0.7307  train_P@5=0.7462  train_P@10=0.5246  val_loss=0.2164  val_AUPR=0.6070  val_P@5=0.6507  val_P@10=0.4546
Ep025  LR0=9.89e-05  pw=1.62  aucα=0.400  token_p=0.010  dropE=(0.010,0.050)  smooth=0.010  train_loss=0.2591  train_AUPR=0.7348  train_P@5=0.7483  train_P@10=0.5298  val_loss=0.2133  val_AUPR=0.5951  val_P@5=0.6409  val_P@10=0.4467
Ep026  LR0=9.85e-05  pw=1.54  aucα=0.400  token_p=0.010  dropE=(0.010,0.050)  smooth=0.010  train_loss=0.2526  train_AUPR=0.7575  train_P@5=0.7655  train_P@10=0.5368  val_loss=0.1982  val_AUPR=0.6160  val_P@5=0.6614  val_P@10=0.4535
Ep027  LR0=9.81e-05  pw=1.48  aucα=0.400  token_p=0.010  dropE=(0.010,0.050)  smooth=0.010  train_loss=0.2429  train_AUPR=0.7504  train_P@5=0.7651  train_P@10=0.5327  val_loss=0.2022  val_AUPR=0.5987  val_P@5=0.6441  val_P@10=0.4559
Ep028  LR0=9.76e-05  pw=1.42  aucα=0.400  token_p=0.010  dropE=(0.010,0.050)  smooth=0.010  train_loss=0.2361  train_AUPR=0.7874  train_P@5=0.7980  train_P@10=0.5530  val_loss=0.1955  val_AUPR=0.6069  val_P@5=0.6443  val_P@10=0.4537
Ep029  LR0=9.70e-05  pw=1.37  aucα=0.400  token_p=0.010  dropE=(0.010,0.050)  smooth=0.010  train_loss=0.2273  train_AUPR=0.8000  train_P@5=0.8096  train_P@10=0.5623  val_loss=0.1870  val_AUPR=0.6162  val_P@5=0.6602  val_P@10=0.4523
Ep030  LR0=9.46e-05  pw=1.33  aucα=0.400  token_p=0.010  dropE=(0.010,0.050)  smooth=0.010  train_loss=0.2210  train_AUPR=0.7954  train_P@5=0.8036  train_P@10=0.5599  val_loss=0.1911  val_AUPR=0.5790  val_P@5=0.6224  val_P@10=0.4402
Ep031  LR0=8.78e-05  pw=1.29  aucα=0.400  token_p=0.010  dropE=(0.010,0.050)  smooth=0.010  train_loss=0.2116  train_AUPR=0.8120  train_P@5=0.8216  train_P@10=0.5700  val_loss=0.1815  val_AUPR=0.6038  val_P@5=0.6464  val_P@10=0.4534
Ep032  LR0=7.71e-05  pw=1.26  aucα=0.400  token_p=0.010  dropE=(0.010,0.050)  smooth=0.010  train_loss=0.2034  train_AUPR=0.8283  train_P@5=0.8338  train_P@10=0.5790  val_loss=0.1787  val_AUPR=0.6018  val_P@5=0.6437  val_P@10=0.4545
Ep033  LR0=6.37e-05  pw=1.23  aucα=0.400  token_p=0.010  dropE=(0.010,0.050)  smooth=0.010  train_loss=0.1940  train_AUPR=0.8443  train_P@5=0.8493  train_P@10=0.5877  val_loss=0.1766  val_AUPR=0.6027  val_P@5=0.6456  val_P@10=0.4532
Ep034  LR0=4.87e-05  pw=1.20  aucα=0.400  token_p=0.010  dropE=(0.010,0.050)  smooth=0.010  train_loss=0.1828  train_AUPR=0.8562  train_P@5=0.8634  train_P@10=0.5920  val_loss=0.1753  val_AUPR=0.6024  val_P@5=0.6478  val_P@10=0.4546
Ep035  LR0=3.38e-05  pw=1.18  aucα=0.400  token_p=0.010  dropE=(0.010,0.050)  smooth=0.010  train_loss=0.1716  train_AUPR=0.8776  train_P@5=0.8867  train_P@10=0.6041  val_loss=0.1740  val_AUPR=0.6022  val_P@5=0.6450  val_P@10=0.4547
Ep036  LR0=2.04e-05  pw=1.16  aucα=0.400  token_p=0.010  dropE=(0.010,0.050)  smooth=0.010  train_loss=0.1608  train_AUPR=0.8892  train_P@5=0.8998  train_P@10=0.6108  val_loss=0.1734  val_AUPR=0.5977  val_P@5=0.6411  val_P@10=0.4533
Ep037  LR0=9.71e-06  pw=1.14  aucα=0.400  token_p=0.010  dropE=(0.010,0.050)  smooth=0.010  train_loss=0.1521  train_AUPR=0.9000  train_P@5=0.9091  train_P@10=0.6176  val_loss=0.1725  val_AUPR=0.5964  val_P@5=0.6425  val_P@10=0.4528
Ep038  LR0=2.86e-06  pw=1.12  aucα=0.400  token_p=0.010  dropE=(0.010,0.050)  smooth=0.010  train_loss=0.1459  train_AUPR=0.9064  train_P@5=0.9164  train_P@10=0.6204  val_loss=0.1719  val_AUPR=0.5942  val_P@5=0.6403  val_P@10=0.4533
Ep039  LR0=5.00e-07  pw=1.11  aucα=0.400  token_p=0.010  dropE=(0.010,0.050)  smooth=0.010  train_loss=0.1415  train_AUPR=0.9089  train_P@5=0.9196  train_P@10=0.6208  val_loss=0.1713  val_AUPR=0.5923  val_P@5=0.6390  val_P@10=0.4523
Ep040  LR0=5.00e-07  pw=1.09  aucα=0.400  token_p=0.010  dropE=(0.010,0.050)  smooth=0.010  train_loss=0.1393  train_AUPR=0.9090  train_P@5=0.9193  train_P@10=0.6209  val_loss=0.1707  val_AUPR=0.5907  val_P@5=0.6382  val_P@10=0.4525
Ep041  LR0=5.00e-07  pw=1.08  aucα=0.400  token_p=0.010  dropE=(0.010,0.050)  smooth=0.010  train_loss=0.1390  train_AUPR=0.9093  train_P@5=0.9198  train_P@10=0.6211  val_loss=0.1702  val_AUPR=0.5893  val_P@5=0.6382  val_P@10=0.4521
Ep042  LR0=5.00e-07  pw=1.07  aucα=0.400  token_p=0.010  dropE=(0.010,0.050)  smooth=0.010  train_loss=0.1392  train_AUPR=0.9095  train_P@5=0.9200  train_P@10=0.6213  val_loss=0.1698  val_AUPR=0.5879  val_P@5=0.6372  val_P@10=0.4520
Ep043  LR0=5.00e-07  pw=1.06  aucα=0.400  token_p=0.010  dropE=(0.010,0.050)  smooth=0.010  train_loss=0.1387  train_AUPR=0.9099  train_P@5=0.9202  train_P@10=0.6214  val_loss=0.1693  val_AUPR=0.5868  val_P@5=0.6366  val_P@10=0.4523
Ep044  LR0=5.00e-07  pw=1.06  aucα=0.400  token_p=0.010  dropE=(0.010,0.050)  smooth=0.010  train_loss=0.1375  train_AUPR=0.9101  train_P@5=0.9209  train_P@10=0.6214  val_loss=0.1690  val_AUPR=0.5858  val_P@5=0.6350  val_P@10=0.4522
Ep045  LR0=5.00e-07  pw=1.05  aucα=0.400  token_p=0.010  dropE=(0.010,0.050)  smooth=0.010  train_loss=0.1380  train_AUPR=0.9103  train_P@5=0.9214  train_P@10=0.6217  val_loss=0.1686  val_AUPR=0.5848  val_P@5=0.6340  val_P@10=0.4524
Ep046  LR0=5.00e-07  pw=1.04  aucα=0.400  token_p=0.010  dropE=(0.010,0.050)  smooth=0.010  train_loss=0.1370  train_AUPR=0.9107  train_P@5=0.9218  train_P@10=0.6218  val_loss=0.1684  val_AUPR=0.5840  val_P@5=0.6331  val_P@10=0.4523
Ep047  LR0=5.00e-07  pw=1.04  aucα=0.400  token_p=0.010  dropE=(0.010,0.050)  smooth=0.010  train_loss=0.1365  train_AUPR=0.9107  train_P@5=0.9219  train_P@10=0.6218  val_loss=0.1681  val_AUPR=0.5833  val_P@5=0.6325  val_P@10=0.4524
Ep048  LR0=5.00e-07  pw=1.03  aucα=0.400  token_p=0.010  dropE=(0.010,0.050)  smooth=0.010  train_loss=0.1372  train_AUPR=0.9110  train_P@5=0.9222  train_P@10=0.6219  val_loss=0.1679  val_AUPR=0.5827  val_P@5=0.6325  val_P@10=0.4523
Ep049  LR0=5.00e-07  pw=1.03  aucα=0.400  token_p=0.010  dropE=(0.010,0.050)  smooth=0.010  train_loss=0.1370  train_AUPR=0.9114  train_P@5=0.9223  train_P@10=0.6223  val_loss=0.1677  val_AUPR=0.5820  val_P@5=0.6319  val_P@10=0.4523
Ep050  LR0=5.00e-07  pw=1.03  aucα=0.400  token_p=0.010  dropE=(0.010,0.050)  smooth=0.010  train_loss=0.1361  train_AUPR=0.9115  train_P@5=0.9225  train_P@10=0.6223  val_loss=0.1675  val_AUPR=0.5816  val_P@5=0.6317  val_P@10=0.4520
Ep051  LR0=5.00e-07  pw=1.02  aucα=0.400  token_p=0.010  dropE=(0.010,0.050)  smooth=0.010  train_loss=0.1366  train_AUPR=0.9116  train_P@5=0.9226  train_P@10=0.6225  val_loss=0.1674  val_AUPR=0.5810  val_P@5=0.6313  val_P@10=0.4518
Ep052  LR0=5.00e-07  pw=1.02  aucα=0.400  token_p=0.010  dropE=(0.010,0.050)  smooth=0.010  train_loss=0.1357  train_AUPR=0.9117  train_P@5=0.9226  train_P@10=0.6226  val_loss=0.1673  val_AUPR=0.5805  val_P@5=0.6317  val_P@10=0.4516
Ep053  LR0=5.00e-07  pw=1.02  aucα=0.400  token_p=0.010  dropE=(0.010,0.050)  smooth=0.010  train_loss=0.1348  train_AUPR=0.9120  train_P@5=0.9230  train_P@10=0.6228  val_loss=0.1672  val_AUPR=0.5801  val_P@5=0.6317  val_P@10=0.4515
Ep054  LR0=5.00e-07  pw=1.02  aucα=0.400  token_p=0.010  dropE=(0.010,0.050)  smooth=0.010  train_loss=0.1346  train_AUPR=0.9121  train_P@5=0.9227  train_P@10=0.6228  val_loss=0.1671  val_AUPR=0.5796  val_P@5=0.6317  val_P@10=0.4514
Ep055  LR0=5.00e-07  pw=1.01  aucα=0.400  token_p=0.010  dropE=(0.010,0.050)  smooth=0.010  train_loss=0.1353  train_AUPR=0.9123  train_P@5=0.9230  train_P@10=0.6230  val_loss=0.1670  val_AUPR=0.5792  val_P@5=0.6317  val_P@10=0.4513
Ep056  LR0=5.00e-07  pw=1.01  aucα=0.400  token_p=0.010  dropE=(0.010,0.050)  smooth=0.010  train_loss=0.1356  train_AUPR=0.9126  train_P@5=0.9235  train_P@10=0.6230  val_loss=0.1670  val_AUPR=0.5788  val_P@5=0.6315  val_P@10=0.4514
Ep057  LR0=5.00e-07  pw=1.01  aucα=0.400  token_p=0.010  dropE=(0.010,0.050)  smooth=0.010  train_loss=0.1353  train_AUPR=0.9126  train_P@5=0.9239  train_P@10=0.6231  val_loss=0.1670  val_AUPR=0.5785  val_P@5=0.6311  val_P@10=0.4512
Ep058  LR0=5.00e-07  pw=1.01  aucα=0.400  token_p=0.010  dropE=(0.010,0.050)  smooth=0.010  train_loss=0.1352  train_AUPR=0.9127  train_P@5=0.9239  train_P@10=0.6231  val_loss=0.1669  val_AUPR=0.5781  val_P@5=0.6305  val_P@10=0.4508
Ep059  LR0=5.00e-07  pw=1.01  aucα=0.400  token_p=0.010  dropE=(0.010,0.050)  smooth=0.010  train_loss=0.1344  train_AUPR=0.9128  train_P@5=0.9238  train_P@10=0.6232  val_loss=0.1669  val_AUPR=0.5778  val_P@5=0.6301  val_P@10=0.4509
Ep060  LR0=5.00e-07  pw=1.01  aucα=0.400  token_p=0.010  dropE=(0.010,0.050)  smooth=0.010  train_loss=0.1355  train_AUPR=0.9128  train_P@5=0.9237  train_P@10=0.6232  val_loss=0.1669  val_AUPR=0.5774  val_P@5=0.6305  val_P@10=0.4510
Ep061  LR0=5.00e-07  pw=1.01  aucα=0.400  token_p=0.010  dropE=(0.010,0.050)  smooth=0.010  train_loss=0.1348  train_AUPR=0.9129  train_P@5=0.9245  train_P@10=0.6234  val_loss=0.1669  val_AUPR=0.5771  val_P@5=0.6301  val_P@10=0.4512
Ep062  LR0=5.00e-07  pw=1.01  aucα=0.400  token_p=0.010  dropE=(0.010,0.050)  smooth=0.010  train_loss=0.1348  train_AUPR=0.9131  train_P@5=0.9245  train_P@10=0.6233  val_loss=0.1669  val_AUPR=0.5769  val_P@5=0.6299  val_P@10=0.4514
Ep063  LR0=5.00e-07  pw=1.01  aucα=0.400  token_p=0.010  dropE=(0.010,0.050)  smooth=0.010  train_loss=0.1349  train_AUPR=0.9132  train_P@5=0.9245  train_P@10=0.6234  val_loss=0.1670  val_AUPR=0.5766  val_P@5=0.6297  val_P@10=0.4513
Ep064  LR0=5.00e-07  pw=1.00  aucα=0.400  token_p=0.010  dropE=(0.010,0.050)  smooth=0.010  train_loss=0.1354  train_AUPR=0.9134  train_P@5=0.9244  train_P@10=0.6237  val_loss=0.1670  val_AUPR=0.5762  val_P@5=0.6297  val_P@10=0.4511
Ep065  LR0=5.00e-07  pw=1.00  aucα=0.400  token_p=0.010  dropE=(0.010,0.050)  smooth=0.010  train_loss=0.1352  train_AUPR=0.9134  train_P@5=0.9246  train_P@10=0.6235  val_loss=0.1670  val_AUPR=0.5760  val_P@5=0.6295  val_P@10=0.4510
Ep066  LR0=5.00e-07  pw=1.00  aucα=0.400  token_p=0.010  dropE=(0.010,0.050)  smooth=0.010  train_loss=0.1334  train_AUPR=0.9136  train_P@5=0.9247  train_P@10=0.6237  val_loss=0.1670  val_AUPR=0.5757  val_P@5=0.6293  val_P@10=0.4510
Ep067  LR0=5.00e-07  pw=1.00  aucα=0.400  token_p=0.010  dropE=(0.010,0.050)  smooth=0.010  train_loss=0.1337  train_AUPR=0.9139  train_P@5=0.9253  train_P@10=0.6237  val_loss=0.1671  val_AUPR=0.5754  val_P@5=0.6293  val_P@10=0.4510
Ep068  LR0=5.00e-07  pw=1.00  aucα=0.400  token_p=0.010  dropE=(0.010,0.050)  smooth=0.010  train_loss=0.1343  train_AUPR=0.9138  train_P@5=0.9246  train_P@10=0.6237  val_loss=0.1671  val_AUPR=0.5752  val_P@5=0.6289  val_P@10=0.4511
Ep069  LR0=5.00e-07  pw=1.00  aucα=0.400  token_p=0.010  dropE=(0.010,0.050)  smooth=0.010  train_loss=0.1322  train_AUPR=0.9141  train_P@5=0.9251  train_P@10=0.6237  val_loss=0.1671  val_AUPR=0.5750  val_P@5=0.6291  val_P@10=0.4509
Ep070  LR0=5.00e-07  pw=1.00  aucα=0.400  token_p=0.010  dropE=(0.010,0.050)  smooth=0.010  train_loss=0.1333  train_AUPR=0.9143  train_P@5=0.9255  train_P@10=0.6238  val_loss=0.1672  val_AUPR=0.5748  val_P@5=0.6287  val_P@10=0.4508
Ep071  LR0=5.00e-07  pw=1.00  aucα=0.400  token_p=0.010  dropE=(0.010,0.050)  smooth=0.010  train_loss=0.1338  train_AUPR=0.9143  train_P@5=0.9254  train_P@10=0.6239  val_loss=0.1672  val_AUPR=0.5745  val_P@5=0.6287  val_P@10=0.4509
Ep072  LR0=5.00e-07  pw=1.00  aucα=0.400  token_p=0.010  dropE=(0.010,0.050)  smooth=0.010  train_loss=0.1352  train_AUPR=0.9146  train_P@5=0.9254  train_P@10=0.6241  val_loss=0.1672  val_AUPR=0.5744  val_P@5=0.6291  val_P@10=0.4510
Ep073  LR0=5.00e-07  pw=1.00  aucα=0.400  token_p=0.010  dropE=(0.010,0.050)  smooth=0.010  train_loss=0.1331  train_AUPR=0.9148  train_P@5=0.9258  train_P@10=0.6243  val_loss=0.1673  val_AUPR=0.5742  val_P@5=0.6289  val_P@10=0.4509
Ep074  LR0=5.00e-07  pw=1.00  aucα=0.400  token_p=0.010  dropE=(0.010,0.050)  smooth=0.010  train_loss=0.1334  train_AUPR=0.9148  train_P@5=0.9263  train_P@10=0.6243  val_loss=0.1673  val_AUPR=0.5739  val_P@5=0.6287  val_P@10=0.4511
Ep075  LR0=5.00e-07  pw=1.00  aucα=0.400  token_p=0.010  dropE=(0.010,0.050)  smooth=0.010  train_loss=0.1340  train_AUPR=0.9148  train_P@5=0.9266  train_P@10=0.6242  val_loss=0.1674  val_AUPR=0.5737  val_P@5=0.6283  val_P@10=0.4510
Ep076  LR0=5.00e-07  pw=1.00  aucα=0.400  token_p=0.010  dropE=(0.010,0.050)  smooth=0.010  train_loss=0.1334  train_AUPR=0.9151  train_P@5=0.9270  train_P@10=0.6243  val_loss=0.1674  val_AUPR=0.5735  val_P@5=0.6281  val_P@10=0.4509
Early stop triggered: neither val_AUPR nor val_loss improved for 20 epochs.
Saved iPara_l1_g10_i5_do0.10_dpr0.05_lr0.0002_heads16_fold3.pth  (best val AUPR=0.6162)
Saved iPara_l1_g10_i5_do0.10_dpr0.05_lr0.0002_heads16_fold3_best_aupr.pth
Saved iPara_l1_g10_i5_do0.10_dpr0.05_lr0.0002_heads16_fold3_best_loss.pth  (best val loss=0.1670)

── Fold 4/5
Train labels: pos=26560, neg=372298, ignore=700342, pos_rate=0.066590
Val labels: pos=6670, neg=94664, ignore=172266, pos_rate=0.065822
Initializing ClassificationModel with 10 GAT layers and residual connections...
Initializing MCModel with 10 GAT layers and 5 row attention layers (drop_path_rate=0.05)
Initializing CoreModel with 1 layers, drop_path_rate=0.05
Ep000  LR0=2.00e-05  pw=15.00  aucα=0.000  token_p=0.000  dropE=(0.000,0.000)  smooth=0.000  train_loss=0.5893  train_AUPR=0.3980  train_P@5=0.4689  train_P@10=0.3525  val_loss=0.5426  val_AUPR=0.3709  val_P@5=0.4422  val_P@10=0.3422
Ep001  LR0=3.00e-05  pw=13.35  aucα=0.000  token_p=0.000  dropE=(0.000,0.000)  smooth=0.000  train_loss=0.4994  train_AUPR=0.4386  train_P@5=0.5114  train_P@10=0.3784  val_loss=0.4928  val_AUPR=0.4163  val_P@5=0.5036  val_P@10=0.3675
Ep002  LR0=4.00e-05  pw=11.90  aucα=0.000  token_p=0.000  dropE=(0.000,0.000)  smooth=0.000  train_loss=0.4609  train_AUPR=0.4745  train_P@5=0.5426  train_P@10=0.3970  val_loss=0.4674  val_AUPR=0.4486  val_P@5=0.5182  val_P@10=0.3888
Ep003  LR0=5.00e-05  pw=10.62  aucα=0.000  token_p=0.000  dropE=(0.000,0.000)  smooth=0.000  train_loss=0.4417  train_AUPR=0.4984  train_P@5=0.5528  train_P@10=0.4093  val_loss=0.4581  val_AUPR=0.4790  val_P@5=0.5363  val_P@10=0.4007
Ep004  LR0=6.00e-05  pw=9.49  aucα=0.057  token_p=0.000  dropE=(0.000,0.000)  smooth=0.000  train_loss=0.4339  train_AUPR=0.5256  train_P@5=0.5888  train_P@10=0.4260  val_loss=0.4201  val_AUPR=0.5021  val_P@5=0.5794  val_P@10=0.4126
Ep005  LR0=7.00e-05  pw=8.49  aucα=0.114  token_p=0.000  dropE=(0.000,0.000)  smooth=0.000  train_loss=0.4277  train_AUPR=0.5309  train_P@5=0.5825  train_P@10=0.4254  val_loss=0.4209  val_AUPR=0.5019  val_P@5=0.5689  val_P@10=0.4091
Ep006  LR0=8.00e-05  pw=7.61  aucα=0.171  token_p=0.001  dropE=(0.001,0.005)  smooth=0.001  train_loss=0.4228  train_AUPR=0.5619  train_P@5=0.6161  train_P@10=0.4405  val_loss=0.4057  val_AUPR=0.5369  val_P@5=0.6052  val_P@10=0.4246
Ep007  LR0=9.00e-05  pw=6.84  aucα=0.229  token_p=0.002  dropE=(0.002,0.010)  smooth=0.002  train_loss=0.4213  train_AUPR=0.5747  train_P@5=0.6240  train_P@10=0.4437  val_loss=0.3833  val_AUPR=0.5520  val_P@5=0.6072  val_P@10=0.4314
Ep008  LR0=1.00e-04  pw=6.15  aucα=0.286  token_p=0.003  dropE=(0.003,0.015)  smooth=0.003  train_loss=0.4165  train_AUPR=0.5844  train_P@5=0.6283  train_P@10=0.4499  val_loss=0.3851  val_AUPR=0.5499  val_P@5=0.6111  val_P@10=0.4301
Ep009  LR0=1.00e-04  pw=5.55  aucα=0.343  token_p=0.004  dropE=(0.004,0.020)  smooth=0.004  train_loss=0.4133  train_AUPR=0.5845  train_P@5=0.6257  train_P@10=0.4470  val_loss=0.3594  val_AUPR=0.5580  val_P@5=0.6066  val_P@10=0.4197
[Info] Unfroze 'dym' params after warmup (epoch=10). Added core=66 tensors, other=0 tensors.
Ep010  LR0=2.00e-05  pw=5.01  aucα=0.400  token_p=0.005  dropE=(0.005,0.025)  smooth=0.005  train_loss=0.3925  train_AUPR=0.6248  train_P@5=0.6567  train_P@10=0.4714  val_loss=0.3432  val_AUPR=0.5897  val_P@5=0.6368  val_P@10=0.4477
Ep011  LR0=3.00e-05  pw=4.54  aucα=0.400  token_p=0.006  dropE=(0.006,0.030)  smooth=0.006  train_loss=0.3791  train_AUPR=0.6331  train_P@5=0.6626  train_P@10=0.4763  val_loss=0.3293  val_AUPR=0.5932  val_P@5=0.6445  val_P@10=0.4487
Ep012  LR0=4.00e-05  pw=4.12  aucα=0.400  token_p=0.007  dropE=(0.007,0.035)  smooth=0.007  train_loss=0.3677  train_AUPR=0.6421  train_P@5=0.6710  train_P@10=0.4787  val_loss=0.3212  val_AUPR=0.5865  val_P@5=0.6380  val_P@10=0.4468
Ep013  LR0=5.00e-05  pw=3.76  aucα=0.400  token_p=0.008  dropE=(0.008,0.040)  smooth=0.008  train_loss=0.3606  train_AUPR=0.6408  train_P@5=0.6682  train_P@10=0.4779  val_loss=0.3061  val_AUPR=0.5972  val_P@5=0.6498  val_P@10=0.4478
Ep014  LR0=6.00e-05  pw=3.43  aucα=0.400  token_p=0.009  dropE=(0.009,0.045)  smooth=0.009  train_loss=0.3536  train_AUPR=0.6517  train_P@5=0.6759  train_P@10=0.4855  val_loss=0.2988  val_AUPR=0.5934  val_P@5=0.6433  val_P@10=0.4487
Ep015  LR0=7.00e-05  pw=3.15  aucα=0.400  token_p=0.010  dropE=(0.010,0.050)  smooth=0.010  train_loss=0.3449  train_AUPR=0.6537  train_P@5=0.6795  train_P@10=0.4820  val_loss=0.2852  val_AUPR=0.6008  val_P@5=0.6542  val_P@10=0.4506
Ep016  LR0=8.00e-05  pw=2.89  aucα=0.400  token_p=0.010  dropE=(0.010,0.050)  smooth=0.010  train_loss=0.3389  train_AUPR=0.6589  train_P@5=0.6854  train_P@10=0.4868  val_loss=0.2774  val_AUPR=0.5953  val_P@5=0.6478  val_P@10=0.4441
Ep017  LR0=9.00e-05  pw=2.67  aucα=0.400  token_p=0.010  dropE=(0.010,0.050)  smooth=0.010  train_loss=0.3285  train_AUPR=0.6581  train_P@5=0.6867  train_P@10=0.4901  val_loss=0.2779  val_AUPR=0.5774  val_P@5=0.6362  val_P@10=0.4448
Ep018  LR0=1.00e-04  pw=2.48  aucα=0.400  token_p=0.010  dropE=(0.010,0.050)  smooth=0.010  train_loss=0.3204  train_AUPR=0.6581  train_P@5=0.6853  train_P@10=0.4861  val_loss=0.2628  val_AUPR=0.5921  val_P@5=0.6453  val_P@10=0.4447
Ep019  LR0=1.00e-04  pw=2.30  aucα=0.400  token_p=0.010  dropE=(0.010,0.050)  smooth=0.010  train_loss=0.3106  train_AUPR=0.6761  train_P@5=0.7005  train_P@10=0.4984  val_loss=0.2471  val_AUPR=0.5928  val_P@5=0.6522  val_P@10=0.4477
Ep020  LR0=1.00e-04  pw=2.15  aucα=0.400  token_p=0.010  dropE=(0.010,0.050)  smooth=0.010  train_loss=0.3041  train_AUPR=0.6825  train_P@5=0.7081  train_P@10=0.5008  val_loss=0.2396  val_AUPR=0.5951  val_P@5=0.6340  val_P@10=0.4474
Ep021  LR0=9.99e-05  pw=2.01  aucα=0.400  token_p=0.010  dropE=(0.010,0.050)  smooth=0.010  train_loss=0.2927  train_AUPR=0.6999  train_P@5=0.7210  train_P@10=0.5124  val_loss=0.2309  val_AUPR=0.6036  val_P@5=0.6504  val_P@10=0.4523
Ep022  LR0=9.97e-05  pw=1.89  aucα=0.400  token_p=0.010  dropE=(0.010,0.050)  smooth=0.010  train_loss=0.2839  train_AUPR=0.7072  train_P@5=0.7258  train_P@10=0.5138  val_loss=0.2220  val_AUPR=0.6122  val_P@5=0.6680  val_P@10=0.4546
Ep023  LR0=9.95e-05  pw=1.79  aucα=0.400  token_p=0.010  dropE=(0.010,0.050)  smooth=0.010  train_loss=0.2749  train_AUPR=0.7278  train_P@5=0.7447  train_P@10=0.5241  val_loss=0.2188  val_AUPR=0.6048  val_P@5=0.6553  val_P@10=0.4542
Ep024  LR0=9.92e-05  pw=1.70  aucα=0.400  token_p=0.010  dropE=(0.010,0.050)  smooth=0.010  train_loss=0.2676  train_AUPR=0.7293  train_P@5=0.7468  train_P@10=0.5231  val_loss=0.2126  val_AUPR=0.6125  val_P@5=0.6629  val_P@10=0.4547
Ep025  LR0=9.89e-05  pw=1.62  aucα=0.400  token_p=0.010  dropE=(0.010,0.050)  smooth=0.010  train_loss=0.2568  train_AUPR=0.7419  train_P@5=0.7587  train_P@10=0.5340  val_loss=0.2059  val_AUPR=0.6072  val_P@5=0.6630  val_P@10=0.4589
Ep026  LR0=9.85e-05  pw=1.54  aucα=0.400  token_p=0.010  dropE=(0.010,0.050)  smooth=0.010  train_loss=0.2513  train_AUPR=0.7507  train_P@5=0.7638  train_P@10=0.5355  val_loss=0.2020  val_AUPR=0.6136  val_P@5=0.6678  val_P@10=0.4606
Ep027  LR0=9.81e-05  pw=1.48  aucα=0.400  token_p=0.010  dropE=(0.010,0.050)  smooth=0.010  train_loss=0.2396  train_AUPR=0.7734  train_P@5=0.7846  train_P@10=0.5484  val_loss=0.1990  val_AUPR=0.6119  val_P@5=0.6589  val_P@10=0.4589
Ep028  LR0=9.76e-05  pw=1.42  aucα=0.400  token_p=0.010  dropE=(0.010,0.050)  smooth=0.010  train_loss=0.2334  train_AUPR=0.7818  train_P@5=0.7906  train_P@10=0.5547  val_loss=0.1915  val_AUPR=0.6246  val_P@5=0.6777  val_P@10=0.4663
Ep029  LR0=9.70e-05  pw=1.37  aucα=0.400  token_p=0.010  dropE=(0.010,0.050)  smooth=0.010  train_loss=0.2262  train_AUPR=0.7899  train_P@5=0.8020  train_P@10=0.5549  val_loss=0.1944  val_AUPR=0.6192  val_P@5=0.6755  val_P@10=0.4606
Ep030  LR0=9.46e-05  pw=1.33  aucα=0.400  token_p=0.010  dropE=(0.010,0.050)  smooth=0.010  train_loss=0.2185  train_AUPR=0.8091  train_P@5=0.8175  train_P@10=0.5673  val_loss=0.1885  val_AUPR=0.6104  val_P@5=0.6575  val_P@10=0.4603
Ep031  LR0=8.78e-05  pw=1.29  aucα=0.400  token_p=0.010  dropE=(0.010,0.050)  smooth=0.010  train_loss=0.2108  train_AUPR=0.8217  train_P@5=0.8277  train_P@10=0.5732  val_loss=0.1827  val_AUPR=0.6242  val_P@5=0.6709  val_P@10=0.4652
Ep032  LR0=7.71e-05  pw=1.26  aucα=0.400  token_p=0.010  dropE=(0.010,0.050)  smooth=0.010  train_loss=0.1999  train_AUPR=0.8344  train_P@5=0.8436  train_P@10=0.5825  val_loss=0.1805  val_AUPR=0.6272  val_P@5=0.6755  val_P@10=0.4688
Ep033  LR0=6.37e-05  pw=1.23  aucα=0.400  token_p=0.010  dropE=(0.010,0.050)  smooth=0.010  train_loss=0.1906  train_AUPR=0.8532  train_P@5=0.8605  train_P@10=0.5930  val_loss=0.1788  val_AUPR=0.6275  val_P@5=0.6771  val_P@10=0.4704
Ep034  LR0=4.87e-05  pw=1.20  aucα=0.400  token_p=0.010  dropE=(0.010,0.050)  smooth=0.010  train_loss=0.1804  train_AUPR=0.8687  train_P@5=0.8761  train_P@10=0.6008  val_loss=0.1767  val_AUPR=0.6284  val_P@5=0.6765  val_P@10=0.4699
Ep035  LR0=3.38e-05  pw=1.18  aucα=0.400  token_p=0.010  dropE=(0.010,0.050)  smooth=0.010  train_loss=0.1695  train_AUPR=0.8818  train_P@5=0.8899  train_P@10=0.6085  val_loss=0.1753  val_AUPR=0.6275  val_P@5=0.6761  val_P@10=0.4705
Ep036  LR0=2.04e-05  pw=1.16  aucα=0.400  token_p=0.010  dropE=(0.010,0.050)  smooth=0.010  train_loss=0.1574  train_AUPR=0.8975  train_P@5=0.9076  train_P@10=0.6173  val_loss=0.1742  val_AUPR=0.6263  val_P@5=0.6749  val_P@10=0.4704
Ep037  LR0=9.71e-06  pw=1.14  aucα=0.400  token_p=0.010  dropE=(0.010,0.050)  smooth=0.010  train_loss=0.1515  train_AUPR=0.9070  train_P@5=0.9193  train_P@10=0.6216  val_loss=0.1732  val_AUPR=0.6255  val_P@5=0.6755  val_P@10=0.4705
Ep038  LR0=2.86e-06  pw=1.12  aucα=0.400  token_p=0.010  dropE=(0.010,0.050)  smooth=0.010  train_loss=0.1427  train_AUPR=0.9129  train_P@5=0.9248  train_P@10=0.6240  val_loss=0.1724  val_AUPR=0.6240  val_P@5=0.6743  val_P@10=0.4707
Ep039  LR0=5.00e-07  pw=1.11  aucα=0.400  token_p=0.010  dropE=(0.010,0.050)  smooth=0.010  train_loss=0.1387  train_AUPR=0.9152  train_P@5=0.9277  train_P@10=0.6252  val_loss=0.1717  val_AUPR=0.6227  val_P@5=0.6735  val_P@10=0.4701
Ep040  LR0=5.00e-07  pw=1.09  aucα=0.400  token_p=0.010  dropE=(0.010,0.050)  smooth=0.010  train_loss=0.1383  train_AUPR=0.9157  train_P@5=0.9279  train_P@10=0.6251  val_loss=0.1710  val_AUPR=0.6216  val_P@5=0.6739  val_P@10=0.4697
Ep041  LR0=5.00e-07  pw=1.08  aucα=0.400  token_p=0.010  dropE=(0.010,0.050)  smooth=0.010  train_loss=0.1374  train_AUPR=0.9160  train_P@5=0.9290  train_P@10=0.6253  val_loss=0.1704  val_AUPR=0.6207  val_P@5=0.6727  val_P@10=0.4698
Ep042  LR0=5.00e-07  pw=1.07  aucα=0.400  token_p=0.010  dropE=(0.010,0.050)  smooth=0.010  train_loss=0.1367  train_AUPR=0.9163  train_P@5=0.9291  train_P@10=0.6254  val_loss=0.1698  val_AUPR=0.6198  val_P@5=0.6723  val_P@10=0.4695
Ep043  LR0=5.00e-07  pw=1.06  aucα=0.400  token_p=0.010  dropE=(0.010,0.050)  smooth=0.010  train_loss=0.1358  train_AUPR=0.9166  train_P@5=0.9300  train_P@10=0.6255  val_loss=0.1693  val_AUPR=0.6190  val_P@5=0.6731  val_P@10=0.4692
Ep044  LR0=5.00e-07  pw=1.06  aucα=0.400  token_p=0.010  dropE=(0.010,0.050)  smooth=0.010  train_loss=0.1350  train_AUPR=0.9166  train_P@5=0.9297  train_P@10=0.6256  val_loss=0.1689  val_AUPR=0.6183  val_P@5=0.6717  val_P@10=0.4692
Ep045  LR0=5.00e-07  pw=1.05  aucα=0.400  token_p=0.010  dropE=(0.010,0.050)  smooth=0.010  train_loss=0.1361  train_AUPR=0.9169  train_P@5=0.9299  train_P@10=0.6259  val_loss=0.1685  val_AUPR=0.6176  val_P@5=0.6715  val_P@10=0.4693
Ep046  LR0=5.00e-07  pw=1.04  aucα=0.400  token_p=0.010  dropE=(0.010,0.050)  smooth=0.010  train_loss=0.1347  train_AUPR=0.9171  train_P@5=0.9295  train_P@10=0.6260  val_loss=0.1682  val_AUPR=0.6170  val_P@5=0.6704  val_P@10=0.4692
Ep047  LR0=5.00e-07  pw=1.04  aucα=0.400  token_p=0.010  dropE=(0.010,0.050)  smooth=0.010  train_loss=0.1344  train_AUPR=0.9173  train_P@5=0.9303  train_P@10=0.6263  val_loss=0.1679  val_AUPR=0.6165  val_P@5=0.6707  val_P@10=0.4692
Ep048  LR0=5.00e-07  pw=1.03  aucα=0.400  token_p=0.010  dropE=(0.010,0.050)  smooth=0.010  train_loss=0.1350  train_AUPR=0.9175  train_P@5=0.9308  train_P@10=0.6265  val_loss=0.1677  val_AUPR=0.6160  val_P@5=0.6711  val_P@10=0.4689
Ep049  LR0=5.00e-07  pw=1.03  aucα=0.400  token_p=0.010  dropE=(0.010,0.050)  smooth=0.010  train_loss=0.1331  train_AUPR=0.9176  train_P@5=0.9306  train_P@10=0.6264  val_loss=0.1675  val_AUPR=0.6155  val_P@5=0.6707  val_P@10=0.4687
Ep050  LR0=5.00e-07  pw=1.03  aucα=0.400  token_p=0.010  dropE=(0.010,0.050)  smooth=0.010  train_loss=0.1337  train_AUPR=0.9178  train_P@5=0.9308  train_P@10=0.6266  val_loss=0.1673  val_AUPR=0.6151  val_P@5=0.6707  val_P@10=0.4687
Ep051  LR0=5.00e-07  pw=1.02  aucα=0.400  token_p=0.010  dropE=(0.010,0.050)  smooth=0.010  train_loss=0.1346  train_AUPR=0.9179  train_P@5=0.9308  train_P@10=0.6266  val_loss=0.1671  val_AUPR=0.6147  val_P@5=0.6713  val_P@10=0.4686
Ep052  LR0=5.00e-07  pw=1.02  aucα=0.400  token_p=0.010  dropE=(0.010,0.050)  smooth=0.010  train_loss=0.1333  train_AUPR=0.9183  train_P@5=0.9316  train_P@10=0.6268  val_loss=0.1670  val_AUPR=0.6144  val_P@5=0.6709  val_P@10=0.4684
Ep053  LR0=5.00e-07  pw=1.02  aucα=0.400  token_p=0.010  dropE=(0.010,0.050)  smooth=0.010  train_loss=0.1335  train_AUPR=0.9184  train_P@5=0.9316  train_P@10=0.6268  val_loss=0.1669  val_AUPR=0.6140  val_P@5=0.6705  val_P@10=0.4684
Ep054  LR0=5.00e-07  pw=1.02  aucα=0.400  token_p=0.010  dropE=(0.010,0.050)  smooth=0.010  train_loss=0.1321  train_AUPR=0.9184  train_P@5=0.9316  train_P@10=0.6267  val_loss=0.1668  val_AUPR=0.6137  val_P@5=0.6705  val_P@10=0.4686
Ep055  LR0=5.00e-07  pw=1.01  aucα=0.400  token_p=0.010  dropE=(0.010,0.050)  smooth=0.010  train_loss=0.1331  train_AUPR=0.9186  train_P@5=0.9316  train_P@10=0.6270  val_loss=0.1668  val_AUPR=0.6134  val_P@5=0.6704  val_P@10=0.4686
Ep056  LR0=5.00e-07  pw=1.01  aucα=0.400  token_p=0.010  dropE=(0.010,0.050)  smooth=0.010  train_loss=0.1336  train_AUPR=0.9186  train_P@5=0.9316  train_P@10=0.6270  val_loss=0.1667  val_AUPR=0.6132  val_P@5=0.6704  val_P@10=0.4687
Ep057  LR0=5.00e-07  pw=1.01  aucα=0.400  token_p=0.010  dropE=(0.010,0.050)  smooth=0.010  train_loss=0.1327  train_AUPR=0.9189  train_P@5=0.9324  train_P@10=0.6272  val_loss=0.1667  val_AUPR=0.6129  val_P@5=0.6700  val_P@10=0.4686
Ep058  LR0=5.00e-07  pw=1.01  aucα=0.400  token_p=0.010  dropE=(0.010,0.050)  smooth=0.010  train_loss=0.1320  train_AUPR=0.9191  train_P@5=0.9327  train_P@10=0.6272  val_loss=0.1666  val_AUPR=0.6126  val_P@5=0.6698  val_P@10=0.4685
Ep059  LR0=5.00e-07  pw=1.01  aucα=0.400  token_p=0.010  dropE=(0.010,0.050)  smooth=0.010  train_loss=0.1327  train_AUPR=0.9192  train_P@5=0.9331  train_P@10=0.6272  val_loss=0.1666  val_AUPR=0.6124  val_P@5=0.6696  val_P@10=0.4685
Ep060  LR0=5.00e-07  pw=1.01  aucα=0.400  token_p=0.010  dropE=(0.010,0.050)  smooth=0.010  train_loss=0.1321  train_AUPR=0.9193  train_P@5=0.9331  train_P@10=0.6273  val_loss=0.1666  val_AUPR=0.6121  val_P@5=0.6694  val_P@10=0.4684
Ep061  LR0=5.00e-07  pw=1.01  aucα=0.400  token_p=0.010  dropE=(0.010,0.050)  smooth=0.010  train_loss=0.1320  train_AUPR=0.9194  train_P@5=0.9332  train_P@10=0.6272  val_loss=0.1666  val_AUPR=0.6119  val_P@5=0.6692  val_P@10=0.4683
Ep062  LR0=5.00e-07  pw=1.01  aucα=0.400  token_p=0.010  dropE=(0.010,0.050)  smooth=0.010  train_loss=0.1319  train_AUPR=0.9195  train_P@5=0.9334  train_P@10=0.6273  val_loss=0.1666  val_AUPR=0.6117  val_P@5=0.6694  val_P@10=0.4684
Ep063  LR0=5.00e-07  pw=1.01  aucα=0.400  token_p=0.010  dropE=(0.010,0.050)  smooth=0.010  train_loss=0.1313  train_AUPR=0.9197  train_P@5=0.9338  train_P@10=0.6276  val_loss=0.1666  val_AUPR=0.6115  val_P@5=0.6692  val_P@10=0.4682
Ep064  LR0=5.00e-07  pw=1.00  aucα=0.400  token_p=0.010  dropE=(0.010,0.050)  smooth=0.010  train_loss=0.1327  train_AUPR=0.9197  train_P@5=0.9338  train_P@10=0.6276  val_loss=0.1667  val_AUPR=0.6112  val_P@5=0.6692  val_P@10=0.4681
Ep065  LR0=5.00e-07  pw=1.00  aucα=0.400  token_p=0.010  dropE=(0.010,0.050)  smooth=0.010  train_loss=0.1323  train_AUPR=0.9197  train_P@5=0.9338  train_P@10=0.6275  val_loss=0.1667  val_AUPR=0.6110  val_P@5=0.6692  val_P@10=0.4683
Ep066  LR0=5.00e-07  pw=1.00  aucα=0.400  token_p=0.010  dropE=(0.010,0.050)  smooth=0.010  train_loss=0.1313  train_AUPR=0.9201  train_P@5=0.9337  train_P@10=0.6277  val_loss=0.1667  val_AUPR=0.6108  val_P@5=0.6690  val_P@10=0.4679
Ep067  LR0=5.00e-07  pw=1.00  aucα=0.400  token_p=0.010  dropE=(0.010,0.050)  smooth=0.010  train_loss=0.1320  train_AUPR=0.9202  train_P@5=0.9337  train_P@10=0.6277  val_loss=0.1667  val_AUPR=0.6107  val_P@5=0.6688  val_P@10=0.4681
Ep068  LR0=5.00e-07  pw=1.00  aucα=0.400  token_p=0.010  dropE=(0.010,0.050)  smooth=0.010  train_loss=0.1323  train_AUPR=0.9204  train_P@5=0.9342  train_P@10=0.6279  val_loss=0.1668  val_AUPR=0.6105  val_P@5=0.6688  val_P@10=0.4679
Ep069  LR0=5.00e-07  pw=1.00  aucα=0.400  token_p=0.010  dropE=(0.010,0.050)  smooth=0.010  train_loss=0.1315  train_AUPR=0.9205  train_P@5=0.9345  train_P@10=0.6278  val_loss=0.1668  val_AUPR=0.6103  val_P@5=0.6684  val_P@10=0.4679
Ep070  LR0=5.00e-07  pw=1.00  aucα=0.400  token_p=0.010  dropE=(0.010,0.050)  smooth=0.010  train_loss=0.1306  train_AUPR=0.9207  train_P@5=0.9346  train_P@10=0.6281  val_loss=0.1668  val_AUPR=0.6102  val_P@5=0.6688  val_P@10=0.4679
Ep071  LR0=5.00e-07  pw=1.00  aucα=0.400  token_p=0.010  dropE=(0.010,0.050)  smooth=0.010  train_loss=0.1308  train_AUPR=0.9207  train_P@5=0.9347  train_P@10=0.6280  val_loss=0.1669  val_AUPR=0.6100  val_P@5=0.6686  val_P@10=0.4677
Ep072  LR0=5.00e-07  pw=1.00  aucα=0.400  token_p=0.010  dropE=(0.010,0.050)  smooth=0.010  train_loss=0.1311  train_AUPR=0.9209  train_P@5=0.9351  train_P@10=0.6281  val_loss=0.1669  val_AUPR=0.6098  val_P@5=0.6684  val_P@10=0.4677
Ep073  LR0=5.00e-07  pw=1.00  aucα=0.400  token_p=0.010  dropE=(0.010,0.050)  smooth=0.010  train_loss=0.1311  train_AUPR=0.9209  train_P@5=0.9348  train_P@10=0.6283  val_loss=0.1669  val_AUPR=0.6097  val_P@5=0.6678  val_P@10=0.4677
Ep074  LR0=5.00e-07  pw=1.00  aucα=0.400  token_p=0.010  dropE=(0.010,0.050)  smooth=0.010  train_loss=0.1304  train_AUPR=0.9212  train_P@5=0.9350  train_P@10=0.6283  val_loss=0.1670  val_AUPR=0.6095  val_P@5=0.6672  val_P@10=0.4677
Ep075  LR0=5.00e-07  pw=1.00  aucα=0.400  token_p=0.010  dropE=(0.010,0.050)  smooth=0.010  train_loss=0.1313  train_AUPR=0.9213  train_P@5=0.9351  train_P@10=0.6284  val_loss=0.1670  val_AUPR=0.6093  val_P@5=0.6670  val_P@10=0.4677
Ep076  LR0=5.00e-07  pw=1.00  aucα=0.400  token_p=0.010  dropE=(0.010,0.050)  smooth=0.010  train_loss=0.1308  train_AUPR=0.9214  train_P@5=0.9353  train_P@10=0.6285  val_loss=0.1671  val_AUPR=0.6092  val_P@5=0.6668  val_P@10=0.4678
Ep077  LR0=5.00e-07  pw=1.00  aucα=0.400  token_p=0.010  dropE=(0.010,0.050)  smooth=0.010  train_loss=0.1306  train_AUPR=0.9214  train_P@5=0.9354  train_P@10=0.6285  val_loss=0.1671  val_AUPR=0.6091  val_P@5=0.6668  val_P@10=0.4676
Ep078  LR0=5.00e-07  pw=1.00  aucα=0.400  token_p=0.010  dropE=(0.010,0.050)  smooth=0.010  train_loss=0.1314  train_AUPR=0.9215  train_P@5=0.9354  train_P@10=0.6285  val_loss=0.1671  val_AUPR=0.6089  val_P@5=0.6666  val_P@10=0.4676
Early stop triggered: neither val_AUPR nor val_loss improved for 20 epochs.
Saved iPara_l1_g10_i5_do0.10_dpr0.05_lr0.0002_heads16_fold4.pth  (best val AUPR=0.6284)
Saved iPara_l1_g10_i5_do0.10_dpr0.05_lr0.0002_heads16_fold4_best_aupr.pth
Saved iPara_l1_g10_i5_do0.10_dpr0.05_lr0.0002_heads16_fold4_best_loss.pth  (best val loss=0.1666)

── Fold 5/5
Train labels: pos=26617, neg=373043, ignore=699540, pos_rate=0.066599
Val labels: pos=6613, neg=93919, ignore=173068, pos_rate=0.065780
Initializing ClassificationModel with 10 GAT layers and residual connections...
Initializing MCModel with 10 GAT layers and 5 row attention layers (drop_path_rate=0.05)
Initializing CoreModel with 1 layers, drop_path_rate=0.05
Ep000  LR0=2.00e-05  pw=15.00  aucα=0.000  token_p=0.000  dropE=(0.000,0.000)  smooth=0.000  train_loss=0.6049  train_AUPR=0.3960  train_P@5=0.4588  train_P@10=0.3453  val_loss=0.4756  val_AUPR=0.3777  val_P@5=0.4349  val_P@10=0.3361
Ep001  LR0=3.00e-05  pw=13.35  aucα=0.000  token_p=0.000  dropE=(0.000,0.000)  smooth=0.000  train_loss=0.4957  train_AUPR=0.4412  train_P@5=0.5012  train_P@10=0.3730  val_loss=0.4581  val_AUPR=0.4305  val_P@5=0.4910  val_P@10=0.3712
Ep002  LR0=4.00e-05  pw=11.90  aucα=0.000  token_p=0.000  dropE=(0.000,0.000)  smooth=0.000  train_loss=0.4603  train_AUPR=0.4780  train_P@5=0.5366  train_P@10=0.3972  val_loss=0.4395  val_AUPR=0.4597  val_P@5=0.5259  val_P@10=0.3907
Ep003  LR0=5.00e-05  pw=10.62  aucα=0.000  token_p=0.000  dropE=(0.000,0.000)  smooth=0.000  train_loss=0.4399  train_AUPR=0.5040  train_P@5=0.5727  train_P@10=0.4154  val_loss=0.4147  val_AUPR=0.4955  val_P@5=0.5700  val_P@10=0.4073
Ep004  LR0=6.00e-05  pw=9.49  aucα=0.057  token_p=0.000  dropE=(0.000,0.000)  smooth=0.000  train_loss=0.4369  train_AUPR=0.5261  train_P@5=0.5729  train_P@10=0.4244  val_loss=0.4083  val_AUPR=0.5064  val_P@5=0.5663  val_P@10=0.4136
Ep005  LR0=7.00e-05  pw=8.49  aucα=0.114  token_p=0.000  dropE=(0.000,0.000)  smooth=0.000  train_loss=0.4314  train_AUPR=0.5610  train_P@5=0.6062  train_P@10=0.4403  val_loss=0.3919  val_AUPR=0.5336  val_P@5=0.5947  val_P@10=0.4286
Ep006  LR0=8.00e-05  pw=7.61  aucα=0.171  token_p=0.001  dropE=(0.001,0.005)  smooth=0.001  train_loss=0.4253  train_AUPR=0.5653  train_P@5=0.6150  train_P@10=0.4441  val_loss=0.3810  val_AUPR=0.5505  val_P@5=0.5983  val_P@10=0.4319
Ep007  LR0=9.00e-05  pw=6.84  aucα=0.229  token_p=0.002  dropE=(0.002,0.010)  smooth=0.002  train_loss=0.4215  train_AUPR=0.5790  train_P@5=0.6261  train_P@10=0.4517  val_loss=0.3844  val_AUPR=0.5444  val_P@5=0.5967  val_P@10=0.4367
Ep008  LR0=1.00e-04  pw=6.15  aucα=0.286  token_p=0.003  dropE=(0.003,0.015)  smooth=0.003  train_loss=0.4167  train_AUPR=0.5889  train_P@5=0.6311  train_P@10=0.4492  val_loss=0.3646  val_AUPR=0.5480  val_P@5=0.5951  val_P@10=0.4267
Ep009  LR0=1.00e-04  pw=5.55  aucα=0.343  token_p=0.004  dropE=(0.004,0.020)  smooth=0.004  train_loss=0.4085  train_AUPR=0.6123  train_P@5=0.6485  train_P@10=0.4658  val_loss=0.3613  val_AUPR=0.5699  val_P@5=0.6204  val_P@10=0.4404
[Info] Unfroze 'dym' params after warmup (epoch=10). Added core=66 tensors, other=0 tensors.
Ep010  LR0=2.00e-05  pw=5.01  aucα=0.400  token_p=0.005  dropE=(0.005,0.025)  smooth=0.005  train_loss=0.3859  train_AUPR=0.6336  train_P@5=0.6714  train_P@10=0.4778  val_loss=0.3407  val_AUPR=0.5882  val_P@5=0.6307  val_P@10=0.4460
Ep011  LR0=3.00e-05  pw=4.54  aucα=0.400  token_p=0.006  dropE=(0.006,0.030)  smooth=0.006  train_loss=0.3744  train_AUPR=0.6398  train_P@5=0.6748  train_P@10=0.4809  val_loss=0.3319  val_AUPR=0.5819  val_P@5=0.6293  val_P@10=0.4445
Ep012  LR0=4.00e-05  pw=4.12  aucα=0.400  token_p=0.007  dropE=(0.007,0.035)  smooth=0.007  train_loss=0.3660  train_AUPR=0.6402  train_P@5=0.6726  train_P@10=0.4792  val_loss=0.3267  val_AUPR=0.5803  val_P@5=0.6261  val_P@10=0.4397
Ep013  LR0=5.00e-05  pw=3.76  aucα=0.400  token_p=0.008  dropE=(0.008,0.040)  smooth=0.008  train_loss=0.3607  train_AUPR=0.6458  train_P@5=0.6796  train_P@10=0.4829  val_loss=0.3078  val_AUPR=0.5864  val_P@5=0.6307  val_P@10=0.4472
Ep014  LR0=6.00e-05  pw=3.43  aucα=0.400  token_p=0.009  dropE=(0.009,0.045)  smooth=0.009  train_loss=0.3509  train_AUPR=0.6457  train_P@5=0.6777  train_P@10=0.4838  val_loss=0.2965  val_AUPR=0.5756  val_P@5=0.6255  val_P@10=0.4415
Ep015  LR0=7.00e-05  pw=3.15  aucα=0.400  token_p=0.010  dropE=(0.010,0.050)  smooth=0.010  train_loss=0.3453  train_AUPR=0.6398  train_P@5=0.6746  train_P@10=0.4807  val_loss=0.2950  val_AUPR=0.5799  val_P@5=0.6228  val_P@10=0.4399
Ep016  LR0=8.00e-05  pw=2.89  aucα=0.400  token_p=0.010  dropE=(0.010,0.050)  smooth=0.010  train_loss=0.3367  train_AUPR=0.6526  train_P@5=0.6842  train_P@10=0.4904  val_loss=0.2799  val_AUPR=0.5659  val_P@5=0.6110  val_P@10=0.4368
Ep017  LR0=9.00e-05  pw=2.67  aucα=0.400  token_p=0.010  dropE=(0.010,0.050)  smooth=0.010  train_loss=0.3286  train_AUPR=0.6605  train_P@5=0.6828  train_P@10=0.4933  val_loss=0.2624  val_AUPR=0.5912  val_P@5=0.6331  val_P@10=0.4444
Ep018  LR0=1.00e-04  pw=2.48  aucα=0.400  token_p=0.010  dropE=(0.010,0.050)  smooth=0.010  train_loss=0.3220  train_AUPR=0.6675  train_P@5=0.6996  train_P@10=0.4957  val_loss=0.2570  val_AUPR=0.5894  val_P@5=0.6337  val_P@10=0.4422
Ep019  LR0=1.00e-04  pw=2.30  aucα=0.400  token_p=0.010  dropE=(0.010,0.050)  smooth=0.010  train_loss=0.3125  train_AUPR=0.6754  train_P@5=0.7041  train_P@10=0.5002  val_loss=0.2490  val_AUPR=0.5764  val_P@5=0.6162  val_P@10=0.4434
Ep020  LR0=1.00e-04  pw=2.15  aucα=0.400  token_p=0.010  dropE=(0.010,0.050)  smooth=0.010  train_loss=0.3032  train_AUPR=0.7025  train_P@5=0.7291  train_P@10=0.5127  val_loss=0.2413  val_AUPR=0.5894  val_P@5=0.6375  val_P@10=0.4386
Ep021  LR0=9.99e-05  pw=2.01  aucα=0.400  token_p=0.010  dropE=(0.010,0.050)  smooth=0.010  train_loss=0.2902  train_AUPR=0.7084  train_P@5=0.7331  train_P@10=0.5202  val_loss=0.2354  val_AUPR=0.5846  val_P@5=0.6242  val_P@10=0.4385
Ep022  LR0=9.97e-05  pw=1.89  aucα=0.400  token_p=0.010  dropE=(0.010,0.050)  smooth=0.010  train_loss=0.2803  train_AUPR=0.7010  train_P@5=0.7262  train_P@10=0.5143  val_loss=0.2285  val_AUPR=0.5740  val_P@5=0.6236  val_P@10=0.4315
Ep023  LR0=9.95e-05  pw=1.79  aucα=0.400  token_p=0.010  dropE=(0.010,0.050)  smooth=0.010  train_loss=0.2749  train_AUPR=0.7240  train_P@5=0.7440  train_P@10=0.5264  val_loss=0.2213  val_AUPR=0.5990  val_P@5=0.6369  val_P@10=0.4452
Ep024  LR0=9.92e-05  pw=1.70  aucα=0.400  token_p=0.010  dropE=(0.010,0.050)  smooth=0.010  train_loss=0.2633  train_AUPR=0.7468  train_P@5=0.7644  train_P@10=0.5369  val_loss=0.2130  val_AUPR=0.5873  val_P@5=0.6214  val_P@10=0.4449
Ep025  LR0=9.89e-05  pw=1.62  aucα=0.400  token_p=0.010  dropE=(0.010,0.050)  smooth=0.010  train_loss=0.2529  train_AUPR=0.7588  train_P@5=0.7763  train_P@10=0.5420  val_loss=0.2078  val_AUPR=0.5952  val_P@5=0.6345  val_P@10=0.4407
Ep026  LR0=9.85e-05  pw=1.54  aucα=0.400  token_p=0.010  dropE=(0.010,0.050)  smooth=0.010  train_loss=0.2455  train_AUPR=0.7514  train_P@5=0.7618  train_P@10=0.5408  val_loss=0.2069  val_AUPR=0.5997  val_P@5=0.6444  val_P@10=0.4446
Ep027  LR0=9.81e-05  pw=1.48  aucα=0.400  token_p=0.010  dropE=(0.010,0.050)  smooth=0.010  train_loss=0.2358  train_AUPR=0.7640  train_P@5=0.7723  train_P@10=0.5457  val_loss=0.1969  val_AUPR=0.6095  val_P@5=0.6526  val_P@10=0.4539
Ep028  LR0=9.76e-05  pw=1.42  aucα=0.400  token_p=0.010  dropE=(0.010,0.050)  smooth=0.010  train_loss=0.2280  train_AUPR=0.7830  train_P@5=0.7956  train_P@10=0.5543  val_loss=0.2022  val_AUPR=0.5761  val_P@5=0.6148  val_P@10=0.4345
Ep029  LR0=9.70e-05  pw=1.37  aucα=0.400  token_p=0.010  dropE=(0.010,0.050)  smooth=0.010  train_loss=0.2204  train_AUPR=0.7999  train_P@5=0.8095  train_P@10=0.5653  val_loss=0.1967  val_AUPR=0.5806  val_P@5=0.6174  val_P@10=0.4375
Ep030  LR0=9.46e-05  pw=1.33  aucα=0.400  token_p=0.010  dropE=(0.010,0.050)  smooth=0.010  train_loss=0.2146  train_AUPR=0.8173  train_P@5=0.8260  train_P@10=0.5740  val_loss=0.2000  val_AUPR=0.5878  val_P@5=0.6297  val_P@10=0.4486
Ep031  LR0=8.78e-05  pw=1.29  aucα=0.400  token_p=0.010  dropE=(0.010,0.050)  smooth=0.010  train_loss=0.2050  train_AUPR=0.8130  train_P@5=0.8211  train_P@10=0.5748  val_loss=0.1925  val_AUPR=0.5893  val_P@5=0.6385  val_P@10=0.4476
Ep032  LR0=7.71e-05  pw=1.26  aucα=0.400  token_p=0.010  dropE=(0.010,0.050)  smooth=0.010  train_loss=0.1970  train_AUPR=0.8492  train_P@5=0.8559  train_P@10=0.5912  val_loss=0.1872  val_AUPR=0.6003  val_P@5=0.6498  val_P@10=0.4538
Ep033  LR0=6.37e-05  pw=1.23  aucα=0.400  token_p=0.010  dropE=(0.010,0.050)  smooth=0.010  train_loss=0.1856  train_AUPR=0.8588  train_P@5=0.8668  train_P@10=0.5974  val_loss=0.1836  val_AUPR=0.6002  val_P@5=0.6492  val_P@10=0.4543
Ep034  LR0=4.87e-05  pw=1.20  aucα=0.400  token_p=0.010  dropE=(0.010,0.050)  smooth=0.010  train_loss=0.1745  train_AUPR=0.8753  train_P@5=0.8850  train_P@10=0.6042  val_loss=0.1813  val_AUPR=0.6008  val_P@5=0.6484  val_P@10=0.4565
Ep035  LR0=3.38e-05  pw=1.18  aucα=0.400  token_p=0.010  dropE=(0.010,0.050)  smooth=0.010  train_loss=0.1652  train_AUPR=0.8890  train_P@5=0.8981  train_P@10=0.6114  val_loss=0.1800  val_AUPR=0.5995  val_P@5=0.6472  val_P@10=0.4562
Ep036  LR0=2.04e-05  pw=1.16  aucα=0.400  token_p=0.010  dropE=(0.010,0.050)  smooth=0.010  train_loss=0.1543  train_AUPR=0.8994  train_P@5=0.9095  train_P@10=0.6174  val_loss=0.1790  val_AUPR=0.5973  val_P@5=0.6470  val_P@10=0.4560
Ep037  LR0=9.71e-06  pw=1.14  aucα=0.400  token_p=0.010  dropE=(0.010,0.050)  smooth=0.010  train_loss=0.1457  train_AUPR=0.9114  train_P@5=0.9234  train_P@10=0.6242  val_loss=0.1780  val_AUPR=0.5950  val_P@5=0.6441  val_P@10=0.4567
Ep038  LR0=2.86e-06  pw=1.12  aucα=0.400  token_p=0.010  dropE=(0.010,0.050)  smooth=0.010  train_loss=0.1390  train_AUPR=0.9180  train_P@5=0.9322  train_P@10=0.6276  val_loss=0.1771  val_AUPR=0.5935  val_P@5=0.6441  val_P@10=0.4563
Ep039  LR0=5.00e-07  pw=1.11  aucα=0.400  token_p=0.010  dropE=(0.010,0.050)  smooth=0.010  train_loss=0.1354  train_AUPR=0.9194  train_P@5=0.9329  train_P@10=0.6280  val_loss=0.1762  val_AUPR=0.5918  val_P@5=0.6431  val_P@10=0.4562
Ep040  LR0=5.00e-07  pw=1.09  aucα=0.400  token_p=0.010  dropE=(0.010,0.050)  smooth=0.010  train_loss=0.1329  train_AUPR=0.9198  train_P@5=0.9329  train_P@10=0.6282  val_loss=0.1755  val_AUPR=0.5902  val_P@5=0.6429  val_P@10=0.4560
Ep041  LR0=5.00e-07  pw=1.08  aucα=0.400  token_p=0.010  dropE=(0.010,0.050)  smooth=0.010  train_loss=0.1332  train_AUPR=0.9201  train_P@5=0.9338  train_P@10=0.6282  val_loss=0.1748  val_AUPR=0.5889  val_P@5=0.6413  val_P@10=0.4559
Ep042  LR0=5.00e-07  pw=1.07  aucα=0.400  token_p=0.010  dropE=(0.010,0.050)  smooth=0.010  train_loss=0.1323  train_AUPR=0.9202  train_P@5=0.9340  train_P@10=0.6281  val_loss=0.1742  val_AUPR=0.5877  val_P@5=0.6407  val_P@10=0.4559
Ep043  LR0=5.00e-07  pw=1.06  aucα=0.400  token_p=0.010  dropE=(0.010,0.050)  smooth=0.010  train_loss=0.1314  train_AUPR=0.9205  train_P@5=0.9344  train_P@10=0.6281  val_loss=0.1736  val_AUPR=0.5866  val_P@5=0.6399  val_P@10=0.4562
Ep044  LR0=5.00e-07  pw=1.06  aucα=0.400  token_p=0.010  dropE=(0.010,0.050)  smooth=0.010  train_loss=0.1305  train_AUPR=0.9206  train_P@5=0.9348  train_P@10=0.6282  val_loss=0.1731  val_AUPR=0.5856  val_P@5=0.6395  val_P@10=0.4556
Ep045  LR0=5.00e-07  pw=1.05  aucα=0.400  token_p=0.010  dropE=(0.010,0.050)  smooth=0.010  train_loss=0.1313  train_AUPR=0.9209  train_P@5=0.9352  train_P@10=0.6284  val_loss=0.1727  val_AUPR=0.5847  val_P@5=0.6391  val_P@10=0.4556
Ep046  LR0=5.00e-07  pw=1.04  aucα=0.400  token_p=0.010  dropE=(0.010,0.050)  smooth=0.010  train_loss=0.1315  train_AUPR=0.9208  train_P@5=0.9350  train_P@10=0.6286  val_loss=0.1723  val_AUPR=0.5838  val_P@5=0.6387  val_P@10=0.4556
Ep047  LR0=5.00e-07  pw=1.04  aucα=0.400  token_p=0.010  dropE=(0.010,0.050)  smooth=0.010  train_loss=0.1304  train_AUPR=0.9210  train_P@5=0.9356  train_P@10=0.6286  val_loss=0.1720  val_AUPR=0.5830  val_P@5=0.6387  val_P@10=0.4555
Ep048  LR0=5.00e-07  pw=1.03  aucα=0.400  token_p=0.010  dropE=(0.010,0.050)  smooth=0.010  train_loss=0.1296  train_AUPR=0.9213  train_P@5=0.9362  train_P@10=0.6287  val_loss=0.1717  val_AUPR=0.5823  val_P@5=0.6385  val_P@10=0.4556
Ep049  LR0=5.00e-07  pw=1.03  aucα=0.400  token_p=0.010  dropE=(0.010,0.050)  smooth=0.010  train_loss=0.1302  train_AUPR=0.9214  train_P@5=0.9358  train_P@10=0.6287  val_loss=0.1714  val_AUPR=0.5816  val_P@5=0.6379  val_P@10=0.4551
Ep050  LR0=5.00e-07  pw=1.03  aucα=0.400  token_p=0.010  dropE=(0.010,0.050)  smooth=0.010  train_loss=0.1288  train_AUPR=0.9216  train_P@5=0.9363  train_P@10=0.6287  val_loss=0.1712  val_AUPR=0.5810  val_P@5=0.6377  val_P@10=0.4553
Ep051  LR0=5.00e-07  pw=1.02  aucα=0.400  token_p=0.010  dropE=(0.010,0.050)  smooth=0.010  train_loss=0.1304  train_AUPR=0.9218  train_P@5=0.9365  train_P@10=0.6289  val_loss=0.1710  val_AUPR=0.5804  val_P@5=0.6373  val_P@10=0.4553
Ep052  LR0=5.00e-07  pw=1.02  aucα=0.400  token_p=0.010  dropE=(0.010,0.050)  smooth=0.010  train_loss=0.1294  train_AUPR=0.9219  train_P@5=0.9367  train_P@10=0.6289  val_loss=0.1709  val_AUPR=0.5798  val_P@5=0.6371  val_P@10=0.4555
Ep053  LR0=5.00e-07  pw=1.02  aucα=0.400  token_p=0.010  dropE=(0.010,0.050)  smooth=0.010  train_loss=0.1306  train_AUPR=0.9221  train_P@5=0.9369  train_P@10=0.6290  val_loss=0.1708  val_AUPR=0.5793  val_P@5=0.6373  val_P@10=0.4555
Ep054  LR0=5.00e-07  pw=1.02  aucα=0.400  token_p=0.010  dropE=(0.010,0.050)  smooth=0.010  train_loss=0.1289  train_AUPR=0.9222  train_P@5=0.9369  train_P@10=0.6291  val_loss=0.1707  val_AUPR=0.5788  val_P@5=0.6369  val_P@10=0.4554
Ep055  LR0=5.00e-07  pw=1.01  aucα=0.400  token_p=0.010  dropE=(0.010,0.050)  smooth=0.010  train_loss=0.1290  train_AUPR=0.9224  train_P@5=0.9368  train_P@10=0.6293  val_loss=0.1706  val_AUPR=0.5783  val_P@5=0.6369  val_P@10=0.4551
Ep056  LR0=5.00e-07  pw=1.01  aucα=0.400  token_p=0.010  dropE=(0.010,0.050)  smooth=0.010  train_loss=0.1295  train_AUPR=0.9225  train_P@5=0.9368  train_P@10=0.6292  val_loss=0.1705  val_AUPR=0.5779  val_P@5=0.6369  val_P@10=0.4552
Ep057  LR0=5.00e-07  pw=1.01  aucα=0.400  token_p=0.010  dropE=(0.010,0.050)  smooth=0.010  train_loss=0.1286  train_AUPR=0.9226  train_P@5=0.9369  train_P@10=0.6293  val_loss=0.1704  val_AUPR=0.5775  val_P@5=0.6361  val_P@10=0.4549
Ep058  LR0=5.00e-07  pw=1.01  aucα=0.400  token_p=0.010  dropE=(0.010,0.050)  smooth=0.010  train_loss=0.1286  train_AUPR=0.9227  train_P@5=0.9374  train_P@10=0.6294  val_loss=0.1704  val_AUPR=0.5771  val_P@5=0.6355  val_P@10=0.4550
Ep059  LR0=5.00e-07  pw=1.01  aucα=0.400  token_p=0.010  dropE=(0.010,0.050)  smooth=0.010  train_loss=0.1286  train_AUPR=0.9229  train_P@5=0.9376  train_P@10=0.6294  val_loss=0.1704  val_AUPR=0.5768  val_P@5=0.6355  val_P@10=0.4549
Ep060  LR0=5.00e-07  pw=1.01  aucα=0.400  token_p=0.010  dropE=(0.010,0.050)  smooth=0.010  train_loss=0.1291  train_AUPR=0.9230  train_P@5=0.9371  train_P@10=0.6296  val_loss=0.1703  val_AUPR=0.5764  val_P@5=0.6355  val_P@10=0.4550
Ep061  LR0=5.00e-07  pw=1.01  aucα=0.400  token_p=0.010  dropE=(0.010,0.050)  smooth=0.010  train_loss=0.1281  train_AUPR=0.9232  train_P@5=0.9378  train_P@10=0.6297  val_loss=0.1703  val_AUPR=0.5761  val_P@5=0.6353  val_P@10=0.4552
Ep062  LR0=5.00e-07  pw=1.01  aucα=0.400  token_p=0.010  dropE=(0.010,0.050)  smooth=0.010  train_loss=0.1292  train_AUPR=0.9232  train_P@5=0.9376  train_P@10=0.6295  val_loss=0.1703  val_AUPR=0.5758  val_P@5=0.6355  val_P@10=0.4550
Ep063  LR0=5.00e-07  pw=1.01  aucα=0.400  token_p=0.010  dropE=(0.010,0.050)  smooth=0.010  train_loss=0.1274  train_AUPR=0.9235  train_P@5=0.9381  train_P@10=0.6298  val_loss=0.1703  val_AUPR=0.5755  val_P@5=0.6353  val_P@10=0.4552
Ep064  LR0=5.00e-07  pw=1.00  aucα=0.400  token_p=0.010  dropE=(0.010,0.050)  smooth=0.010  train_loss=0.1279  train_AUPR=0.9234  train_P@5=0.9383  train_P@10=0.6297  val_loss=0.1703  val_AUPR=0.5752  val_P@5=0.6353  val_P@10=0.4553
Ep065  LR0=5.00e-07  pw=1.00  aucα=0.400  token_p=0.010  dropE=(0.010,0.050)  smooth=0.010  train_loss=0.1274  train_AUPR=0.9237  train_P@5=0.9388  train_P@10=0.6298  val_loss=0.1703  val_AUPR=0.5749  val_P@5=0.6355  val_P@10=0.4553
Ep066  LR0=5.00e-07  pw=1.00  aucα=0.400  token_p=0.010  dropE=(0.010,0.050)  smooth=0.010  train_loss=0.1277  train_AUPR=0.9238  train_P@5=0.9390  train_P@10=0.6298  val_loss=0.1703  val_AUPR=0.5746  val_P@5=0.6353  val_P@10=0.4551
Ep067  LR0=5.00e-07  pw=1.00  aucα=0.400  token_p=0.010  dropE=(0.010,0.050)  smooth=0.010  train_loss=0.1278  train_AUPR=0.9238  train_P@5=0.9384  train_P@10=0.6298  val_loss=0.1704  val_AUPR=0.5743  val_P@5=0.6351  val_P@10=0.4551
Ep068  LR0=5.00e-07  pw=1.00  aucα=0.400  token_p=0.010  dropE=(0.010,0.050)  smooth=0.010  train_loss=0.1279  train_AUPR=0.9238  train_P@5=0.9386  train_P@10=0.6301  val_loss=0.1704  val_AUPR=0.5740  val_P@5=0.6351  val_P@10=0.4550
Ep069  LR0=5.00e-07  pw=1.00  aucα=0.400  token_p=0.010  dropE=(0.010,0.050)  smooth=0.010  train_loss=0.1285  train_AUPR=0.9239  train_P@5=0.9387  train_P@10=0.6301  val_loss=0.1704  val_AUPR=0.5738  val_P@5=0.6347  val_P@10=0.4552
Ep070  LR0=5.00e-07  pw=1.00  aucα=0.400  token_p=0.010  dropE=(0.010,0.050)  smooth=0.010  train_loss=0.1273  train_AUPR=0.9242  train_P@5=0.9388  train_P@10=0.6303  val_loss=0.1704  val_AUPR=0.5734  val_P@5=0.6343  val_P@10=0.4551
Ep071  LR0=5.00e-07  pw=1.00  aucα=0.400  token_p=0.010  dropE=(0.010,0.050)  smooth=0.010  train_loss=0.1277  train_AUPR=0.9242  train_P@5=0.9389  train_P@10=0.6303  val_loss=0.1704  val_AUPR=0.5733  val_P@5=0.6345  val_P@10=0.4551
Ep072  LR0=5.00e-07  pw=1.00  aucα=0.400  token_p=0.010  dropE=(0.010,0.050)  smooth=0.010  train_loss=0.1262  train_AUPR=0.9244  train_P@5=0.9387  train_P@10=0.6303  val_loss=0.1705  val_AUPR=0.5731  val_P@5=0.6345  val_P@10=0.4551
Ep073  LR0=5.00e-07  pw=1.00  aucα=0.400  token_p=0.010  dropE=(0.010,0.050)  smooth=0.010  train_loss=0.1282  train_AUPR=0.9244  train_P@5=0.9393  train_P@10=0.6301  val_loss=0.1705  val_AUPR=0.5728  val_P@5=0.6341  val_P@10=0.4550
Ep074  LR0=5.00e-07  pw=1.00  aucα=0.400  token_p=0.010  dropE=(0.010,0.050)  smooth=0.010  train_loss=0.1267  train_AUPR=0.9244  train_P@5=0.9391  train_P@10=0.6304  val_loss=0.1705  val_AUPR=0.5726  val_P@5=0.6341  val_P@10=0.4550
Ep075  LR0=5.00e-07  pw=1.00  aucα=0.400  token_p=0.010  dropE=(0.010,0.050)  smooth=0.010  train_loss=0.1269  train_AUPR=0.9247  train_P@5=0.9394  train_P@10=0.6305  val_loss=0.1706  val_AUPR=0.5725  val_P@5=0.6333  val_P@10=0.4551
Ep076  LR0=5.00e-07  pw=1.00  aucα=0.400  token_p=0.010  dropE=(0.010,0.050)  smooth=0.010  train_loss=0.1264  train_AUPR=0.9248  train_P@5=0.9397  train_P@10=0.6305  val_loss=0.1706  val_AUPR=0.5722  val_P@5=0.6331  val_P@10=0.4551
Ep077  LR0=5.00e-07  pw=1.00  aucα=0.400  token_p=0.010  dropE=(0.010,0.050)  smooth=0.010  train_loss=0.1275  train_AUPR=0.9251  train_P@5=0.9401  train_P@10=0.6306  val_loss=0.1706  val_AUPR=0.5720  val_P@5=0.6331  val_P@10=0.4551
Ep078  LR0=5.00e-07  pw=1.00  aucα=0.400  token_p=0.010  dropE=(0.010,0.050)  smooth=0.010  train_loss=0.1261  train_AUPR=0.9253  train_P@5=0.9400  train_P@10=0.6308  val_loss=0.1707  val_AUPR=0.5719  val_P@5=0.6331  val_P@10=0.4551
Early stop triggered: neither val_AUPR nor val_loss improved for 20 epochs.
Saved iPara_l1_g10_i5_do0.10_dpr0.05_lr0.0002_heads16_fold5.pth  (best val AUPR=0.6095)
Saved iPara_l1_g10_i5_do0.10_dpr0.05_lr0.0002_heads16_fold5_best_aupr.pth
Saved iPara_l1_g10_i5_do0.10_dpr0.05_lr0.0002_heads16_fold5_best_loss.pth  (best val loss=0.1704)
