{'sequence_file': 'para_tv_esmsequences_1600.npz', 'data_file': 'para_tv_esminterfaces_1600.npz', 'edge_file': 'para_tv_esmedges_1600.npz', 'vocab_size': 31, 'seq_len': 1600, 'embed_dim': 256, 'num_heads': 16, 'dropout': 0.05, 'num_layers': 1, 'num_gnn_layers': 10, 'num_int_layers': 5, 'drop_path_rate': 0.03, 'num_classes': 2, 'batch_size': 4, 'num_epochs': 200, 'warmup_epochs': 10, 'dym_start_epoch': 25, 'dym_lr_factor': 0.1, 'swa_start': 30, 'learning_rate': 0.0002, 'weight_decay': 0.0001, 'max_grad_norm': 0.5, 'accum_steps': 1, 'n_splits': 5, 'early_stop': 20, 'min_stop_epoch': 40, 'weight_start': 15.0, 'weight_end': 1.0, 'weight_anneal_tau': 8.0, 'dropedge_min': 0.01, 'dropedge_max': 0.05, 'token_drop_p': 0.01, 'apply_feature_mask_on_train_only': True, 'smooth_lambda': 0.01, 'smooth_ramp_start': 5, 'smooth_ramp_len': 10, 'aucpr_alpha': 0.4, 'aucpr_ramp_start': 3, 'aucpr_ramp_len': 7, 'aucpr_bins': 64, 'aucpr_temp': 0.05, 'label_smoothing': 0.01, 'save_best_loss_checkpoint': True, 'save_best_aupr_checkpoint': True}
Number of GPUs available: 1

── Fold 1/5
Train labels: pos=26433, neg=373034, ignore=698133, pos_rate=0.066171
Val labels: pos=6797, neg=93928, ignore=174475, pos_rate=0.067481
Initializing ClassificationModel with 10 GAT layers and residual connections...
Initializing MCModel with 10 GAT layers and 5 row attention layers (drop_path_rate=0.03)
Initializing CoreModel with 1 layers, drop_path_rate=0.03
Ep000  LR0=2.00e-05  pw=15.00  aucα=0.000  token_p=0.000  dropE=(0.000,0.000)  smooth=0.000  train_loss=0.5774  train_AUPR=0.3623  train_P@5=0.4164  train_P@10=0.3281  val_loss=0.4819  val_AUPR=0.3757  val_P@5=0.4347  val_P@10=0.3346
Ep001  LR0=3.00e-05  pw=13.35  aucα=0.000  token_p=0.000  dropE=(0.000,0.000)  smooth=0.000  train_loss=0.4908  train_AUPR=0.4334  train_P@5=0.4880  train_P@10=0.3767  val_loss=0.4757  val_AUPR=0.4328  val_P@5=0.4980  val_P@10=0.3692
Ep002  LR0=4.00e-05  pw=11.90  aucα=0.000  token_p=0.000  dropE=(0.000,0.000)  smooth=0.000  train_loss=0.4633  train_AUPR=0.4638  train_P@5=0.5238  train_P@10=0.3829  val_loss=0.4718  val_AUPR=0.4550  val_P@5=0.5214  val_P@10=0.3756
Ep003  LR0=5.00e-05  pw=10.62  aucα=0.000  token_p=0.000  dropE=(0.000,0.000)  smooth=0.000  train_loss=0.4347  train_AUPR=0.5090  train_P@5=0.5778  train_P@10=0.4243  val_loss=0.4209  val_AUPR=0.4888  val_P@5=0.5592  val_P@10=0.4148
Ep004  LR0=6.00e-05  pw=9.49  aucα=0.057  token_p=0.000  dropE=(0.000,0.000)  smooth=0.000  train_loss=0.4274  train_AUPR=0.5440  train_P@5=0.5999  train_P@10=0.4329  val_loss=0.4103  val_AUPR=0.5220  val_P@5=0.5868  val_P@10=0.4234
Ep005  LR0=7.00e-05  pw=8.49  aucα=0.114  token_p=0.000  dropE=(0.000,0.000)  smooth=0.000  train_loss=0.4205  train_AUPR=0.5657  train_P@5=0.6090  train_P@10=0.4464  val_loss=0.4045  val_AUPR=0.5323  val_P@5=0.5830  val_P@10=0.4242
Ep006  LR0=8.00e-05  pw=7.61  aucα=0.171  token_p=0.001  dropE=(0.001,0.005)  smooth=0.001  train_loss=0.4174  train_AUPR=0.5750  train_P@5=0.6171  train_P@10=0.4487  val_loss=0.4012  val_AUPR=0.5364  val_P@5=0.5888  val_P@10=0.4251
Ep007  LR0=9.00e-05  pw=6.84  aucα=0.229  token_p=0.002  dropE=(0.002,0.010)  smooth=0.002  train_loss=0.4106  train_AUPR=0.5919  train_P@5=0.6331  train_P@10=0.4587  val_loss=0.3783  val_AUPR=0.5470  val_P@5=0.6019  val_P@10=0.4314
Ep008  LR0=1.00e-04  pw=6.15  aucα=0.286  token_p=0.003  dropE=(0.003,0.015)  smooth=0.003  train_loss=0.4092  train_AUPR=0.6057  train_P@5=0.6457  train_P@10=0.4638  val_loss=0.3699  val_AUPR=0.5551  val_P@5=0.6072  val_P@10=0.4283
Ep009  LR0=1.00e-04  pw=5.55  aucα=0.343  token_p=0.004  dropE=(0.004,0.020)  smooth=0.004  train_loss=0.4008  train_AUPR=0.6102  train_P@5=0.6461  train_P@10=0.4663  val_loss=0.3609  val_AUPR=0.5540  val_P@5=0.6011  val_P@10=0.4295
[Info] Unfroze 'dym' params after warmup (epoch=10). Added core=66 tensors, other=0 tensors.
Ep010  LR0=2.00e-05  pw=5.01  aucα=0.400  token_p=0.005  dropE=(0.005,0.025)  smooth=0.005  train_loss=0.3736  train_AUPR=0.6498  train_P@5=0.6784  train_P@10=0.4872  val_loss=0.3444  val_AUPR=0.5744  val_P@5=0.6297  val_P@10=0.4401
Ep011  LR0=3.00e-05  pw=4.54  aucα=0.400  token_p=0.006  dropE=(0.006,0.030)  smooth=0.006  train_loss=0.3613  train_AUPR=0.6595  train_P@5=0.6863  train_P@10=0.4921  val_loss=0.3364  val_AUPR=0.5788  val_P@5=0.6332  val_P@10=0.4428
Ep012  LR0=4.00e-05  pw=4.12  aucα=0.400  token_p=0.007  dropE=(0.007,0.035)  smooth=0.007  train_loss=0.3532  train_AUPR=0.6602  train_P@5=0.6886  train_P@10=0.4944  val_loss=0.3252  val_AUPR=0.5755  val_P@5=0.6303  val_P@10=0.4475
Ep013  LR0=5.00e-05  pw=3.76  aucα=0.400  token_p=0.008  dropE=(0.008,0.040)  smooth=0.008  train_loss=0.3442  train_AUPR=0.6640  train_P@5=0.6899  train_P@10=0.4937  val_loss=0.3109  val_AUPR=0.5830  val_P@5=0.6402  val_P@10=0.4431
Ep014  LR0=6.00e-05  pw=3.43  aucα=0.400  token_p=0.009  dropE=(0.009,0.045)  smooth=0.009  train_loss=0.3382  train_AUPR=0.6662  train_P@5=0.6921  train_P@10=0.4955  val_loss=0.3005  val_AUPR=0.5682  val_P@5=0.6128  val_P@10=0.4479
Ep015  LR0=7.00e-05  pw=3.15  aucα=0.400  token_p=0.010  dropE=(0.010,0.050)  smooth=0.010  train_loss=0.3297  train_AUPR=0.6772  train_P@5=0.7033  train_P@10=0.5014  val_loss=0.2909  val_AUPR=0.5695  val_P@5=0.6243  val_P@10=0.4399
Ep016  LR0=8.00e-05  pw=2.89  aucα=0.400  token_p=0.010  dropE=(0.010,0.050)  smooth=0.010  train_loss=0.3226  train_AUPR=0.6770  train_P@5=0.6989  train_P@10=0.5033  val_loss=0.2788  val_AUPR=0.5867  val_P@5=0.6352  val_P@10=0.4465
Ep017  LR0=9.00e-05  pw=2.67  aucα=0.400  token_p=0.010  dropE=(0.010,0.050)  smooth=0.010  train_loss=0.3123  train_AUPR=0.6865  train_P@5=0.7119  train_P@10=0.5087  val_loss=0.2699  val_AUPR=0.5727  val_P@5=0.6303  val_P@10=0.4426
Ep018  LR0=1.00e-04  pw=2.48  aucα=0.400  token_p=0.010  dropE=(0.010,0.050)  smooth=0.010  train_loss=0.3067  train_AUPR=0.6969  train_P@5=0.7193  train_P@10=0.5108  val_loss=0.2635  val_AUPR=0.5692  val_P@5=0.6213  val_P@10=0.4396
Ep019  LR0=1.00e-04  pw=2.30  aucα=0.400  token_p=0.010  dropE=(0.010,0.050)  smooth=0.010  train_loss=0.2982  train_AUPR=0.7078  train_P@5=0.7296  train_P@10=0.5147  val_loss=0.2522  val_AUPR=0.5954  val_P@5=0.6448  val_P@10=0.4489
Ep020  LR0=1.00e-04  pw=2.15  aucα=0.400  token_p=0.010  dropE=(0.010,0.050)  smooth=0.010  train_loss=0.2862  train_AUPR=0.7224  train_P@5=0.7383  train_P@10=0.5244  val_loss=0.2460  val_AUPR=0.5941  val_P@5=0.6386  val_P@10=0.4531
Ep021  LR0=1.00e-04  pw=2.01  aucα=0.400  token_p=0.010  dropE=(0.010,0.050)  smooth=0.010  train_loss=0.2741  train_AUPR=0.7391  train_P@5=0.7561  train_P@10=0.5281  val_loss=0.2394  val_AUPR=0.5904  val_P@5=0.6465  val_P@10=0.4512
Ep022  LR0=9.99e-05  pw=1.89  aucα=0.400  token_p=0.010  dropE=(0.010,0.050)  smooth=0.010  train_loss=0.2638  train_AUPR=0.7458  train_P@5=0.7630  train_P@10=0.5334  val_loss=0.2308  val_AUPR=0.5830  val_P@5=0.6271  val_P@10=0.4469
Ep023  LR0=9.99e-05  pw=1.79  aucα=0.400  token_p=0.010  dropE=(0.010,0.050)  smooth=0.010  train_loss=0.2534  train_AUPR=0.7730  train_P@5=0.7841  train_P@10=0.5501  val_loss=0.2253  val_AUPR=0.5861  val_P@5=0.6287  val_P@10=0.4471
Ep024  LR0=9.98e-05  pw=1.70  aucα=0.400  token_p=0.010  dropE=(0.010,0.050)  smooth=0.010  train_loss=0.2431  train_AUPR=0.7628  train_P@5=0.7729  train_P@10=0.5454  val_loss=0.2239  val_AUPR=0.5604  val_P@5=0.6072  val_P@10=0.4369
Ep025  LR0=9.98e-05  pw=1.62  aucα=0.400  token_p=0.010  dropE=(0.010,0.050)  smooth=0.010  train_loss=0.2314  train_AUPR=0.7741  train_P@5=0.7919  train_P@10=0.5533  val_loss=0.2157  val_AUPR=0.5688  val_P@5=0.6102  val_P@10=0.4423
Ep026  LR0=9.97e-05  pw=1.54  aucα=0.400  token_p=0.010  dropE=(0.010,0.050)  smooth=0.010  train_loss=0.2251  train_AUPR=0.7958  train_P@5=0.8070  train_P@10=0.5572  val_loss=0.2081  val_AUPR=0.5901  val_P@5=0.6376  val_P@10=0.4491
Ep027  LR0=9.96e-05  pw=1.48  aucα=0.400  token_p=0.010  dropE=(0.010,0.050)  smooth=0.010  train_loss=0.2149  train_AUPR=0.8218  train_P@5=0.8319  train_P@10=0.5746  val_loss=0.2002  val_AUPR=0.5958  val_P@5=0.6422  val_P@10=0.4566
Ep028  LR0=9.94e-05  pw=1.42  aucα=0.400  token_p=0.010  dropE=(0.010,0.050)  smooth=0.010  train_loss=0.2048  train_AUPR=0.8302  train_P@5=0.8397  train_P@10=0.5775  val_loss=0.2000  val_AUPR=0.5887  val_P@5=0.6315  val_P@10=0.4495
Ep029  LR0=9.93e-05  pw=1.37  aucα=0.400  token_p=0.010  dropE=(0.010,0.050)  smooth=0.010  train_loss=0.1984  train_AUPR=0.8407  train_P@5=0.8451  train_P@10=0.5823  val_loss=0.1972  val_AUPR=0.5886  val_P@5=0.6334  val_P@10=0.4488
Ep030  LR0=9.69e-05  pw=1.33  aucα=0.400  token_p=0.010  dropE=(0.010,0.050)  smooth=0.010  train_loss=0.1882  train_AUPR=0.8387  train_P@5=0.8502  train_P@10=0.5845  val_loss=0.1926  val_AUPR=0.5773  val_P@5=0.6319  val_P@10=0.4545
Ep031  LR0=8.99e-05  pw=1.29  aucα=0.400  token_p=0.010  dropE=(0.010,0.050)  smooth=0.010  train_loss=0.1804  train_AUPR=0.8713  train_P@5=0.8808  train_P@10=0.5982  val_loss=0.1874  val_AUPR=0.5991  val_P@5=0.6477  val_P@10=0.4618
Ep032  LR0=7.90e-05  pw=1.26  aucα=0.400  token_p=0.010  dropE=(0.010,0.050)  smooth=0.010  train_loss=0.1729  train_AUPR=0.8714  train_P@5=0.8799  train_P@10=0.6003  val_loss=0.1853  val_AUPR=0.6001  val_P@5=0.6428  val_P@10=0.4614
Ep033  LR0=6.52e-05  pw=1.23  aucα=0.400  token_p=0.010  dropE=(0.010,0.050)  smooth=0.010  train_loss=0.1612  train_AUPR=0.8962  train_P@5=0.9071  train_P@10=0.6121  val_loss=0.1829  val_AUPR=0.6020  val_P@5=0.6432  val_P@10=0.4619
Ep034  LR0=4.99e-05  pw=1.20  aucα=0.400  token_p=0.010  dropE=(0.010,0.050)  smooth=0.010  train_loss=0.1470  train_AUPR=0.9062  train_P@5=0.9172  train_P@10=0.6174  val_loss=0.1801  val_AUPR=0.6021  val_P@5=0.6436  val_P@10=0.4634
Ep035  LR0=3.46e-05  pw=1.18  aucα=0.400  token_p=0.010  dropE=(0.010,0.050)  smooth=0.010  train_loss=0.1369  train_AUPR=0.9250  train_P@5=0.9373  train_P@10=0.6272  val_loss=0.1786  val_AUPR=0.6015  val_P@5=0.6459  val_P@10=0.4628
Ep036  LR0=2.09e-05  pw=1.16  aucα=0.400  token_p=0.010  dropE=(0.010,0.050)  smooth=0.010  train_loss=0.1258  train_AUPR=0.9418  train_P@5=0.9570  train_P@10=0.6360  val_loss=0.1771  val_AUPR=0.6010  val_P@5=0.6454  val_P@10=0.4631
Ep037  LR0=9.94e-06  pw=1.14  aucα=0.400  token_p=0.010  dropE=(0.010,0.050)  smooth=0.010  train_loss=0.1167  train_AUPR=0.9500  train_P@5=0.9672  train_P@10=0.6400  val_loss=0.1758  val_AUPR=0.5999  val_P@5=0.6456  val_P@10=0.4639
Ep038  LR0=2.92e-06  pw=1.12  aucα=0.400  token_p=0.010  dropE=(0.010,0.050)  smooth=0.010  train_loss=0.1087  train_AUPR=0.9558  train_P@5=0.9735  train_P@10=0.6423  val_loss=0.1747  val_AUPR=0.5986  val_P@5=0.6448  val_P@10=0.4637
Ep039  LR0=5.00e-07  pw=1.11  aucα=0.400  token_p=0.010  dropE=(0.010,0.050)  smooth=0.010  train_loss=0.1054  train_AUPR=0.9578  train_P@5=0.9766  train_P@10=0.6430  val_loss=0.1739  val_AUPR=0.5968  val_P@5=0.6440  val_P@10=0.4630
Ep040  LR0=5.00e-07  pw=1.09  aucα=0.400  token_p=0.010  dropE=(0.010,0.050)  smooth=0.010  train_loss=0.1033  train_AUPR=0.9584  train_P@5=0.9778  train_P@10=0.6434  val_loss=0.1732  val_AUPR=0.5955  val_P@5=0.6452  val_P@10=0.4632
Ep041  LR0=5.00e-07  pw=1.08  aucα=0.400  token_p=0.010  dropE=(0.010,0.050)  smooth=0.010  train_loss=0.1023  train_AUPR=0.9586  train_P@5=0.9781  train_P@10=0.6436  val_loss=0.1726  val_AUPR=0.5941  val_P@5=0.6452  val_P@10=0.4629
Ep042  LR0=5.00e-07  pw=1.07  aucα=0.400  token_p=0.010  dropE=(0.010,0.050)  smooth=0.010  train_loss=0.1019  train_AUPR=0.9589  train_P@5=0.9781  train_P@10=0.6438  val_loss=0.1720  val_AUPR=0.5930  val_P@5=0.6450  val_P@10=0.4624
Ep043  LR0=5.00e-07  pw=1.06  aucα=0.400  token_p=0.010  dropE=(0.010,0.050)  smooth=0.010  train_loss=0.1018  train_AUPR=0.9591  train_P@5=0.9783  train_P@10=0.6437  val_loss=0.1715  val_AUPR=0.5920  val_P@5=0.6444  val_P@10=0.4620
Ep044  LR0=5.00e-07  pw=1.06  aucα=0.400  token_p=0.010  dropE=(0.010,0.050)  smooth=0.010  train_loss=0.1008  train_AUPR=0.9592  train_P@5=0.9783  train_P@10=0.6437  val_loss=0.1711  val_AUPR=0.5910  val_P@5=0.6442  val_P@10=0.4618
Ep045  LR0=5.00e-07  pw=1.05  aucα=0.400  token_p=0.010  dropE=(0.010,0.050)  smooth=0.010  train_loss=0.1006  train_AUPR=0.9594  train_P@5=0.9784  train_P@10=0.6438  val_loss=0.1707  val_AUPR=0.5902  val_P@5=0.6436  val_P@10=0.4621
Ep046  LR0=5.00e-07  pw=1.04  aucα=0.400  token_p=0.010  dropE=(0.010,0.050)  smooth=0.010  train_loss=0.1007  train_AUPR=0.9596  train_P@5=0.9787  train_P@10=0.6439  val_loss=0.1704  val_AUPR=0.5893  val_P@5=0.6430  val_P@10=0.4621
Ep047  LR0=5.00e-07  pw=1.04  aucα=0.400  token_p=0.010  dropE=(0.010,0.050)  smooth=0.010  train_loss=0.1004  train_AUPR=0.9597  train_P@5=0.9787  train_P@10=0.6440  val_loss=0.1701  val_AUPR=0.5887  val_P@5=0.6428  val_P@10=0.4619
Ep048  LR0=5.00e-07  pw=1.03  aucα=0.400  token_p=0.010  dropE=(0.010,0.050)  smooth=0.010  train_loss=0.1009  train_AUPR=0.9599  train_P@5=0.9790  train_P@10=0.6441  val_loss=0.1698  val_AUPR=0.5880  val_P@5=0.6426  val_P@10=0.4618
Ep049  LR0=5.00e-07  pw=1.03  aucα=0.400  token_p=0.010  dropE=(0.010,0.050)  smooth=0.010  train_loss=0.0995  train_AUPR=0.9600  train_P@5=0.9788  train_P@10=0.6441  val_loss=0.1696  val_AUPR=0.5875  val_P@5=0.6430  val_P@10=0.4615
Ep050  LR0=5.00e-07  pw=1.03  aucα=0.400  token_p=0.010  dropE=(0.010,0.050)  smooth=0.010  train_loss=0.1000  train_AUPR=0.9602  train_P@5=0.9791  train_P@10=0.6441  val_loss=0.1694  val_AUPR=0.5869  val_P@5=0.6432  val_P@10=0.4615
Ep051  LR0=5.00e-07  pw=1.02  aucα=0.400  token_p=0.010  dropE=(0.010,0.050)  smooth=0.010  train_loss=0.0993  train_AUPR=0.9602  train_P@5=0.9791  train_P@10=0.6442  val_loss=0.1693  val_AUPR=0.5863  val_P@5=0.6432  val_P@10=0.4613
Ep052  LR0=5.00e-07  pw=1.02  aucα=0.400  token_p=0.010  dropE=(0.010,0.050)  smooth=0.010  train_loss=0.0997  train_AUPR=0.9603  train_P@5=0.9793  train_P@10=0.6442  val_loss=0.1692  val_AUPR=0.5858  val_P@5=0.6428  val_P@10=0.4611
Ep053  LR0=5.00e-07  pw=1.02  aucα=0.400  token_p=0.010  dropE=(0.010,0.050)  smooth=0.010  train_loss=0.0998  train_AUPR=0.9604  train_P@5=0.9789  train_P@10=0.6444  val_loss=0.1691  val_AUPR=0.5854  val_P@5=0.6422  val_P@10=0.4611
Ep054  LR0=5.00e-07  pw=1.02  aucα=0.400  token_p=0.010  dropE=(0.010,0.050)  smooth=0.010  train_loss=0.0994  train_AUPR=0.9607  train_P@5=0.9795  train_P@10=0.6444  val_loss=0.1690  val_AUPR=0.5849  val_P@5=0.6422  val_P@10=0.4613
Ep055  LR0=5.00e-07  pw=1.01  aucα=0.400  token_p=0.010  dropE=(0.010,0.050)  smooth=0.010  train_loss=0.0984  train_AUPR=0.9608  train_P@5=0.9795  train_P@10=0.6445  val_loss=0.1689  val_AUPR=0.5846  val_P@5=0.6424  val_P@10=0.4612
Ep056  LR0=5.00e-07  pw=1.01  aucα=0.400  token_p=0.010  dropE=(0.010,0.050)  smooth=0.010  train_loss=0.0987  train_AUPR=0.9609  train_P@5=0.9795  train_P@10=0.6445  val_loss=0.1689  val_AUPR=0.5841  val_P@5=0.6420  val_P@10=0.4612
Ep057  LR0=5.00e-07  pw=1.01  aucα=0.400  token_p=0.010  dropE=(0.010,0.050)  smooth=0.010  train_loss=0.0982  train_AUPR=0.9610  train_P@5=0.9799  train_P@10=0.6446  val_loss=0.1688  val_AUPR=0.5837  val_P@5=0.6422  val_P@10=0.4612
Ep058  LR0=5.00e-07  pw=1.01  aucα=0.400  token_p=0.010  dropE=(0.010,0.050)  smooth=0.010  train_loss=0.0995  train_AUPR=0.9611  train_P@5=0.9802  train_P@10=0.6446  val_loss=0.1688  val_AUPR=0.5834  val_P@5=0.6424  val_P@10=0.4611
Ep059  LR0=5.00e-07  pw=1.01  aucα=0.400  token_p=0.010  dropE=(0.010,0.050)  smooth=0.010  train_loss=0.0987  train_AUPR=0.9613  train_P@5=0.9799  train_P@10=0.6446  val_loss=0.1688  val_AUPR=0.5831  val_P@5=0.6426  val_P@10=0.4610
Ep060  LR0=5.00e-07  pw=1.01  aucα=0.400  token_p=0.010  dropE=(0.010,0.050)  smooth=0.010  train_loss=0.0985  train_AUPR=0.9614  train_P@5=0.9806  train_P@10=0.6448  val_loss=0.1688  val_AUPR=0.5827  val_P@5=0.6424  val_P@10=0.4610
Ep061  LR0=5.00e-07  pw=1.01  aucα=0.400  token_p=0.010  dropE=(0.010,0.050)  smooth=0.010  train_loss=0.0979  train_AUPR=0.9615  train_P@5=0.9801  train_P@10=0.6447  val_loss=0.1688  val_AUPR=0.5824  val_P@5=0.6418  val_P@10=0.4610
Ep062  LR0=5.00e-07  pw=1.01  aucα=0.400  token_p=0.010  dropE=(0.010,0.050)  smooth=0.010  train_loss=0.0983  train_AUPR=0.9616  train_P@5=0.9804  train_P@10=0.6448  val_loss=0.1688  val_AUPR=0.5821  val_P@5=0.6418  val_P@10=0.4607
Ep063  LR0=5.00e-07  pw=1.01  aucα=0.400  token_p=0.010  dropE=(0.010,0.050)  smooth=0.010  train_loss=0.0975  train_AUPR=0.9617  train_P@5=0.9802  train_P@10=0.6448  val_loss=0.1688  val_AUPR=0.5818  val_P@5=0.6420  val_P@10=0.4605
Ep064  LR0=5.00e-07  pw=1.00  aucα=0.400  token_p=0.010  dropE=(0.010,0.050)  smooth=0.010  train_loss=0.0969  train_AUPR=0.9618  train_P@5=0.9802  train_P@10=0.6448  val_loss=0.1689  val_AUPR=0.5815  val_P@5=0.6418  val_P@10=0.4601
Ep065  LR0=5.00e-07  pw=1.00  aucα=0.400  token_p=0.010  dropE=(0.010,0.050)  smooth=0.010  train_loss=0.0980  train_AUPR=0.9619  train_P@5=0.9805  train_P@10=0.6449  val_loss=0.1689  val_AUPR=0.5813  val_P@5=0.6416  val_P@10=0.4600
Ep066  LR0=5.00e-07  pw=1.00  aucα=0.400  token_p=0.010  dropE=(0.010,0.050)  smooth=0.010  train_loss=0.0972  train_AUPR=0.9621  train_P@5=0.9804  train_P@10=0.6450  val_loss=0.1689  val_AUPR=0.5810  val_P@5=0.6414  val_P@10=0.4600
Ep067  LR0=5.00e-07  pw=1.00  aucα=0.400  token_p=0.010  dropE=(0.010,0.050)  smooth=0.010  train_loss=0.0969  train_AUPR=0.9622  train_P@5=0.9804  train_P@10=0.6451  val_loss=0.1690  val_AUPR=0.5808  val_P@5=0.6412  val_P@10=0.4600
Ep068  LR0=5.00e-07  pw=1.00  aucα=0.400  token_p=0.010  dropE=(0.010,0.050)  smooth=0.010  train_loss=0.0975  train_AUPR=0.9623  train_P@5=0.9808  train_P@10=0.6451  val_loss=0.1690  val_AUPR=0.5805  val_P@5=0.6410  val_P@10=0.4599
Ep069  LR0=5.00e-07  pw=1.00  aucα=0.400  token_p=0.010  dropE=(0.010,0.050)  smooth=0.010  train_loss=0.0975  train_AUPR=0.9624  train_P@5=0.9811  train_P@10=0.6452  val_loss=0.1690  val_AUPR=0.5803  val_P@5=0.6410  val_P@10=0.4598
Ep070  LR0=5.00e-07  pw=1.00  aucα=0.400  token_p=0.010  dropE=(0.010,0.050)  smooth=0.010  train_loss=0.0966  train_AUPR=0.9625  train_P@5=0.9812  train_P@10=0.6454  val_loss=0.1691  val_AUPR=0.5800  val_P@5=0.6406  val_P@10=0.4596
Ep071  LR0=5.00e-07  pw=1.00  aucα=0.400  token_p=0.010  dropE=(0.010,0.050)  smooth=0.010  train_loss=0.0981  train_AUPR=0.9626  train_P@5=0.9810  train_P@10=0.6453  val_loss=0.1691  val_AUPR=0.5798  val_P@5=0.6406  val_P@10=0.4596
Ep072  LR0=5.00e-07  pw=1.00  aucα=0.400  token_p=0.010  dropE=(0.010,0.050)  smooth=0.010  train_loss=0.0979  train_AUPR=0.9628  train_P@5=0.9814  train_P@10=0.6455  val_loss=0.1692  val_AUPR=0.5795  val_P@5=0.6410  val_P@10=0.4598
Ep073  LR0=5.00e-07  pw=1.00  aucα=0.400  token_p=0.010  dropE=(0.010,0.050)  smooth=0.010  train_loss=0.0972  train_AUPR=0.9629  train_P@5=0.9812  train_P@10=0.6456  val_loss=0.1692  val_AUPR=0.5794  val_P@5=0.6412  val_P@10=0.4597
Ep074  LR0=5.00e-07  pw=1.00  aucα=0.400  token_p=0.010  dropE=(0.010,0.050)  smooth=0.010  train_loss=0.0969  train_AUPR=0.9629  train_P@5=0.9818  train_P@10=0.6455  val_loss=0.1693  val_AUPR=0.5792  val_P@5=0.6410  val_P@10=0.4598
Ep075  LR0=5.00e-07  pw=1.00  aucα=0.400  token_p=0.010  dropE=(0.010,0.050)  smooth=0.010  train_loss=0.0960  train_AUPR=0.9630  train_P@5=0.9816  train_P@10=0.6456  val_loss=0.1693  val_AUPR=0.5790  val_P@5=0.6410  val_P@10=0.4598
Ep076  LR0=5.00e-07  pw=1.00  aucα=0.400  token_p=0.010  dropE=(0.010,0.050)  smooth=0.010  train_loss=0.0969  train_AUPR=0.9631  train_P@5=0.9816  train_P@10=0.6455  val_loss=0.1694  val_AUPR=0.5788  val_P@5=0.6412  val_P@10=0.4598
Ep077  LR0=5.00e-07  pw=1.00  aucα=0.400  token_p=0.010  dropE=(0.010,0.050)  smooth=0.010  train_loss=0.0962  train_AUPR=0.9632  train_P@5=0.9816  train_P@10=0.6456  val_loss=0.1694  val_AUPR=0.5786  val_P@5=0.6414  val_P@10=0.4598
Ep078  LR0=5.00e-07  pw=1.00  aucα=0.400  token_p=0.010  dropE=(0.010,0.050)  smooth=0.010  train_loss=0.0972  train_AUPR=0.9633  train_P@5=0.9817  train_P@10=0.6458  val_loss=0.1695  val_AUPR=0.5784  val_P@5=0.6410  val_P@10=0.4599
Early stop triggered: neither val_AUPR nor val_loss improved for 20 epochs.
Saved iPara_l1_g10_i5_do0.05_dpr0.03_lr0.0002_heads16_fold1.pth  (best val AUPR=0.6021)
Saved iPara_l1_g10_i5_do0.05_dpr0.03_lr0.0002_heads16_fold1_best_aupr.pth
Saved iPara_l1_g10_i5_do0.05_dpr0.03_lr0.0002_heads16_fold1_best_loss.pth  (best val loss=0.1688)

── Fold 2/5
Train labels: pos=26650, neg=374184, ignore=696766, pos_rate=0.066486
Val labels: pos=6580, neg=92778, ignore=175842, pos_rate=0.066225
Initializing ClassificationModel with 10 GAT layers and residual connections...
Initializing MCModel with 10 GAT layers and 5 row attention layers (drop_path_rate=0.03)
Initializing CoreModel with 1 layers, drop_path_rate=0.03
Ep000  LR0=2.00e-05  pw=15.00  aucα=0.000  token_p=0.000  dropE=(0.000,0.000)  smooth=0.000  train_loss=0.5728  train_AUPR=0.3971  train_P@5=0.4532  train_P@10=0.3539  val_loss=0.4856  val_AUPR=0.3955  val_P@5=0.4514  val_P@10=0.3445
Ep001  LR0=3.00e-05  pw=13.35  aucα=0.000  token_p=0.000  dropE=(0.000,0.000)  smooth=0.000  train_loss=0.4892  train_AUPR=0.4487  train_P@5=0.5163  train_P@10=0.3852  val_loss=0.4528  val_AUPR=0.4379  val_P@5=0.5063  val_P@10=0.3800
Ep002  LR0=4.00e-05  pw=11.90  aucα=0.000  token_p=0.000  dropE=(0.000,0.000)  smooth=0.000  train_loss=0.4529  train_AUPR=0.4910  train_P@5=0.5563  train_P@10=0.4099  val_loss=0.4338  val_AUPR=0.4735  val_P@5=0.5418  val_P@10=0.4024
Ep003  LR0=5.00e-05  pw=10.62  aucα=0.000  token_p=0.000  dropE=(0.000,0.000)  smooth=0.000  train_loss=0.4350  train_AUPR=0.5179  train_P@5=0.5779  train_P@10=0.4255  val_loss=0.4159  val_AUPR=0.5009  val_P@5=0.5730  val_P@10=0.4180
Ep004  LR0=6.00e-05  pw=9.49  aucα=0.057  token_p=0.000  dropE=(0.000,0.000)  smooth=0.000  train_loss=0.4282  train_AUPR=0.5252  train_P@5=0.5894  train_P@10=0.4214  val_loss=0.4095  val_AUPR=0.5056  val_P@5=0.5796  val_P@10=0.4141
Ep005  LR0=7.00e-05  pw=8.49  aucα=0.114  token_p=0.000  dropE=(0.000,0.000)  smooth=0.000  train_loss=0.4270  train_AUPR=0.5532  train_P@5=0.6076  train_P@10=0.4362  val_loss=0.3978  val_AUPR=0.5271  val_P@5=0.6022  val_P@10=0.4244
Ep006  LR0=8.00e-05  pw=7.61  aucα=0.171  token_p=0.001  dropE=(0.001,0.005)  smooth=0.001  train_loss=0.4212  train_AUPR=0.5696  train_P@5=0.6130  train_P@10=0.4434  val_loss=0.3858  val_AUPR=0.5449  val_P@5=0.6020  val_P@10=0.4303
Ep007  LR0=9.00e-05  pw=6.84  aucα=0.229  token_p=0.002  dropE=(0.002,0.010)  smooth=0.002  train_loss=0.4139  train_AUPR=0.5986  train_P@5=0.6429  train_P@10=0.4601  val_loss=0.3735  val_AUPR=0.5639  val_P@5=0.6290  val_P@10=0.4405
Ep008  LR0=1.00e-04  pw=6.15  aucα=0.286  token_p=0.003  dropE=(0.003,0.015)  smooth=0.003  train_loss=0.4095  train_AUPR=0.5837  train_P@5=0.6286  train_P@10=0.4464  val_loss=0.3718  val_AUPR=0.5469  val_P@5=0.6159  val_P@10=0.4305
Ep009  LR0=1.00e-04  pw=5.55  aucα=0.343  token_p=0.004  dropE=(0.004,0.020)  smooth=0.004  train_loss=0.4062  train_AUPR=0.5856  train_P@5=0.6182  train_P@10=0.4515  val_loss=0.3628  val_AUPR=0.5364  val_P@5=0.5867  val_P@10=0.4218
[Info] Unfroze 'dym' params after warmup (epoch=10). Added core=66 tensors, other=0 tensors.
Ep010  LR0=2.00e-05  pw=5.01  aucα=0.400  token_p=0.005  dropE=(0.005,0.025)  smooth=0.005  train_loss=0.3767  train_AUPR=0.6477  train_P@5=0.6768  train_P@10=0.4848  val_loss=0.3411  val_AUPR=0.5883  val_P@5=0.6404  val_P@10=0.4510
Ep011  LR0=3.00e-05  pw=4.54  aucα=0.400  token_p=0.006  dropE=(0.006,0.030)  smooth=0.006  train_loss=0.3651  train_AUPR=0.6520  train_P@5=0.6827  train_P@10=0.4885  val_loss=0.3254  val_AUPR=0.5857  val_P@5=0.6396  val_P@10=0.4496
Ep012  LR0=4.00e-05  pw=4.12  aucα=0.400  token_p=0.007  dropE=(0.007,0.035)  smooth=0.007  train_loss=0.3570  train_AUPR=0.6616  train_P@5=0.6888  train_P@10=0.4933  val_loss=0.3170  val_AUPR=0.5881  val_P@5=0.6396  val_P@10=0.4491
Ep013  LR0=5.00e-05  pw=3.76  aucα=0.400  token_p=0.008  dropE=(0.008,0.040)  smooth=0.008  train_loss=0.3482  train_AUPR=0.6610  train_P@5=0.6859  train_P@10=0.4921  val_loss=0.3103  val_AUPR=0.5830  val_P@5=0.6388  val_P@10=0.4448
Ep014  LR0=6.00e-05  pw=3.43  aucα=0.400  token_p=0.009  dropE=(0.009,0.045)  smooth=0.009  train_loss=0.3413  train_AUPR=0.6712  train_P@5=0.6960  train_P@10=0.4962  val_loss=0.2963  val_AUPR=0.5929  val_P@5=0.6459  val_P@10=0.4469
Ep015  LR0=7.00e-05  pw=3.15  aucα=0.400  token_p=0.010  dropE=(0.010,0.050)  smooth=0.010  train_loss=0.3342  train_AUPR=0.6743  train_P@5=0.6936  train_P@10=0.5021  val_loss=0.2875  val_AUPR=0.5871  val_P@5=0.6408  val_P@10=0.4441
Ep016  LR0=8.00e-05  pw=2.89  aucα=0.400  token_p=0.010  dropE=(0.010,0.050)  smooth=0.010  train_loss=0.3240  train_AUPR=0.6858  train_P@5=0.7086  train_P@10=0.5041  val_loss=0.2724  val_AUPR=0.5944  val_P@5=0.6445  val_P@10=0.4515
Ep017  LR0=9.00e-05  pw=2.67  aucα=0.400  token_p=0.010  dropE=(0.010,0.050)  smooth=0.010  train_loss=0.3176  train_AUPR=0.6765  train_P@5=0.7010  train_P@10=0.4987  val_loss=0.2664  val_AUPR=0.5725  val_P@5=0.6215  val_P@10=0.4425
Ep018  LR0=1.00e-04  pw=2.48  aucα=0.400  token_p=0.010  dropE=(0.010,0.050)  smooth=0.010  train_loss=0.3072  train_AUPR=0.6925  train_P@5=0.7111  train_P@10=0.5107  val_loss=0.2579  val_AUPR=0.5718  val_P@5=0.6221  val_P@10=0.4451
Ep019  LR0=1.00e-04  pw=2.30  aucα=0.400  token_p=0.010  dropE=(0.010,0.050)  smooth=0.010  train_loss=0.2990  train_AUPR=0.7072  train_P@5=0.7285  train_P@10=0.5147  val_loss=0.2576  val_AUPR=0.5856  val_P@5=0.6314  val_P@10=0.4461
Ep020  LR0=1.00e-04  pw=2.15  aucα=0.400  token_p=0.010  dropE=(0.010,0.050)  smooth=0.010  train_loss=0.2876  train_AUPR=0.7115  train_P@5=0.7263  train_P@10=0.5182  val_loss=0.2507  val_AUPR=0.5798  val_P@5=0.6380  val_P@10=0.4510
Ep021  LR0=1.00e-04  pw=2.01  aucα=0.400  token_p=0.010  dropE=(0.010,0.050)  smooth=0.010  train_loss=0.2760  train_AUPR=0.7402  train_P@5=0.7573  train_P@10=0.5355  val_loss=0.2373  val_AUPR=0.5933  val_P@5=0.6451  val_P@10=0.4551
Ep022  LR0=9.99e-05  pw=1.89  aucα=0.400  token_p=0.010  dropE=(0.010,0.050)  smooth=0.010  train_loss=0.2663  train_AUPR=0.7497  train_P@5=0.7598  train_P@10=0.5394  val_loss=0.2241  val_AUPR=0.6042  val_P@5=0.6565  val_P@10=0.4614
Ep023  LR0=9.99e-05  pw=1.79  aucα=0.400  token_p=0.010  dropE=(0.010,0.050)  smooth=0.010  train_loss=0.2526  train_AUPR=0.7631  train_P@5=0.7744  train_P@10=0.5463  val_loss=0.2183  val_AUPR=0.6032  val_P@5=0.6592  val_P@10=0.4555
Ep024  LR0=9.98e-05  pw=1.70  aucα=0.400  token_p=0.010  dropE=(0.010,0.050)  smooth=0.010  train_loss=0.2467  train_AUPR=0.7769  train_P@5=0.7887  train_P@10=0.5542  val_loss=0.2155  val_AUPR=0.5834  val_P@5=0.6332  val_P@10=0.4502
Ep025  LR0=9.98e-05  pw=1.62  aucα=0.400  token_p=0.010  dropE=(0.010,0.050)  smooth=0.010  train_loss=0.2353  train_AUPR=0.7944  train_P@5=0.8046  train_P@10=0.5598  val_loss=0.2191  val_AUPR=0.5897  val_P@5=0.6430  val_P@10=0.4560
Ep026  LR0=9.97e-05  pw=1.54  aucα=0.400  token_p=0.010  dropE=(0.010,0.050)  smooth=0.010  train_loss=0.2244  train_AUPR=0.7899  train_P@5=0.7973  train_P@10=0.5605  val_loss=0.2083  val_AUPR=0.5885  val_P@5=0.6322  val_P@10=0.4563
Ep027  LR0=9.96e-05  pw=1.48  aucα=0.400  token_p=0.010  dropE=(0.010,0.050)  smooth=0.010  train_loss=0.2170  train_AUPR=0.8253  train_P@5=0.8312  train_P@10=0.5767  val_loss=0.1969  val_AUPR=0.6011  val_P@5=0.6535  val_P@10=0.4573
Ep028  LR0=9.94e-05  pw=1.42  aucα=0.400  token_p=0.010  dropE=(0.010,0.050)  smooth=0.010  train_loss=0.2049  train_AUPR=0.8309  train_P@5=0.8391  train_P@10=0.5809  val_loss=0.1976  val_AUPR=0.5871  val_P@5=0.6404  val_P@10=0.4473
Ep029  LR0=9.93e-05  pw=1.37  aucα=0.400  token_p=0.010  dropE=(0.010,0.050)  smooth=0.010  train_loss=0.1991  train_AUPR=0.8446  train_P@5=0.8514  train_P@10=0.5880  val_loss=0.1952  val_AUPR=0.5821  val_P@5=0.6320  val_P@10=0.4481
Ep030  LR0=9.69e-05  pw=1.33  aucα=0.400  token_p=0.010  dropE=(0.010,0.050)  smooth=0.010  train_loss=0.1891  train_AUPR=0.8493  train_P@5=0.8575  train_P@10=0.5902  val_loss=0.1947  val_AUPR=0.5815  val_P@5=0.6386  val_P@10=0.4554
Ep031  LR0=8.99e-05  pw=1.29  aucα=0.400  token_p=0.010  dropE=(0.010,0.050)  smooth=0.010  train_loss=0.1773  train_AUPR=0.8666  train_P@5=0.8747  train_P@10=0.6001  val_loss=0.1887  val_AUPR=0.5964  val_P@5=0.6491  val_P@10=0.4587
Ep032  LR0=7.90e-05  pw=1.26  aucα=0.400  token_p=0.010  dropE=(0.010,0.050)  smooth=0.010  train_loss=0.1697  train_AUPR=0.8864  train_P@5=0.8971  train_P@10=0.6097  val_loss=0.1839  val_AUPR=0.6003  val_P@5=0.6521  val_P@10=0.4604
Ep033  LR0=6.52e-05  pw=1.23  aucα=0.400  token_p=0.010  dropE=(0.010,0.050)  smooth=0.010  train_loss=0.1586  train_AUPR=0.8957  train_P@5=0.9083  train_P@10=0.6144  val_loss=0.1819  val_AUPR=0.6008  val_P@5=0.6537  val_P@10=0.4614
Ep034  LR0=4.99e-05  pw=1.20  aucα=0.400  token_p=0.010  dropE=(0.010,0.050)  smooth=0.010  train_loss=0.1462  train_AUPR=0.9108  train_P@5=0.9215  train_P@10=0.6243  val_loss=0.1803  val_AUPR=0.5969  val_P@5=0.6501  val_P@10=0.4613
Ep035  LR0=3.46e-05  pw=1.18  aucα=0.400  token_p=0.010  dropE=(0.010,0.050)  smooth=0.010  train_loss=0.1332  train_AUPR=0.9302  train_P@5=0.9455  train_P@10=0.6324  val_loss=0.1790  val_AUPR=0.5939  val_P@5=0.6491  val_P@10=0.4605
Ep036  LR0=2.09e-05  pw=1.16  aucα=0.400  token_p=0.010  dropE=(0.010,0.050)  smooth=0.010  train_loss=0.1230  train_AUPR=0.9425  train_P@5=0.9607  train_P@10=0.6395  val_loss=0.1775  val_AUPR=0.5914  val_P@5=0.6495  val_P@10=0.4608
Ep037  LR0=9.94e-06  pw=1.14  aucα=0.400  token_p=0.010  dropE=(0.010,0.050)  smooth=0.010  train_loss=0.1131  train_AUPR=0.9538  train_P@5=0.9739  train_P@10=0.6449  val_loss=0.1764  val_AUPR=0.5888  val_P@5=0.6479  val_P@10=0.4610
Ep038  LR0=2.92e-06  pw=1.12  aucα=0.400  token_p=0.010  dropE=(0.010,0.050)  smooth=0.010  train_loss=0.1063  train_AUPR=0.9595  train_P@5=0.9800  train_P@10=0.6477  val_loss=0.1755  val_AUPR=0.5864  val_P@5=0.6453  val_P@10=0.4602
Ep039  LR0=5.00e-07  pw=1.11  aucα=0.400  token_p=0.010  dropE=(0.010,0.050)  smooth=0.010  train_loss=0.1028  train_AUPR=0.9616  train_P@5=0.9823  train_P@10=0.6484  val_loss=0.1747  val_AUPR=0.5843  val_P@5=0.6436  val_P@10=0.4591
Ep040  LR0=5.00e-07  pw=1.09  aucα=0.400  token_p=0.010  dropE=(0.010,0.050)  smooth=0.010  train_loss=0.1005  train_AUPR=0.9618  train_P@5=0.9824  train_P@10=0.6485  val_loss=0.1739  val_AUPR=0.5827  val_P@5=0.6424  val_P@10=0.4586
Ep041  LR0=5.00e-07  pw=1.08  aucα=0.400  token_p=0.010  dropE=(0.010,0.050)  smooth=0.010  train_loss=0.0992  train_AUPR=0.9621  train_P@5=0.9828  train_P@10=0.6487  val_loss=0.1732  val_AUPR=0.5811  val_P@5=0.6422  val_P@10=0.4594
Ep042  LR0=5.00e-07  pw=1.07  aucα=0.400  token_p=0.010  dropE=(0.010,0.050)  smooth=0.010  train_loss=0.0996  train_AUPR=0.9622  train_P@5=0.9829  train_P@10=0.6487  val_loss=0.1726  val_AUPR=0.5797  val_P@5=0.6426  val_P@10=0.4597
Ep043  LR0=5.00e-07  pw=1.06  aucα=0.400  token_p=0.010  dropE=(0.010,0.050)  smooth=0.010  train_loss=0.0988  train_AUPR=0.9624  train_P@5=0.9830  train_P@10=0.6488  val_loss=0.1720  val_AUPR=0.5785  val_P@5=0.6420  val_P@10=0.4594
Ep044  LR0=5.00e-07  pw=1.06  aucα=0.400  token_p=0.010  dropE=(0.010,0.050)  smooth=0.010  train_loss=0.0988  train_AUPR=0.9626  train_P@5=0.9833  train_P@10=0.6489  val_loss=0.1715  val_AUPR=0.5774  val_P@5=0.6414  val_P@10=0.4591
Ep045  LR0=5.00e-07  pw=1.05  aucα=0.400  token_p=0.010  dropE=(0.010,0.050)  smooth=0.010  train_loss=0.0980  train_AUPR=0.9627  train_P@5=0.9836  train_P@10=0.6491  val_loss=0.1711  val_AUPR=0.5765  val_P@5=0.6414  val_P@10=0.4593
Ep046  LR0=5.00e-07  pw=1.04  aucα=0.400  token_p=0.010  dropE=(0.010,0.050)  smooth=0.010  train_loss=0.0981  train_AUPR=0.9629  train_P@5=0.9838  train_P@10=0.6491  val_loss=0.1707  val_AUPR=0.5756  val_P@5=0.6410  val_P@10=0.4594
Ep047  LR0=5.00e-07  pw=1.04  aucα=0.400  token_p=0.010  dropE=(0.010,0.050)  smooth=0.010  train_loss=0.0980  train_AUPR=0.9630  train_P@5=0.9836  train_P@10=0.6492  val_loss=0.1704  val_AUPR=0.5749  val_P@5=0.6414  val_P@10=0.4592
Ep048  LR0=5.00e-07  pw=1.03  aucα=0.400  token_p=0.010  dropE=(0.010,0.050)  smooth=0.010  train_loss=0.0981  train_AUPR=0.9631  train_P@5=0.9836  train_P@10=0.6493  val_loss=0.1701  val_AUPR=0.5741  val_P@5=0.6414  val_P@10=0.4593
Ep049  LR0=5.00e-07  pw=1.03  aucα=0.400  token_p=0.010  dropE=(0.010,0.050)  smooth=0.010  train_loss=0.0967  train_AUPR=0.9632  train_P@5=0.9839  train_P@10=0.6492  val_loss=0.1699  val_AUPR=0.5735  val_P@5=0.6410  val_P@10=0.4595
Ep050  LR0=5.00e-07  pw=1.03  aucα=0.400  token_p=0.010  dropE=(0.010,0.050)  smooth=0.010  train_loss=0.0979  train_AUPR=0.9635  train_P@5=0.9840  train_P@10=0.6494  val_loss=0.1697  val_AUPR=0.5729  val_P@5=0.6412  val_P@10=0.4596
Ep051  LR0=5.00e-07  pw=1.02  aucα=0.400  token_p=0.010  dropE=(0.010,0.050)  smooth=0.010  train_loss=0.0966  train_AUPR=0.9636  train_P@5=0.9843  train_P@10=0.6494  val_loss=0.1695  val_AUPR=0.5723  val_P@5=0.6414  val_P@10=0.4597
Ep052  LR0=5.00e-07  pw=1.02  aucα=0.400  token_p=0.010  dropE=(0.010,0.050)  smooth=0.010  train_loss=0.0964  train_AUPR=0.9639  train_P@5=0.9844  train_P@10=0.6495  val_loss=0.1693  val_AUPR=0.5718  val_P@5=0.6410  val_P@10=0.4599
Ep053  LR0=5.00e-07  pw=1.02  aucα=0.400  token_p=0.010  dropE=(0.010,0.050)  smooth=0.010  train_loss=0.0967  train_AUPR=0.9638  train_P@5=0.9846  train_P@10=0.6496  val_loss=0.1692  val_AUPR=0.5714  val_P@5=0.6410  val_P@10=0.4600
Ep054  LR0=5.00e-07  pw=1.02  aucα=0.400  token_p=0.010  dropE=(0.010,0.050)  smooth=0.010  train_loss=0.0962  train_AUPR=0.9641  train_P@5=0.9845  train_P@10=0.6495  val_loss=0.1691  val_AUPR=0.5709  val_P@5=0.6404  val_P@10=0.4602
Ep055  LR0=5.00e-07  pw=1.01  aucα=0.400  token_p=0.010  dropE=(0.010,0.050)  smooth=0.010  train_loss=0.0965  train_AUPR=0.9640  train_P@5=0.9845  train_P@10=0.6496  val_loss=0.1690  val_AUPR=0.5704  val_P@5=0.6404  val_P@10=0.4600
Ep056  LR0=5.00e-07  pw=1.01  aucα=0.400  token_p=0.010  dropE=(0.010,0.050)  smooth=0.010  train_loss=0.0959  train_AUPR=0.9642  train_P@5=0.9845  train_P@10=0.6496  val_loss=0.1690  val_AUPR=0.5700  val_P@5=0.6396  val_P@10=0.4600
Ep057  LR0=5.00e-07  pw=1.01  aucα=0.400  token_p=0.010  dropE=(0.010,0.050)  smooth=0.010  train_loss=0.0957  train_AUPR=0.9642  train_P@5=0.9844  train_P@10=0.6497  val_loss=0.1689  val_AUPR=0.5696  val_P@5=0.6392  val_P@10=0.4602
Ep058  LR0=5.00e-07  pw=1.01  aucα=0.400  token_p=0.010  dropE=(0.010,0.050)  smooth=0.010  train_loss=0.0963  train_AUPR=0.9644  train_P@5=0.9846  train_P@10=0.6498  val_loss=0.1689  val_AUPR=0.5692  val_P@5=0.6392  val_P@10=0.4601
Ep059  LR0=5.00e-07  pw=1.01  aucα=0.400  token_p=0.010  dropE=(0.010,0.050)  smooth=0.010  train_loss=0.0958  train_AUPR=0.9646  train_P@5=0.9846  train_P@10=0.6499  val_loss=0.1688  val_AUPR=0.5689  val_P@5=0.6388  val_P@10=0.4601
Ep060  LR0=5.00e-07  pw=1.01  aucα=0.400  token_p=0.010  dropE=(0.010,0.050)  smooth=0.010  train_loss=0.0951  train_AUPR=0.9646  train_P@5=0.9848  train_P@10=0.6499  val_loss=0.1688  val_AUPR=0.5685  val_P@5=0.6390  val_P@10=0.4600
Ep061  LR0=5.00e-07  pw=1.01  aucα=0.400  token_p=0.010  dropE=(0.010,0.050)  smooth=0.010  train_loss=0.0952  train_AUPR=0.9648  train_P@5=0.9849  train_P@10=0.6501  val_loss=0.1688  val_AUPR=0.5682  val_P@5=0.6386  val_P@10=0.4601
Ep062  LR0=5.00e-07  pw=1.01  aucα=0.400  token_p=0.010  dropE=(0.010,0.050)  smooth=0.010  train_loss=0.0949  train_AUPR=0.9649  train_P@5=0.9852  train_P@10=0.6500  val_loss=0.1688  val_AUPR=0.5679  val_P@5=0.6380  val_P@10=0.4601
Ep063  LR0=5.00e-07  pw=1.01  aucα=0.400  token_p=0.010  dropE=(0.010,0.050)  smooth=0.010  train_loss=0.0955  train_AUPR=0.9649  train_P@5=0.9850  train_P@10=0.6500  val_loss=0.1688  val_AUPR=0.5677  val_P@5=0.6376  val_P@10=0.4602
Ep064  LR0=5.00e-07  pw=1.00  aucα=0.400  token_p=0.010  dropE=(0.010,0.050)  smooth=0.010  train_loss=0.0954  train_AUPR=0.9651  train_P@5=0.9852  train_P@10=0.6501  val_loss=0.1688  val_AUPR=0.5674  val_P@5=0.6370  val_P@10=0.4603
Ep065  LR0=5.00e-07  pw=1.00  aucα=0.400  token_p=0.010  dropE=(0.010,0.050)  smooth=0.010  train_loss=0.0950  train_AUPR=0.9652  train_P@5=0.9854  train_P@10=0.6500  val_loss=0.1689  val_AUPR=0.5671  val_P@5=0.6368  val_P@10=0.4604
Ep066  LR0=5.00e-07  pw=1.00  aucα=0.400  token_p=0.010  dropE=(0.010,0.050)  smooth=0.010  train_loss=0.0953  train_AUPR=0.9652  train_P@5=0.9852  train_P@10=0.6501  val_loss=0.1689  val_AUPR=0.5669  val_P@5=0.6368  val_P@10=0.4603
Ep067  LR0=5.00e-07  pw=1.00  aucα=0.400  token_p=0.010  dropE=(0.010,0.050)  smooth=0.010  train_loss=0.0941  train_AUPR=0.9653  train_P@5=0.9855  train_P@10=0.6502  val_loss=0.1689  val_AUPR=0.5665  val_P@5=0.6370  val_P@10=0.4603
Ep068  LR0=5.00e-07  pw=1.00  aucα=0.400  token_p=0.010  dropE=(0.010,0.050)  smooth=0.010  train_loss=0.0952  train_AUPR=0.9655  train_P@5=0.9857  train_P@10=0.6503  val_loss=0.1689  val_AUPR=0.5663  val_P@5=0.6370  val_P@10=0.4602
Ep069  LR0=5.00e-07  pw=1.00  aucα=0.400  token_p=0.010  dropE=(0.010,0.050)  smooth=0.010  train_loss=0.0951  train_AUPR=0.9657  train_P@5=0.9859  train_P@10=0.6503  val_loss=0.1690  val_AUPR=0.5661  val_P@5=0.6374  val_P@10=0.4600
Ep070  LR0=5.00e-07  pw=1.00  aucα=0.400  token_p=0.010  dropE=(0.010,0.050)  smooth=0.010  train_loss=0.0946  train_AUPR=0.9658  train_P@5=0.9863  train_P@10=0.6504  val_loss=0.1690  val_AUPR=0.5659  val_P@5=0.6372  val_P@10=0.4601
Ep071  LR0=5.00e-07  pw=1.00  aucα=0.400  token_p=0.010  dropE=(0.010,0.050)  smooth=0.010  train_loss=0.0949  train_AUPR=0.9658  train_P@5=0.9861  train_P@10=0.6505  val_loss=0.1690  val_AUPR=0.5656  val_P@5=0.6370  val_P@10=0.4599
Ep072  LR0=5.00e-07  pw=1.00  aucα=0.400  token_p=0.010  dropE=(0.010,0.050)  smooth=0.010  train_loss=0.0955  train_AUPR=0.9659  train_P@5=0.9861  train_P@10=0.6505  val_loss=0.1691  val_AUPR=0.5654  val_P@5=0.6370  val_P@10=0.4602
Ep073  LR0=5.00e-07  pw=1.00  aucα=0.400  token_p=0.010  dropE=(0.010,0.050)  smooth=0.010  train_loss=0.0949  train_AUPR=0.9661  train_P@5=0.9865  train_P@10=0.6504  val_loss=0.1691  val_AUPR=0.5652  val_P@5=0.6372  val_P@10=0.4602
Ep074  LR0=5.00e-07  pw=1.00  aucα=0.400  token_p=0.010  dropE=(0.010,0.050)  smooth=0.010  train_loss=0.0943  train_AUPR=0.9661  train_P@5=0.9860  train_P@10=0.6506  val_loss=0.1691  val_AUPR=0.5650  val_P@5=0.6368  val_P@10=0.4603
Ep075  LR0=5.00e-07  pw=1.00  aucα=0.400  token_p=0.010  dropE=(0.010,0.050)  smooth=0.010  train_loss=0.0945  train_AUPR=0.9662  train_P@5=0.9862  train_P@10=0.6506  val_loss=0.1692  val_AUPR=0.5648  val_P@5=0.6366  val_P@10=0.4602
Ep076  LR0=5.00e-07  pw=1.00  aucα=0.400  token_p=0.010  dropE=(0.010,0.050)  smooth=0.010  train_loss=0.0938  train_AUPR=0.9664  train_P@5=0.9865  train_P@10=0.6506  val_loss=0.1692  val_AUPR=0.5646  val_P@5=0.6362  val_P@10=0.4602
Ep077  LR0=5.00e-07  pw=1.00  aucα=0.400  token_p=0.010  dropE=(0.010,0.050)  smooth=0.010  train_loss=0.0944  train_AUPR=0.9664  train_P@5=0.9863  train_P@10=0.6506  val_loss=0.1693  val_AUPR=0.5645  val_P@5=0.6356  val_P@10=0.4601
Ep078  LR0=5.00e-07  pw=1.00  aucα=0.400  token_p=0.010  dropE=(0.010,0.050)  smooth=0.010  train_loss=0.0934  train_AUPR=0.9666  train_P@5=0.9866  train_P@10=0.6506  val_loss=0.1693  val_AUPR=0.5643  val_P@5=0.6350  val_P@10=0.4602
Ep079  LR0=5.00e-07  pw=1.00  aucα=0.400  token_p=0.010  dropE=(0.010,0.050)  smooth=0.010  train_loss=0.0937  train_AUPR=0.9667  train_P@5=0.9864  train_P@10=0.6507  val_loss=0.1693  val_AUPR=0.5641  val_P@5=0.6352  val_P@10=0.4603
Early stop triggered: neither val_AUPR nor val_loss improved for 20 epochs.
Saved iPara_l1_g10_i5_do0.05_dpr0.03_lr0.0002_heads16_fold2.pth  (best val AUPR=0.6042)
Saved iPara_l1_g10_i5_do0.05_dpr0.03_lr0.0002_heads16_fold2_best_aupr.pth
Saved iPara_l1_g10_i5_do0.05_dpr0.03_lr0.0002_heads16_fold2_best_loss.pth  (best val loss=0.1688)

── Fold 3/5
Train labels: pos=26660, neg=375289, ignore=695651, pos_rate=0.066327
Val labels: pos=6570, neg=91673, ignore=176957, pos_rate=0.066875
Initializing ClassificationModel with 10 GAT layers and residual connections...
Initializing MCModel with 10 GAT layers and 5 row attention layers (drop_path_rate=0.03)
Initializing CoreModel with 1 layers, drop_path_rate=0.03
Ep000  LR0=2.00e-05  pw=15.00  aucα=0.000  token_p=0.000  dropE=(0.000,0.000)  smooth=0.000  train_loss=0.5535  train_AUPR=0.4044  train_P@5=0.4712  train_P@10=0.3602  val_loss=0.4644  val_AUPR=0.4087  val_P@5=0.4646  val_P@10=0.3580
Ep001  LR0=3.00e-05  pw=13.35  aucα=0.000  token_p=0.000  dropE=(0.000,0.000)  smooth=0.000  train_loss=0.4790  train_AUPR=0.4523  train_P@5=0.5178  train_P@10=0.3842  val_loss=0.4425  val_AUPR=0.4518  val_P@5=0.5086  val_P@10=0.3780
Ep002  LR0=4.00e-05  pw=11.90  aucα=0.000  token_p=0.000  dropE=(0.000,0.000)  smooth=0.000  train_loss=0.4519  train_AUPR=0.4866  train_P@5=0.5582  train_P@10=0.4070  val_loss=0.4313  val_AUPR=0.4759  val_P@5=0.5409  val_P@10=0.3985
Ep003  LR0=5.00e-05  pw=10.62  aucα=0.000  token_p=0.000  dropE=(0.000,0.000)  smooth=0.000  train_loss=0.4306  train_AUPR=0.5159  train_P@5=0.5805  train_P@10=0.4252  val_loss=0.4331  val_AUPR=0.5077  val_P@5=0.5692  val_P@10=0.4127
Ep004  LR0=6.00e-05  pw=9.49  aucα=0.057  token_p=0.000  dropE=(0.000,0.000)  smooth=0.000  train_loss=0.4258  train_AUPR=0.5221  train_P@5=0.5669  train_P@10=0.4215  val_loss=0.4084  val_AUPR=0.5055  val_P@5=0.5521  val_P@10=0.4093
Ep005  LR0=7.00e-05  pw=8.49  aucα=0.114  token_p=0.000  dropE=(0.000,0.000)  smooth=0.000  train_loss=0.4235  train_AUPR=0.5427  train_P@5=0.5875  train_P@10=0.4314  val_loss=0.4020  val_AUPR=0.5284  val_P@5=0.5668  val_P@10=0.4183
Ep006  LR0=8.00e-05  pw=7.61  aucα=0.171  token_p=0.001  dropE=(0.001,0.005)  smooth=0.001  train_loss=0.4198  train_AUPR=0.5680  train_P@5=0.6171  train_P@10=0.4451  val_loss=0.3849  val_AUPR=0.5527  val_P@5=0.6042  val_P@10=0.4344
Ep007  LR0=9.00e-05  pw=6.84  aucα=0.229  token_p=0.002  dropE=(0.002,0.010)  smooth=0.002  train_loss=0.4151  train_AUPR=0.5697  train_P@5=0.6245  train_P@10=0.4446  val_loss=0.3718  val_AUPR=0.5449  val_P@5=0.6114  val_P@10=0.4321
Ep008  LR0=1.00e-04  pw=6.15  aucα=0.286  token_p=0.003  dropE=(0.003,0.015)  smooth=0.003  train_loss=0.4085  train_AUPR=0.5972  train_P@5=0.6395  train_P@10=0.4575  val_loss=0.3587  val_AUPR=0.5788  val_P@5=0.6193  val_P@10=0.4494
Ep009  LR0=1.00e-04  pw=5.55  aucα=0.343  token_p=0.004  dropE=(0.004,0.020)  smooth=0.004  train_loss=0.4003  train_AUPR=0.6173  train_P@5=0.6613  train_P@10=0.4651  val_loss=0.3876  val_AUPR=0.5863  val_P@5=0.6360  val_P@10=0.4410
[Info] Unfroze 'dym' params after warmup (epoch=10). Added core=66 tensors, other=0 tensors.
Ep010  LR0=2.00e-05  pw=5.01  aucα=0.400  token_p=0.005  dropE=(0.005,0.025)  smooth=0.005  train_loss=0.3758  train_AUPR=0.6471  train_P@5=0.6823  train_P@10=0.4840  val_loss=0.3360  val_AUPR=0.6019  val_P@5=0.6405  val_P@10=0.4509
Ep011  LR0=3.00e-05  pw=4.54  aucα=0.400  token_p=0.006  dropE=(0.006,0.030)  smooth=0.006  train_loss=0.3639  train_AUPR=0.6553  train_P@5=0.6862  train_P@10=0.4895  val_loss=0.3255  val_AUPR=0.6013  val_P@5=0.6488  val_P@10=0.4538
Ep012  LR0=4.00e-05  pw=4.12  aucα=0.400  token_p=0.007  dropE=(0.007,0.035)  smooth=0.007  train_loss=0.3537  train_AUPR=0.6636  train_P@5=0.6957  train_P@10=0.4933  val_loss=0.3124  val_AUPR=0.6027  val_P@5=0.6417  val_P@10=0.4539
Ep013  LR0=5.00e-05  pw=3.76  aucα=0.400  token_p=0.008  dropE=(0.008,0.040)  smooth=0.008  train_loss=0.3469  train_AUPR=0.6669  train_P@5=0.6990  train_P@10=0.4952  val_loss=0.3096  val_AUPR=0.6035  val_P@5=0.6464  val_P@10=0.4540
Ep014  LR0=6.00e-05  pw=3.43  aucα=0.400  token_p=0.009  dropE=(0.009,0.045)  smooth=0.009  train_loss=0.3382  train_AUPR=0.6688  train_P@5=0.6965  train_P@10=0.4947  val_loss=0.3034  val_AUPR=0.5828  val_P@5=0.6246  val_P@10=0.4397
Ep015  LR0=7.00e-05  pw=3.15  aucα=0.400  token_p=0.010  dropE=(0.010,0.050)  smooth=0.010  train_loss=0.3311  train_AUPR=0.6595  train_P@5=0.6855  train_P@10=0.4881  val_loss=0.2899  val_AUPR=0.5783  val_P@5=0.6283  val_P@10=0.4401
Ep016  LR0=8.00e-05  pw=2.89  aucα=0.400  token_p=0.010  dropE=(0.010,0.050)  smooth=0.010  train_loss=0.3222  train_AUPR=0.6785  train_P@5=0.7045  train_P@10=0.5028  val_loss=0.2857  val_AUPR=0.5894  val_P@5=0.6370  val_P@10=0.4441
Ep017  LR0=9.00e-05  pw=2.67  aucα=0.400  token_p=0.010  dropE=(0.010,0.050)  smooth=0.010  train_loss=0.3142  train_AUPR=0.7010  train_P@5=0.7224  train_P@10=0.5130  val_loss=0.2601  val_AUPR=0.6036  val_P@5=0.6435  val_P@10=0.4563
Ep018  LR0=1.00e-04  pw=2.48  aucα=0.400  token_p=0.010  dropE=(0.010,0.050)  smooth=0.010  train_loss=0.3074  train_AUPR=0.6978  train_P@5=0.7179  train_P@10=0.5142  val_loss=0.2561  val_AUPR=0.6007  val_P@5=0.6476  val_P@10=0.4551
Ep019  LR0=1.00e-04  pw=2.30  aucα=0.400  token_p=0.010  dropE=(0.010,0.050)  smooth=0.010  train_loss=0.2992  train_AUPR=0.7107  train_P@5=0.7330  train_P@10=0.5163  val_loss=0.2476  val_AUPR=0.5948  val_P@5=0.6462  val_P@10=0.4470
Ep020  LR0=1.00e-04  pw=2.15  aucα=0.400  token_p=0.010  dropE=(0.010,0.050)  smooth=0.010  train_loss=0.2852  train_AUPR=0.7017  train_P@5=0.7230  train_P@10=0.5096  val_loss=0.2497  val_AUPR=0.5793  val_P@5=0.6285  val_P@10=0.4428
Ep021  LR0=1.00e-04  pw=2.01  aucα=0.400  token_p=0.010  dropE=(0.010,0.050)  smooth=0.010  train_loss=0.2736  train_AUPR=0.7274  train_P@5=0.7447  train_P@10=0.5312  val_loss=0.2395  val_AUPR=0.5796  val_P@5=0.6285  val_P@10=0.4390
Ep022  LR0=9.99e-05  pw=1.89  aucα=0.400  token_p=0.010  dropE=(0.010,0.050)  smooth=0.010  train_loss=0.2631  train_AUPR=0.7334  train_P@5=0.7479  train_P@10=0.5317  val_loss=0.2270  val_AUPR=0.6045  val_P@5=0.6515  val_P@10=0.4534
Ep023  LR0=9.99e-05  pw=1.79  aucα=0.400  token_p=0.010  dropE=(0.010,0.050)  smooth=0.010  train_loss=0.2508  train_AUPR=0.7755  train_P@5=0.7842  train_P@10=0.5501  val_loss=0.2184  val_AUPR=0.6197  val_P@5=0.6671  val_P@10=0.4585
Ep024  LR0=9.98e-05  pw=1.70  aucα=0.400  token_p=0.010  dropE=(0.010,0.050)  smooth=0.010  train_loss=0.2424  train_AUPR=0.7761  train_P@5=0.7870  train_P@10=0.5515  val_loss=0.2127  val_AUPR=0.5985  val_P@5=0.6425  val_P@10=0.4533
Ep025  LR0=9.98e-05  pw=1.62  aucα=0.400  token_p=0.010  dropE=(0.010,0.050)  smooth=0.010  train_loss=0.2326  train_AUPR=0.7856  train_P@5=0.7938  train_P@10=0.5563  val_loss=0.2151  val_AUPR=0.5982  val_P@5=0.6411  val_P@10=0.4528
Ep026  LR0=9.97e-05  pw=1.54  aucα=0.400  token_p=0.010  dropE=(0.010,0.050)  smooth=0.010  train_loss=0.2215  train_AUPR=0.8084  train_P@5=0.8183  train_P@10=0.5683  val_loss=0.2067  val_AUPR=0.5815  val_P@5=0.6287  val_P@10=0.4418
Ep027  LR0=9.96e-05  pw=1.48  aucα=0.400  token_p=0.010  dropE=(0.010,0.050)  smooth=0.010  train_loss=0.2107  train_AUPR=0.8323  train_P@5=0.8425  train_P@10=0.5782  val_loss=0.2024  val_AUPR=0.5833  val_P@5=0.6344  val_P@10=0.4490
Ep028  LR0=9.94e-05  pw=1.42  aucα=0.400  token_p=0.010  dropE=(0.010,0.050)  smooth=0.010  train_loss=0.2029  train_AUPR=0.8443  train_P@5=0.8497  train_P@10=0.5876  val_loss=0.1948  val_AUPR=0.5959  val_P@5=0.6419  val_P@10=0.4474
Ep029  LR0=9.93e-05  pw=1.37  aucα=0.400  token_p=0.010  dropE=(0.010,0.050)  smooth=0.010  train_loss=0.1951  train_AUPR=0.8422  train_P@5=0.8498  train_P@10=0.5835  val_loss=0.1926  val_AUPR=0.6018  val_P@5=0.6521  val_P@10=0.4530
Ep030  LR0=9.69e-05  pw=1.33  aucα=0.400  token_p=0.010  dropE=(0.010,0.050)  smooth=0.010  train_loss=0.1880  train_AUPR=0.8559  train_P@5=0.8622  train_P@10=0.5914  val_loss=0.1967  val_AUPR=0.5806  val_P@5=0.6281  val_P@10=0.4423
Ep031  LR0=8.99e-05  pw=1.29  aucα=0.400  token_p=0.010  dropE=(0.010,0.050)  smooth=0.010  train_loss=0.1760  train_AUPR=0.8670  train_P@5=0.8759  train_P@10=0.5992  val_loss=0.1888  val_AUPR=0.5919  val_P@5=0.6372  val_P@10=0.4552
Ep032  LR0=7.90e-05  pw=1.26  aucα=0.400  token_p=0.010  dropE=(0.010,0.050)  smooth=0.010  train_loss=0.1660  train_AUPR=0.8886  train_P@5=0.8981  train_P@10=0.6126  val_loss=0.1852  val_AUPR=0.5894  val_P@5=0.6360  val_P@10=0.4554
Ep033  LR0=6.52e-05  pw=1.23  aucα=0.400  token_p=0.010  dropE=(0.010,0.050)  smooth=0.010  train_loss=0.1522  train_AUPR=0.9008  train_P@5=0.9101  train_P@10=0.6184  val_loss=0.1836  val_AUPR=0.5866  val_P@5=0.6340  val_P@10=0.4536
Ep034  LR0=4.99e-05  pw=1.20  aucα=0.400  token_p=0.010  dropE=(0.010,0.050)  smooth=0.010  train_loss=0.1424  train_AUPR=0.9244  train_P@5=0.9368  train_P@10=0.6296  val_loss=0.1817  val_AUPR=0.5856  val_P@5=0.6356  val_P@10=0.4543
Ep035  LR0=3.46e-05  pw=1.18  aucα=0.400  token_p=0.010  dropE=(0.010,0.050)  smooth=0.010  train_loss=0.1306  train_AUPR=0.9370  train_P@5=0.9505  train_P@10=0.6351  val_loss=0.1808  val_AUPR=0.5827  val_P@5=0.6340  val_P@10=0.4537
Ep036  LR0=2.09e-05  pw=1.16  aucα=0.400  token_p=0.010  dropE=(0.010,0.050)  smooth=0.010  train_loss=0.1197  train_AUPR=0.9480  train_P@5=0.9654  train_P@10=0.6405  val_loss=0.1796  val_AUPR=0.5810  val_P@5=0.6346  val_P@10=0.4528
Ep037  LR0=9.94e-06  pw=1.14  aucα=0.400  token_p=0.010  dropE=(0.010,0.050)  smooth=0.010  train_loss=0.1107  train_AUPR=0.9565  train_P@5=0.9733  train_P@10=0.6443  val_loss=0.1786  val_AUPR=0.5799  val_P@5=0.6340  val_P@10=0.4535
Ep038  LR0=2.92e-06  pw=1.12  aucα=0.400  token_p=0.010  dropE=(0.010,0.050)  smooth=0.010  train_loss=0.1036  train_AUPR=0.9633  train_P@5=0.9818  train_P@10=0.6476  val_loss=0.1778  val_AUPR=0.5784  val_P@5=0.6340  val_P@10=0.4536
Ep039  LR0=5.00e-07  pw=1.11  aucα=0.400  token_p=0.010  dropE=(0.010,0.050)  smooth=0.010  train_loss=0.0992  train_AUPR=0.9649  train_P@5=0.9832  train_P@10=0.6485  val_loss=0.1770  val_AUPR=0.5770  val_P@5=0.6321  val_P@10=0.4541
Ep040  LR0=5.00e-07  pw=1.09  aucα=0.400  token_p=0.010  dropE=(0.010,0.050)  smooth=0.010  train_loss=0.0969  train_AUPR=0.9652  train_P@5=0.9834  train_P@10=0.6486  val_loss=0.1764  val_AUPR=0.5755  val_P@5=0.6309  val_P@10=0.4542
Ep041  LR0=5.00e-07  pw=1.08  aucα=0.400  token_p=0.010  dropE=(0.010,0.050)  smooth=0.010  train_loss=0.0964  train_AUPR=0.9654  train_P@5=0.9834  train_P@10=0.6487  val_loss=0.1758  val_AUPR=0.5742  val_P@5=0.6307  val_P@10=0.4545
Ep042  LR0=5.00e-07  pw=1.07  aucα=0.400  token_p=0.010  dropE=(0.010,0.050)  smooth=0.010  train_loss=0.0966  train_AUPR=0.9655  train_P@5=0.9837  train_P@10=0.6488  val_loss=0.1753  val_AUPR=0.5730  val_P@5=0.6301  val_P@10=0.4538
Ep043  LR0=5.00e-07  pw=1.06  aucα=0.400  token_p=0.010  dropE=(0.010,0.050)  smooth=0.010  train_loss=0.0955  train_AUPR=0.9657  train_P@5=0.9839  train_P@10=0.6489  val_loss=0.1748  val_AUPR=0.5720  val_P@5=0.6299  val_P@10=0.4540
Ep044  LR0=5.00e-07  pw=1.06  aucα=0.400  token_p=0.010  dropE=(0.010,0.050)  smooth=0.010  train_loss=0.0959  train_AUPR=0.9658  train_P@5=0.9841  train_P@10=0.6490  val_loss=0.1744  val_AUPR=0.5710  val_P@5=0.6301  val_P@10=0.4540
Ep045  LR0=5.00e-07  pw=1.05  aucα=0.400  token_p=0.010  dropE=(0.010,0.050)  smooth=0.010  train_loss=0.0958  train_AUPR=0.9660  train_P@5=0.9841  train_P@10=0.6490  val_loss=0.1741  val_AUPR=0.5701  val_P@5=0.6301  val_P@10=0.4543
Ep046  LR0=5.00e-07  pw=1.04  aucα=0.400  token_p=0.010  dropE=(0.010,0.050)  smooth=0.010  train_loss=0.0946  train_AUPR=0.9661  train_P@5=0.9842  train_P@10=0.6491  val_loss=0.1737  val_AUPR=0.5693  val_P@5=0.6299  val_P@10=0.4547
Ep047  LR0=5.00e-07  pw=1.04  aucα=0.400  token_p=0.010  dropE=(0.010,0.050)  smooth=0.010  train_loss=0.0946  train_AUPR=0.9663  train_P@5=0.9845  train_P@10=0.6492  val_loss=0.1735  val_AUPR=0.5685  val_P@5=0.6295  val_P@10=0.4545
Ep048  LR0=5.00e-07  pw=1.03  aucα=0.400  token_p=0.010  dropE=(0.010,0.050)  smooth=0.010  train_loss=0.0946  train_AUPR=0.9664  train_P@5=0.9842  train_P@10=0.6491  val_loss=0.1732  val_AUPR=0.5678  val_P@5=0.6289  val_P@10=0.4545
Ep049  LR0=5.00e-07  pw=1.03  aucα=0.400  token_p=0.010  dropE=(0.010,0.050)  smooth=0.010  train_loss=0.0943  train_AUPR=0.9665  train_P@5=0.9843  train_P@10=0.6493  val_loss=0.1731  val_AUPR=0.5672  val_P@5=0.6289  val_P@10=0.4541
Ep050  LR0=5.00e-07  pw=1.03  aucα=0.400  token_p=0.010  dropE=(0.010,0.050)  smooth=0.010  train_loss=0.0942  train_AUPR=0.9666  train_P@5=0.9844  train_P@10=0.6492  val_loss=0.1729  val_AUPR=0.5666  val_P@5=0.6293  val_P@10=0.4542
Ep051  LR0=5.00e-07  pw=1.02  aucα=0.400  token_p=0.010  dropE=(0.010,0.050)  smooth=0.010  train_loss=0.0939  train_AUPR=0.9668  train_P@5=0.9845  train_P@10=0.6493  val_loss=0.1728  val_AUPR=0.5661  val_P@5=0.6289  val_P@10=0.4541
Ep052  LR0=5.00e-07  pw=1.02  aucα=0.400  token_p=0.010  dropE=(0.010,0.050)  smooth=0.010  train_loss=0.0940  train_AUPR=0.9669  train_P@5=0.9844  train_P@10=0.6496  val_loss=0.1727  val_AUPR=0.5656  val_P@5=0.6291  val_P@10=0.4541
Ep053  LR0=5.00e-07  pw=1.02  aucα=0.400  token_p=0.010  dropE=(0.010,0.050)  smooth=0.010  train_loss=0.0941  train_AUPR=0.9670  train_P@5=0.9846  train_P@10=0.6494  val_loss=0.1726  val_AUPR=0.5651  val_P@5=0.6285  val_P@10=0.4543
Ep054  LR0=5.00e-07  pw=1.02  aucα=0.400  token_p=0.010  dropE=(0.010,0.050)  smooth=0.010  train_loss=0.0928  train_AUPR=0.9670  train_P@5=0.9844  train_P@10=0.6494  val_loss=0.1725  val_AUPR=0.5646  val_P@5=0.6283  val_P@10=0.4545
Ep055  LR0=5.00e-07  pw=1.01  aucα=0.400  token_p=0.010  dropE=(0.010,0.050)  smooth=0.010  train_loss=0.0936  train_AUPR=0.9671  train_P@5=0.9844  train_P@10=0.6495  val_loss=0.1724  val_AUPR=0.5642  val_P@5=0.6279  val_P@10=0.4544
Ep056  LR0=5.00e-07  pw=1.01  aucα=0.400  token_p=0.010  dropE=(0.010,0.050)  smooth=0.010  train_loss=0.0932  train_AUPR=0.9673  train_P@5=0.9848  train_P@10=0.6495  val_loss=0.1724  val_AUPR=0.5638  val_P@5=0.6276  val_P@10=0.4544
Ep057  LR0=5.00e-07  pw=1.01  aucα=0.400  token_p=0.010  dropE=(0.010,0.050)  smooth=0.010  train_loss=0.0927  train_AUPR=0.9675  train_P@5=0.9851  train_P@10=0.6496  val_loss=0.1724  val_AUPR=0.5635  val_P@5=0.6281  val_P@10=0.4545
Ep058  LR0=5.00e-07  pw=1.01  aucα=0.400  token_p=0.010  dropE=(0.010,0.050)  smooth=0.010  train_loss=0.0929  train_AUPR=0.9676  train_P@5=0.9853  train_P@10=0.6497  val_loss=0.1724  val_AUPR=0.5631  val_P@5=0.6279  val_P@10=0.4544
Ep059  LR0=5.00e-07  pw=1.01  aucα=0.400  token_p=0.010  dropE=(0.010,0.050)  smooth=0.010  train_loss=0.0931  train_AUPR=0.9677  train_P@5=0.9851  train_P@10=0.6498  val_loss=0.1724  val_AUPR=0.5628  val_P@5=0.6274  val_P@10=0.4543
Ep060  LR0=5.00e-07  pw=1.01  aucα=0.400  token_p=0.010  dropE=(0.010,0.050)  smooth=0.010  train_loss=0.0927  train_AUPR=0.9678  train_P@5=0.9854  train_P@10=0.6495  val_loss=0.1724  val_AUPR=0.5625  val_P@5=0.6279  val_P@10=0.4543
Ep061  LR0=5.00e-07  pw=1.01  aucα=0.400  token_p=0.010  dropE=(0.010,0.050)  smooth=0.010  train_loss=0.0927  train_AUPR=0.9680  train_P@5=0.9854  train_P@10=0.6498  val_loss=0.1724  val_AUPR=0.5622  val_P@5=0.6279  val_P@10=0.4543
Ep062  LR0=5.00e-07  pw=1.01  aucα=0.400  token_p=0.010  dropE=(0.010,0.050)  smooth=0.010  train_loss=0.0926  train_AUPR=0.9680  train_P@5=0.9852  train_P@10=0.6499  val_loss=0.1724  val_AUPR=0.5619  val_P@5=0.6276  val_P@10=0.4543
Ep063  LR0=5.00e-07  pw=1.01  aucα=0.400  token_p=0.010  dropE=(0.010,0.050)  smooth=0.010  train_loss=0.0923  train_AUPR=0.9681  train_P@5=0.9855  train_P@10=0.6498  val_loss=0.1724  val_AUPR=0.5616  val_P@5=0.6283  val_P@10=0.4542
Ep064  LR0=5.00e-07  pw=1.00  aucα=0.400  token_p=0.010  dropE=(0.010,0.050)  smooth=0.010  train_loss=0.0931  train_AUPR=0.9682  train_P@5=0.9853  train_P@10=0.6499  val_loss=0.1724  val_AUPR=0.5612  val_P@5=0.6285  val_P@10=0.4541
Ep065  LR0=5.00e-07  pw=1.00  aucα=0.400  token_p=0.010  dropE=(0.010,0.050)  smooth=0.010  train_loss=0.0921  train_AUPR=0.9683  train_P@5=0.9854  train_P@10=0.6499  val_loss=0.1725  val_AUPR=0.5610  val_P@5=0.6281  val_P@10=0.4539
Ep066  LR0=5.00e-07  pw=1.00  aucα=0.400  token_p=0.010  dropE=(0.010,0.050)  smooth=0.010  train_loss=0.0917  train_AUPR=0.9684  train_P@5=0.9855  train_P@10=0.6500  val_loss=0.1725  val_AUPR=0.5607  val_P@5=0.6279  val_P@10=0.4538
Ep067  LR0=5.00e-07  pw=1.00  aucα=0.400  token_p=0.010  dropE=(0.010,0.050)  smooth=0.010  train_loss=0.0921  train_AUPR=0.9684  train_P@5=0.9857  train_P@10=0.6500  val_loss=0.1726  val_AUPR=0.5605  val_P@5=0.6276  val_P@10=0.4536
Ep068  LR0=5.00e-07  pw=1.00  aucα=0.400  token_p=0.010  dropE=(0.010,0.050)  smooth=0.010  train_loss=0.0919  train_AUPR=0.9685  train_P@5=0.9857  train_P@10=0.6501  val_loss=0.1726  val_AUPR=0.5602  val_P@5=0.6276  val_P@10=0.4536
Ep069  LR0=5.00e-07  pw=1.00  aucα=0.400  token_p=0.010  dropE=(0.010,0.050)  smooth=0.010  train_loss=0.0915  train_AUPR=0.9687  train_P@5=0.9861  train_P@10=0.6501  val_loss=0.1726  val_AUPR=0.5600  val_P@5=0.6272  val_P@10=0.4537
Ep070  LR0=5.00e-07  pw=1.00  aucα=0.400  token_p=0.010  dropE=(0.010,0.050)  smooth=0.010  train_loss=0.0919  train_AUPR=0.9687  train_P@5=0.9860  train_P@10=0.6501  val_loss=0.1727  val_AUPR=0.5598  val_P@5=0.6274  val_P@10=0.4537
Ep071  LR0=5.00e-07  pw=1.00  aucα=0.400  token_p=0.010  dropE=(0.010,0.050)  smooth=0.010  train_loss=0.0919  train_AUPR=0.9688  train_P@5=0.9862  train_P@10=0.6501  val_loss=0.1727  val_AUPR=0.5596  val_P@5=0.6272  val_P@10=0.4536
Ep072  LR0=5.00e-07  pw=1.00  aucα=0.400  token_p=0.010  dropE=(0.010,0.050)  smooth=0.010  train_loss=0.0916  train_AUPR=0.9689  train_P@5=0.9863  train_P@10=0.6503  val_loss=0.1728  val_AUPR=0.5593  val_P@5=0.6276  val_P@10=0.4535
Ep073  LR0=5.00e-07  pw=1.00  aucα=0.400  token_p=0.010  dropE=(0.010,0.050)  smooth=0.010  train_loss=0.0915  train_AUPR=0.9690  train_P@5=0.9864  train_P@10=0.6503  val_loss=0.1728  val_AUPR=0.5591  val_P@5=0.6274  val_P@10=0.4535
Ep074  LR0=5.00e-07  pw=1.00  aucα=0.400  token_p=0.010  dropE=(0.010,0.050)  smooth=0.010  train_loss=0.0909  train_AUPR=0.9692  train_P@5=0.9866  train_P@10=0.6503  val_loss=0.1729  val_AUPR=0.5590  val_P@5=0.6274  val_P@10=0.4534
Ep075  LR0=5.00e-07  pw=1.00  aucα=0.400  token_p=0.010  dropE=(0.010,0.050)  smooth=0.010  train_loss=0.0917  train_AUPR=0.9693  train_P@5=0.9868  train_P@10=0.6503  val_loss=0.1729  val_AUPR=0.5588  val_P@5=0.6274  val_P@10=0.4533
Ep076  LR0=5.00e-07  pw=1.00  aucα=0.400  token_p=0.010  dropE=(0.010,0.050)  smooth=0.010  train_loss=0.0913  train_AUPR=0.9694  train_P@5=0.9869  train_P@10=0.6503  val_loss=0.1730  val_AUPR=0.5586  val_P@5=0.6274  val_P@10=0.4534
Ep077  LR0=5.00e-07  pw=1.00  aucα=0.400  token_p=0.010  dropE=(0.010,0.050)  smooth=0.010  train_loss=0.0915  train_AUPR=0.9695  train_P@5=0.9870  train_P@10=0.6503  val_loss=0.1730  val_AUPR=0.5584  val_P@5=0.6274  val_P@10=0.4535
Early stop triggered: neither val_AUPR nor val_loss improved for 20 epochs.
Saved iPara_l1_g10_i5_do0.05_dpr0.03_lr0.0002_heads16_fold3.pth  (best val AUPR=0.6197)
Saved iPara_l1_g10_i5_do0.05_dpr0.03_lr0.0002_heads16_fold3_best_aupr.pth
Saved iPara_l1_g10_i5_do0.05_dpr0.03_lr0.0002_heads16_fold3_best_loss.pth  (best val loss=0.1724)

── Fold 4/5
Train labels: pos=26560, neg=372298, ignore=700342, pos_rate=0.066590
Val labels: pos=6670, neg=94664, ignore=172266, pos_rate=0.065822
Initializing ClassificationModel with 10 GAT layers and residual connections...
Initializing MCModel with 10 GAT layers and 5 row attention layers (drop_path_rate=0.03)
Initializing CoreModel with 1 layers, drop_path_rate=0.03
Ep000  LR0=2.00e-05  pw=15.00  aucα=0.000  token_p=0.000  dropE=(0.000,0.000)  smooth=0.000  train_loss=0.5690  train_AUPR=0.3992  train_P@5=0.4641  train_P@10=0.3561  val_loss=0.4868  val_AUPR=0.3823  val_P@5=0.4505  val_P@10=0.3487
Ep001  LR0=3.00e-05  pw=13.35  aucα=0.000  token_p=0.000  dropE=(0.000,0.000)  smooth=0.000  train_loss=0.4802  train_AUPR=0.4396  train_P@5=0.5031  train_P@10=0.3818  val_loss=0.4609  val_AUPR=0.4180  val_P@5=0.4807  val_P@10=0.3723
Ep002  LR0=4.00e-05  pw=11.90  aucα=0.000  token_p=0.000  dropE=(0.000,0.000)  smooth=0.000  train_loss=0.4515  train_AUPR=0.4953  train_P@5=0.5580  train_P@10=0.4068  val_loss=0.4371  val_AUPR=0.4846  val_P@5=0.5503  val_P@10=0.3976
Ep003  LR0=5.00e-05  pw=10.62  aucα=0.000  token_p=0.000  dropE=(0.000,0.000)  smooth=0.000  train_loss=0.4313  train_AUPR=0.5170  train_P@5=0.5813  train_P@10=0.4236  val_loss=0.4195  val_AUPR=0.5008  val_P@5=0.5740  val_P@10=0.4152
Ep004  LR0=6.00e-05  pw=9.49  aucα=0.057  token_p=0.000  dropE=(0.000,0.000)  smooth=0.000  train_loss=0.4289  train_AUPR=0.4674  train_P@5=0.5147  train_P@10=0.3881  val_loss=0.4521  val_AUPR=0.4383  val_P@5=0.4998  val_P@10=0.3729
Ep005  LR0=7.00e-05  pw=8.49  aucα=0.114  token_p=0.000  dropE=(0.000,0.000)  smooth=0.000  train_loss=0.4232  train_AUPR=0.5618  train_P@5=0.6064  train_P@10=0.4453  val_loss=0.4061  val_AUPR=0.5362  val_P@5=0.5916  val_P@10=0.4345
Ep006  LR0=8.00e-05  pw=7.61  aucα=0.171  token_p=0.001  dropE=(0.001,0.005)  smooth=0.001  train_loss=0.4185  train_AUPR=0.5618  train_P@5=0.6164  train_P@10=0.4407  val_loss=0.3872  val_AUPR=0.5405  val_P@5=0.6030  val_P@10=0.4257
Ep007  LR0=9.00e-05  pw=6.84  aucα=0.229  token_p=0.002  dropE=(0.002,0.010)  smooth=0.002  train_loss=0.4136  train_AUPR=0.5758  train_P@5=0.6185  train_P@10=0.4482  val_loss=0.3885  val_AUPR=0.5350  val_P@5=0.5977  val_P@10=0.4270
Ep008  LR0=1.00e-04  pw=6.15  aucα=0.286  token_p=0.003  dropE=(0.003,0.015)  smooth=0.003  train_loss=0.4095  train_AUPR=0.5907  train_P@5=0.6333  train_P@10=0.4548  val_loss=0.3656  val_AUPR=0.5533  val_P@5=0.5997  val_P@10=0.4327
Ep009  LR0=1.00e-04  pw=5.55  aucα=0.343  token_p=0.004  dropE=(0.004,0.020)  smooth=0.004  train_loss=0.4039  train_AUPR=0.5965  train_P@5=0.6318  train_P@10=0.4554  val_loss=0.3676  val_AUPR=0.5546  val_P@5=0.6062  val_P@10=0.4327
[Info] Unfroze 'dym' params after warmup (epoch=10). Added core=66 tensors, other=0 tensors.
Ep010  LR0=2.00e-05  pw=5.01  aucα=0.400  token_p=0.005  dropE=(0.005,0.025)  smooth=0.005  train_loss=0.3763  train_AUPR=0.6489  train_P@5=0.6778  train_P@10=0.4855  val_loss=0.3430  val_AUPR=0.5994  val_P@5=0.6534  val_P@10=0.4561
Ep011  LR0=3.00e-05  pw=4.54  aucα=0.400  token_p=0.006  dropE=(0.006,0.030)  smooth=0.006  train_loss=0.3631  train_AUPR=0.6536  train_P@5=0.6814  train_P@10=0.4893  val_loss=0.3292  val_AUPR=0.5908  val_P@5=0.6449  val_P@10=0.4546
Ep012  LR0=4.00e-05  pw=4.12  aucα=0.400  token_p=0.007  dropE=(0.007,0.035)  smooth=0.007  train_loss=0.3542  train_AUPR=0.6651  train_P@5=0.6912  train_P@10=0.4927  val_loss=0.3106  val_AUPR=0.6083  val_P@5=0.6646  val_P@10=0.4566
Ep013  LR0=5.00e-05  pw=3.76  aucα=0.400  token_p=0.008  dropE=(0.008,0.040)  smooth=0.008  train_loss=0.3466  train_AUPR=0.6688  train_P@5=0.6900  train_P@10=0.4985  val_loss=0.3100  val_AUPR=0.5944  val_P@5=0.6496  val_P@10=0.4547
Ep014  LR0=6.00e-05  pw=3.43  aucα=0.400  token_p=0.009  dropE=(0.009,0.045)  smooth=0.009  train_loss=0.3403  train_AUPR=0.6772  train_P@5=0.6996  train_P@10=0.4987  val_loss=0.2901  val_AUPR=0.6008  val_P@5=0.6555  val_P@10=0.4528
Ep015  LR0=7.00e-05  pw=3.15  aucα=0.400  token_p=0.010  dropE=(0.010,0.050)  smooth=0.010  train_loss=0.3310  train_AUPR=0.6730  train_P@5=0.6955  train_P@10=0.4976  val_loss=0.2845  val_AUPR=0.5893  val_P@5=0.6447  val_P@10=0.4486
Ep016  LR0=8.00e-05  pw=2.89  aucα=0.400  token_p=0.010  dropE=(0.010,0.050)  smooth=0.010  train_loss=0.3239  train_AUPR=0.6843  train_P@5=0.7045  train_P@10=0.5053  val_loss=0.2809  val_AUPR=0.5805  val_P@5=0.6398  val_P@10=0.4526
Ep017  LR0=9.00e-05  pw=2.67  aucα=0.400  token_p=0.010  dropE=(0.010,0.050)  smooth=0.010  train_loss=0.3128  train_AUPR=0.6868  train_P@5=0.7099  train_P@10=0.5040  val_loss=0.2674  val_AUPR=0.6001  val_P@5=0.6569  val_P@10=0.4541
Ep018  LR0=1.00e-04  pw=2.48  aucα=0.400  token_p=0.010  dropE=(0.010,0.050)  smooth=0.010  train_loss=0.3055  train_AUPR=0.6983  train_P@5=0.7185  train_P@10=0.5137  val_loss=0.2564  val_AUPR=0.5891  val_P@5=0.6546  val_P@10=0.4533
Ep019  LR0=1.00e-04  pw=2.30  aucα=0.400  token_p=0.010  dropE=(0.010,0.050)  smooth=0.010  train_loss=0.2987  train_AUPR=0.6928  train_P@5=0.7099  train_P@10=0.5099  val_loss=0.2521  val_AUPR=0.5935  val_P@5=0.6504  val_P@10=0.4514
Ep020  LR0=1.00e-04  pw=2.15  aucα=0.400  token_p=0.010  dropE=(0.010,0.050)  smooth=0.010  train_loss=0.2856  train_AUPR=0.7154  train_P@5=0.7322  train_P@10=0.5209  val_loss=0.2406  val_AUPR=0.5947  val_P@5=0.6524  val_P@10=0.4521
Ep021  LR0=1.00e-04  pw=2.01  aucα=0.400  token_p=0.010  dropE=(0.010,0.050)  smooth=0.010  train_loss=0.2749  train_AUPR=0.7403  train_P@5=0.7577  train_P@10=0.5340  val_loss=0.2368  val_AUPR=0.5905  val_P@5=0.6364  val_P@10=0.4440
Ep022  LR0=9.99e-05  pw=1.89  aucα=0.400  token_p=0.010  dropE=(0.010,0.050)  smooth=0.010  train_loss=0.2636  train_AUPR=0.7315  train_P@5=0.7498  train_P@10=0.5270  val_loss=0.2313  val_AUPR=0.5840  val_P@5=0.6344  val_P@10=0.4482
Ep023  LR0=9.99e-05  pw=1.79  aucα=0.400  token_p=0.010  dropE=(0.010,0.050)  smooth=0.010  train_loss=0.2553  train_AUPR=0.7610  train_P@5=0.7737  train_P@10=0.5439  val_loss=0.2151  val_AUPR=0.6101  val_P@5=0.6552  val_P@10=0.4570
Ep024  LR0=9.98e-05  pw=1.70  aucα=0.400  token_p=0.010  dropE=(0.010,0.050)  smooth=0.010  train_loss=0.2408  train_AUPR=0.7824  train_P@5=0.7948  train_P@10=0.5580  val_loss=0.2148  val_AUPR=0.6003  val_P@5=0.6425  val_P@10=0.4596
Ep025  LR0=9.98e-05  pw=1.62  aucα=0.400  token_p=0.010  dropE=(0.010,0.050)  smooth=0.010  train_loss=0.2350  train_AUPR=0.7927  train_P@5=0.8045  train_P@10=0.5603  val_loss=0.2058  val_AUPR=0.6069  val_P@5=0.6567  val_P@10=0.4623
Ep026  LR0=9.97e-05  pw=1.54  aucα=0.400  token_p=0.010  dropE=(0.010,0.050)  smooth=0.010  train_loss=0.2275  train_AUPR=0.7916  train_P@5=0.8056  train_P@10=0.5619  val_loss=0.2037  val_AUPR=0.5963  val_P@5=0.6492  val_P@10=0.4523
Ep027  LR0=9.96e-05  pw=1.48  aucα=0.400  token_p=0.010  dropE=(0.010,0.050)  smooth=0.010  train_loss=0.2161  train_AUPR=0.8128  train_P@5=0.8219  train_P@10=0.5688  val_loss=0.1984  val_AUPR=0.5998  val_P@5=0.6449  val_P@10=0.4592
Ep028  LR0=9.94e-05  pw=1.42  aucα=0.400  token_p=0.010  dropE=(0.010,0.050)  smooth=0.010  train_loss=0.2091  train_AUPR=0.8329  train_P@5=0.8427  train_P@10=0.5798  val_loss=0.1973  val_AUPR=0.6023  val_P@5=0.6453  val_P@10=0.4641
Ep029  LR0=9.93e-05  pw=1.37  aucα=0.400  token_p=0.010  dropE=(0.010,0.050)  smooth=0.010  train_loss=0.1970  train_AUPR=0.8373  train_P@5=0.8472  train_P@10=0.5832  val_loss=0.1948  val_AUPR=0.6030  val_P@5=0.6508  val_P@10=0.4615
Ep030  LR0=9.69e-05  pw=1.33  aucα=0.400  token_p=0.010  dropE=(0.010,0.050)  smooth=0.010  train_loss=0.1894  train_AUPR=0.8546  train_P@5=0.8623  train_P@10=0.5925  val_loss=0.1868  val_AUPR=0.6165  val_P@5=0.6709  val_P@10=0.4730
Ep031  LR0=8.99e-05  pw=1.29  aucα=0.400  token_p=0.010  dropE=(0.010,0.050)  smooth=0.010  train_loss=0.1780  train_AUPR=0.8719  train_P@5=0.8812  train_P@10=0.6004  val_loss=0.1841  val_AUPR=0.6151  val_P@5=0.6611  val_P@10=0.4682
Ep032  LR0=7.90e-05  pw=1.26  aucα=0.400  token_p=0.010  dropE=(0.010,0.050)  smooth=0.010  train_loss=0.1691  train_AUPR=0.8808  train_P@5=0.8923  train_P@10=0.6058  val_loss=0.1808  val_AUPR=0.6196  val_P@5=0.6654  val_P@10=0.4735
Ep033  LR0=6.52e-05  pw=1.23  aucα=0.400  token_p=0.010  dropE=(0.010,0.050)  smooth=0.010  train_loss=0.1587  train_AUPR=0.8998  train_P@5=0.9134  train_P@10=0.6164  val_loss=0.1791  val_AUPR=0.6195  val_P@5=0.6648  val_P@10=0.4725
Ep034  LR0=4.99e-05  pw=1.20  aucα=0.400  token_p=0.010  dropE=(0.010,0.050)  smooth=0.010  train_loss=0.1453  train_AUPR=0.9097  train_P@5=0.9220  train_P@10=0.6237  val_loss=0.1772  val_AUPR=0.6169  val_P@5=0.6629  val_P@10=0.4720
Ep035  LR0=3.46e-05  pw=1.18  aucα=0.400  token_p=0.010  dropE=(0.010,0.050)  smooth=0.010  train_loss=0.1345  train_AUPR=0.9328  train_P@5=0.9464  train_P@10=0.6357  val_loss=0.1759  val_AUPR=0.6164  val_P@5=0.6650  val_P@10=0.4733
Ep036  LR0=2.09e-05  pw=1.16  aucα=0.400  token_p=0.010  dropE=(0.010,0.050)  smooth=0.010  train_loss=0.1225  train_AUPR=0.9467  train_P@5=0.9628  train_P@10=0.6417  val_loss=0.1746  val_AUPR=0.6150  val_P@5=0.6617  val_P@10=0.4739
Ep037  LR0=9.94e-06  pw=1.14  aucα=0.400  token_p=0.010  dropE=(0.010,0.050)  smooth=0.010  train_loss=0.1125  train_AUPR=0.9552  train_P@5=0.9717  train_P@10=0.6466  val_loss=0.1737  val_AUPR=0.6126  val_P@5=0.6603  val_P@10=0.4733
Ep038  LR0=2.92e-06  pw=1.12  aucα=0.400  token_p=0.010  dropE=(0.010,0.050)  smooth=0.010  train_loss=0.1056  train_AUPR=0.9604  train_P@5=0.9779  train_P@10=0.6489  val_loss=0.1729  val_AUPR=0.6105  val_P@5=0.6593  val_P@10=0.4727
Ep039  LR0=5.00e-07  pw=1.11  aucα=0.400  token_p=0.010  dropE=(0.010,0.050)  smooth=0.010  train_loss=0.1018  train_AUPR=0.9625  train_P@5=0.9814  train_P@10=0.6499  val_loss=0.1722  val_AUPR=0.6086  val_P@5=0.6579  val_P@10=0.4725
Ep040  LR0=5.00e-07  pw=1.09  aucα=0.400  token_p=0.010  dropE=(0.010,0.050)  smooth=0.010  train_loss=0.1000  train_AUPR=0.9628  train_P@5=0.9812  train_P@10=0.6500  val_loss=0.1714  val_AUPR=0.6070  val_P@5=0.6559  val_P@10=0.4726
Ep041  LR0=5.00e-07  pw=1.08  aucα=0.400  token_p=0.010  dropE=(0.010,0.050)  smooth=0.010  train_loss=0.0998  train_AUPR=0.9629  train_P@5=0.9811  train_P@10=0.6500  val_loss=0.1708  val_AUPR=0.6054  val_P@5=0.6557  val_P@10=0.4722
Ep042  LR0=5.00e-07  pw=1.07  aucα=0.400  token_p=0.010  dropE=(0.010,0.050)  smooth=0.010  train_loss=0.0983  train_AUPR=0.9631  train_P@5=0.9812  train_P@10=0.6500  val_loss=0.1702  val_AUPR=0.6040  val_P@5=0.6557  val_P@10=0.4721
Ep043  LR0=5.00e-07  pw=1.06  aucα=0.400  token_p=0.010  dropE=(0.010,0.050)  smooth=0.010  train_loss=0.0985  train_AUPR=0.9633  train_P@5=0.9816  train_P@10=0.6500  val_loss=0.1698  val_AUPR=0.6028  val_P@5=0.6559  val_P@10=0.4715
Ep044  LR0=5.00e-07  pw=1.06  aucα=0.400  token_p=0.010  dropE=(0.010,0.050)  smooth=0.010  train_loss=0.0984  train_AUPR=0.9635  train_P@5=0.9822  train_P@10=0.6502  val_loss=0.1693  val_AUPR=0.6017  val_P@5=0.6555  val_P@10=0.4709
Ep045  LR0=5.00e-07  pw=1.05  aucα=0.400  token_p=0.010  dropE=(0.010,0.050)  smooth=0.010  train_loss=0.0976  train_AUPR=0.9636  train_P@5=0.9823  train_P@10=0.6504  val_loss=0.1689  val_AUPR=0.6007  val_P@5=0.6557  val_P@10=0.4708
Ep046  LR0=5.00e-07  pw=1.04  aucα=0.400  token_p=0.010  dropE=(0.010,0.050)  smooth=0.010  train_loss=0.0974  train_AUPR=0.9636  train_P@5=0.9819  train_P@10=0.6504  val_loss=0.1686  val_AUPR=0.5997  val_P@5=0.6553  val_P@10=0.4707
Ep047  LR0=5.00e-07  pw=1.04  aucα=0.400  token_p=0.010  dropE=(0.010,0.050)  smooth=0.010  train_loss=0.0973  train_AUPR=0.9638  train_P@5=0.9819  train_P@10=0.6505  val_loss=0.1683  val_AUPR=0.5989  val_P@5=0.6548  val_P@10=0.4711
Ep048  LR0=5.00e-07  pw=1.03  aucα=0.400  token_p=0.010  dropE=(0.010,0.050)  smooth=0.010  train_loss=0.0966  train_AUPR=0.9639  train_P@5=0.9819  train_P@10=0.6504  val_loss=0.1681  val_AUPR=0.5981  val_P@5=0.6546  val_P@10=0.4713
Ep049  LR0=5.00e-07  pw=1.03  aucα=0.400  token_p=0.010  dropE=(0.010,0.050)  smooth=0.010  train_loss=0.0967  train_AUPR=0.9641  train_P@5=0.9821  train_P@10=0.6507  val_loss=0.1678  val_AUPR=0.5974  val_P@5=0.6536  val_P@10=0.4713
Ep050  LR0=5.00e-07  pw=1.03  aucα=0.400  token_p=0.010  dropE=(0.010,0.050)  smooth=0.010  train_loss=0.0961  train_AUPR=0.9643  train_P@5=0.9823  train_P@10=0.6507  val_loss=0.1677  val_AUPR=0.5967  val_P@5=0.6532  val_P@10=0.4715
Ep051  LR0=5.00e-07  pw=1.02  aucα=0.400  token_p=0.010  dropE=(0.010,0.050)  smooth=0.010  train_loss=0.0962  train_AUPR=0.9643  train_P@5=0.9821  train_P@10=0.6508  val_loss=0.1675  val_AUPR=0.5960  val_P@5=0.6532  val_P@10=0.4714
Ep052  LR0=5.00e-07  pw=1.02  aucα=0.400  token_p=0.010  dropE=(0.010,0.050)  smooth=0.010  train_loss=0.0957  train_AUPR=0.9644  train_P@5=0.9824  train_P@10=0.6508  val_loss=0.1674  val_AUPR=0.5954  val_P@5=0.6530  val_P@10=0.4712
Ep053  LR0=5.00e-07  pw=1.02  aucα=0.400  token_p=0.010  dropE=(0.010,0.050)  smooth=0.010  train_loss=0.0961  train_AUPR=0.9645  train_P@5=0.9826  train_P@10=0.6508  val_loss=0.1673  val_AUPR=0.5949  val_P@5=0.6532  val_P@10=0.4710
Ep054  LR0=5.00e-07  pw=1.02  aucα=0.400  token_p=0.010  dropE=(0.010,0.050)  smooth=0.010  train_loss=0.0957  train_AUPR=0.9646  train_P@5=0.9828  train_P@10=0.6510  val_loss=0.1672  val_AUPR=0.5944  val_P@5=0.6532  val_P@10=0.4708
Ep055  LR0=5.00e-07  pw=1.01  aucα=0.400  token_p=0.010  dropE=(0.010,0.050)  smooth=0.010  train_loss=0.0960  train_AUPR=0.9648  train_P@5=0.9829  train_P@10=0.6511  val_loss=0.1672  val_AUPR=0.5939  val_P@5=0.6526  val_P@10=0.4709
Ep056  LR0=5.00e-07  pw=1.01  aucα=0.400  token_p=0.010  dropE=(0.010,0.050)  smooth=0.010  train_loss=0.0952  train_AUPR=0.9648  train_P@5=0.9830  train_P@10=0.6512  val_loss=0.1671  val_AUPR=0.5934  val_P@5=0.6524  val_P@10=0.4708
Ep057  LR0=5.00e-07  pw=1.01  aucα=0.400  token_p=0.010  dropE=(0.010,0.050)  smooth=0.010  train_loss=0.0950  train_AUPR=0.9650  train_P@5=0.9832  train_P@10=0.6512  val_loss=0.1671  val_AUPR=0.5929  val_P@5=0.6528  val_P@10=0.4709
Ep058  LR0=5.00e-07  pw=1.01  aucα=0.400  token_p=0.010  dropE=(0.010,0.050)  smooth=0.010  train_loss=0.0948  train_AUPR=0.9650  train_P@5=0.9832  train_P@10=0.6512  val_loss=0.1671  val_AUPR=0.5924  val_P@5=0.6524  val_P@10=0.4708
Ep059  LR0=5.00e-07  pw=1.01  aucα=0.400  token_p=0.010  dropE=(0.010,0.050)  smooth=0.010  train_loss=0.0955  train_AUPR=0.9652  train_P@5=0.9834  train_P@10=0.6513  val_loss=0.1671  val_AUPR=0.5921  val_P@5=0.6524  val_P@10=0.4708
Ep060  LR0=5.00e-07  pw=1.01  aucα=0.400  token_p=0.010  dropE=(0.010,0.050)  smooth=0.010  train_loss=0.0945  train_AUPR=0.9654  train_P@5=0.9836  train_P@10=0.6513  val_loss=0.1671  val_AUPR=0.5917  val_P@5=0.6526  val_P@10=0.4711
Ep061  LR0=5.00e-07  pw=1.01  aucα=0.400  token_p=0.010  dropE=(0.010,0.050)  smooth=0.010  train_loss=0.0943  train_AUPR=0.9654  train_P@5=0.9833  train_P@10=0.6513  val_loss=0.1671  val_AUPR=0.5913  val_P@5=0.6524  val_P@10=0.4712
Ep062  LR0=5.00e-07  pw=1.01  aucα=0.400  token_p=0.010  dropE=(0.010,0.050)  smooth=0.010  train_loss=0.0938  train_AUPR=0.9657  train_P@5=0.9835  train_P@10=0.6513  val_loss=0.1671  val_AUPR=0.5910  val_P@5=0.6524  val_P@10=0.4712
Ep063  LR0=5.00e-07  pw=1.01  aucα=0.400  token_p=0.010  dropE=(0.010,0.050)  smooth=0.010  train_loss=0.0948  train_AUPR=0.9658  train_P@5=0.9842  train_P@10=0.6514  val_loss=0.1672  val_AUPR=0.5906  val_P@5=0.6520  val_P@10=0.4711
Ep064  LR0=5.00e-07  pw=1.00  aucα=0.400  token_p=0.010  dropE=(0.010,0.050)  smooth=0.010  train_loss=0.0946  train_AUPR=0.9659  train_P@5=0.9839  train_P@10=0.6516  val_loss=0.1672  val_AUPR=0.5903  val_P@5=0.6516  val_P@10=0.4711
Ep065  LR0=5.00e-07  pw=1.00  aucα=0.400  token_p=0.010  dropE=(0.010,0.050)  smooth=0.010  train_loss=0.0941  train_AUPR=0.9660  train_P@5=0.9839  train_P@10=0.6515  val_loss=0.1672  val_AUPR=0.5900  val_P@5=0.6518  val_P@10=0.4710
Ep066  LR0=5.00e-07  pw=1.00  aucα=0.400  token_p=0.010  dropE=(0.010,0.050)  smooth=0.010  train_loss=0.0944  train_AUPR=0.9660  train_P@5=0.9841  train_P@10=0.6516  val_loss=0.1672  val_AUPR=0.5897  val_P@5=0.6512  val_P@10=0.4711
Ep067  LR0=5.00e-07  pw=1.00  aucα=0.400  token_p=0.010  dropE=(0.010,0.050)  smooth=0.010  train_loss=0.0937  train_AUPR=0.9662  train_P@5=0.9838  train_P@10=0.6517  val_loss=0.1673  val_AUPR=0.5894  val_P@5=0.6514  val_P@10=0.4710
Ep068  LR0=5.00e-07  pw=1.00  aucα=0.400  token_p=0.010  dropE=(0.010,0.050)  smooth=0.010  train_loss=0.0941  train_AUPR=0.9663  train_P@5=0.9843  train_P@10=0.6518  val_loss=0.1673  val_AUPR=0.5891  val_P@5=0.6516  val_P@10=0.4712
Ep069  LR0=5.00e-07  pw=1.00  aucα=0.400  token_p=0.010  dropE=(0.010,0.050)  smooth=0.010  train_loss=0.0943  train_AUPR=0.9664  train_P@5=0.9844  train_P@10=0.6518  val_loss=0.1674  val_AUPR=0.5889  val_P@5=0.6518  val_P@10=0.4713
Ep070  LR0=5.00e-07  pw=1.00  aucα=0.400  token_p=0.010  dropE=(0.010,0.050)  smooth=0.010  train_loss=0.0944  train_AUPR=0.9664  train_P@5=0.9843  train_P@10=0.6518  val_loss=0.1674  val_AUPR=0.5886  val_P@5=0.6514  val_P@10=0.4713
Ep071  LR0=5.00e-07  pw=1.00  aucα=0.400  token_p=0.010  dropE=(0.010,0.050)  smooth=0.010  train_loss=0.0933  train_AUPR=0.9664  train_P@5=0.9844  train_P@10=0.6517  val_loss=0.1675  val_AUPR=0.5883  val_P@5=0.6510  val_P@10=0.4713
Ep072  LR0=5.00e-07  pw=1.00  aucα=0.400  token_p=0.010  dropE=(0.010,0.050)  smooth=0.010  train_loss=0.0939  train_AUPR=0.9667  train_P@5=0.9849  train_P@10=0.6518  val_loss=0.1675  val_AUPR=0.5881  val_P@5=0.6510  val_P@10=0.4713
Ep073  LR0=5.00e-07  pw=1.00  aucα=0.400  token_p=0.010  dropE=(0.010,0.050)  smooth=0.010  train_loss=0.0923  train_AUPR=0.9668  train_P@5=0.9847  train_P@10=0.6518  val_loss=0.1676  val_AUPR=0.5878  val_P@5=0.6512  val_P@10=0.4713
Ep074  LR0=5.00e-07  pw=1.00  aucα=0.400  token_p=0.010  dropE=(0.010,0.050)  smooth=0.010  train_loss=0.0934  train_AUPR=0.9669  train_P@5=0.9849  train_P@10=0.6518  val_loss=0.1676  val_AUPR=0.5876  val_P@5=0.6512  val_P@10=0.4712
Ep075  LR0=5.00e-07  pw=1.00  aucα=0.400  token_p=0.010  dropE=(0.010,0.050)  smooth=0.010  train_loss=0.0932  train_AUPR=0.9668  train_P@5=0.9849  train_P@10=0.6519  val_loss=0.1677  val_AUPR=0.5873  val_P@5=0.6510  val_P@10=0.4713
Ep076  LR0=5.00e-07  pw=1.00  aucα=0.400  token_p=0.010  dropE=(0.010,0.050)  smooth=0.010  train_loss=0.0935  train_AUPR=0.9670  train_P@5=0.9852  train_P@10=0.6518  val_loss=0.1677  val_AUPR=0.5871  val_P@5=0.6508  val_P@10=0.4712
Ep077  LR0=5.00e-07  pw=1.00  aucα=0.400  token_p=0.010  dropE=(0.010,0.050)  smooth=0.010  train_loss=0.0938  train_AUPR=0.9671  train_P@5=0.9853  train_P@10=0.6519  val_loss=0.1678  val_AUPR=0.5869  val_P@5=0.6506  val_P@10=0.4712
Early stop triggered: neither val_AUPR nor val_loss improved for 20 epochs.
Saved iPara_l1_g10_i5_do0.05_dpr0.03_lr0.0002_heads16_fold4.pth  (best val AUPR=0.6196)
Saved iPara_l1_g10_i5_do0.05_dpr0.03_lr0.0002_heads16_fold4_best_aupr.pth
Saved iPara_l1_g10_i5_do0.05_dpr0.03_lr0.0002_heads16_fold4_best_loss.pth  (best val loss=0.1671)

── Fold 5/5
Train labels: pos=26617, neg=373043, ignore=699540, pos_rate=0.066599
Val labels: pos=6613, neg=93919, ignore=173068, pos_rate=0.065780
Initializing ClassificationModel with 10 GAT layers and residual connections...
Initializing MCModel with 10 GAT layers and 5 row attention layers (drop_path_rate=0.03)
Initializing CoreModel with 1 layers, drop_path_rate=0.03
Ep000  LR0=2.00e-05  pw=15.00  aucα=0.000  token_p=0.000  dropE=(0.000,0.000)  smooth=0.000  train_loss=0.5813  train_AUPR=0.4061  train_P@5=0.4676  train_P@10=0.3517  val_loss=0.4721  val_AUPR=0.3908  val_P@5=0.4524  val_P@10=0.3449
Ep001  LR0=3.00e-05  pw=13.35  aucα=0.000  token_p=0.000  dropE=(0.000,0.000)  smooth=0.000  train_loss=0.4821  train_AUPR=0.4589  train_P@5=0.5261  train_P@10=0.3861  val_loss=0.4481  val_AUPR=0.4475  val_P@5=0.5167  val_P@10=0.3805
Ep002  LR0=4.00e-05  pw=11.90  aucα=0.000  token_p=0.000  dropE=(0.000,0.000)  smooth=0.000  train_loss=0.4519  train_AUPR=0.4887  train_P@5=0.5457  train_P@10=0.4064  val_loss=0.4283  val_AUPR=0.4711  val_P@5=0.5328  val_P@10=0.3971
Ep003  LR0=5.00e-05  pw=10.62  aucα=0.000  token_p=0.000  dropE=(0.000,0.000)  smooth=0.000  train_loss=0.4360  train_AUPR=0.5073  train_P@5=0.5764  train_P@10=0.4164  val_loss=0.4167  val_AUPR=0.5016  val_P@5=0.5712  val_P@10=0.4074
Ep004  LR0=6.00e-05  pw=9.49  aucα=0.057  token_p=0.000  dropE=(0.000,0.000)  smooth=0.000  train_loss=0.4322  train_AUPR=0.5254  train_P@5=0.5831  train_P@10=0.4266  val_loss=0.4150  val_AUPR=0.5159  val_P@5=0.5738  val_P@10=0.4180
Ep005  LR0=7.00e-05  pw=8.49  aucα=0.114  token_p=0.000  dropE=(0.000,0.000)  smooth=0.000  train_loss=0.4247  train_AUPR=0.5692  train_P@5=0.6133  train_P@10=0.4449  val_loss=0.3921  val_AUPR=0.5401  val_P@5=0.5965  val_P@10=0.4314
Ep006  LR0=8.00e-05  pw=7.61  aucα=0.171  token_p=0.001  dropE=(0.001,0.005)  smooth=0.001  train_loss=0.4191  train_AUPR=0.5595  train_P@5=0.6156  train_P@10=0.4386  val_loss=0.3997  val_AUPR=0.5422  val_P@5=0.5975  val_P@10=0.4282
Ep007  LR0=9.00e-05  pw=6.84  aucα=0.229  token_p=0.002  dropE=(0.002,0.010)  smooth=0.002  train_loss=0.4165  train_AUPR=0.5856  train_P@5=0.6325  train_P@10=0.4573  val_loss=0.3934  val_AUPR=0.5522  val_P@5=0.6013  val_P@10=0.4367
Ep008  LR0=1.00e-04  pw=6.15  aucα=0.286  token_p=0.003  dropE=(0.003,0.015)  smooth=0.003  train_loss=0.4080  train_AUPR=0.5992  train_P@5=0.6378  train_P@10=0.4563  val_loss=0.3629  val_AUPR=0.5609  val_P@5=0.6088  val_P@10=0.4358
Ep009  LR0=1.00e-04  pw=5.55  aucα=0.343  token_p=0.004  dropE=(0.004,0.020)  smooth=0.004  train_loss=0.4032  train_AUPR=0.6105  train_P@5=0.6486  train_P@10=0.4648  val_loss=0.3575  val_AUPR=0.5696  val_P@5=0.6132  val_P@10=0.4397
[Info] Unfroze 'dym' params after warmup (epoch=10). Added core=66 tensors, other=0 tensors.
Ep010  LR0=2.00e-05  pw=5.01  aucα=0.400  token_p=0.005  dropE=(0.005,0.025)  smooth=0.005  train_loss=0.3769  train_AUPR=0.6503  train_P@5=0.6836  train_P@10=0.4863  val_loss=0.3386  val_AUPR=0.5939  val_P@5=0.6319  val_P@10=0.4503
Ep011  LR0=3.00e-05  pw=4.54  aucα=0.400  token_p=0.006  dropE=(0.006,0.030)  smooth=0.006  train_loss=0.3622  train_AUPR=0.6586  train_P@5=0.6904  train_P@10=0.4923  val_loss=0.3300  val_AUPR=0.5898  val_P@5=0.6345  val_P@10=0.4499
Ep012  LR0=4.00e-05  pw=4.12  aucα=0.400  token_p=0.007  dropE=(0.007,0.035)  smooth=0.007  train_loss=0.3537  train_AUPR=0.6595  train_P@5=0.6876  train_P@10=0.4927  val_loss=0.3241  val_AUPR=0.5815  val_P@5=0.6244  val_P@10=0.4430
Ep013  LR0=5.00e-05  pw=3.76  aucα=0.400  token_p=0.008  dropE=(0.008,0.040)  smooth=0.008  train_loss=0.3480  train_AUPR=0.6682  train_P@5=0.6941  train_P@10=0.4967  val_loss=0.3058  val_AUPR=0.5953  val_P@5=0.6349  val_P@10=0.4518
Ep014  LR0=6.00e-05  pw=3.43  aucα=0.400  token_p=0.009  dropE=(0.009,0.045)  smooth=0.009  train_loss=0.3377  train_AUPR=0.6748  train_P@5=0.7007  train_P@10=0.5018  val_loss=0.2963  val_AUPR=0.5828  val_P@5=0.6259  val_P@10=0.4432
Ep015  LR0=7.00e-05  pw=3.15  aucα=0.400  token_p=0.010  dropE=(0.010,0.050)  smooth=0.010  train_loss=0.3305  train_AUPR=0.6735  train_P@5=0.7027  train_P@10=0.4996  val_loss=0.2862  val_AUPR=0.5883  val_P@5=0.6281  val_P@10=0.4445
Ep016  LR0=8.00e-05  pw=2.89  aucα=0.400  token_p=0.010  dropE=(0.010,0.050)  smooth=0.010  train_loss=0.3239  train_AUPR=0.6891  train_P@5=0.7145  train_P@10=0.5070  val_loss=0.2749  val_AUPR=0.5893  val_P@5=0.6311  val_P@10=0.4464
Ep017  LR0=9.00e-05  pw=2.67  aucα=0.400  token_p=0.010  dropE=(0.010,0.050)  smooth=0.010  train_loss=0.3163  train_AUPR=0.6771  train_P@5=0.7016  train_P@10=0.4999  val_loss=0.2664  val_AUPR=0.5904  val_P@5=0.6407  val_P@10=0.4394
Ep018  LR0=1.00e-04  pw=2.48  aucα=0.400  token_p=0.010  dropE=(0.010,0.050)  smooth=0.010  train_loss=0.3073  train_AUPR=0.6953  train_P@5=0.7195  train_P@10=0.5122  val_loss=0.2592  val_AUPR=0.5751  val_P@5=0.6088  val_P@10=0.4361
Ep019  LR0=1.00e-04  pw=2.30  aucα=0.400  token_p=0.010  dropE=(0.010,0.050)  smooth=0.010  train_loss=0.2977  train_AUPR=0.6946  train_P@5=0.7173  train_P@10=0.5150  val_loss=0.2491  val_AUPR=0.5622  val_P@5=0.5983  val_P@10=0.4378
Ep020  LR0=1.00e-04  pw=2.15  aucα=0.400  token_p=0.010  dropE=(0.010,0.050)  smooth=0.010  train_loss=0.2853  train_AUPR=0.7361  train_P@5=0.7538  train_P@10=0.5328  val_loss=0.2379  val_AUPR=0.5879  val_P@5=0.6250  val_P@10=0.4436
Ep021  LR0=1.00e-04  pw=2.01  aucα=0.400  token_p=0.010  dropE=(0.010,0.050)  smooth=0.010  train_loss=0.2748  train_AUPR=0.7248  train_P@5=0.7429  train_P@10=0.5286  val_loss=0.2338  val_AUPR=0.5776  val_P@5=0.6220  val_P@10=0.4365
Ep022  LR0=9.99e-05  pw=1.89  aucα=0.400  token_p=0.010  dropE=(0.010,0.050)  smooth=0.010  train_loss=0.2627  train_AUPR=0.7399  train_P@5=0.7583  train_P@10=0.5318  val_loss=0.2318  val_AUPR=0.5623  val_P@5=0.6037  val_P@10=0.4268
Ep023  LR0=9.99e-05  pw=1.79  aucα=0.400  token_p=0.010  dropE=(0.010,0.050)  smooth=0.010  train_loss=0.2526  train_AUPR=0.7707  train_P@5=0.7832  train_P@10=0.5522  val_loss=0.2205  val_AUPR=0.5969  val_P@5=0.6377  val_P@10=0.4481
Ep024  LR0=9.98e-05  pw=1.70  aucα=0.400  token_p=0.010  dropE=(0.010,0.050)  smooth=0.010  train_loss=0.2415  train_AUPR=0.7834  train_P@5=0.7952  train_P@10=0.5559  val_loss=0.2137  val_AUPR=0.5854  val_P@5=0.6301  val_P@10=0.4478
Ep025  LR0=9.98e-05  pw=1.62  aucα=0.400  token_p=0.010  dropE=(0.010,0.050)  smooth=0.010  train_loss=0.2294  train_AUPR=0.8036  train_P@5=0.8128  train_P@10=0.5679  val_loss=0.2088  val_AUPR=0.5988  val_P@5=0.6441  val_P@10=0.4525
Ep026  LR0=9.97e-05  pw=1.54  aucα=0.400  token_p=0.010  dropE=(0.010,0.050)  smooth=0.010  train_loss=0.2199  train_AUPR=0.8064  train_P@5=0.8141  train_P@10=0.5708  val_loss=0.2067  val_AUPR=0.5880  val_P@5=0.6371  val_P@10=0.4488
Ep027  LR0=9.96e-05  pw=1.48  aucα=0.400  token_p=0.010  dropE=(0.010,0.050)  smooth=0.010  train_loss=0.2098  train_AUPR=0.8268  train_P@5=0.8343  train_P@10=0.5778  val_loss=0.1967  val_AUPR=0.5976  val_P@5=0.6431  val_P@10=0.4543
Ep028  LR0=9.94e-05  pw=1.42  aucα=0.400  token_p=0.010  dropE=(0.010,0.050)  smooth=0.010  train_loss=0.1995  train_AUPR=0.8355  train_P@5=0.8393  train_P@10=0.5850  val_loss=0.1990  val_AUPR=0.5794  val_P@5=0.6289  val_P@10=0.4440
Ep029  LR0=9.93e-05  pw=1.37  aucα=0.400  token_p=0.010  dropE=(0.010,0.050)  smooth=0.010  train_loss=0.1916  train_AUPR=0.8483  train_P@5=0.8544  train_P@10=0.5933  val_loss=0.1962  val_AUPR=0.5784  val_P@5=0.6293  val_P@10=0.4481
Ep030  LR0=9.69e-05  pw=1.33  aucα=0.400  token_p=0.010  dropE=(0.010,0.050)  smooth=0.010  train_loss=0.1832  train_AUPR=0.8630  train_P@5=0.8715  train_P@10=0.6006  val_loss=0.1922  val_AUPR=0.5799  val_P@5=0.6287  val_P@10=0.4516
Ep031  LR0=8.99e-05  pw=1.29  aucα=0.400  token_p=0.010  dropE=(0.010,0.050)  smooth=0.010  train_loss=0.1736  train_AUPR=0.8755  train_P@5=0.8864  train_P@10=0.6065  val_loss=0.1879  val_AUPR=0.5894  val_P@5=0.6425  val_P@10=0.4594
Ep032  LR0=7.90e-05  pw=1.26  aucα=0.400  token_p=0.010  dropE=(0.010,0.050)  smooth=0.010  train_loss=0.1634  train_AUPR=0.8932  train_P@5=0.9031  train_P@10=0.6152  val_loss=0.1841  val_AUPR=0.5960  val_P@5=0.6448  val_P@10=0.4584
Ep033  LR0=6.52e-05  pw=1.23  aucα=0.400  token_p=0.010  dropE=(0.010,0.050)  smooth=0.010  train_loss=0.1519  train_AUPR=0.9082  train_P@5=0.9186  train_P@10=0.6233  val_loss=0.1814  val_AUPR=0.5943  val_P@5=0.6431  val_P@10=0.4567
Ep034  LR0=4.99e-05  pw=1.20  aucα=0.400  token_p=0.010  dropE=(0.010,0.050)  smooth=0.010  train_loss=0.1395  train_AUPR=0.9218  train_P@5=0.9348  train_P@10=0.6299  val_loss=0.1794  val_AUPR=0.5940  val_P@5=0.6423  val_P@10=0.4581
Ep035  LR0=3.46e-05  pw=1.18  aucα=0.400  token_p=0.010  dropE=(0.010,0.050)  smooth=0.010  train_loss=0.1285  train_AUPR=0.9380  train_P@5=0.9537  train_P@10=0.6385  val_loss=0.1778  val_AUPR=0.5915  val_P@5=0.6411  val_P@10=0.4582
Ep036  LR0=2.09e-05  pw=1.16  aucα=0.400  token_p=0.010  dropE=(0.010,0.050)  smooth=0.010  train_loss=0.1175  train_AUPR=0.9509  train_P@5=0.9668  train_P@10=0.6451  val_loss=0.1765  val_AUPR=0.5884  val_P@5=0.6399  val_P@10=0.4571
Ep037  LR0=9.94e-06  pw=1.14  aucα=0.400  token_p=0.010  dropE=(0.010,0.050)  smooth=0.010  train_loss=0.1090  train_AUPR=0.9592  train_P@5=0.9786  train_P@10=0.6482  val_loss=0.1754  val_AUPR=0.5861  val_P@5=0.6381  val_P@10=0.4568
Ep038  LR0=2.92e-06  pw=1.12  aucα=0.400  token_p=0.010  dropE=(0.010,0.050)  smooth=0.010  train_loss=0.1012  train_AUPR=0.9655  train_P@5=0.9853  train_P@10=0.6501  val_loss=0.1744  val_AUPR=0.5840  val_P@5=0.6379  val_P@10=0.4574
Ep039  LR0=5.00e-07  pw=1.11  aucα=0.400  token_p=0.010  dropE=(0.010,0.050)  smooth=0.010  train_loss=0.0974  train_AUPR=0.9670  train_P@5=0.9871  train_P@10=0.6506  val_loss=0.1736  val_AUPR=0.5818  val_P@5=0.6373  val_P@10=0.4572
Ep040  LR0=5.00e-07  pw=1.09  aucα=0.400  token_p=0.010  dropE=(0.010,0.050)  smooth=0.010  train_loss=0.0956  train_AUPR=0.9672  train_P@5=0.9871  train_P@10=0.6508  val_loss=0.1729  val_AUPR=0.5799  val_P@5=0.6367  val_P@10=0.4570
Ep041  LR0=5.00e-07  pw=1.08  aucα=0.400  token_p=0.010  dropE=(0.010,0.050)  smooth=0.010  train_loss=0.0953  train_AUPR=0.9674  train_P@5=0.9871  train_P@10=0.6508  val_loss=0.1723  val_AUPR=0.5780  val_P@5=0.6357  val_P@10=0.4569
Ep042  LR0=5.00e-07  pw=1.07  aucα=0.400  token_p=0.010  dropE=(0.010,0.050)  smooth=0.010  train_loss=0.0952  train_AUPR=0.9676  train_P@5=0.9873  train_P@10=0.6511  val_loss=0.1717  val_AUPR=0.5764  val_P@5=0.6349  val_P@10=0.4567
Ep043  LR0=5.00e-07  pw=1.06  aucα=0.400  token_p=0.010  dropE=(0.010,0.050)  smooth=0.010  train_loss=0.0947  train_AUPR=0.9678  train_P@5=0.9872  train_P@10=0.6510  val_loss=0.1712  val_AUPR=0.5750  val_P@5=0.6339  val_P@10=0.4567
Ep044  LR0=5.00e-07  pw=1.06  aucα=0.400  token_p=0.010  dropE=(0.010,0.050)  smooth=0.010  train_loss=0.0939  train_AUPR=0.9679  train_P@5=0.9876  train_P@10=0.6512  val_loss=0.1708  val_AUPR=0.5736  val_P@5=0.6339  val_P@10=0.4568
Ep045  LR0=5.00e-07  pw=1.05  aucα=0.400  token_p=0.010  dropE=(0.010,0.050)  smooth=0.010  train_loss=0.0934  train_AUPR=0.9680  train_P@5=0.9875  train_P@10=0.6512  val_loss=0.1705  val_AUPR=0.5724  val_P@5=0.6335  val_P@10=0.4570
Ep046  LR0=5.00e-07  pw=1.04  aucα=0.400  token_p=0.010  dropE=(0.010,0.050)  smooth=0.010  train_loss=0.0932  train_AUPR=0.9682  train_P@5=0.9877  train_P@10=0.6512  val_loss=0.1702  val_AUPR=0.5713  val_P@5=0.6331  val_P@10=0.4568
Ep047  LR0=5.00e-07  pw=1.04  aucα=0.400  token_p=0.010  dropE=(0.010,0.050)  smooth=0.010  train_loss=0.0931  train_AUPR=0.9683  train_P@5=0.9878  train_P@10=0.6514  val_loss=0.1699  val_AUPR=0.5703  val_P@5=0.6327  val_P@10=0.4566
Ep048  LR0=5.00e-07  pw=1.03  aucα=0.400  token_p=0.010  dropE=(0.010,0.050)  smooth=0.010  train_loss=0.0921  train_AUPR=0.9685  train_P@5=0.9881  train_P@10=0.6515  val_loss=0.1697  val_AUPR=0.5694  val_P@5=0.6317  val_P@10=0.4567
Ep049  LR0=5.00e-07  pw=1.03  aucα=0.400  token_p=0.010  dropE=(0.010,0.050)  smooth=0.010  train_loss=0.0926  train_AUPR=0.9685  train_P@5=0.9879  train_P@10=0.6515  val_loss=0.1695  val_AUPR=0.5685  val_P@5=0.6319  val_P@10=0.4565
Ep050  LR0=5.00e-07  pw=1.03  aucα=0.400  token_p=0.010  dropE=(0.010,0.050)  smooth=0.010  train_loss=0.0929  train_AUPR=0.9687  train_P@5=0.9879  train_P@10=0.6515  val_loss=0.1693  val_AUPR=0.5677  val_P@5=0.6319  val_P@10=0.4562
Ep051  LR0=5.00e-07  pw=1.02  aucα=0.400  token_p=0.010  dropE=(0.010,0.050)  smooth=0.010  train_loss=0.0917  train_AUPR=0.9688  train_P@5=0.9881  train_P@10=0.6516  val_loss=0.1692  val_AUPR=0.5670  val_P@5=0.6317  val_P@10=0.4560
Ep052  LR0=5.00e-07  pw=1.02  aucα=0.400  token_p=0.010  dropE=(0.010,0.050)  smooth=0.010  train_loss=0.0918  train_AUPR=0.9690  train_P@5=0.9880  train_P@10=0.6516  val_loss=0.1691  val_AUPR=0.5663  val_P@5=0.6315  val_P@10=0.4557
Ep053  LR0=5.00e-07  pw=1.02  aucα=0.400  token_p=0.010  dropE=(0.010,0.050)  smooth=0.010  train_loss=0.0919  train_AUPR=0.9691  train_P@5=0.9881  train_P@10=0.6517  val_loss=0.1690  val_AUPR=0.5655  val_P@5=0.6313  val_P@10=0.4556
Ep054  LR0=5.00e-07  pw=1.02  aucα=0.400  token_p=0.010  dropE=(0.010,0.050)  smooth=0.010  train_loss=0.0913  train_AUPR=0.9692  train_P@5=0.9883  train_P@10=0.6518  val_loss=0.1689  val_AUPR=0.5650  val_P@5=0.6309  val_P@10=0.4559
Ep055  LR0=5.00e-07  pw=1.01  aucα=0.400  token_p=0.010  dropE=(0.010,0.050)  smooth=0.010  train_loss=0.0917  train_AUPR=0.9693  train_P@5=0.9885  train_P@10=0.6519  val_loss=0.1689  val_AUPR=0.5644  val_P@5=0.6303  val_P@10=0.4557
Ep056  LR0=5.00e-07  pw=1.01  aucα=0.400  token_p=0.010  dropE=(0.010,0.050)  smooth=0.010  train_loss=0.0909  train_AUPR=0.9694  train_P@5=0.9887  train_P@10=0.6519  val_loss=0.1689  val_AUPR=0.5639  val_P@5=0.6301  val_P@10=0.4559
Ep057  LR0=5.00e-07  pw=1.01  aucα=0.400  token_p=0.010  dropE=(0.010,0.050)  smooth=0.010  train_loss=0.0910  train_AUPR=0.9695  train_P@5=0.9884  train_P@10=0.6520  val_loss=0.1688  val_AUPR=0.5633  val_P@5=0.6303  val_P@10=0.4556
Ep058  LR0=5.00e-07  pw=1.01  aucα=0.400  token_p=0.010  dropE=(0.010,0.050)  smooth=0.010  train_loss=0.0918  train_AUPR=0.9696  train_P@5=0.9887  train_P@10=0.6519  val_loss=0.1688  val_AUPR=0.5628  val_P@5=0.6299  val_P@10=0.4558
Ep059  LR0=5.00e-07  pw=1.01  aucα=0.400  token_p=0.010  dropE=(0.010,0.050)  smooth=0.010  train_loss=0.0911  train_AUPR=0.9697  train_P@5=0.9889  train_P@10=0.6520  val_loss=0.1688  val_AUPR=0.5624  val_P@5=0.6299  val_P@10=0.4559
Ep060  LR0=5.00e-07  pw=1.01  aucα=0.400  token_p=0.010  dropE=(0.010,0.050)  smooth=0.010  train_loss=0.0909  train_AUPR=0.9699  train_P@5=0.9891  train_P@10=0.6520  val_loss=0.1689  val_AUPR=0.5618  val_P@5=0.6297  val_P@10=0.4559
Ep061  LR0=5.00e-07  pw=1.01  aucα=0.400  token_p=0.010  dropE=(0.010,0.050)  smooth=0.010  train_loss=0.0908  train_AUPR=0.9700  train_P@5=0.9892  train_P@10=0.6522  val_loss=0.1689  val_AUPR=0.5614  val_P@5=0.6293  val_P@10=0.4557
Ep062  LR0=5.00e-07  pw=1.01  aucα=0.400  token_p=0.010  dropE=(0.010,0.050)  smooth=0.010  train_loss=0.0904  train_AUPR=0.9700  train_P@5=0.9893  train_P@10=0.6521  val_loss=0.1689  val_AUPR=0.5609  val_P@5=0.6291  val_P@10=0.4557
Ep063  LR0=5.00e-07  pw=1.01  aucα=0.400  token_p=0.010  dropE=(0.010,0.050)  smooth=0.010  train_loss=0.0906  train_AUPR=0.9701  train_P@5=0.9894  train_P@10=0.6521  val_loss=0.1689  val_AUPR=0.5606  val_P@5=0.6291  val_P@10=0.4557
Ep064  LR0=5.00e-07  pw=1.00  aucα=0.400  token_p=0.010  dropE=(0.010,0.050)  smooth=0.010  train_loss=0.0910  train_AUPR=0.9703  train_P@5=0.9896  train_P@10=0.6523  val_loss=0.1690  val_AUPR=0.5603  val_P@5=0.6295  val_P@10=0.4558
Ep065  LR0=5.00e-07  pw=1.00  aucα=0.400  token_p=0.010  dropE=(0.010,0.050)  smooth=0.010  train_loss=0.0903  train_AUPR=0.9704  train_P@5=0.9893  train_P@10=0.6523  val_loss=0.1690  val_AUPR=0.5599  val_P@5=0.6293  val_P@10=0.4556
Ep066  LR0=5.00e-07  pw=1.00  aucα=0.400  token_p=0.010  dropE=(0.010,0.050)  smooth=0.010  train_loss=0.0910  train_AUPR=0.9705  train_P@5=0.9895  train_P@10=0.6523  val_loss=0.1690  val_AUPR=0.5597  val_P@5=0.6285  val_P@10=0.4560
Ep067  LR0=5.00e-07  pw=1.00  aucα=0.400  token_p=0.010  dropE=(0.010,0.050)  smooth=0.010  train_loss=0.0902  train_AUPR=0.9706  train_P@5=0.9900  train_P@10=0.6524  val_loss=0.1691  val_AUPR=0.5593  val_P@5=0.6285  val_P@10=0.4561
Ep068  LR0=5.00e-07  pw=1.00  aucα=0.400  token_p=0.010  dropE=(0.010,0.050)  smooth=0.010  train_loss=0.0902  train_AUPR=0.9707  train_P@5=0.9898  train_P@10=0.6524  val_loss=0.1691  val_AUPR=0.5590  val_P@5=0.6281  val_P@10=0.4561
Ep069  LR0=5.00e-07  pw=1.00  aucα=0.400  token_p=0.010  dropE=(0.010,0.050)  smooth=0.010  train_loss=0.0904  train_AUPR=0.9708  train_P@5=0.9900  train_P@10=0.6526  val_loss=0.1692  val_AUPR=0.5587  val_P@5=0.6283  val_P@10=0.4559
Ep070  LR0=5.00e-07  pw=1.00  aucα=0.400  token_p=0.010  dropE=(0.010,0.050)  smooth=0.010  train_loss=0.0900  train_AUPR=0.9708  train_P@5=0.9901  train_P@10=0.6527  val_loss=0.1692  val_AUPR=0.5584  val_P@5=0.6285  val_P@10=0.4559
Ep071  LR0=5.00e-07  pw=1.00  aucα=0.400  token_p=0.010  dropE=(0.010,0.050)  smooth=0.010  train_loss=0.0900  train_AUPR=0.9710  train_P@5=0.9901  train_P@10=0.6527  val_loss=0.1693  val_AUPR=0.5581  val_P@5=0.6281  val_P@10=0.4557
Ep072  LR0=5.00e-07  pw=1.00  aucα=0.400  token_p=0.010  dropE=(0.010,0.050)  smooth=0.010  train_loss=0.0899  train_AUPR=0.9711  train_P@5=0.9902  train_P@10=0.6527  val_loss=0.1693  val_AUPR=0.5579  val_P@5=0.6277  val_P@10=0.4556
Ep073  LR0=5.00e-07  pw=1.00  aucα=0.400  token_p=0.010  dropE=(0.010,0.050)  smooth=0.010  train_loss=0.0903  train_AUPR=0.9711  train_P@5=0.9902  train_P@10=0.6526  val_loss=0.1694  val_AUPR=0.5576  val_P@5=0.6273  val_P@10=0.4554
Ep074  LR0=5.00e-07  pw=1.00  aucα=0.400  token_p=0.010  dropE=(0.010,0.050)  smooth=0.010  train_loss=0.0895  train_AUPR=0.9713  train_P@5=0.9904  train_P@10=0.6526  val_loss=0.1694  val_AUPR=0.5573  val_P@5=0.6273  val_P@10=0.4553
Ep075  LR0=5.00e-07  pw=1.00  aucα=0.400  token_p=0.010  dropE=(0.010,0.050)  smooth=0.010  train_loss=0.0892  train_AUPR=0.9712  train_P@5=0.9901  train_P@10=0.6526  val_loss=0.1695  val_AUPR=0.5571  val_P@5=0.6271  val_P@10=0.4552
Ep076  LR0=5.00e-07  pw=1.00  aucα=0.400  token_p=0.010  dropE=(0.010,0.050)  smooth=0.010  train_loss=0.0893  train_AUPR=0.9714  train_P@5=0.9905  train_P@10=0.6528  val_loss=0.1695  val_AUPR=0.5568  val_P@5=0.6271  val_P@10=0.4553
Ep077  LR0=5.00e-07  pw=1.00  aucα=0.400  token_p=0.010  dropE=(0.010,0.050)  smooth=0.010  train_loss=0.0902  train_AUPR=0.9715  train_P@5=0.9905  train_P@10=0.6529  val_loss=0.1696  val_AUPR=0.5566  val_P@5=0.6275  val_P@10=0.4552
Ep078  LR0=5.00e-07  pw=1.00  aucα=0.400  token_p=0.010  dropE=(0.010,0.050)  smooth=0.010  train_loss=0.0894  train_AUPR=0.9716  train_P@5=0.9908  train_P@10=0.6529  val_loss=0.1696  val_AUPR=0.5563  val_P@5=0.6275  val_P@10=0.4550
Early stop triggered: neither val_AUPR nor val_loss improved for 20 epochs.
Saved iPara_l1_g10_i5_do0.05_dpr0.03_lr0.0002_heads16_fold5.pth  (best val AUPR=0.5988)
Saved iPara_l1_g10_i5_do0.05_dpr0.03_lr0.0002_heads16_fold5_best_aupr.pth
Saved iPara_l1_g10_i5_do0.05_dpr0.03_lr0.0002_heads16_fold5_best_loss.pth  (best val loss=0.1688)
