{'sequence_file': 'para_tv_esmsequences_1600.npz', 'data_file': 'para_tv_esminterfaces_1600.npz', 'edge_file': 'para_tv_esmedges_1600.npz', 'vocab_size': 31, 'seq_len': 1600, 'embed_dim': 256, 'num_heads': 16, 'dropout': 0.1, 'num_layers': 1, 'num_gnn_layers': 8, 'num_int_layers': 6, 'drop_path_rate': 0.1, 'num_classes': 2, 'batch_size': 4, 'num_epochs': 100, 'warmup_epochs': 10, 'dym_start_epoch': 0, 'dym_lr_factor': 0.1, 'swa_start': 30, 'learning_rate': 0.0002, 'weight_decay': 0.0001, 'max_grad_norm': 0.5, 'accum_steps': 1, 'n_splits': 5, 'early_stop': 20, 'min_stop_epoch': 40, 'weight_start': 15.0, 'weight_end': 1.0, 'weight_anneal_tau': 8.0, 'dropedge_min': 0.01, 'dropedge_max': 0.05, 'token_drop_p': 0.01, 'apply_feature_mask_on_train_only': True, 'smooth_lambda': 0.01, 'smooth_ramp_start': 5, 'smooth_ramp_len': 10, 'aucpr_alpha': 0.4, 'aucpr_ramp_start': 3, 'aucpr_ramp_len': 7, 'aucpr_bins': 64, 'aucpr_temp': 0.05, 'label_smoothing': 0.01, 'save_best_loss_checkpoint': True, 'save_best_aupr_checkpoint': True}
Number of GPUs available: 1

── Fold 1/5
Train labels: pos=26433, neg=373034, ignore=698133, pos_rate=0.066171
Val labels: pos=6797, neg=93928, ignore=174475, pos_rate=0.067481
Initializing ClassificationModel with 8 GAT layers and residual connections...
Initializing MCModel with 8 GAT layers and 6 row attention layers (drop_path_rate=0.1)
Initializing CoreModel with 1 layers, drop_path_rate=0.1
Ep000  LR0=2.00e-05  pw=15.00  aucα=0.000  token_p=0.000  dropE=(0.000,0.000)  smooth=0.000  train_loss=0.5518  train_AUPR=0.3670  train_P@5=0.4313  train_P@10=0.3309  val_loss=0.4782  val_AUPR=0.3721  val_P@5=0.4434  val_P@10=0.3385
Ep001  LR0=3.00e-05  pw=13.35  aucα=0.000  token_p=0.000  dropE=(0.000,0.000)  smooth=0.000  train_loss=0.4843  train_AUPR=0.4397  train_P@5=0.5140  train_P@10=0.3745  val_loss=0.4555  val_AUPR=0.4436  val_P@5=0.5201  val_P@10=0.3741
Ep002  LR0=4.00e-05  pw=11.90  aucα=0.000  token_p=0.000  dropE=(0.000,0.000)  smooth=0.000  train_loss=0.4508  train_AUPR=0.4757  train_P@5=0.5505  train_P@10=0.3953  val_loss=0.4573  val_AUPR=0.4697  val_P@5=0.5427  val_P@10=0.3898
Ep003  LR0=5.00e-05  pw=10.62  aucα=0.000  token_p=0.000  dropE=(0.000,0.000)  smooth=0.000  train_loss=0.4295  train_AUPR=0.5118  train_P@5=0.5680  train_P@10=0.4122  val_loss=0.4148  val_AUPR=0.5040  val_P@5=0.5598  val_P@10=0.4073
Ep004  LR0=6.00e-05  pw=9.49  aucα=0.057  token_p=0.000  dropE=(0.000,0.000)  smooth=0.000  train_loss=0.4264  train_AUPR=0.5355  train_P@5=0.5920  train_P@10=0.4241  val_loss=0.4088  val_AUPR=0.5164  val_P@5=0.5782  val_P@10=0.4189
Ep005  LR0=7.00e-05  pw=8.49  aucα=0.114  token_p=0.000  dropE=(0.000,0.000)  smooth=0.000  train_loss=0.4215  train_AUPR=0.5366  train_P@5=0.5995  train_P@10=0.4236  val_loss=0.4021  val_AUPR=0.5157  val_P@5=0.5882  val_P@10=0.4170
Ep006  LR0=8.00e-05  pw=7.61  aucα=0.171  token_p=0.001  dropE=(0.001,0.005)  smooth=0.001  train_loss=0.4184  train_AUPR=0.5614  train_P@5=0.6159  train_P@10=0.4400  val_loss=0.3948  val_AUPR=0.5315  val_P@5=0.6009  val_P@10=0.4230
Ep007  LR0=9.00e-05  pw=6.84  aucα=0.229  token_p=0.002  dropE=(0.002,0.010)  smooth=0.002  train_loss=0.4125  train_AUPR=0.5833  train_P@5=0.6246  train_P@10=0.4478  val_loss=0.3803  val_AUPR=0.5423  val_P@5=0.5987  val_P@10=0.4264
Ep008  LR0=1.00e-04  pw=6.15  aucα=0.286  token_p=0.003  dropE=(0.003,0.015)  smooth=0.003  train_loss=0.4043  train_AUPR=0.5841  train_P@5=0.6266  train_P@10=0.4469  val_loss=0.3879  val_AUPR=0.5402  val_P@5=0.5977  val_P@10=0.4199
Ep009  LR0=1.00e-04  pw=5.55  aucα=0.343  token_p=0.004  dropE=(0.004,0.020)  smooth=0.004  train_loss=0.4026  train_AUPR=0.6110  train_P@5=0.6527  train_P@10=0.4625  val_loss=0.3578  val_AUPR=0.5646  val_P@5=0.6227  val_P@10=0.4326
[Info] Unfroze 'dym' params after warmup (epoch=10). Added core=62 tensors, other=0 tensors.
Ep010  LR0=2.00e-05  pw=5.01  aucα=0.400  token_p=0.005  dropE=(0.005,0.025)  smooth=0.005  train_loss=0.3807  train_AUPR=0.6375  train_P@5=0.6715  train_P@10=0.4771  val_loss=0.3506  val_AUPR=0.5774  val_P@5=0.6319  val_P@10=0.4413
Ep011  LR0=3.00e-05  pw=4.54  aucα=0.400  token_p=0.006  dropE=(0.006,0.030)  smooth=0.006  train_loss=0.3690  train_AUPR=0.6411  train_P@5=0.6767  train_P@10=0.4780  val_loss=0.3334  val_AUPR=0.5829  val_P@5=0.6362  val_P@10=0.4441
Ep012  LR0=4.00e-05  pw=4.12  aucα=0.400  token_p=0.007  dropE=(0.007,0.035)  smooth=0.007  train_loss=0.3600  train_AUPR=0.6474  train_P@5=0.6770  train_P@10=0.4815  val_loss=0.3216  val_AUPR=0.5803  val_P@5=0.6313  val_P@10=0.4413
Ep013  LR0=5.00e-05  pw=3.76  aucα=0.400  token_p=0.008  dropE=(0.008,0.040)  smooth=0.008  train_loss=0.3514  train_AUPR=0.6570  train_P@5=0.6862  train_P@10=0.4855  val_loss=0.3119  val_AUPR=0.5847  val_P@5=0.6384  val_P@10=0.4420
Ep014  LR0=6.00e-05  pw=3.43  aucα=0.400  token_p=0.009  dropE=(0.009,0.045)  smooth=0.009  train_loss=0.3448  train_AUPR=0.6549  train_P@5=0.6861  train_P@10=0.4853  val_loss=0.3003  val_AUPR=0.5892  val_P@5=0.6404  val_P@10=0.4474
Ep015  LR0=7.00e-05  pw=3.15  aucα=0.400  token_p=0.010  dropE=(0.010,0.050)  smooth=0.010  train_loss=0.3340  train_AUPR=0.6535  train_P@5=0.6802  train_P@10=0.4842  val_loss=0.2905  val_AUPR=0.5820  val_P@5=0.6313  val_P@10=0.4429
Ep016  LR0=8.00e-05  pw=2.89  aucα=0.400  token_p=0.010  dropE=(0.010,0.050)  smooth=0.010  train_loss=0.3278  train_AUPR=0.6679  train_P@5=0.6944  train_P@10=0.4927  val_loss=0.2890  val_AUPR=0.5857  val_P@5=0.6243  val_P@10=0.4424
Ep017  LR0=9.00e-05  pw=2.67  aucα=0.400  token_p=0.010  dropE=(0.010,0.050)  smooth=0.010  train_loss=0.3189  train_AUPR=0.6706  train_P@5=0.7012  train_P@10=0.4922  val_loss=0.2688  val_AUPR=0.5875  val_P@5=0.6317  val_P@10=0.4428
Ep018  LR0=1.00e-04  pw=2.48  aucα=0.400  token_p=0.010  dropE=(0.010,0.050)  smooth=0.010  train_loss=0.3134  train_AUPR=0.6788  train_P@5=0.7026  train_P@10=0.4998  val_loss=0.2575  val_AUPR=0.5880  val_P@5=0.6376  val_P@10=0.4419
Ep019  LR0=1.00e-04  pw=2.30  aucα=0.400  token_p=0.010  dropE=(0.010,0.050)  smooth=0.010  train_loss=0.3043  train_AUPR=0.6796  train_P@5=0.7039  train_P@10=0.5010  val_loss=0.2519  val_AUPR=0.5869  val_P@5=0.6352  val_P@10=0.4443
Ep020  LR0=1.00e-04  pw=2.15  aucα=0.400  token_p=0.010  dropE=(0.010,0.050)  smooth=0.010  train_loss=0.2955  train_AUPR=0.6818  train_P@5=0.7045  train_P@10=0.4986  val_loss=0.2517  val_AUPR=0.5820  val_P@5=0.6342  val_P@10=0.4375
Ep021  LR0=9.99e-05  pw=2.01  aucα=0.400  token_p=0.010  dropE=(0.010,0.050)  smooth=0.010  train_loss=0.2853  train_AUPR=0.7027  train_P@5=0.7225  train_P@10=0.5118  val_loss=0.2365  val_AUPR=0.5820  val_P@5=0.6291  val_P@10=0.4407
Ep022  LR0=9.97e-05  pw=1.89  aucα=0.400  token_p=0.010  dropE=(0.010,0.050)  smooth=0.010  train_loss=0.2778  train_AUPR=0.7124  train_P@5=0.7261  train_P@10=0.5184  val_loss=0.2265  val_AUPR=0.5981  val_P@5=0.6505  val_P@10=0.4468
Ep023  LR0=9.95e-05  pw=1.79  aucα=0.400  token_p=0.010  dropE=(0.010,0.050)  smooth=0.010  train_loss=0.2691  train_AUPR=0.7359  train_P@5=0.7548  train_P@10=0.5277  val_loss=0.2239  val_AUPR=0.5896  val_P@5=0.6319  val_P@10=0.4439
Ep024  LR0=9.92e-05  pw=1.70  aucα=0.400  token_p=0.010  dropE=(0.010,0.050)  smooth=0.010  train_loss=0.2591  train_AUPR=0.7364  train_P@5=0.7506  train_P@10=0.5310  val_loss=0.2192  val_AUPR=0.5767  val_P@5=0.6261  val_P@10=0.4343
Ep025  LR0=9.89e-05  pw=1.62  aucα=0.400  token_p=0.010  dropE=(0.010,0.050)  smooth=0.010  train_loss=0.2524  train_AUPR=0.7473  train_P@5=0.7633  train_P@10=0.5341  val_loss=0.2091  val_AUPR=0.6006  val_P@5=0.6573  val_P@10=0.4458
Ep026  LR0=9.85e-05  pw=1.54  aucα=0.400  token_p=0.010  dropE=(0.010,0.050)  smooth=0.010  train_loss=0.2442  train_AUPR=0.7550  train_P@5=0.7703  train_P@10=0.5409  val_loss=0.2184  val_AUPR=0.5763  val_P@5=0.6231  val_P@10=0.4389
Ep027  LR0=9.81e-05  pw=1.48  aucα=0.400  token_p=0.010  dropE=(0.010,0.050)  smooth=0.010  train_loss=0.2346  train_AUPR=0.7690  train_P@5=0.7792  train_P@10=0.5488  val_loss=0.2009  val_AUPR=0.5890  val_P@5=0.6324  val_P@10=0.4515
Ep028  LR0=9.76e-05  pw=1.42  aucα=0.400  token_p=0.010  dropE=(0.010,0.050)  smooth=0.010  train_loss=0.2286  train_AUPR=0.7841  train_P@5=0.7952  train_P@10=0.5560  val_loss=0.1988  val_AUPR=0.5978  val_P@5=0.6448  val_P@10=0.4456
Ep029  LR0=9.70e-05  pw=1.37  aucα=0.400  token_p=0.010  dropE=(0.010,0.050)  smooth=0.010  train_loss=0.2223  train_AUPR=0.7862  train_P@5=0.7956  train_P@10=0.5561  val_loss=0.2000  val_AUPR=0.5811  val_P@5=0.6320  val_P@10=0.4470
Ep030  LR0=9.46e-05  pw=1.33  aucα=0.400  token_p=0.010  dropE=(0.010,0.050)  smooth=0.010  train_loss=0.2151  train_AUPR=0.8049  train_P@5=0.8121  train_P@10=0.5682  val_loss=0.1923  val_AUPR=0.5845  val_P@5=0.6148  val_P@10=0.4415
Ep031  LR0=8.78e-05  pw=1.29  aucα=0.400  token_p=0.010  dropE=(0.010,0.050)  smooth=0.010  train_loss=0.2069  train_AUPR=0.8083  train_P@5=0.8147  train_P@10=0.5686  val_loss=0.1898  val_AUPR=0.5908  val_P@5=0.6265  val_P@10=0.4473
Ep032  LR0=7.71e-05  pw=1.26  aucα=0.400  token_p=0.010  dropE=(0.010,0.050)  smooth=0.010  train_loss=0.1994  train_AUPR=0.8238  train_P@5=0.8287  train_P@10=0.5781  val_loss=0.1875  val_AUPR=0.5906  val_P@5=0.6277  val_P@10=0.4449
Ep033  LR0=6.37e-05  pw=1.23  aucα=0.400  token_p=0.010  dropE=(0.010,0.050)  smooth=0.010  train_loss=0.1915  train_AUPR=0.8451  train_P@5=0.8491  train_P@10=0.5864  val_loss=0.1860  val_AUPR=0.5917  val_P@5=0.6285  val_P@10=0.4468
Ep034  LR0=4.87e-05  pw=1.20  aucα=0.400  token_p=0.010  dropE=(0.010,0.050)  smooth=0.010  train_loss=0.1813  train_AUPR=0.8536  train_P@5=0.8570  train_P@10=0.5945  val_loss=0.1845  val_AUPR=0.5908  val_P@5=0.6305  val_P@10=0.4481
Ep035  LR0=3.38e-05  pw=1.18  aucα=0.400  token_p=0.010  dropE=(0.010,0.050)  smooth=0.010  train_loss=0.1716  train_AUPR=0.8712  train_P@5=0.8759  train_P@10=0.6011  val_loss=0.1833  val_AUPR=0.5902  val_P@5=0.6297  val_P@10=0.4488
Ep036  LR0=2.04e-05  pw=1.16  aucα=0.400  token_p=0.010  dropE=(0.010,0.050)  smooth=0.010  train_loss=0.1625  train_AUPR=0.8810  train_P@5=0.8843  train_P@10=0.6079  val_loss=0.1821  val_AUPR=0.5892  val_P@5=0.6287  val_P@10=0.4483
Ep037  LR0=9.71e-06  pw=1.14  aucα=0.400  token_p=0.010  dropE=(0.010,0.050)  smooth=0.010  train_loss=0.1568  train_AUPR=0.8881  train_P@5=0.8926  train_P@10=0.6122  val_loss=0.1810  val_AUPR=0.5878  val_P@5=0.6283  val_P@10=0.4460
Ep038  LR0=2.86e-06  pw=1.12  aucα=0.400  token_p=0.010  dropE=(0.010,0.050)  smooth=0.010  train_loss=0.1506  train_AUPR=0.8945  train_P@5=0.9004  train_P@10=0.6148  val_loss=0.1801  val_AUPR=0.5866  val_P@5=0.6281  val_P@10=0.4469
Ep039  LR0=5.00e-07  pw=1.11  aucα=0.400  token_p=0.010  dropE=(0.010,0.050)  smooth=0.010  train_loss=0.1477  train_AUPR=0.8972  train_P@5=0.9021  train_P@10=0.6160  val_loss=0.1792  val_AUPR=0.5859  val_P@5=0.6271  val_P@10=0.4466
Ep040  LR0=5.00e-07  pw=1.09  aucα=0.400  token_p=0.010  dropE=(0.010,0.050)  smooth=0.010  train_loss=0.1458  train_AUPR=0.8974  train_P@5=0.9026  train_P@10=0.6162  val_loss=0.1784  val_AUPR=0.5853  val_P@5=0.6269  val_P@10=0.4468
Ep041  LR0=5.00e-07  pw=1.08  aucα=0.400  token_p=0.010  dropE=(0.010,0.050)  smooth=0.010  train_loss=0.1450  train_AUPR=0.8974  train_P@5=0.9027  train_P@10=0.6163  val_loss=0.1776  val_AUPR=0.5846  val_P@5=0.6271  val_P@10=0.4471
Ep042  LR0=5.00e-07  pw=1.07  aucα=0.400  token_p=0.010  dropE=(0.010,0.050)  smooth=0.010  train_loss=0.1450  train_AUPR=0.8976  train_P@5=0.9026  train_P@10=0.6165  val_loss=0.1770  val_AUPR=0.5841  val_P@5=0.6269  val_P@10=0.4464
Ep043  LR0=5.00e-07  pw=1.06  aucα=0.400  token_p=0.010  dropE=(0.010,0.050)  smooth=0.010  train_loss=0.1435  train_AUPR=0.8978  train_P@5=0.9031  train_P@10=0.6167  val_loss=0.1764  val_AUPR=0.5836  val_P@5=0.6281  val_P@10=0.4461
Ep044  LR0=5.00e-07  pw=1.06  aucα=0.400  token_p=0.010  dropE=(0.010,0.050)  smooth=0.010  train_loss=0.1440  train_AUPR=0.8980  train_P@5=0.9034  train_P@10=0.6167  val_loss=0.1759  val_AUPR=0.5831  val_P@5=0.6273  val_P@10=0.4461
Ep045  LR0=5.00e-07  pw=1.05  aucα=0.400  token_p=0.010  dropE=(0.010,0.050)  smooth=0.010  train_loss=0.1435  train_AUPR=0.8981  train_P@5=0.9037  train_P@10=0.6167  val_loss=0.1755  val_AUPR=0.5827  val_P@5=0.6269  val_P@10=0.4456
Ep046  LR0=5.00e-07  pw=1.04  aucα=0.400  token_p=0.010  dropE=(0.010,0.050)  smooth=0.010  train_loss=0.1431  train_AUPR=0.8983  train_P@5=0.9037  train_P@10=0.6169  val_loss=0.1751  val_AUPR=0.5824  val_P@5=0.6263  val_P@10=0.4455
Ep047  LR0=5.00e-07  pw=1.04  aucα=0.400  token_p=0.010  dropE=(0.010,0.050)  smooth=0.010  train_loss=0.1437  train_AUPR=0.8985  train_P@5=0.9041  train_P@10=0.6170  val_loss=0.1748  val_AUPR=0.5820  val_P@5=0.6269  val_P@10=0.4454
Ep048  LR0=5.00e-07  pw=1.03  aucα=0.400  token_p=0.010  dropE=(0.010,0.050)  smooth=0.010  train_loss=0.1420  train_AUPR=0.8987  train_P@5=0.9044  train_P@10=0.6171  val_loss=0.1745  val_AUPR=0.5816  val_P@5=0.6265  val_P@10=0.4456
Ep049  LR0=5.00e-07  pw=1.03  aucα=0.400  token_p=0.010  dropE=(0.010,0.050)  smooth=0.010  train_loss=0.1417  train_AUPR=0.8988  train_P@5=0.9044  train_P@10=0.6170  val_loss=0.1742  val_AUPR=0.5814  val_P@5=0.6267  val_P@10=0.4453
Ep050  LR0=5.00e-07  pw=1.03  aucα=0.400  token_p=0.010  dropE=(0.010,0.050)  smooth=0.010  train_loss=0.1430  train_AUPR=0.8989  train_P@5=0.9044  train_P@10=0.6172  val_loss=0.1740  val_AUPR=0.5811  val_P@5=0.6269  val_P@10=0.4452
Ep051  LR0=5.00e-07  pw=1.02  aucα=0.400  token_p=0.010  dropE=(0.010,0.050)  smooth=0.010  train_loss=0.1421  train_AUPR=0.8990  train_P@5=0.9045  train_P@10=0.6171  val_loss=0.1738  val_AUPR=0.5808  val_P@5=0.6271  val_P@10=0.4450
Ep052  LR0=5.00e-07  pw=1.02  aucα=0.400  token_p=0.010  dropE=(0.010,0.050)  smooth=0.010  train_loss=0.1416  train_AUPR=0.8992  train_P@5=0.9053  train_P@10=0.6172  val_loss=0.1737  val_AUPR=0.5806  val_P@5=0.6269  val_P@10=0.4448
Ep053  LR0=5.00e-07  pw=1.02  aucα=0.400  token_p=0.010  dropE=(0.010,0.050)  smooth=0.010  train_loss=0.1418  train_AUPR=0.8995  train_P@5=0.9054  train_P@10=0.6174  val_loss=0.1735  val_AUPR=0.5803  val_P@5=0.6273  val_P@10=0.4448
Ep054  LR0=5.00e-07  pw=1.02  aucα=0.400  token_p=0.010  dropE=(0.010,0.050)  smooth=0.010  train_loss=0.1405  train_AUPR=0.8998  train_P@5=0.9057  train_P@10=0.6176  val_loss=0.1734  val_AUPR=0.5801  val_P@5=0.6271  val_P@10=0.4449
Ep055  LR0=5.00e-07  pw=1.01  aucα=0.400  token_p=0.010  dropE=(0.010,0.050)  smooth=0.010  train_loss=0.1402  train_AUPR=0.8998  train_P@5=0.9062  train_P@10=0.6177  val_loss=0.1734  val_AUPR=0.5799  val_P@5=0.6265  val_P@10=0.4449
Ep056  LR0=5.00e-07  pw=1.01  aucα=0.400  token_p=0.010  dropE=(0.010,0.050)  smooth=0.010  train_loss=0.1406  train_AUPR=0.9000  train_P@5=0.9061  train_P@10=0.6177  val_loss=0.1733  val_AUPR=0.5797  val_P@5=0.6263  val_P@10=0.4450
Ep057  LR0=5.00e-07  pw=1.01  aucα=0.400  token_p=0.010  dropE=(0.010,0.050)  smooth=0.010  train_loss=0.1413  train_AUPR=0.9001  train_P@5=0.9060  train_P@10=0.6178  val_loss=0.1732  val_AUPR=0.5795  val_P@5=0.6261  val_P@10=0.4447
Ep058  LR0=5.00e-07  pw=1.01  aucα=0.400  token_p=0.010  dropE=(0.010,0.050)  smooth=0.010  train_loss=0.1397  train_AUPR=0.9002  train_P@5=0.9062  train_P@10=0.6179  val_loss=0.1732  val_AUPR=0.5793  val_P@5=0.6259  val_P@10=0.4450
Ep059  LR0=5.00e-07  pw=1.01  aucα=0.400  token_p=0.010  dropE=(0.010,0.050)  smooth=0.010  train_loss=0.1402  train_AUPR=0.9004  train_P@5=0.9068  train_P@10=0.6178  val_loss=0.1732  val_AUPR=0.5792  val_P@5=0.6259  val_P@10=0.4449
Ep060  LR0=5.00e-07  pw=1.01  aucα=0.400  token_p=0.010  dropE=(0.010,0.050)  smooth=0.010  train_loss=0.1411  train_AUPR=0.9005  train_P@5=0.9069  train_P@10=0.6176  val_loss=0.1731  val_AUPR=0.5790  val_P@5=0.6259  val_P@10=0.4450
Ep061  LR0=5.00e-07  pw=1.01  aucα=0.400  token_p=0.010  dropE=(0.010,0.050)  smooth=0.010  train_loss=0.1407  train_AUPR=0.9007  train_P@5=0.9069  train_P@10=0.6177  val_loss=0.1731  val_AUPR=0.5788  val_P@5=0.6259  val_P@10=0.4451
Ep062  LR0=5.00e-07  pw=1.01  aucα=0.400  token_p=0.010  dropE=(0.010,0.050)  smooth=0.010  train_loss=0.1405  train_AUPR=0.9006  train_P@5=0.9067  train_P@10=0.6178  val_loss=0.1731  val_AUPR=0.5787  val_P@5=0.6257  val_P@10=0.4451
Ep063  LR0=5.00e-07  pw=1.01  aucα=0.400  token_p=0.010  dropE=(0.010,0.050)  smooth=0.010  train_loss=0.1406  train_AUPR=0.9008  train_P@5=0.9070  train_P@10=0.6179  val_loss=0.1731  val_AUPR=0.5785  val_P@5=0.6261  val_P@10=0.4451
Ep064  LR0=5.00e-07  pw=1.00  aucα=0.400  token_p=0.010  dropE=(0.010,0.050)  smooth=0.010  train_loss=0.1401  train_AUPR=0.9011  train_P@5=0.9075  train_P@10=0.6181  val_loss=0.1731  val_AUPR=0.5784  val_P@5=0.6263  val_P@10=0.4451
Ep065  LR0=5.00e-07  pw=1.00  aucα=0.400  token_p=0.010  dropE=(0.010,0.050)  smooth=0.010  train_loss=0.1398  train_AUPR=0.9011  train_P@5=0.9075  train_P@10=0.6180  val_loss=0.1731  val_AUPR=0.5783  val_P@5=0.6259  val_P@10=0.4449
Ep066  LR0=5.00e-07  pw=1.00  aucα=0.400  token_p=0.010  dropE=(0.010,0.050)  smooth=0.010  train_loss=0.1400  train_AUPR=0.9014  train_P@5=0.9074  train_P@10=0.6183  val_loss=0.1731  val_AUPR=0.5782  val_P@5=0.6259  val_P@10=0.4451
Ep067  LR0=5.00e-07  pw=1.00  aucα=0.400  token_p=0.010  dropE=(0.010,0.050)  smooth=0.010  train_loss=0.1392  train_AUPR=0.9013  train_P@5=0.9073  train_P@10=0.6183  val_loss=0.1732  val_AUPR=0.5781  val_P@5=0.6257  val_P@10=0.4452
Ep068  LR0=5.00e-07  pw=1.00  aucα=0.400  token_p=0.010  dropE=(0.010,0.050)  smooth=0.010  train_loss=0.1402  train_AUPR=0.9015  train_P@5=0.9077  train_P@10=0.6185  val_loss=0.1732  val_AUPR=0.5779  val_P@5=0.6255  val_P@10=0.4452
Ep069  LR0=5.00e-07  pw=1.00  aucα=0.400  token_p=0.010  dropE=(0.010,0.050)  smooth=0.010  train_loss=0.1396  train_AUPR=0.9018  train_P@5=0.9081  train_P@10=0.6185  val_loss=0.1732  val_AUPR=0.5778  val_P@5=0.6257  val_P@10=0.4453
Ep070  LR0=5.00e-07  pw=1.00  aucα=0.400  token_p=0.010  dropE=(0.010,0.050)  smooth=0.010  train_loss=0.1399  train_AUPR=0.9019  train_P@5=0.9078  train_P@10=0.6185  val_loss=0.1732  val_AUPR=0.5777  val_P@5=0.6257  val_P@10=0.4452
Ep071  LR0=5.00e-07  pw=1.00  aucα=0.400  token_p=0.010  dropE=(0.010,0.050)  smooth=0.010  train_loss=0.1400  train_AUPR=0.9021  train_P@5=0.9080  train_P@10=0.6186  val_loss=0.1732  val_AUPR=0.5776  val_P@5=0.6255  val_P@10=0.4451
Ep072  LR0=5.00e-07  pw=1.00  aucα=0.400  token_p=0.010  dropE=(0.010,0.050)  smooth=0.010  train_loss=0.1408  train_AUPR=0.9021  train_P@5=0.9086  train_P@10=0.6183  val_loss=0.1733  val_AUPR=0.5775  val_P@5=0.6255  val_P@10=0.4451
Ep073  LR0=5.00e-07  pw=1.00  aucα=0.400  token_p=0.010  dropE=(0.010,0.050)  smooth=0.010  train_loss=0.1388  train_AUPR=0.9022  train_P@5=0.9088  train_P@10=0.6186  val_loss=0.1733  val_AUPR=0.5774  val_P@5=0.6255  val_P@10=0.4449
Ep074  LR0=5.00e-07  pw=1.00  aucα=0.400  token_p=0.010  dropE=(0.010,0.050)  smooth=0.010  train_loss=0.1396  train_AUPR=0.9024  train_P@5=0.9084  train_P@10=0.6187  val_loss=0.1733  val_AUPR=0.5773  val_P@5=0.6253  val_P@10=0.4450
Ep075  LR0=5.00e-07  pw=1.00  aucα=0.400  token_p=0.010  dropE=(0.010,0.050)  smooth=0.010  train_loss=0.1397  train_AUPR=0.9025  train_P@5=0.9088  train_P@10=0.6187  val_loss=0.1734  val_AUPR=0.5772  val_P@5=0.6255  val_P@10=0.4448
Ep076  LR0=5.00e-07  pw=1.00  aucα=0.400  token_p=0.010  dropE=(0.010,0.050)  smooth=0.010  train_loss=0.1387  train_AUPR=0.9026  train_P@5=0.9088  train_P@10=0.6188  val_loss=0.1734  val_AUPR=0.5771  val_P@5=0.6257  val_P@10=0.4448
Ep077  LR0=5.00e-07  pw=1.00  aucα=0.400  token_p=0.010  dropE=(0.010,0.050)  smooth=0.010  train_loss=0.1392  train_AUPR=0.9028  train_P@5=0.9091  train_P@10=0.6188  val_loss=0.1735  val_AUPR=0.5770  val_P@5=0.6255  val_P@10=0.4447
Ep078  LR0=5.00e-07  pw=1.00  aucα=0.400  token_p=0.010  dropE=(0.010,0.050)  smooth=0.010  train_loss=0.1388  train_AUPR=0.9029  train_P@5=0.9090  train_P@10=0.6191  val_loss=0.1735  val_AUPR=0.5769  val_P@5=0.6255  val_P@10=0.4446
Ep079  LR0=5.00e-07  pw=1.00  aucα=0.400  token_p=0.010  dropE=(0.010,0.050)  smooth=0.010  train_loss=0.1393  train_AUPR=0.9030  train_P@5=0.9092  train_P@10=0.6190  val_loss=0.1735  val_AUPR=0.5768  val_P@5=0.6253  val_P@10=0.4446
Early stop triggered: neither val_AUPR nor val_loss improved for 20 epochs.
Saved iPara_l1_g8_i6_do0.10_dpr0.10_lr0.0002_heads16_fold1.pth  (best val AUPR=0.6006)
Saved iPara_l1_g8_i6_do0.10_dpr0.10_lr0.0002_heads16_fold1_best_aupr.pth
Saved iPara_l1_g8_i6_do0.10_dpr0.10_lr0.0002_heads16_fold1_best_loss.pth  (best val loss=0.1732)

── Fold 2/5
Train labels: pos=26650, neg=374184, ignore=696766, pos_rate=0.066486
Val labels: pos=6580, neg=92778, ignore=175842, pos_rate=0.066225
Initializing ClassificationModel with 8 GAT layers and residual connections...
Initializing MCModel with 8 GAT layers and 6 row attention layers (drop_path_rate=0.1)
Initializing CoreModel with 1 layers, drop_path_rate=0.1
Ep000  LR0=2.00e-05  pw=15.00  aucα=0.000  token_p=0.000  dropE=(0.000,0.000)  smooth=0.000  train_loss=0.5543  train_AUPR=0.3792  train_P@5=0.4439  train_P@10=0.3408  val_loss=0.4789  val_AUPR=0.3824  val_P@5=0.4534  val_P@10=0.3377
Ep001  LR0=3.00e-05  pw=13.35  aucα=0.000  token_p=0.000  dropE=(0.000,0.000)  smooth=0.000  train_loss=0.4836  train_AUPR=0.4345  train_P@5=0.5107  train_P@10=0.3749  val_loss=0.4516  val_AUPR=0.4278  val_P@5=0.5084  val_P@10=0.3743
Ep002  LR0=4.00e-05  pw=11.90  aucα=0.000  token_p=0.000  dropE=(0.000,0.000)  smooth=0.000  train_loss=0.4504  train_AUPR=0.4695  train_P@5=0.5386  train_P@10=0.3957  val_loss=0.4350  val_AUPR=0.4640  val_P@5=0.5380  val_P@10=0.3940
Ep003  LR0=5.00e-05  pw=10.62  aucα=0.000  token_p=0.000  dropE=(0.000,0.000)  smooth=0.000  train_loss=0.4330  train_AUPR=0.5076  train_P@5=0.5737  train_P@10=0.4126  val_loss=0.4133  val_AUPR=0.4992  val_P@5=0.5740  val_P@10=0.4105
Ep004  LR0=6.00e-05  pw=9.49  aucα=0.057  token_p=0.000  dropE=(0.000,0.000)  smooth=0.000  train_loss=0.4255  train_AUPR=0.5296  train_P@5=0.5927  train_P@10=0.4255  val_loss=0.4081  val_AUPR=0.5212  val_P@5=0.5941  val_P@10=0.4228
Ep005  LR0=7.00e-05  pw=8.49  aucα=0.114  token_p=0.000  dropE=(0.000,0.000)  smooth=0.000  train_loss=0.4209  train_AUPR=0.5627  train_P@5=0.6111  train_P@10=0.4378  val_loss=0.3992  val_AUPR=0.5491  val_P@5=0.6068  val_P@10=0.4315
Ep006  LR0=8.00e-05  pw=7.61  aucα=0.171  token_p=0.001  dropE=(0.001,0.005)  smooth=0.001  train_loss=0.4175  train_AUPR=0.5449  train_P@5=0.5948  train_P@10=0.4302  val_loss=0.4114  val_AUPR=0.5335  val_P@5=0.5871  val_P@10=0.4182
Ep007  LR0=9.00e-05  pw=6.84  aucα=0.229  token_p=0.002  dropE=(0.002,0.010)  smooth=0.002  train_loss=0.4138  train_AUPR=0.5746  train_P@5=0.6196  train_P@10=0.4467  val_loss=0.3812  val_AUPR=0.5568  val_P@5=0.6084  val_P@10=0.4319
Ep008  LR0=1.00e-04  pw=6.15  aucα=0.286  token_p=0.003  dropE=(0.003,0.015)  smooth=0.003  train_loss=0.4088  train_AUPR=0.5764  train_P@5=0.6283  train_P@10=0.4484  val_loss=0.3784  val_AUPR=0.5530  val_P@5=0.6193  val_P@10=0.4349
Ep009  LR0=1.00e-04  pw=5.55  aucα=0.343  token_p=0.004  dropE=(0.004,0.020)  smooth=0.004  train_loss=0.4059  train_AUPR=0.6036  train_P@5=0.6404  train_P@10=0.4569  val_loss=0.3622  val_AUPR=0.5774  val_P@5=0.6277  val_P@10=0.4400
[Info] Unfroze 'dym' params after warmup (epoch=10). Added core=62 tensors, other=0 tensors.
Ep010  LR0=2.00e-05  pw=5.01  aucα=0.400  token_p=0.005  dropE=(0.005,0.025)  smooth=0.005  train_loss=0.3872  train_AUPR=0.6288  train_P@5=0.6625  train_P@10=0.4715  val_loss=0.3362  val_AUPR=0.5947  val_P@5=0.6368  val_P@10=0.4513
Ep011  LR0=3.00e-05  pw=4.54  aucα=0.400  token_p=0.006  dropE=(0.006,0.030)  smooth=0.006  train_loss=0.3738  train_AUPR=0.6388  train_P@5=0.6681  train_P@10=0.4765  val_loss=0.3272  val_AUPR=0.5980  val_P@5=0.6422  val_P@10=0.4530
Ep012  LR0=4.00e-05  pw=4.12  aucα=0.400  token_p=0.007  dropE=(0.007,0.035)  smooth=0.007  train_loss=0.3648  train_AUPR=0.6397  train_P@5=0.6708  train_P@10=0.4768  val_loss=0.3179  val_AUPR=0.5967  val_P@5=0.6436  val_P@10=0.4472
Ep013  LR0=5.00e-05  pw=3.76  aucα=0.400  token_p=0.008  dropE=(0.008,0.040)  smooth=0.008  train_loss=0.3557  train_AUPR=0.6467  train_P@5=0.6768  train_P@10=0.4815  val_loss=0.3085  val_AUPR=0.6038  val_P@5=0.6505  val_P@10=0.4545
Ep014  LR0=6.00e-05  pw=3.43  aucα=0.400  token_p=0.009  dropE=(0.009,0.045)  smooth=0.009  train_loss=0.3474  train_AUPR=0.6573  train_P@5=0.6816  train_P@10=0.4861  val_loss=0.2886  val_AUPR=0.6061  val_P@5=0.6525  val_P@10=0.4546
Ep015  LR0=7.00e-05  pw=3.15  aucα=0.400  token_p=0.010  dropE=(0.010,0.050)  smooth=0.010  train_loss=0.3396  train_AUPR=0.6627  train_P@5=0.6868  train_P@10=0.4888  val_loss=0.2822  val_AUPR=0.6007  val_P@5=0.6539  val_P@10=0.4472
Ep016  LR0=8.00e-05  pw=2.89  aucα=0.400  token_p=0.010  dropE=(0.010,0.050)  smooth=0.010  train_loss=0.3299  train_AUPR=0.6644  train_P@5=0.6893  train_P@10=0.4873  val_loss=0.2712  val_AUPR=0.6042  val_P@5=0.6553  val_P@10=0.4518
Ep017  LR0=9.00e-05  pw=2.67  aucα=0.400  token_p=0.010  dropE=(0.010,0.050)  smooth=0.010  train_loss=0.3211  train_AUPR=0.6678  train_P@5=0.6909  train_P@10=0.4932  val_loss=0.2621  val_AUPR=0.5973  val_P@5=0.6481  val_P@10=0.4494
Ep018  LR0=1.00e-04  pw=2.48  aucα=0.400  token_p=0.010  dropE=(0.010,0.050)  smooth=0.010  train_loss=0.3147  train_AUPR=0.6774  train_P@5=0.7013  train_P@10=0.4951  val_loss=0.2574  val_AUPR=0.5997  val_P@5=0.6475  val_P@10=0.4490
Ep019  LR0=1.00e-04  pw=2.30  aucα=0.400  token_p=0.010  dropE=(0.010,0.050)  smooth=0.010  train_loss=0.3078  train_AUPR=0.6917  train_P@5=0.7106  train_P@10=0.5067  val_loss=0.2417  val_AUPR=0.6071  val_P@5=0.6581  val_P@10=0.4574
Ep020  LR0=1.00e-04  pw=2.15  aucα=0.400  token_p=0.010  dropE=(0.010,0.050)  smooth=0.010  train_loss=0.2975  train_AUPR=0.6933  train_P@5=0.7105  train_P@10=0.5072  val_loss=0.2319  val_AUPR=0.6113  val_P@5=0.6664  val_P@10=0.4558
Ep021  LR0=9.99e-05  pw=2.01  aucα=0.400  token_p=0.010  dropE=(0.010,0.050)  smooth=0.010  train_loss=0.2891  train_AUPR=0.6936  train_P@5=0.7124  train_P@10=0.5041  val_loss=0.2392  val_AUPR=0.5939  val_P@5=0.6434  val_P@10=0.4357
Ep022  LR0=9.97e-05  pw=1.89  aucα=0.400  token_p=0.010  dropE=(0.010,0.050)  smooth=0.010  train_loss=0.2790  train_AUPR=0.7140  train_P@5=0.7241  train_P@10=0.5202  val_loss=0.2245  val_AUPR=0.6033  val_P@5=0.6434  val_P@10=0.4500
Ep023  LR0=9.95e-05  pw=1.79  aucα=0.400  token_p=0.010  dropE=(0.010,0.050)  smooth=0.010  train_loss=0.2708  train_AUPR=0.7169  train_P@5=0.7324  train_P@10=0.5200  val_loss=0.2278  val_AUPR=0.5920  val_P@5=0.6380  val_P@10=0.4366
Ep024  LR0=9.92e-05  pw=1.70  aucα=0.400  token_p=0.010  dropE=(0.010,0.050)  smooth=0.010  train_loss=0.2618  train_AUPR=0.7227  train_P@5=0.7360  train_P@10=0.5232  val_loss=0.2190  val_AUPR=0.5769  val_P@5=0.6251  val_P@10=0.4392
Ep025  LR0=9.89e-05  pw=1.62  aucα=0.400  token_p=0.010  dropE=(0.010,0.050)  smooth=0.010  train_loss=0.2543  train_AUPR=0.7407  train_P@5=0.7522  train_P@10=0.5328  val_loss=0.2085  val_AUPR=0.6022  val_P@5=0.6453  val_P@10=0.4471
Ep026  LR0=9.85e-05  pw=1.54  aucα=0.400  token_p=0.010  dropE=(0.010,0.050)  smooth=0.010  train_loss=0.2462  train_AUPR=0.7629  train_P@5=0.7706  train_P@10=0.5451  val_loss=0.2035  val_AUPR=0.6116  val_P@5=0.6662  val_P@10=0.4577
Ep027  LR0=9.81e-05  pw=1.48  aucα=0.400  token_p=0.010  dropE=(0.010,0.050)  smooth=0.010  train_loss=0.2363  train_AUPR=0.7800  train_P@5=0.7908  train_P@10=0.5533  val_loss=0.2040  val_AUPR=0.5938  val_P@5=0.6362  val_P@10=0.4396
Ep028  LR0=9.76e-05  pw=1.42  aucα=0.400  token_p=0.010  dropE=(0.010,0.050)  smooth=0.010  train_loss=0.2281  train_AUPR=0.7797  train_P@5=0.7842  train_P@10=0.5584  val_loss=0.1949  val_AUPR=0.6088  val_P@5=0.6674  val_P@10=0.4547
Ep029  LR0=9.70e-05  pw=1.37  aucα=0.400  token_p=0.010  dropE=(0.010,0.050)  smooth=0.010  train_loss=0.2219  train_AUPR=0.7790  train_P@5=0.7865  train_P@10=0.5550  val_loss=0.1895  val_AUPR=0.6035  val_P@5=0.6569  val_P@10=0.4514
Ep030  LR0=9.46e-05  pw=1.33  aucα=0.400  token_p=0.010  dropE=(0.010,0.050)  smooth=0.010  train_loss=0.2166  train_AUPR=0.7921  train_P@5=0.8003  train_P@10=0.5618  val_loss=0.1972  val_AUPR=0.5806  val_P@5=0.6292  val_P@10=0.4364
Ep031  LR0=8.78e-05  pw=1.29  aucα=0.400  token_p=0.010  dropE=(0.010,0.050)  smooth=0.010  train_loss=0.2079  train_AUPR=0.8177  train_P@5=0.8229  train_P@10=0.5756  val_loss=0.1896  val_AUPR=0.6006  val_P@5=0.6477  val_P@10=0.4448
Ep032  LR0=7.71e-05  pw=1.26  aucα=0.400  token_p=0.010  dropE=(0.010,0.050)  smooth=0.010  train_loss=0.1993  train_AUPR=0.8360  train_P@5=0.8425  train_P@10=0.5840  val_loss=0.1858  val_AUPR=0.6038  val_P@5=0.6481  val_P@10=0.4490
Ep033  LR0=6.37e-05  pw=1.23  aucα=0.400  token_p=0.010  dropE=(0.010,0.050)  smooth=0.010  train_loss=0.1894  train_AUPR=0.8477  train_P@5=0.8523  train_P@10=0.5922  val_loss=0.1829  val_AUPR=0.6062  val_P@5=0.6503  val_P@10=0.4524
Ep034  LR0=4.87e-05  pw=1.20  aucα=0.400  token_p=0.010  dropE=(0.010,0.050)  smooth=0.010  train_loss=0.1789  train_AUPR=0.8619  train_P@5=0.8669  train_P@10=0.6001  val_loss=0.1815  val_AUPR=0.6048  val_P@5=0.6491  val_P@10=0.4520
Ep035  LR0=3.38e-05  pw=1.18  aucα=0.400  token_p=0.010  dropE=(0.010,0.050)  smooth=0.010  train_loss=0.1684  train_AUPR=0.8727  train_P@5=0.8762  train_P@10=0.6068  val_loss=0.1802  val_AUPR=0.6027  val_P@5=0.6475  val_P@10=0.4496
Ep036  LR0=2.04e-05  pw=1.16  aucα=0.400  token_p=0.010  dropE=(0.010,0.050)  smooth=0.010  train_loss=0.1609  train_AUPR=0.8882  train_P@5=0.8932  train_P@10=0.6140  val_loss=0.1785  val_AUPR=0.6023  val_P@5=0.6473  val_P@10=0.4509
Ep037  LR0=9.71e-06  pw=1.14  aucα=0.400  token_p=0.010  dropE=(0.010,0.050)  smooth=0.010  train_loss=0.1540  train_AUPR=0.8967  train_P@5=0.9017  train_P@10=0.6183  val_loss=0.1773  val_AUPR=0.6018  val_P@5=0.6463  val_P@10=0.4515
Ep038  LR0=2.86e-06  pw=1.12  aucα=0.400  token_p=0.010  dropE=(0.010,0.050)  smooth=0.010  train_loss=0.1483  train_AUPR=0.9030  train_P@5=0.9082  train_P@10=0.6232  val_loss=0.1763  val_AUPR=0.6009  val_P@5=0.6467  val_P@10=0.4517
Ep039  LR0=5.00e-07  pw=1.11  aucα=0.400  token_p=0.010  dropE=(0.010,0.050)  smooth=0.010  train_loss=0.1452  train_AUPR=0.9052  train_P@5=0.9112  train_P@10=0.6239  val_loss=0.1753  val_AUPR=0.6003  val_P@5=0.6455  val_P@10=0.4517
Ep040  LR0=5.00e-07  pw=1.09  aucα=0.400  token_p=0.010  dropE=(0.010,0.050)  smooth=0.010  train_loss=0.1431  train_AUPR=0.9053  train_P@5=0.9117  train_P@10=0.6240  val_loss=0.1744  val_AUPR=0.5997  val_P@5=0.6455  val_P@10=0.4520
Ep041  LR0=5.00e-07  pw=1.08  aucα=0.400  token_p=0.010  dropE=(0.010,0.050)  smooth=0.010  train_loss=0.1406  train_AUPR=0.9054  train_P@5=0.9118  train_P@10=0.6240  val_loss=0.1736  val_AUPR=0.5992  val_P@5=0.6443  val_P@10=0.4516
Ep042  LR0=5.00e-07  pw=1.07  aucα=0.400  token_p=0.010  dropE=(0.010,0.050)  smooth=0.010  train_loss=0.1428  train_AUPR=0.9055  train_P@5=0.9118  train_P@10=0.6239  val_loss=0.1728  val_AUPR=0.5986  val_P@5=0.6438  val_P@10=0.4514
Ep043  LR0=5.00e-07  pw=1.06  aucα=0.400  token_p=0.010  dropE=(0.010,0.050)  smooth=0.010  train_loss=0.1415  train_AUPR=0.9056  train_P@5=0.9118  train_P@10=0.6240  val_loss=0.1722  val_AUPR=0.5982  val_P@5=0.6432  val_P@10=0.4503
Ep044  LR0=5.00e-07  pw=1.06  aucα=0.400  token_p=0.010  dropE=(0.010,0.050)  smooth=0.010  train_loss=0.1413  train_AUPR=0.9058  train_P@5=0.9124  train_P@10=0.6242  val_loss=0.1716  val_AUPR=0.5977  val_P@5=0.6428  val_P@10=0.4503
Ep045  LR0=5.00e-07  pw=1.05  aucα=0.400  token_p=0.010  dropE=(0.010,0.050)  smooth=0.010  train_loss=0.1405  train_AUPR=0.9058  train_P@5=0.9122  train_P@10=0.6241  val_loss=0.1711  val_AUPR=0.5973  val_P@5=0.6426  val_P@10=0.4503
Ep046  LR0=5.00e-07  pw=1.04  aucα=0.400  token_p=0.010  dropE=(0.010,0.050)  smooth=0.010  train_loss=0.1401  train_AUPR=0.9060  train_P@5=0.9127  train_P@10=0.6240  val_loss=0.1707  val_AUPR=0.5970  val_P@5=0.6426  val_P@10=0.4504
Ep047  LR0=5.00e-07  pw=1.04  aucα=0.400  token_p=0.010  dropE=(0.010,0.050)  smooth=0.010  train_loss=0.1399  train_AUPR=0.9061  train_P@5=0.9126  train_P@10=0.6240  val_loss=0.1703  val_AUPR=0.5965  val_P@5=0.6420  val_P@10=0.4505
Ep048  LR0=5.00e-07  pw=1.03  aucα=0.400  token_p=0.010  dropE=(0.010,0.050)  smooth=0.010  train_loss=0.1397  train_AUPR=0.9062  train_P@5=0.9131  train_P@10=0.6241  val_loss=0.1700  val_AUPR=0.5962  val_P@5=0.6420  val_P@10=0.4508
Ep049  LR0=5.00e-07  pw=1.03  aucα=0.400  token_p=0.010  dropE=(0.010,0.050)  smooth=0.010  train_loss=0.1395  train_AUPR=0.9064  train_P@5=0.9132  train_P@10=0.6242  val_loss=0.1697  val_AUPR=0.5959  val_P@5=0.6418  val_P@10=0.4513
Ep050  LR0=5.00e-07  pw=1.03  aucα=0.400  token_p=0.010  dropE=(0.010,0.050)  smooth=0.010  train_loss=0.1379  train_AUPR=0.9066  train_P@5=0.9136  train_P@10=0.6242  val_loss=0.1695  val_AUPR=0.5956  val_P@5=0.6418  val_P@10=0.4512
Ep051  LR0=5.00e-07  pw=1.02  aucα=0.400  token_p=0.010  dropE=(0.010,0.050)  smooth=0.010  train_loss=0.1390  train_AUPR=0.9067  train_P@5=0.9130  train_P@10=0.6245  val_loss=0.1693  val_AUPR=0.5953  val_P@5=0.6416  val_P@10=0.4513
Ep052  LR0=5.00e-07  pw=1.02  aucα=0.400  token_p=0.010  dropE=(0.010,0.050)  smooth=0.010  train_loss=0.1392  train_AUPR=0.9068  train_P@5=0.9131  train_P@10=0.6246  val_loss=0.1691  val_AUPR=0.5950  val_P@5=0.6412  val_P@10=0.4515
Ep053  LR0=5.00e-07  pw=1.02  aucα=0.400  token_p=0.010  dropE=(0.010,0.050)  smooth=0.010  train_loss=0.1383  train_AUPR=0.9069  train_P@5=0.9137  train_P@10=0.6246  val_loss=0.1690  val_AUPR=0.5947  val_P@5=0.6408  val_P@10=0.4514
Ep054  LR0=5.00e-07  pw=1.02  aucα=0.400  token_p=0.010  dropE=(0.010,0.050)  smooth=0.010  train_loss=0.1379  train_AUPR=0.9070  train_P@5=0.9137  train_P@10=0.6246  val_loss=0.1689  val_AUPR=0.5945  val_P@5=0.6406  val_P@10=0.4513
Ep055  LR0=5.00e-07  pw=1.01  aucα=0.400  token_p=0.010  dropE=(0.010,0.050)  smooth=0.010  train_loss=0.1390  train_AUPR=0.9071  train_P@5=0.9139  train_P@10=0.6248  val_loss=0.1687  val_AUPR=0.5944  val_P@5=0.6408  val_P@10=0.4513
Ep056  LR0=5.00e-07  pw=1.01  aucα=0.400  token_p=0.010  dropE=(0.010,0.050)  smooth=0.010  train_loss=0.1379  train_AUPR=0.9073  train_P@5=0.9143  train_P@10=0.6249  val_loss=0.1687  val_AUPR=0.5942  val_P@5=0.6412  val_P@10=0.4514
Ep057  LR0=5.00e-07  pw=1.01  aucα=0.400  token_p=0.010  dropE=(0.010,0.050)  smooth=0.010  train_loss=0.1381  train_AUPR=0.9075  train_P@5=0.9142  train_P@10=0.6248  val_loss=0.1686  val_AUPR=0.5940  val_P@5=0.6414  val_P@10=0.4513
Ep058  LR0=5.00e-07  pw=1.01  aucα=0.400  token_p=0.010  dropE=(0.010,0.050)  smooth=0.010  train_loss=0.1387  train_AUPR=0.9075  train_P@5=0.9142  train_P@10=0.6250  val_loss=0.1685  val_AUPR=0.5938  val_P@5=0.6412  val_P@10=0.4514
Ep059  LR0=5.00e-07  pw=1.01  aucα=0.400  token_p=0.010  dropE=(0.010,0.050)  smooth=0.010  train_loss=0.1378  train_AUPR=0.9076  train_P@5=0.9141  train_P@10=0.6249  val_loss=0.1685  val_AUPR=0.5936  val_P@5=0.6410  val_P@10=0.4515
Ep060  LR0=5.00e-07  pw=1.01  aucα=0.400  token_p=0.010  dropE=(0.010,0.050)  smooth=0.010  train_loss=0.1381  train_AUPR=0.9077  train_P@5=0.9144  train_P@10=0.6250  val_loss=0.1685  val_AUPR=0.5934  val_P@5=0.6404  val_P@10=0.4515
Ep061  LR0=5.00e-07  pw=1.01  aucα=0.400  token_p=0.010  dropE=(0.010,0.050)  smooth=0.010  train_loss=0.1373  train_AUPR=0.9080  train_P@5=0.9148  train_P@10=0.6250  val_loss=0.1684  val_AUPR=0.5932  val_P@5=0.6402  val_P@10=0.4516
Ep062  LR0=5.00e-07  pw=1.01  aucα=0.400  token_p=0.010  dropE=(0.010,0.050)  smooth=0.010  train_loss=0.1375  train_AUPR=0.9081  train_P@5=0.9147  train_P@10=0.6252  val_loss=0.1684  val_AUPR=0.5931  val_P@5=0.6400  val_P@10=0.4514
Ep063  LR0=5.00e-07  pw=1.01  aucα=0.400  token_p=0.010  dropE=(0.010,0.050)  smooth=0.010  train_loss=0.1380  train_AUPR=0.9084  train_P@5=0.9148  train_P@10=0.6255  val_loss=0.1684  val_AUPR=0.5929  val_P@5=0.6398  val_P@10=0.4512
Ep064  LR0=5.00e-07  pw=1.00  aucα=0.400  token_p=0.010  dropE=(0.010,0.050)  smooth=0.010  train_loss=0.1376  train_AUPR=0.9085  train_P@5=0.9151  train_P@10=0.6255  val_loss=0.1684  val_AUPR=0.5928  val_P@5=0.6402  val_P@10=0.4515
Ep065  LR0=5.00e-07  pw=1.00  aucα=0.400  token_p=0.010  dropE=(0.010,0.050)  smooth=0.010  train_loss=0.1376  train_AUPR=0.9086  train_P@5=0.9152  train_P@10=0.6255  val_loss=0.1684  val_AUPR=0.5926  val_P@5=0.6400  val_P@10=0.4513
Ep066  LR0=5.00e-07  pw=1.00  aucα=0.400  token_p=0.010  dropE=(0.010,0.050)  smooth=0.010  train_loss=0.1374  train_AUPR=0.9088  train_P@5=0.9153  train_P@10=0.6256  val_loss=0.1684  val_AUPR=0.5925  val_P@5=0.6396  val_P@10=0.4513
Ep067  LR0=5.00e-07  pw=1.00  aucα=0.400  token_p=0.010  dropE=(0.010,0.050)  smooth=0.010  train_loss=0.1376  train_AUPR=0.9088  train_P@5=0.9158  train_P@10=0.6255  val_loss=0.1685  val_AUPR=0.5924  val_P@5=0.6394  val_P@10=0.4511
Ep068  LR0=5.00e-07  pw=1.00  aucα=0.400  token_p=0.010  dropE=(0.010,0.050)  smooth=0.010  train_loss=0.1369  train_AUPR=0.9090  train_P@5=0.9159  train_P@10=0.6256  val_loss=0.1685  val_AUPR=0.5923  val_P@5=0.6390  val_P@10=0.4514
Ep069  LR0=5.00e-07  pw=1.00  aucα=0.400  token_p=0.010  dropE=(0.010,0.050)  smooth=0.010  train_loss=0.1374  train_AUPR=0.9090  train_P@5=0.9157  train_P@10=0.6258  val_loss=0.1685  val_AUPR=0.5921  val_P@5=0.6384  val_P@10=0.4514
Ep070  LR0=5.00e-07  pw=1.00  aucα=0.400  token_p=0.010  dropE=(0.010,0.050)  smooth=0.010  train_loss=0.1377  train_AUPR=0.9092  train_P@5=0.9158  train_P@10=0.6258  val_loss=0.1685  val_AUPR=0.5920  val_P@5=0.6384  val_P@10=0.4516
Ep071  LR0=5.00e-07  pw=1.00  aucα=0.400  token_p=0.010  dropE=(0.010,0.050)  smooth=0.010  train_loss=0.1375  train_AUPR=0.9093  train_P@5=0.9160  train_P@10=0.6260  val_loss=0.1685  val_AUPR=0.5919  val_P@5=0.6378  val_P@10=0.4518
Ep072  LR0=5.00e-07  pw=1.00  aucα=0.400  token_p=0.010  dropE=(0.010,0.050)  smooth=0.010  train_loss=0.1375  train_AUPR=0.9092  train_P@5=0.9157  train_P@10=0.6258  val_loss=0.1686  val_AUPR=0.5918  val_P@5=0.6380  val_P@10=0.4518
Ep073  LR0=5.00e-07  pw=1.00  aucα=0.400  token_p=0.010  dropE=(0.010,0.050)  smooth=0.010  train_loss=0.1369  train_AUPR=0.9094  train_P@5=0.9165  train_P@10=0.6260  val_loss=0.1686  val_AUPR=0.5917  val_P@5=0.6380  val_P@10=0.4518
Ep074  LR0=5.00e-07  pw=1.00  aucα=0.400  token_p=0.010  dropE=(0.010,0.050)  smooth=0.010  train_loss=0.1369  train_AUPR=0.9096  train_P@5=0.9162  train_P@10=0.6260  val_loss=0.1686  val_AUPR=0.5916  val_P@5=0.6380  val_P@10=0.4517
Ep075  LR0=5.00e-07  pw=1.00  aucα=0.400  token_p=0.010  dropE=(0.010,0.050)  smooth=0.010  train_loss=0.1367  train_AUPR=0.9096  train_P@5=0.9154  train_P@10=0.6261  val_loss=0.1686  val_AUPR=0.5915  val_P@5=0.6382  val_P@10=0.4517
Ep076  LR0=5.00e-07  pw=1.00  aucα=0.400  token_p=0.010  dropE=(0.010,0.050)  smooth=0.010  train_loss=0.1365  train_AUPR=0.9096  train_P@5=0.9155  train_P@10=0.6261  val_loss=0.1687  val_AUPR=0.5914  val_P@5=0.6380  val_P@10=0.4515
Ep077  LR0=5.00e-07  pw=1.00  aucα=0.400  token_p=0.010  dropE=(0.010,0.050)  smooth=0.010  train_loss=0.1355  train_AUPR=0.9100  train_P@5=0.9161  train_P@10=0.6262  val_loss=0.1687  val_AUPR=0.5914  val_P@5=0.6380  val_P@10=0.4515
Ep078  LR0=5.00e-07  pw=1.00  aucα=0.400  token_p=0.010  dropE=(0.010,0.050)  smooth=0.010  train_loss=0.1371  train_AUPR=0.9101  train_P@5=0.9169  train_P@10=0.6261  val_loss=0.1687  val_AUPR=0.5913  val_P@5=0.6380  val_P@10=0.4515
Ep079  LR0=5.00e-07  pw=1.00  aucα=0.400  token_p=0.010  dropE=(0.010,0.050)  smooth=0.010  train_loss=0.1371  train_AUPR=0.9101  train_P@5=0.9163  train_P@10=0.6262  val_loss=0.1688  val_AUPR=0.5912  val_P@5=0.6382  val_P@10=0.4515
Ep080  LR0=5.00e-07  pw=1.00  aucα=0.400  token_p=0.010  dropE=(0.010,0.050)  smooth=0.010  train_loss=0.1378  train_AUPR=0.9103  train_P@5=0.9165  train_P@10=0.6263  val_loss=0.1688  val_AUPR=0.5911  val_P@5=0.6382  val_P@10=0.4514
Early stop triggered: neither val_AUPR nor val_loss improved for 20 epochs.
Saved iPara_l1_g8_i6_do0.10_dpr0.10_lr0.0002_heads16_fold2.pth  (best val AUPR=0.6116)
Saved iPara_l1_g8_i6_do0.10_dpr0.10_lr0.0002_heads16_fold2_best_aupr.pth
Saved iPara_l1_g8_i6_do0.10_dpr0.10_lr0.0002_heads16_fold2_best_loss.pth  (best val loss=0.1685)

── Fold 3/5
Train labels: pos=26660, neg=375289, ignore=695651, pos_rate=0.066327
Val labels: pos=6570, neg=91673, ignore=176957, pos_rate=0.066875
Initializing ClassificationModel with 8 GAT layers and residual connections...
Initializing MCModel with 8 GAT layers and 6 row attention layers (drop_path_rate=0.1)
Initializing CoreModel with 1 layers, drop_path_rate=0.1
Ep000  LR0=2.00e-05  pw=15.00  aucα=0.000  token_p=0.000  dropE=(0.000,0.000)  smooth=0.000  train_loss=0.5565  train_AUPR=0.3729  train_P@5=0.4358  train_P@10=0.3321  val_loss=0.4810  val_AUPR=0.3930  val_P@5=0.4522  val_P@10=0.3394
Ep001  LR0=3.00e-05  pw=13.35  aucα=0.000  token_p=0.000  dropE=(0.000,0.000)  smooth=0.000  train_loss=0.4753  train_AUPR=0.4302  train_P@5=0.4928  train_P@10=0.3660  val_loss=0.4472  val_AUPR=0.4330  val_P@5=0.5018  val_P@10=0.3655
Ep002  LR0=4.00e-05  pw=11.90  aucα=0.000  token_p=0.000  dropE=(0.000,0.000)  smooth=0.000  train_loss=0.4482  train_AUPR=0.4643  train_P@5=0.5327  train_P@10=0.3834  val_loss=0.4497  val_AUPR=0.4571  val_P@5=0.5340  val_P@10=0.3790
Ep003  LR0=5.00e-05  pw=10.62  aucα=0.000  token_p=0.000  dropE=(0.000,0.000)  smooth=0.000  train_loss=0.4280  train_AUPR=0.5176  train_P@5=0.5783  train_P@10=0.4139  val_loss=0.4100  val_AUPR=0.5136  val_P@5=0.5780  val_P@10=0.4084
Ep004  LR0=6.00e-05  pw=9.49  aucα=0.057  token_p=0.000  dropE=(0.000,0.000)  smooth=0.000  train_loss=0.4269  train_AUPR=0.5214  train_P@5=0.5722  train_P@10=0.4183  val_loss=0.4031  val_AUPR=0.5168  val_P@5=0.5572  val_P@10=0.4116
Ep005  LR0=7.00e-05  pw=8.49  aucα=0.114  token_p=0.000  dropE=(0.000,0.000)  smooth=0.000  train_loss=0.4211  train_AUPR=0.5487  train_P@5=0.6031  train_P@10=0.4296  val_loss=0.3954  val_AUPR=0.5412  val_P@5=0.6020  val_P@10=0.4240
Ep006  LR0=8.00e-05  pw=7.61  aucα=0.171  token_p=0.001  dropE=(0.001,0.005)  smooth=0.001  train_loss=0.4179  train_AUPR=0.5632  train_P@5=0.6161  train_P@10=0.4392  val_loss=0.3835  val_AUPR=0.5556  val_P@5=0.6128  val_P@10=0.4308
Ep007  LR0=9.00e-05  pw=6.84  aucα=0.229  token_p=0.002  dropE=(0.002,0.010)  smooth=0.002  train_loss=0.4151  train_AUPR=0.5685  train_P@5=0.6167  train_P@10=0.4424  val_loss=0.3680  val_AUPR=0.5613  val_P@5=0.6042  val_P@10=0.4312
Ep008  LR0=1.00e-04  pw=6.15  aucα=0.286  token_p=0.003  dropE=(0.003,0.015)  smooth=0.003  train_loss=0.4104  train_AUPR=0.5905  train_P@5=0.6298  train_P@10=0.4538  val_loss=0.3544  val_AUPR=0.5718  val_P@5=0.6238  val_P@10=0.4407
Ep009  LR0=1.00e-04  pw=5.55  aucα=0.343  token_p=0.004  dropE=(0.004,0.020)  smooth=0.004  train_loss=0.4056  train_AUPR=0.6063  train_P@5=0.6457  train_P@10=0.4600  val_loss=0.3520  val_AUPR=0.5810  val_P@5=0.6291  val_P@10=0.4442
[Info] Unfroze 'dym' params after warmup (epoch=10). Added core=62 tensors, other=0 tensors.
Ep010  LR0=2.00e-05  pw=5.01  aucα=0.400  token_p=0.005  dropE=(0.005,0.025)  smooth=0.005  train_loss=0.3863  train_AUPR=0.6272  train_P@5=0.6598  train_P@10=0.4723  val_loss=0.3339  val_AUPR=0.5957  val_P@5=0.6397  val_P@10=0.4466
Ep011  LR0=3.00e-05  pw=4.54  aucα=0.400  token_p=0.006  dropE=(0.006,0.030)  smooth=0.006  train_loss=0.3742  train_AUPR=0.6349  train_P@5=0.6697  train_P@10=0.4762  val_loss=0.3228  val_AUPR=0.5978  val_P@5=0.6360  val_P@10=0.4483
Ep012  LR0=4.00e-05  pw=4.12  aucα=0.400  token_p=0.007  dropE=(0.007,0.035)  smooth=0.007  train_loss=0.3646  train_AUPR=0.6446  train_P@5=0.6764  train_P@10=0.4792  val_loss=0.3068  val_AUPR=0.6040  val_P@5=0.6437  val_P@10=0.4514
Ep013  LR0=5.00e-05  pw=3.76  aucα=0.400  token_p=0.008  dropE=(0.008,0.040)  smooth=0.008  train_loss=0.3552  train_AUPR=0.6507  train_P@5=0.6850  train_P@10=0.4841  val_loss=0.3011  val_AUPR=0.5994  val_P@5=0.6454  val_P@10=0.4519
Ep014  LR0=6.00e-05  pw=3.43  aucα=0.400  token_p=0.009  dropE=(0.009,0.045)  smooth=0.009  train_loss=0.3472  train_AUPR=0.6521  train_P@5=0.6781  train_P@10=0.4838  val_loss=0.2894  val_AUPR=0.6049  val_P@5=0.6431  val_P@10=0.4508
Ep015  LR0=7.00e-05  pw=3.15  aucα=0.400  token_p=0.010  dropE=(0.010,0.050)  smooth=0.010  train_loss=0.3393  train_AUPR=0.6551  train_P@5=0.6866  train_P@10=0.4866  val_loss=0.2861  val_AUPR=0.5959  val_P@5=0.6358  val_P@10=0.4455
Ep016  LR0=8.00e-05  pw=2.89  aucα=0.400  token_p=0.010  dropE=(0.010,0.050)  smooth=0.010  train_loss=0.3324  train_AUPR=0.6609  train_P@5=0.6895  train_P@10=0.4867  val_loss=0.2704  val_AUPR=0.6017  val_P@5=0.6511  val_P@10=0.4480
Ep017  LR0=9.00e-05  pw=2.67  aucα=0.400  token_p=0.010  dropE=(0.010,0.050)  smooth=0.010  train_loss=0.3241  train_AUPR=0.6635  train_P@5=0.6858  train_P@10=0.4903  val_loss=0.2570  val_AUPR=0.6060  val_P@5=0.6464  val_P@10=0.4577
Ep018  LR0=1.00e-04  pw=2.48  aucα=0.400  token_p=0.010  dropE=(0.010,0.050)  smooth=0.010  train_loss=0.3138  train_AUPR=0.6679  train_P@5=0.6909  train_P@10=0.4906  val_loss=0.2504  val_AUPR=0.6083  val_P@5=0.6555  val_P@10=0.4521
Ep019  LR0=1.00e-04  pw=2.30  aucα=0.400  token_p=0.010  dropE=(0.010,0.050)  smooth=0.010  train_loss=0.3082  train_AUPR=0.6735  train_P@5=0.6972  train_P@10=0.4948  val_loss=0.2439  val_AUPR=0.6045  val_P@5=0.6474  val_P@10=0.4506
Ep020  LR0=1.00e-04  pw=2.15  aucα=0.400  token_p=0.010  dropE=(0.010,0.050)  smooth=0.010  train_loss=0.2982  train_AUPR=0.6849  train_P@5=0.7043  train_P@10=0.5037  val_loss=0.2371  val_AUPR=0.6029  val_P@5=0.6474  val_P@10=0.4495
Ep021  LR0=9.99e-05  pw=2.01  aucα=0.400  token_p=0.010  dropE=(0.010,0.050)  smooth=0.010  train_loss=0.2912  train_AUPR=0.6947  train_P@5=0.7133  train_P@10=0.5090  val_loss=0.2301  val_AUPR=0.6036  val_P@5=0.6468  val_P@10=0.4465
Ep022  LR0=9.97e-05  pw=1.89  aucα=0.400  token_p=0.010  dropE=(0.010,0.050)  smooth=0.010  train_loss=0.2797  train_AUPR=0.7049  train_P@5=0.7271  train_P@10=0.5132  val_loss=0.2236  val_AUPR=0.6049  val_P@5=0.6419  val_P@10=0.4451
Ep023  LR0=9.95e-05  pw=1.79  aucα=0.400  token_p=0.010  dropE=(0.010,0.050)  smooth=0.010  train_loss=0.2718  train_AUPR=0.7272  train_P@5=0.7465  train_P@10=0.5246  val_loss=0.2143  val_AUPR=0.6083  val_P@5=0.6472  val_P@10=0.4455
Ep024  LR0=9.92e-05  pw=1.70  aucα=0.400  token_p=0.010  dropE=(0.010,0.050)  smooth=0.010  train_loss=0.2616  train_AUPR=0.7190  train_P@5=0.7385  train_P@10=0.5191  val_loss=0.2182  val_AUPR=0.5868  val_P@5=0.6293  val_P@10=0.4337
Ep025  LR0=9.89e-05  pw=1.62  aucα=0.400  token_p=0.010  dropE=(0.010,0.050)  smooth=0.010  train_loss=0.2537  train_AUPR=0.7336  train_P@5=0.7484  train_P@10=0.5288  val_loss=0.2113  val_AUPR=0.5934  val_P@5=0.6266  val_P@10=0.4382
Ep026  LR0=9.85e-05  pw=1.54  aucα=0.400  token_p=0.010  dropE=(0.010,0.050)  smooth=0.010  train_loss=0.2463  train_AUPR=0.7578  train_P@5=0.7691  train_P@10=0.5431  val_loss=0.2057  val_AUPR=0.5950  val_P@5=0.6407  val_P@10=0.4421
Ep027  LR0=9.81e-05  pw=1.48  aucα=0.400  token_p=0.010  dropE=(0.010,0.050)  smooth=0.010  train_loss=0.2364  train_AUPR=0.7749  train_P@5=0.7835  train_P@10=0.5529  val_loss=0.1946  val_AUPR=0.6088  val_P@5=0.6527  val_P@10=0.4453
Ep028  LR0=9.76e-05  pw=1.42  aucα=0.400  token_p=0.010  dropE=(0.010,0.050)  smooth=0.010  train_loss=0.2292  train_AUPR=0.7753  train_P@5=0.7811  train_P@10=0.5544  val_loss=0.1979  val_AUPR=0.5919  val_P@5=0.6293  val_P@10=0.4454
Ep029  LR0=9.70e-05  pw=1.37  aucα=0.400  token_p=0.010  dropE=(0.010,0.050)  smooth=0.010  train_loss=0.2230  train_AUPR=0.7984  train_P@5=0.8050  train_P@10=0.5647  val_loss=0.1957  val_AUPR=0.6148  val_P@5=0.6559  val_P@10=0.4512
Ep030  LR0=9.46e-05  pw=1.33  aucα=0.400  token_p=0.010  dropE=(0.010,0.050)  smooth=0.010  train_loss=0.2145  train_AUPR=0.7999  train_P@5=0.8048  train_P@10=0.5655  val_loss=0.1945  val_AUPR=0.5918  val_P@5=0.6331  val_P@10=0.4425
Ep031  LR0=8.78e-05  pw=1.29  aucα=0.400  token_p=0.010  dropE=(0.010,0.050)  smooth=0.010  train_loss=0.2082  train_AUPR=0.8130  train_P@5=0.8184  train_P@10=0.5739  val_loss=0.1859  val_AUPR=0.6012  val_P@5=0.6384  val_P@10=0.4450
Ep032  LR0=7.71e-05  pw=1.26  aucα=0.400  token_p=0.010  dropE=(0.010,0.050)  smooth=0.010  train_loss=0.1988  train_AUPR=0.8204  train_P@5=0.8241  train_P@10=0.5797  val_loss=0.1835  val_AUPR=0.6025  val_P@5=0.6397  val_P@10=0.4479
Ep033  LR0=6.37e-05  pw=1.23  aucα=0.400  token_p=0.010  dropE=(0.010,0.050)  smooth=0.010  train_loss=0.1909  train_AUPR=0.8440  train_P@5=0.8473  train_P@10=0.5902  val_loss=0.1802  val_AUPR=0.6044  val_P@5=0.6401  val_P@10=0.4496
Ep034  LR0=4.87e-05  pw=1.20  aucα=0.400  token_p=0.010  dropE=(0.010,0.050)  smooth=0.010  train_loss=0.1803  train_AUPR=0.8643  train_P@5=0.8657  train_P@10=0.6017  val_loss=0.1785  val_AUPR=0.6043  val_P@5=0.6384  val_P@10=0.4506
Ep035  LR0=3.38e-05  pw=1.18  aucα=0.400  token_p=0.010  dropE=(0.010,0.050)  smooth=0.010  train_loss=0.1686  train_AUPR=0.8707  train_P@5=0.8731  train_P@10=0.6065  val_loss=0.1777  val_AUPR=0.6028  val_P@5=0.6380  val_P@10=0.4491
Ep036  LR0=2.04e-05  pw=1.16  aucα=0.400  token_p=0.010  dropE=(0.010,0.050)  smooth=0.010  train_loss=0.1605  train_AUPR=0.8868  train_P@5=0.8918  train_P@10=0.6141  val_loss=0.1765  val_AUPR=0.6018  val_P@5=0.6372  val_P@10=0.4492
Ep037  LR0=9.71e-06  pw=1.14  aucα=0.400  token_p=0.010  dropE=(0.010,0.050)  smooth=0.010  train_loss=0.1546  train_AUPR=0.8943  train_P@5=0.9002  train_P@10=0.6169  val_loss=0.1755  val_AUPR=0.6003  val_P@5=0.6360  val_P@10=0.4482
Ep038  LR0=2.86e-06  pw=1.12  aucα=0.400  token_p=0.010  dropE=(0.010,0.050)  smooth=0.010  train_loss=0.1478  train_AUPR=0.9006  train_P@5=0.9058  train_P@10=0.6207  val_loss=0.1746  val_AUPR=0.5993  val_P@5=0.6356  val_P@10=0.4476
Ep039  LR0=5.00e-07  pw=1.11  aucα=0.400  token_p=0.010  dropE=(0.010,0.050)  smooth=0.010  train_loss=0.1432  train_AUPR=0.9033  train_P@5=0.9091  train_P@10=0.6223  val_loss=0.1738  val_AUPR=0.5983  val_P@5=0.6344  val_P@10=0.4472
Ep040  LR0=5.00e-07  pw=1.09  aucα=0.400  token_p=0.010  dropE=(0.010,0.050)  smooth=0.010  train_loss=0.1429  train_AUPR=0.9035  train_P@5=0.9096  train_P@10=0.6221  val_loss=0.1731  val_AUPR=0.5974  val_P@5=0.6346  val_P@10=0.4474
Ep041  LR0=5.00e-07  pw=1.08  aucα=0.400  token_p=0.010  dropE=(0.010,0.050)  smooth=0.010  train_loss=0.1424  train_AUPR=0.9036  train_P@5=0.9102  train_P@10=0.6224  val_loss=0.1724  val_AUPR=0.5966  val_P@5=0.6333  val_P@10=0.4474
Ep042  LR0=5.00e-07  pw=1.07  aucα=0.400  token_p=0.010  dropE=(0.010,0.050)  smooth=0.010  train_loss=0.1421  train_AUPR=0.9038  train_P@5=0.9106  train_P@10=0.6224  val_loss=0.1718  val_AUPR=0.5959  val_P@5=0.6319  val_P@10=0.4475
Ep043  LR0=5.00e-07  pw=1.06  aucα=0.400  token_p=0.010  dropE=(0.010,0.050)  smooth=0.010  train_loss=0.1413  train_AUPR=0.9040  train_P@5=0.9105  train_P@10=0.6227  val_loss=0.1712  val_AUPR=0.5953  val_P@5=0.6313  val_P@10=0.4474
Ep044  LR0=5.00e-07  pw=1.06  aucα=0.400  token_p=0.010  dropE=(0.010,0.050)  smooth=0.010  train_loss=0.1412  train_AUPR=0.9043  train_P@5=0.9109  train_P@10=0.6228  val_loss=0.1707  val_AUPR=0.5948  val_P@5=0.6311  val_P@10=0.4481
Ep045  LR0=5.00e-07  pw=1.05  aucα=0.400  token_p=0.010  dropE=(0.010,0.050)  smooth=0.010  train_loss=0.1402  train_AUPR=0.9043  train_P@5=0.9110  train_P@10=0.6226  val_loss=0.1703  val_AUPR=0.5942  val_P@5=0.6313  val_P@10=0.4483
Ep046  LR0=5.00e-07  pw=1.04  aucα=0.400  token_p=0.010  dropE=(0.010,0.050)  smooth=0.010  train_loss=0.1401  train_AUPR=0.9046  train_P@5=0.9115  train_P@10=0.6228  val_loss=0.1699  val_AUPR=0.5938  val_P@5=0.6309  val_P@10=0.4478
Ep047  LR0=5.00e-07  pw=1.04  aucα=0.400  token_p=0.010  dropE=(0.010,0.050)  smooth=0.010  train_loss=0.1400  train_AUPR=0.9047  train_P@5=0.9114  train_P@10=0.6227  val_loss=0.1696  val_AUPR=0.5934  val_P@5=0.6305  val_P@10=0.4476
Ep048  LR0=5.00e-07  pw=1.03  aucα=0.400  token_p=0.010  dropE=(0.010,0.050)  smooth=0.010  train_loss=0.1398  train_AUPR=0.9050  train_P@5=0.9115  train_P@10=0.6228  val_loss=0.1693  val_AUPR=0.5931  val_P@5=0.6303  val_P@10=0.4476
Ep049  LR0=5.00e-07  pw=1.03  aucα=0.400  token_p=0.010  dropE=(0.010,0.050)  smooth=0.010  train_loss=0.1396  train_AUPR=0.9051  train_P@5=0.9118  train_P@10=0.6230  val_loss=0.1690  val_AUPR=0.5928  val_P@5=0.6291  val_P@10=0.4477
Ep050  LR0=5.00e-07  pw=1.03  aucα=0.400  token_p=0.010  dropE=(0.010,0.050)  smooth=0.010  train_loss=0.1394  train_AUPR=0.9053  train_P@5=0.9118  train_P@10=0.6230  val_loss=0.1688  val_AUPR=0.5925  val_P@5=0.6289  val_P@10=0.4479
Ep051  LR0=5.00e-07  pw=1.02  aucα=0.400  token_p=0.010  dropE=(0.010,0.050)  smooth=0.010  train_loss=0.1381  train_AUPR=0.9054  train_P@5=0.9120  train_P@10=0.6230  val_loss=0.1686  val_AUPR=0.5922  val_P@5=0.6287  val_P@10=0.4477
Ep052  LR0=5.00e-07  pw=1.02  aucα=0.400  token_p=0.010  dropE=(0.010,0.050)  smooth=0.010  train_loss=0.1379  train_AUPR=0.9056  train_P@5=0.9122  train_P@10=0.6232  val_loss=0.1685  val_AUPR=0.5920  val_P@5=0.6279  val_P@10=0.4481
Ep053  LR0=5.00e-07  pw=1.02  aucα=0.400  token_p=0.010  dropE=(0.010,0.050)  smooth=0.010  train_loss=0.1393  train_AUPR=0.9057  train_P@5=0.9125  train_P@10=0.6232  val_loss=0.1683  val_AUPR=0.5917  val_P@5=0.6274  val_P@10=0.4479
Ep054  LR0=5.00e-07  pw=1.02  aucα=0.400  token_p=0.010  dropE=(0.010,0.050)  smooth=0.010  train_loss=0.1376  train_AUPR=0.9060  train_P@5=0.9126  train_P@10=0.6234  val_loss=0.1682  val_AUPR=0.5915  val_P@5=0.6266  val_P@10=0.4480
Ep055  LR0=5.00e-07  pw=1.01  aucα=0.400  token_p=0.010  dropE=(0.010,0.050)  smooth=0.010  train_loss=0.1372  train_AUPR=0.9061  train_P@5=0.9123  train_P@10=0.6232  val_loss=0.1682  val_AUPR=0.5913  val_P@5=0.6260  val_P@10=0.4479
Ep056  LR0=5.00e-07  pw=1.01  aucα=0.400  token_p=0.010  dropE=(0.010,0.050)  smooth=0.010  train_loss=0.1386  train_AUPR=0.9061  train_P@5=0.9122  train_P@10=0.6234  val_loss=0.1681  val_AUPR=0.5911  val_P@5=0.6258  val_P@10=0.4479
Ep057  LR0=5.00e-07  pw=1.01  aucα=0.400  token_p=0.010  dropE=(0.010,0.050)  smooth=0.010  train_loss=0.1371  train_AUPR=0.9061  train_P@5=0.9123  train_P@10=0.6234  val_loss=0.1680  val_AUPR=0.5909  val_P@5=0.6258  val_P@10=0.4482
Ep058  LR0=5.00e-07  pw=1.01  aucα=0.400  token_p=0.010  dropE=(0.010,0.050)  smooth=0.010  train_loss=0.1380  train_AUPR=0.9064  train_P@5=0.9128  train_P@10=0.6236  val_loss=0.1680  val_AUPR=0.5907  val_P@5=0.6256  val_P@10=0.4481
Ep059  LR0=5.00e-07  pw=1.01  aucα=0.400  token_p=0.010  dropE=(0.010,0.050)  smooth=0.010  train_loss=0.1384  train_AUPR=0.9067  train_P@5=0.9136  train_P@10=0.6237  val_loss=0.1680  val_AUPR=0.5905  val_P@5=0.6258  val_P@10=0.4480
Ep060  LR0=5.00e-07  pw=1.01  aucα=0.400  token_p=0.010  dropE=(0.010,0.050)  smooth=0.010  train_loss=0.1380  train_AUPR=0.9068  train_P@5=0.9136  train_P@10=0.6238  val_loss=0.1679  val_AUPR=0.5904  val_P@5=0.6254  val_P@10=0.4482
Ep061  LR0=5.00e-07  pw=1.01  aucα=0.400  token_p=0.010  dropE=(0.010,0.050)  smooth=0.010  train_loss=0.1380  train_AUPR=0.9069  train_P@5=0.9136  train_P@10=0.6238  val_loss=0.1679  val_AUPR=0.5902  val_P@5=0.6252  val_P@10=0.4482
Ep062  LR0=5.00e-07  pw=1.01  aucα=0.400  token_p=0.010  dropE=(0.010,0.050)  smooth=0.010  train_loss=0.1366  train_AUPR=0.9071  train_P@5=0.9139  train_P@10=0.6241  val_loss=0.1679  val_AUPR=0.5900  val_P@5=0.6248  val_P@10=0.4482
Ep063  LR0=5.00e-07  pw=1.01  aucα=0.400  token_p=0.010  dropE=(0.010,0.050)  smooth=0.010  train_loss=0.1375  train_AUPR=0.9071  train_P@5=0.9141  train_P@10=0.6242  val_loss=0.1679  val_AUPR=0.5899  val_P@5=0.6242  val_P@10=0.4483
Ep064  LR0=5.00e-07  pw=1.00  aucα=0.400  token_p=0.010  dropE=(0.010,0.050)  smooth=0.010  train_loss=0.1378  train_AUPR=0.9072  train_P@5=0.9139  train_P@10=0.6241  val_loss=0.1679  val_AUPR=0.5897  val_P@5=0.6240  val_P@10=0.4480
Ep065  LR0=5.00e-07  pw=1.00  aucα=0.400  token_p=0.010  dropE=(0.010,0.050)  smooth=0.010  train_loss=0.1376  train_AUPR=0.9072  train_P@5=0.9138  train_P@10=0.6242  val_loss=0.1679  val_AUPR=0.5896  val_P@5=0.6242  val_P@10=0.4479
Ep066  LR0=5.00e-07  pw=1.00  aucα=0.400  token_p=0.010  dropE=(0.010,0.050)  smooth=0.010  train_loss=0.1361  train_AUPR=0.9075  train_P@5=0.9137  train_P@10=0.6245  val_loss=0.1679  val_AUPR=0.5894  val_P@5=0.6244  val_P@10=0.4477
Ep067  LR0=5.00e-07  pw=1.00  aucα=0.400  token_p=0.010  dropE=(0.010,0.050)  smooth=0.010  train_loss=0.1371  train_AUPR=0.9077  train_P@5=0.9143  train_P@10=0.6245  val_loss=0.1679  val_AUPR=0.5893  val_P@5=0.6246  val_P@10=0.4476
Ep068  LR0=5.00e-07  pw=1.00  aucα=0.400  token_p=0.010  dropE=(0.010,0.050)  smooth=0.010  train_loss=0.1362  train_AUPR=0.9077  train_P@5=0.9143  train_P@10=0.6244  val_loss=0.1680  val_AUPR=0.5891  val_P@5=0.6244  val_P@10=0.4476
Ep069  LR0=5.00e-07  pw=1.00  aucα=0.400  token_p=0.010  dropE=(0.010,0.050)  smooth=0.010  train_loss=0.1376  train_AUPR=0.9081  train_P@5=0.9149  train_P@10=0.6246  val_loss=0.1680  val_AUPR=0.5890  val_P@5=0.6246  val_P@10=0.4476
Ep070  LR0=5.00e-07  pw=1.00  aucα=0.400  token_p=0.010  dropE=(0.010,0.050)  smooth=0.010  train_loss=0.1359  train_AUPR=0.9081  train_P@5=0.9150  train_P@10=0.6246  val_loss=0.1680  val_AUPR=0.5889  val_P@5=0.6244  val_P@10=0.4476
Ep071  LR0=5.00e-07  pw=1.00  aucα=0.400  token_p=0.010  dropE=(0.010,0.050)  smooth=0.010  train_loss=0.1364  train_AUPR=0.9083  train_P@5=0.9149  train_P@10=0.6248  val_loss=0.1680  val_AUPR=0.5889  val_P@5=0.6242  val_P@10=0.4477
Ep072  LR0=5.00e-07  pw=1.00  aucα=0.400  token_p=0.010  dropE=(0.010,0.050)  smooth=0.010  train_loss=0.1356  train_AUPR=0.9082  train_P@5=0.9151  train_P@10=0.6245  val_loss=0.1681  val_AUPR=0.5887  val_P@5=0.6244  val_P@10=0.4476
Ep073  LR0=5.00e-07  pw=1.00  aucα=0.400  token_p=0.010  dropE=(0.010,0.050)  smooth=0.010  train_loss=0.1353  train_AUPR=0.9084  train_P@5=0.9152  train_P@10=0.6247  val_loss=0.1681  val_AUPR=0.5886  val_P@5=0.6246  val_P@10=0.4477
Ep074  LR0=5.00e-07  pw=1.00  aucα=0.400  token_p=0.010  dropE=(0.010,0.050)  smooth=0.010  train_loss=0.1366  train_AUPR=0.9085  train_P@5=0.9150  train_P@10=0.6248  val_loss=0.1681  val_AUPR=0.5885  val_P@5=0.6244  val_P@10=0.4478
Ep075  LR0=5.00e-07  pw=1.00  aucα=0.400  token_p=0.010  dropE=(0.010,0.050)  smooth=0.010  train_loss=0.1365  train_AUPR=0.9088  train_P@5=0.9157  train_P@10=0.6249  val_loss=0.1682  val_AUPR=0.5884  val_P@5=0.6244  val_P@10=0.4478
Ep076  LR0=5.00e-07  pw=1.00  aucα=0.400  token_p=0.010  dropE=(0.010,0.050)  smooth=0.010  train_loss=0.1359  train_AUPR=0.9088  train_P@5=0.9154  train_P@10=0.6249  val_loss=0.1682  val_AUPR=0.5883  val_P@5=0.6246  val_P@10=0.4479
Ep077  LR0=5.00e-07  pw=1.00  aucα=0.400  token_p=0.010  dropE=(0.010,0.050)  smooth=0.010  train_loss=0.1369  train_AUPR=0.9089  train_P@5=0.9158  train_P@10=0.6252  val_loss=0.1682  val_AUPR=0.5882  val_P@5=0.6246  val_P@10=0.4479
Ep078  LR0=5.00e-07  pw=1.00  aucα=0.400  token_p=0.010  dropE=(0.010,0.050)  smooth=0.010  train_loss=0.1355  train_AUPR=0.9090  train_P@5=0.9157  train_P@10=0.6251  val_loss=0.1683  val_AUPR=0.5881  val_P@5=0.6244  val_P@10=0.4478
Early stop triggered: neither val_AUPR nor val_loss improved for 20 epochs.
Saved iPara_l1_g8_i6_do0.10_dpr0.10_lr0.0002_heads16_fold3.pth  (best val AUPR=0.6148)
Saved iPara_l1_g8_i6_do0.10_dpr0.10_lr0.0002_heads16_fold3_best_aupr.pth
Saved iPara_l1_g8_i6_do0.10_dpr0.10_lr0.0002_heads16_fold3_best_loss.pth  (best val loss=0.1680)

── Fold 4/5
Train labels: pos=26560, neg=372298, ignore=700342, pos_rate=0.066590
Val labels: pos=6670, neg=94664, ignore=172266, pos_rate=0.065822
Initializing ClassificationModel with 8 GAT layers and residual connections...
Initializing MCModel with 8 GAT layers and 6 row attention layers (drop_path_rate=0.1)
Initializing CoreModel with 1 layers, drop_path_rate=0.1
Ep000  LR0=2.00e-05  pw=15.00  aucα=0.000  token_p=0.000  dropE=(0.000,0.000)  smooth=0.000  train_loss=0.5497  train_AUPR=0.3836  train_P@5=0.4538  train_P@10=0.3413  val_loss=0.4926  val_AUPR=0.3707  val_P@5=0.4416  val_P@10=0.3433
Ep001  LR0=3.00e-05  pw=13.35  aucα=0.000  token_p=0.000  dropE=(0.000,0.000)  smooth=0.000  train_loss=0.4788  train_AUPR=0.4291  train_P@5=0.5087  train_P@10=0.3739  val_loss=0.4795  val_AUPR=0.4166  val_P@5=0.4984  val_P@10=0.3629
Ep002  LR0=4.00e-05  pw=11.90  aucα=0.000  token_p=0.000  dropE=(0.000,0.000)  smooth=0.000  train_loss=0.4508  train_AUPR=0.4860  train_P@5=0.5609  train_P@10=0.4018  val_loss=0.4453  val_AUPR=0.4638  val_P@5=0.5456  val_P@10=0.3908
Ep003  LR0=5.00e-05  pw=10.62  aucα=0.000  token_p=0.000  dropE=(0.000,0.000)  smooth=0.000  train_loss=0.4252  train_AUPR=0.5228  train_P@5=0.5838  train_P@10=0.4163  val_loss=0.4211  val_AUPR=0.5074  val_P@5=0.5762  val_P@10=0.4098
Ep004  LR0=6.00e-05  pw=9.49  aucα=0.057  token_p=0.000  dropE=(0.000,0.000)  smooth=0.000  train_loss=0.4244  train_AUPR=0.5355  train_P@5=0.5950  train_P@10=0.4251  val_loss=0.4265  val_AUPR=0.5107  val_P@5=0.5867  val_P@10=0.4165
Ep005  LR0=7.00e-05  pw=8.49  aucα=0.114  token_p=0.000  dropE=(0.000,0.000)  smooth=0.000  train_loss=0.4186  train_AUPR=0.5617  train_P@5=0.6108  train_P@10=0.4379  val_loss=0.3929  val_AUPR=0.5415  val_P@5=0.5975  val_P@10=0.4241
Ep006  LR0=8.00e-05  pw=7.61  aucα=0.171  token_p=0.001  dropE=(0.001,0.005)  smooth=0.001  train_loss=0.4137  train_AUPR=0.5673  train_P@5=0.6172  train_P@10=0.4394  val_loss=0.4073  val_AUPR=0.5393  val_P@5=0.6023  val_P@10=0.4193
Ep007  LR0=9.00e-05  pw=6.84  aucα=0.229  token_p=0.002  dropE=(0.002,0.010)  smooth=0.002  train_loss=0.4123  train_AUPR=0.5820  train_P@5=0.6252  train_P@10=0.4452  val_loss=0.3756  val_AUPR=0.5541  val_P@5=0.6048  val_P@10=0.4245
Ep008  LR0=1.00e-04  pw=6.15  aucα=0.286  token_p=0.003  dropE=(0.003,0.015)  smooth=0.003  train_loss=0.4051  train_AUPR=0.5895  train_P@5=0.6288  train_P@10=0.4469  val_loss=0.3952  val_AUPR=0.5539  val_P@5=0.6088  val_P@10=0.4248
Ep009  LR0=1.00e-04  pw=5.55  aucα=0.343  token_p=0.004  dropE=(0.004,0.020)  smooth=0.004  train_loss=0.4028  train_AUPR=0.6169  train_P@5=0.6480  train_P@10=0.4648  val_loss=0.3482  val_AUPR=0.5868  val_P@5=0.6267  val_P@10=0.4437
[Info] Unfroze 'dym' params after warmup (epoch=10). Added core=62 tensors, other=0 tensors.
Ep010  LR0=2.00e-05  pw=5.01  aucα=0.400  token_p=0.005  dropE=(0.005,0.025)  smooth=0.005  train_loss=0.3820  train_AUPR=0.6335  train_P@5=0.6617  train_P@10=0.4739  val_loss=0.3411  val_AUPR=0.5968  val_P@5=0.6411  val_P@10=0.4484
Ep011  LR0=3.00e-05  pw=4.54  aucα=0.400  token_p=0.006  dropE=(0.006,0.030)  smooth=0.006  train_loss=0.3708  train_AUPR=0.6430  train_P@5=0.6720  train_P@10=0.4789  val_loss=0.3208  val_AUPR=0.6044  val_P@5=0.6520  val_P@10=0.4540
Ep012  LR0=4.00e-05  pw=4.12  aucα=0.400  token_p=0.007  dropE=(0.007,0.035)  smooth=0.007  train_loss=0.3619  train_AUPR=0.6429  train_P@5=0.6701  train_P@10=0.4771  val_loss=0.3227  val_AUPR=0.5997  val_P@5=0.6433  val_P@10=0.4487
Ep013  LR0=5.00e-05  pw=3.76  aucα=0.400  token_p=0.008  dropE=(0.008,0.040)  smooth=0.008  train_loss=0.3557  train_AUPR=0.6534  train_P@5=0.6800  train_P@10=0.4845  val_loss=0.3058  val_AUPR=0.6023  val_P@5=0.6378  val_P@10=0.4512
Ep014  LR0=6.00e-05  pw=3.43  aucα=0.400  token_p=0.009  dropE=(0.009,0.045)  smooth=0.009  train_loss=0.3468  train_AUPR=0.6603  train_P@5=0.6839  train_P@10=0.4880  val_loss=0.2891  val_AUPR=0.6031  val_P@5=0.6423  val_P@10=0.4562
Ep015  LR0=7.00e-05  pw=3.15  aucα=0.400  token_p=0.010  dropE=(0.010,0.050)  smooth=0.010  train_loss=0.3382  train_AUPR=0.6645  train_P@5=0.6856  train_P@10=0.4895  val_loss=0.2831  val_AUPR=0.6043  val_P@5=0.6409  val_P@10=0.4509
Ep016  LR0=8.00e-05  pw=2.89  aucα=0.400  token_p=0.010  dropE=(0.010,0.050)  smooth=0.010  train_loss=0.3297  train_AUPR=0.6639  train_P@5=0.6911  train_P@10=0.4860  val_loss=0.2766  val_AUPR=0.6022  val_P@5=0.6484  val_P@10=0.4490
Ep017  LR0=9.00e-05  pw=2.67  aucα=0.400  token_p=0.010  dropE=(0.010,0.050)  smooth=0.010  train_loss=0.3237  train_AUPR=0.6669  train_P@5=0.6924  train_P@10=0.4909  val_loss=0.2642  val_AUPR=0.5938  val_P@5=0.6415  val_P@10=0.4509
Ep018  LR0=1.00e-04  pw=2.48  aucα=0.400  token_p=0.010  dropE=(0.010,0.050)  smooth=0.010  train_loss=0.3139  train_AUPR=0.6694  train_P@5=0.6892  train_P@10=0.4932  val_loss=0.2550  val_AUPR=0.5940  val_P@5=0.6421  val_P@10=0.4458
Ep019  LR0=1.00e-04  pw=2.30  aucα=0.400  token_p=0.010  dropE=(0.010,0.050)  smooth=0.010  train_loss=0.3059  train_AUPR=0.6814  train_P@5=0.7040  train_P@10=0.4987  val_loss=0.2417  val_AUPR=0.6131  val_P@5=0.6609  val_P@10=0.4546
Ep020  LR0=1.00e-04  pw=2.15  aucα=0.400  token_p=0.010  dropE=(0.010,0.050)  smooth=0.010  train_loss=0.2983  train_AUPR=0.6872  train_P@5=0.7046  train_P@10=0.5049  val_loss=0.2323  val_AUPR=0.6148  val_P@5=0.6605  val_P@10=0.4531
Ep021  LR0=9.99e-05  pw=2.01  aucα=0.400  token_p=0.010  dropE=(0.010,0.050)  smooth=0.010  train_loss=0.2876  train_AUPR=0.7031  train_P@5=0.7190  train_P@10=0.5115  val_loss=0.2285  val_AUPR=0.6134  val_P@5=0.6630  val_P@10=0.4538
Ep022  LR0=9.97e-05  pw=1.89  aucα=0.400  token_p=0.010  dropE=(0.010,0.050)  smooth=0.010  train_loss=0.2775  train_AUPR=0.7230  train_P@5=0.7403  train_P@10=0.5216  val_loss=0.2203  val_AUPR=0.6117  val_P@5=0.6632  val_P@10=0.4529
Ep023  LR0=9.95e-05  pw=1.79  aucα=0.400  token_p=0.010  dropE=(0.010,0.050)  smooth=0.010  train_loss=0.2690  train_AUPR=0.7190  train_P@5=0.7336  train_P@10=0.5211  val_loss=0.2197  val_AUPR=0.6003  val_P@5=0.6413  val_P@10=0.4544
Ep024  LR0=9.92e-05  pw=1.70  aucα=0.400  token_p=0.010  dropE=(0.010,0.050)  smooth=0.010  train_loss=0.2620  train_AUPR=0.7400  train_P@5=0.7555  train_P@10=0.5286  val_loss=0.2118  val_AUPR=0.6066  val_P@5=0.6435  val_P@10=0.4488
Ep025  LR0=9.89e-05  pw=1.62  aucα=0.400  token_p=0.010  dropE=(0.010,0.050)  smooth=0.010  train_loss=0.2514  train_AUPR=0.7485  train_P@5=0.7572  train_P@10=0.5367  val_loss=0.2107  val_AUPR=0.5969  val_P@5=0.6309  val_P@10=0.4505
Ep026  LR0=9.85e-05  pw=1.54  aucα=0.400  token_p=0.010  dropE=(0.010,0.050)  smooth=0.010  train_loss=0.2461  train_AUPR=0.7646  train_P@5=0.7762  train_P@10=0.5426  val_loss=0.2032  val_AUPR=0.6062  val_P@5=0.6457  val_P@10=0.4492
Ep027  LR0=9.81e-05  pw=1.48  aucα=0.400  token_p=0.010  dropE=(0.010,0.050)  smooth=0.010  train_loss=0.2370  train_AUPR=0.7755  train_P@5=0.7860  train_P@10=0.5522  val_loss=0.1961  val_AUPR=0.6092  val_P@5=0.6548  val_P@10=0.4599
Ep028  LR0=9.76e-05  pw=1.42  aucα=0.400  token_p=0.010  dropE=(0.010,0.050)  smooth=0.010  train_loss=0.2276  train_AUPR=0.7904  train_P@5=0.7981  train_P@10=0.5590  val_loss=0.1921  val_AUPR=0.6183  val_P@5=0.6555  val_P@10=0.4579
Ep029  LR0=9.70e-05  pw=1.37  aucα=0.400  token_p=0.010  dropE=(0.010,0.050)  smooth=0.010  train_loss=0.2214  train_AUPR=0.7973  train_P@5=0.8067  train_P@10=0.5633  val_loss=0.1873  val_AUPR=0.6243  val_P@5=0.6680  val_P@10=0.4573
Ep030  LR0=9.46e-05  pw=1.33  aucα=0.400  token_p=0.010  dropE=(0.010,0.050)  smooth=0.010  train_loss=0.2139  train_AUPR=0.8072  train_P@5=0.8133  train_P@10=0.5702  val_loss=0.1852  val_AUPR=0.6196  val_P@5=0.6670  val_P@10=0.4561
Ep031  LR0=8.78e-05  pw=1.29  aucα=0.400  token_p=0.010  dropE=(0.010,0.050)  smooth=0.010  train_loss=0.2056  train_AUPR=0.8178  train_P@5=0.8233  train_P@10=0.5747  val_loss=0.1798  val_AUPR=0.6286  val_P@5=0.6690  val_P@10=0.4598
Ep032  LR0=7.71e-05  pw=1.26  aucα=0.400  token_p=0.010  dropE=(0.010,0.050)  smooth=0.010  train_loss=0.1986  train_AUPR=0.8331  train_P@5=0.8390  train_P@10=0.5846  val_loss=0.1781  val_AUPR=0.6296  val_P@5=0.6723  val_P@10=0.4599
Ep033  LR0=6.37e-05  pw=1.23  aucα=0.400  token_p=0.010  dropE=(0.010,0.050)  smooth=0.010  train_loss=0.1892  train_AUPR=0.8437  train_P@5=0.8480  train_P@10=0.5893  val_loss=0.1768  val_AUPR=0.6261  val_P@5=0.6676  val_P@10=0.4599
Ep034  LR0=4.87e-05  pw=1.20  aucα=0.400  token_p=0.010  dropE=(0.010,0.050)  smooth=0.010  train_loss=0.1795  train_AUPR=0.8563  train_P@5=0.8596  train_P@10=0.5980  val_loss=0.1753  val_AUPR=0.6259  val_P@5=0.6668  val_P@10=0.4607
Ep035  LR0=3.38e-05  pw=1.18  aucα=0.400  token_p=0.010  dropE=(0.010,0.050)  smooth=0.010  train_loss=0.1688  train_AUPR=0.8736  train_P@5=0.8779  train_P@10=0.6069  val_loss=0.1741  val_AUPR=0.6246  val_P@5=0.6650  val_P@10=0.4610
Ep036  LR0=2.04e-05  pw=1.16  aucα=0.400  token_p=0.010  dropE=(0.010,0.050)  smooth=0.010  train_loss=0.1601  train_AUPR=0.8882  train_P@5=0.8942  train_P@10=0.6141  val_loss=0.1730  val_AUPR=0.6231  val_P@5=0.6627  val_P@10=0.4603
Ep037  LR0=9.71e-06  pw=1.14  aucα=0.400  token_p=0.010  dropE=(0.010,0.050)  smooth=0.010  train_loss=0.1525  train_AUPR=0.8945  train_P@5=0.8987  train_P@10=0.6200  val_loss=0.1722  val_AUPR=0.6219  val_P@5=0.6611  val_P@10=0.4600
Ep038  LR0=2.86e-06  pw=1.12  aucα=0.400  token_p=0.010  dropE=(0.010,0.050)  smooth=0.010  train_loss=0.1478  train_AUPR=0.9024  train_P@5=0.9079  train_P@10=0.6231  val_loss=0.1715  val_AUPR=0.6207  val_P@5=0.6605  val_P@10=0.4593
Ep039  LR0=5.00e-07  pw=1.11  aucα=0.400  token_p=0.010  dropE=(0.010,0.050)  smooth=0.010  train_loss=0.1421  train_AUPR=0.9043  train_P@5=0.9109  train_P@10=0.6238  val_loss=0.1709  val_AUPR=0.6198  val_P@5=0.6579  val_P@10=0.4589
Ep040  LR0=5.00e-07  pw=1.09  aucα=0.400  token_p=0.010  dropE=(0.010,0.050)  smooth=0.010  train_loss=0.1424  train_AUPR=0.9048  train_P@5=0.9107  train_P@10=0.6239  val_loss=0.1702  val_AUPR=0.6188  val_P@5=0.6577  val_P@10=0.4589
Ep041  LR0=5.00e-07  pw=1.08  aucα=0.400  token_p=0.010  dropE=(0.010,0.050)  smooth=0.010  train_loss=0.1419  train_AUPR=0.9053  train_P@5=0.9116  train_P@10=0.6241  val_loss=0.1697  val_AUPR=0.6180  val_P@5=0.6575  val_P@10=0.4583
Ep042  LR0=5.00e-07  pw=1.07  aucα=0.400  token_p=0.010  dropE=(0.010,0.050)  smooth=0.010  train_loss=0.1409  train_AUPR=0.9054  train_P@5=0.9116  train_P@10=0.6241  val_loss=0.1692  val_AUPR=0.6172  val_P@5=0.6577  val_P@10=0.4578
Ep043  LR0=5.00e-07  pw=1.06  aucα=0.400  token_p=0.010  dropE=(0.010,0.050)  smooth=0.010  train_loss=0.1402  train_AUPR=0.9058  train_P@5=0.9123  train_P@10=0.6245  val_loss=0.1687  val_AUPR=0.6165  val_P@5=0.6579  val_P@10=0.4569
Ep044  LR0=5.00e-07  pw=1.06  aucα=0.400  token_p=0.010  dropE=(0.010,0.050)  smooth=0.010  train_loss=0.1403  train_AUPR=0.9060  train_P@5=0.9126  train_P@10=0.6245  val_loss=0.1683  val_AUPR=0.6159  val_P@5=0.6581  val_P@10=0.4572
Ep045  LR0=5.00e-07  pw=1.05  aucα=0.400  token_p=0.010  dropE=(0.010,0.050)  smooth=0.010  train_loss=0.1389  train_AUPR=0.9061  train_P@5=0.9129  train_P@10=0.6245  val_loss=0.1679  val_AUPR=0.6153  val_P@5=0.6581  val_P@10=0.4573
Ep046  LR0=5.00e-07  pw=1.04  aucα=0.400  token_p=0.010  dropE=(0.010,0.050)  smooth=0.010  train_loss=0.1390  train_AUPR=0.9062  train_P@5=0.9130  train_P@10=0.6246  val_loss=0.1676  val_AUPR=0.6148  val_P@5=0.6573  val_P@10=0.4567
Ep047  LR0=5.00e-07  pw=1.04  aucα=0.400  token_p=0.010  dropE=(0.010,0.050)  smooth=0.010  train_loss=0.1389  train_AUPR=0.9062  train_P@5=0.9132  train_P@10=0.6244  val_loss=0.1673  val_AUPR=0.6143  val_P@5=0.6565  val_P@10=0.4562
Ep048  LR0=5.00e-07  pw=1.03  aucα=0.400  token_p=0.010  dropE=(0.010,0.050)  smooth=0.010  train_loss=0.1389  train_AUPR=0.9063  train_P@5=0.9131  train_P@10=0.6246  val_loss=0.1671  val_AUPR=0.6137  val_P@5=0.6561  val_P@10=0.4563
Ep049  LR0=5.00e-07  pw=1.03  aucα=0.400  token_p=0.010  dropE=(0.010,0.050)  smooth=0.010  train_loss=0.1390  train_AUPR=0.9068  train_P@5=0.9137  train_P@10=0.6247  val_loss=0.1669  val_AUPR=0.6133  val_P@5=0.6553  val_P@10=0.4557
Ep050  LR0=5.00e-07  pw=1.03  aucα=0.400  token_p=0.010  dropE=(0.010,0.050)  smooth=0.010  train_loss=0.1378  train_AUPR=0.9070  train_P@5=0.9142  train_P@10=0.6248  val_loss=0.1667  val_AUPR=0.6129  val_P@5=0.6546  val_P@10=0.4554
Ep051  LR0=5.00e-07  pw=1.02  aucα=0.400  token_p=0.010  dropE=(0.010,0.050)  smooth=0.010  train_loss=0.1374  train_AUPR=0.9072  train_P@5=0.9144  train_P@10=0.6250  val_loss=0.1666  val_AUPR=0.6126  val_P@5=0.6544  val_P@10=0.4557
Ep052  LR0=5.00e-07  pw=1.02  aucα=0.400  token_p=0.010  dropE=(0.010,0.050)  smooth=0.010  train_loss=0.1372  train_AUPR=0.9072  train_P@5=0.9144  train_P@10=0.6252  val_loss=0.1664  val_AUPR=0.6122  val_P@5=0.6540  val_P@10=0.4557
Ep053  LR0=5.00e-07  pw=1.02  aucα=0.400  token_p=0.010  dropE=(0.010,0.050)  smooth=0.010  train_loss=0.1369  train_AUPR=0.9074  train_P@5=0.9140  train_P@10=0.6249  val_loss=0.1664  val_AUPR=0.6118  val_P@5=0.6542  val_P@10=0.4556
Ep054  LR0=5.00e-07  pw=1.02  aucα=0.400  token_p=0.010  dropE=(0.010,0.050)  smooth=0.010  train_loss=0.1383  train_AUPR=0.9076  train_P@5=0.9148  train_P@10=0.6250  val_loss=0.1663  val_AUPR=0.6115  val_P@5=0.6536  val_P@10=0.4554
Ep055  LR0=5.00e-07  pw=1.01  aucα=0.400  token_p=0.010  dropE=(0.010,0.050)  smooth=0.010  train_loss=0.1370  train_AUPR=0.9077  train_P@5=0.9150  train_P@10=0.6250  val_loss=0.1662  val_AUPR=0.6113  val_P@5=0.6534  val_P@10=0.4555
Ep056  LR0=5.00e-07  pw=1.01  aucα=0.400  token_p=0.010  dropE=(0.010,0.050)  smooth=0.010  train_loss=0.1374  train_AUPR=0.9079  train_P@5=0.9152  train_P@10=0.6252  val_loss=0.1662  val_AUPR=0.6110  val_P@5=0.6528  val_P@10=0.4556
Ep057  LR0=5.00e-07  pw=1.01  aucα=0.400  token_p=0.010  dropE=(0.010,0.050)  smooth=0.010  train_loss=0.1364  train_AUPR=0.9080  train_P@5=0.9154  train_P@10=0.6251  val_loss=0.1661  val_AUPR=0.6107  val_P@5=0.6528  val_P@10=0.4554
Ep058  LR0=5.00e-07  pw=1.01  aucα=0.400  token_p=0.010  dropE=(0.010,0.050)  smooth=0.010  train_loss=0.1365  train_AUPR=0.9082  train_P@5=0.9151  train_P@10=0.6253  val_loss=0.1661  val_AUPR=0.6105  val_P@5=0.6528  val_P@10=0.4553
Ep059  LR0=5.00e-07  pw=1.01  aucα=0.400  token_p=0.010  dropE=(0.010,0.050)  smooth=0.010  train_loss=0.1365  train_AUPR=0.9083  train_P@5=0.9153  train_P@10=0.6254  val_loss=0.1661  val_AUPR=0.6102  val_P@5=0.6526  val_P@10=0.4553
Ep060  LR0=5.00e-07  pw=1.01  aucα=0.400  token_p=0.010  dropE=(0.010,0.050)  smooth=0.010  train_loss=0.1360  train_AUPR=0.9083  train_P@5=0.9151  train_P@10=0.6253  val_loss=0.1661  val_AUPR=0.6100  val_P@5=0.6520  val_P@10=0.4553
Ep061  LR0=5.00e-07  pw=1.01  aucα=0.400  token_p=0.010  dropE=(0.010,0.050)  smooth=0.010  train_loss=0.1358  train_AUPR=0.9084  train_P@5=0.9159  train_P@10=0.6255  val_loss=0.1661  val_AUPR=0.6097  val_P@5=0.6524  val_P@10=0.4553
Ep062  LR0=5.00e-07  pw=1.01  aucα=0.400  token_p=0.010  dropE=(0.010,0.050)  smooth=0.010  train_loss=0.1371  train_AUPR=0.9084  train_P@5=0.9156  train_P@10=0.6253  val_loss=0.1661  val_AUPR=0.6095  val_P@5=0.6518  val_P@10=0.4554
Ep063  LR0=5.00e-07  pw=1.01  aucα=0.400  token_p=0.010  dropE=(0.010,0.050)  smooth=0.010  train_loss=0.1369  train_AUPR=0.9086  train_P@5=0.9158  train_P@10=0.6255  val_loss=0.1661  val_AUPR=0.6093  val_P@5=0.6516  val_P@10=0.4555
Ep064  LR0=5.00e-07  pw=1.00  aucα=0.400  token_p=0.010  dropE=(0.010,0.050)  smooth=0.010  train_loss=0.1363  train_AUPR=0.9088  train_P@5=0.9158  train_P@10=0.6256  val_loss=0.1662  val_AUPR=0.6091  val_P@5=0.6512  val_P@10=0.4555
Ep065  LR0=5.00e-07  pw=1.00  aucα=0.400  token_p=0.010  dropE=(0.010,0.050)  smooth=0.010  train_loss=0.1364  train_AUPR=0.9089  train_P@5=0.9160  train_P@10=0.6257  val_loss=0.1662  val_AUPR=0.6088  val_P@5=0.6506  val_P@10=0.4552
Ep066  LR0=5.00e-07  pw=1.00  aucα=0.400  token_p=0.010  dropE=(0.010,0.050)  smooth=0.010  train_loss=0.1352  train_AUPR=0.9091  train_P@5=0.9162  train_P@10=0.6259  val_loss=0.1662  val_AUPR=0.6086  val_P@5=0.6506  val_P@10=0.4553
Ep067  LR0=5.00e-07  pw=1.00  aucα=0.400  token_p=0.010  dropE=(0.010,0.050)  smooth=0.010  train_loss=0.1359  train_AUPR=0.9093  train_P@5=0.9166  train_P@10=0.6258  val_loss=0.1663  val_AUPR=0.6084  val_P@5=0.6508  val_P@10=0.4552
Ep068  LR0=5.00e-07  pw=1.00  aucα=0.400  token_p=0.010  dropE=(0.010,0.050)  smooth=0.010  train_loss=0.1349  train_AUPR=0.9093  train_P@5=0.9161  train_P@10=0.6258  val_loss=0.1663  val_AUPR=0.6082  val_P@5=0.6508  val_P@10=0.4552
Ep069  LR0=5.00e-07  pw=1.00  aucα=0.400  token_p=0.010  dropE=(0.010,0.050)  smooth=0.010  train_loss=0.1356  train_AUPR=0.9093  train_P@5=0.9166  train_P@10=0.6259  val_loss=0.1663  val_AUPR=0.6080  val_P@5=0.6508  val_P@10=0.4553
Ep070  LR0=5.00e-07  pw=1.00  aucα=0.400  token_p=0.010  dropE=(0.010,0.050)  smooth=0.010  train_loss=0.1352  train_AUPR=0.9096  train_P@5=0.9174  train_P@10=0.6259  val_loss=0.1664  val_AUPR=0.6079  val_P@5=0.6504  val_P@10=0.4551
Ep071  LR0=5.00e-07  pw=1.00  aucα=0.400  token_p=0.010  dropE=(0.010,0.050)  smooth=0.010  train_loss=0.1350  train_AUPR=0.9098  train_P@5=0.9170  train_P@10=0.6260  val_loss=0.1664  val_AUPR=0.6077  val_P@5=0.6502  val_P@10=0.4551
Ep072  LR0=5.00e-07  pw=1.00  aucα=0.400  token_p=0.010  dropE=(0.010,0.050)  smooth=0.010  train_loss=0.1358  train_AUPR=0.9098  train_P@5=0.9172  train_P@10=0.6263  val_loss=0.1665  val_AUPR=0.6075  val_P@5=0.6500  val_P@10=0.4551
Ep073  LR0=5.00e-07  pw=1.00  aucα=0.400  token_p=0.010  dropE=(0.010,0.050)  smooth=0.010  train_loss=0.1345  train_AUPR=0.9102  train_P@5=0.9174  train_P@10=0.6264  val_loss=0.1665  val_AUPR=0.6074  val_P@5=0.6496  val_P@10=0.4549
Ep074  LR0=5.00e-07  pw=1.00  aucα=0.400  token_p=0.010  dropE=(0.010,0.050)  smooth=0.010  train_loss=0.1359  train_AUPR=0.9103  train_P@5=0.9175  train_P@10=0.6264  val_loss=0.1666  val_AUPR=0.6072  val_P@5=0.6494  val_P@10=0.4550
Ep075  LR0=5.00e-07  pw=1.00  aucα=0.400  token_p=0.010  dropE=(0.010,0.050)  smooth=0.010  train_loss=0.1365  train_AUPR=0.9104  train_P@5=0.9177  train_P@10=0.6263  val_loss=0.1666  val_AUPR=0.6071  val_P@5=0.6494  val_P@10=0.4549
Ep076  LR0=5.00e-07  pw=1.00  aucα=0.400  token_p=0.010  dropE=(0.010,0.050)  smooth=0.010  train_loss=0.1349  train_AUPR=0.9104  train_P@5=0.9176  train_P@10=0.6264  val_loss=0.1666  val_AUPR=0.6070  val_P@5=0.6496  val_P@10=0.4549
Early stop triggered: neither val_AUPR nor val_loss improved for 20 epochs.
Saved iPara_l1_g8_i6_do0.10_dpr0.10_lr0.0002_heads16_fold4.pth  (best val AUPR=0.6296)
Saved iPara_l1_g8_i6_do0.10_dpr0.10_lr0.0002_heads16_fold4_best_aupr.pth
Saved iPara_l1_g8_i6_do0.10_dpr0.10_lr0.0002_heads16_fold4_best_loss.pth  (best val loss=0.1662)

── Fold 5/5
Train labels: pos=26617, neg=373043, ignore=699540, pos_rate=0.066599
Val labels: pos=6613, neg=93919, ignore=173068, pos_rate=0.065780
Initializing ClassificationModel with 8 GAT layers and residual connections...
Initializing MCModel with 8 GAT layers and 6 row attention layers (drop_path_rate=0.1)
Initializing CoreModel with 1 layers, drop_path_rate=0.1
Ep000  LR0=2.00e-05  pw=15.00  aucα=0.000  token_p=0.000  dropE=(0.000,0.000)  smooth=0.000  train_loss=0.5429  train_AUPR=0.3839  train_P@5=0.4544  train_P@10=0.3456  val_loss=0.5106  val_AUPR=0.3617  val_P@5=0.4256  val_P@10=0.3303
Ep001  LR0=3.00e-05  pw=13.35  aucα=0.000  token_p=0.000  dropE=(0.000,0.000)  smooth=0.000  train_loss=0.4796  train_AUPR=0.4363  train_P@5=0.5113  train_P@10=0.3751  val_loss=0.4560  val_AUPR=0.4231  val_P@5=0.4988  val_P@10=0.3665
Ep002  LR0=4.00e-05  pw=11.90  aucα=0.000  token_p=0.000  dropE=(0.000,0.000)  smooth=0.000  train_loss=0.4507  train_AUPR=0.4804  train_P@5=0.5495  train_P@10=0.3983  val_loss=0.4214  val_AUPR=0.4783  val_P@5=0.5448  val_P@10=0.3949
Ep003  LR0=5.00e-05  pw=10.62  aucα=0.000  token_p=0.000  dropE=(0.000,0.000)  smooth=0.000  train_loss=0.4289  train_AUPR=0.5033  train_P@5=0.5733  train_P@10=0.4078  val_loss=0.4280  val_AUPR=0.4979  val_P@5=0.5651  val_P@10=0.3966
Ep004  LR0=6.00e-05  pw=9.49  aucα=0.057  token_p=0.000  dropE=(0.000,0.000)  smooth=0.000  train_loss=0.4231  train_AUPR=0.5389  train_P@5=0.5995  train_P@10=0.4206  val_loss=0.4100  val_AUPR=0.5295  val_P@5=0.5846  val_P@10=0.4115
Ep005  LR0=7.00e-05  pw=8.49  aucα=0.114  token_p=0.000  dropE=(0.000,0.000)  smooth=0.000  train_loss=0.4222  train_AUPR=0.5596  train_P@5=0.6110  train_P@10=0.4373  val_loss=0.3843  val_AUPR=0.5455  val_P@5=0.5981  val_P@10=0.4338
Ep006  LR0=8.00e-05  pw=7.61  aucα=0.171  token_p=0.001  dropE=(0.001,0.005)  smooth=0.001  train_loss=0.4174  train_AUPR=0.5646  train_P@5=0.6161  train_P@10=0.4398  val_loss=0.3852  val_AUPR=0.5534  val_P@5=0.6011  val_P@10=0.4301
Ep007  LR0=9.00e-05  pw=6.84  aucα=0.229  token_p=0.002  dropE=(0.002,0.010)  smooth=0.002  train_loss=0.4124  train_AUPR=0.5889  train_P@5=0.6335  train_P@10=0.4506  val_loss=0.3614  val_AUPR=0.5714  val_P@5=0.6106  val_P@10=0.4399
Ep008  LR0=1.00e-04  pw=6.15  aucα=0.286  token_p=0.003  dropE=(0.003,0.015)  smooth=0.003  train_loss=0.4096  train_AUPR=0.6018  train_P@5=0.6434  train_P@10=0.4548  val_loss=0.3618  val_AUPR=0.5760  val_P@5=0.6174  val_P@10=0.4433
Ep009  LR0=1.00e-04  pw=5.55  aucα=0.343  token_p=0.004  dropE=(0.004,0.020)  smooth=0.004  train_loss=0.4024  train_AUPR=0.6084  train_P@5=0.6444  train_P@10=0.4622  val_loss=0.3469  val_AUPR=0.5758  val_P@5=0.6094  val_P@10=0.4428
[Info] Unfroze 'dym' params after warmup (epoch=10). Added core=62 tensors, other=0 tensors.
Ep010  LR0=2.00e-05  pw=5.01  aucα=0.400  token_p=0.005  dropE=(0.005,0.025)  smooth=0.005  train_loss=0.3832  train_AUPR=0.6332  train_P@5=0.6689  train_P@10=0.4740  val_loss=0.3334  val_AUPR=0.5933  val_P@5=0.6285  val_P@10=0.4522
Ep011  LR0=3.00e-05  pw=4.54  aucα=0.400  token_p=0.006  dropE=(0.006,0.030)  smooth=0.006  train_loss=0.3712  train_AUPR=0.6421  train_P@5=0.6753  train_P@10=0.4793  val_loss=0.3235  val_AUPR=0.5944  val_P@5=0.6301  val_P@10=0.4495
Ep012  LR0=4.00e-05  pw=4.12  aucα=0.400  token_p=0.007  dropE=(0.007,0.035)  smooth=0.007  train_loss=0.3611  train_AUPR=0.6479  train_P@5=0.6771  train_P@10=0.4822  val_loss=0.3068  val_AUPR=0.5988  val_P@5=0.6387  val_P@10=0.4525
Ep013  LR0=5.00e-05  pw=3.76  aucα=0.400  token_p=0.008  dropE=(0.008,0.040)  smooth=0.008  train_loss=0.3534  train_AUPR=0.6489  train_P@5=0.6828  train_P@10=0.4819  val_loss=0.3033  val_AUPR=0.5867  val_P@5=0.6343  val_P@10=0.4418
Ep014  LR0=6.00e-05  pw=3.43  aucα=0.400  token_p=0.009  dropE=(0.009,0.045)  smooth=0.009  train_loss=0.3441  train_AUPR=0.6592  train_P@5=0.6875  train_P@10=0.4867  val_loss=0.2869  val_AUPR=0.5976  val_P@5=0.6431  val_P@10=0.4509
Ep015  LR0=7.00e-05  pw=3.15  aucα=0.400  token_p=0.010  dropE=(0.010,0.050)  smooth=0.010  train_loss=0.3381  train_AUPR=0.6659  train_P@5=0.6915  train_P@10=0.4910  val_loss=0.2803  val_AUPR=0.5964  val_P@5=0.6415  val_P@10=0.4493
Ep016  LR0=8.00e-05  pw=2.89  aucα=0.400  token_p=0.010  dropE=(0.010,0.050)  smooth=0.010  train_loss=0.3291  train_AUPR=0.6725  train_P@5=0.6919  train_P@10=0.4974  val_loss=0.2777  val_AUPR=0.5972  val_P@5=0.6375  val_P@10=0.4519
Ep017  LR0=9.00e-05  pw=2.67  aucα=0.400  token_p=0.010  dropE=(0.010,0.050)  smooth=0.010  train_loss=0.3185  train_AUPR=0.6804  train_P@5=0.6998  train_P@10=0.4990  val_loss=0.2611  val_AUPR=0.6039  val_P@5=0.6448  val_P@10=0.4545
Ep018  LR0=1.00e-04  pw=2.48  aucα=0.400  token_p=0.010  dropE=(0.010,0.050)  smooth=0.010  train_loss=0.3139  train_AUPR=0.6772  train_P@5=0.7033  train_P@10=0.4999  val_loss=0.2528  val_AUPR=0.5970  val_P@5=0.6361  val_P@10=0.4488
Ep019  LR0=1.00e-04  pw=2.30  aucα=0.400  token_p=0.010  dropE=(0.010,0.050)  smooth=0.010  train_loss=0.3044  train_AUPR=0.6942  train_P@5=0.7147  train_P@10=0.5071  val_loss=0.2415  val_AUPR=0.6044  val_P@5=0.6470  val_P@10=0.4553
Ep020  LR0=1.00e-04  pw=2.15  aucα=0.400  token_p=0.010  dropE=(0.010,0.050)  smooth=0.010  train_loss=0.2946  train_AUPR=0.7060  train_P@5=0.7268  train_P@10=0.5135  val_loss=0.2376  val_AUPR=0.5980  val_P@5=0.6446  val_P@10=0.4447
Ep021  LR0=9.99e-05  pw=2.01  aucα=0.400  token_p=0.010  dropE=(0.010,0.050)  smooth=0.010  train_loss=0.2859  train_AUPR=0.7075  train_P@5=0.7275  train_P@10=0.5128  val_loss=0.2308  val_AUPR=0.6033  val_P@5=0.6363  val_P@10=0.4478
Ep022  LR0=9.97e-05  pw=1.89  aucα=0.400  token_p=0.010  dropE=(0.010,0.050)  smooth=0.010  train_loss=0.2759  train_AUPR=0.7211  train_P@5=0.7336  train_P@10=0.5287  val_loss=0.2218  val_AUPR=0.6124  val_P@5=0.6568  val_P@10=0.4548
Ep023  LR0=9.95e-05  pw=1.79  aucα=0.400  token_p=0.010  dropE=(0.010,0.050)  smooth=0.010  train_loss=0.2674  train_AUPR=0.7167  train_P@5=0.7373  train_P@10=0.5214  val_loss=0.2222  val_AUPR=0.5964  val_P@5=0.6407  val_P@10=0.4426
Ep024  LR0=9.92e-05  pw=1.70  aucα=0.400  token_p=0.010  dropE=(0.010,0.050)  smooth=0.010  train_loss=0.2594  train_AUPR=0.7412  train_P@5=0.7527  train_P@10=0.5350  val_loss=0.2129  val_AUPR=0.6004  val_P@5=0.6429  val_P@10=0.4512
Ep025  LR0=9.89e-05  pw=1.62  aucα=0.400  token_p=0.010  dropE=(0.010,0.050)  smooth=0.010  train_loss=0.2512  train_AUPR=0.7518  train_P@5=0.7648  train_P@10=0.5407  val_loss=0.2058  val_AUPR=0.6025  val_P@5=0.6343  val_P@10=0.4537
Ep026  LR0=9.85e-05  pw=1.54  aucα=0.400  token_p=0.010  dropE=(0.010,0.050)  smooth=0.010  train_loss=0.2429  train_AUPR=0.7533  train_P@5=0.7653  train_P@10=0.5427  val_loss=0.2033  val_AUPR=0.5953  val_P@5=0.6367  val_P@10=0.4411
Ep027  LR0=9.81e-05  pw=1.48  aucα=0.400  token_p=0.010  dropE=(0.010,0.050)  smooth=0.010  train_loss=0.2342  train_AUPR=0.7818  train_P@5=0.7925  train_P@10=0.5576  val_loss=0.1976  val_AUPR=0.6128  val_P@5=0.6462  val_P@10=0.4537
Ep028  LR0=9.76e-05  pw=1.42  aucα=0.400  token_p=0.010  dropE=(0.010,0.050)  smooth=0.010  train_loss=0.2255  train_AUPR=0.7792  train_P@5=0.7904  train_P@10=0.5526  val_loss=0.1974  val_AUPR=0.5767  val_P@5=0.6019  val_P@10=0.4337
Ep029  LR0=9.70e-05  pw=1.37  aucα=0.400  token_p=0.010  dropE=(0.010,0.050)  smooth=0.010  train_loss=0.2184  train_AUPR=0.7956  train_P@5=0.8058  train_P@10=0.5633  val_loss=0.1924  val_AUPR=0.5946  val_P@5=0.6357  val_P@10=0.4492
Ep030  LR0=9.46e-05  pw=1.33  aucα=0.400  token_p=0.010  dropE=(0.010,0.050)  smooth=0.010  train_loss=0.2116  train_AUPR=0.8083  train_P@5=0.8155  train_P@10=0.5720  val_loss=0.1892  val_AUPR=0.6070  val_P@5=0.6474  val_P@10=0.4500
Ep031  LR0=8.78e-05  pw=1.29  aucα=0.400  token_p=0.010  dropE=(0.010,0.050)  smooth=0.010  train_loss=0.2060  train_AUPR=0.8212  train_P@5=0.8253  train_P@10=0.5818  val_loss=0.1841  val_AUPR=0.6146  val_P@5=0.6435  val_P@10=0.4540
Ep032  LR0=7.71e-05  pw=1.26  aucα=0.400  token_p=0.010  dropE=(0.010,0.050)  smooth=0.010  train_loss=0.1967  train_AUPR=0.8258  train_P@5=0.8321  train_P@10=0.5826  val_loss=0.1797  val_AUPR=0.6163  val_P@5=0.6458  val_P@10=0.4558
Ep033  LR0=6.37e-05  pw=1.23  aucα=0.400  token_p=0.010  dropE=(0.010,0.050)  smooth=0.010  train_loss=0.1876  train_AUPR=0.8446  train_P@5=0.8522  train_P@10=0.5896  val_loss=0.1776  val_AUPR=0.6146  val_P@5=0.6446  val_P@10=0.4553
Ep034  LR0=4.87e-05  pw=1.20  aucα=0.400  token_p=0.010  dropE=(0.010,0.050)  smooth=0.010  train_loss=0.1778  train_AUPR=0.8584  train_P@5=0.8649  train_P@10=0.6004  val_loss=0.1759  val_AUPR=0.6141  val_P@5=0.6442  val_P@10=0.4569
Ep035  LR0=3.38e-05  pw=1.18  aucα=0.400  token_p=0.010  dropE=(0.010,0.050)  smooth=0.010  train_loss=0.1687  train_AUPR=0.8727  train_P@5=0.8795  train_P@10=0.6066  val_loss=0.1745  val_AUPR=0.6130  val_P@5=0.6446  val_P@10=0.4554
Ep036  LR0=2.04e-05  pw=1.16  aucα=0.400  token_p=0.010  dropE=(0.010,0.050)  smooth=0.010  train_loss=0.1601  train_AUPR=0.8884  train_P@5=0.8926  train_P@10=0.6173  val_loss=0.1735  val_AUPR=0.6112  val_P@5=0.6425  val_P@10=0.4559
Ep037  LR0=9.71e-06  pw=1.14  aucα=0.400  token_p=0.010  dropE=(0.010,0.050)  smooth=0.010  train_loss=0.1516  train_AUPR=0.8983  train_P@5=0.9037  train_P@10=0.6213  val_loss=0.1728  val_AUPR=0.6093  val_P@5=0.6411  val_P@10=0.4553
Ep038  LR0=2.86e-06  pw=1.12  aucα=0.400  token_p=0.010  dropE=(0.010,0.050)  smooth=0.010  train_loss=0.1468  train_AUPR=0.9035  train_P@5=0.9086  train_P@10=0.6236  val_loss=0.1721  val_AUPR=0.6076  val_P@5=0.6387  val_P@10=0.4548
Ep039  LR0=5.00e-07  pw=1.11  aucα=0.400  token_p=0.010  dropE=(0.010,0.050)  smooth=0.010  train_loss=0.1437  train_AUPR=0.9047  train_P@5=0.9103  train_P@10=0.6245  val_loss=0.1714  val_AUPR=0.6061  val_P@5=0.6367  val_P@10=0.4544
Ep040  LR0=5.00e-07  pw=1.09  aucα=0.400  token_p=0.010  dropE=(0.010,0.050)  smooth=0.010  train_loss=0.1423  train_AUPR=0.9049  train_P@5=0.9108  train_P@10=0.6247  val_loss=0.1708  val_AUPR=0.6047  val_P@5=0.6365  val_P@10=0.4540
Ep041  LR0=5.00e-07  pw=1.08  aucα=0.400  token_p=0.010  dropE=(0.010,0.050)  smooth=0.010  train_loss=0.1420  train_AUPR=0.9051  train_P@5=0.9109  train_P@10=0.6249  val_loss=0.1703  val_AUPR=0.6034  val_P@5=0.6361  val_P@10=0.4537
Ep042  LR0=5.00e-07  pw=1.07  aucα=0.400  token_p=0.010  dropE=(0.010,0.050)  smooth=0.010  train_loss=0.1416  train_AUPR=0.9054  train_P@5=0.9113  train_P@10=0.6249  val_loss=0.1698  val_AUPR=0.6023  val_P@5=0.6353  val_P@10=0.4536
Ep043  LR0=5.00e-07  pw=1.06  aucα=0.400  token_p=0.010  dropE=(0.010,0.050)  smooth=0.010  train_loss=0.1397  train_AUPR=0.9056  train_P@5=0.9112  train_P@10=0.6251  val_loss=0.1693  val_AUPR=0.6014  val_P@5=0.6339  val_P@10=0.4537
Ep044  LR0=5.00e-07  pw=1.06  aucα=0.400  token_p=0.010  dropE=(0.010,0.050)  smooth=0.010  train_loss=0.1403  train_AUPR=0.9059  train_P@5=0.9118  train_P@10=0.6254  val_loss=0.1689  val_AUPR=0.6005  val_P@5=0.6327  val_P@10=0.4530
Ep045  LR0=5.00e-07  pw=1.05  aucα=0.400  token_p=0.010  dropE=(0.010,0.050)  smooth=0.010  train_loss=0.1400  train_AUPR=0.9061  train_P@5=0.9118  train_P@10=0.6256  val_loss=0.1686  val_AUPR=0.5997  val_P@5=0.6319  val_P@10=0.4526
Ep046  LR0=5.00e-07  pw=1.04  aucα=0.400  token_p=0.010  dropE=(0.010,0.050)  smooth=0.010  train_loss=0.1390  train_AUPR=0.9062  train_P@5=0.9119  train_P@10=0.6256  val_loss=0.1683  val_AUPR=0.5990  val_P@5=0.6321  val_P@10=0.4527
Ep047  LR0=5.00e-07  pw=1.04  aucα=0.400  token_p=0.010  dropE=(0.010,0.050)  smooth=0.010  train_loss=0.1390  train_AUPR=0.9065  train_P@5=0.9122  train_P@10=0.6257  val_loss=0.1680  val_AUPR=0.5983  val_P@5=0.6321  val_P@10=0.4525
Ep048  LR0=5.00e-07  pw=1.03  aucα=0.400  token_p=0.010  dropE=(0.010,0.050)  smooth=0.010  train_loss=0.1381  train_AUPR=0.9065  train_P@5=0.9125  train_P@10=0.6256  val_loss=0.1678  val_AUPR=0.5976  val_P@5=0.6311  val_P@10=0.4521
Ep049  LR0=5.00e-07  pw=1.03  aucα=0.400  token_p=0.010  dropE=(0.010,0.050)  smooth=0.010  train_loss=0.1378  train_AUPR=0.9066  train_P@5=0.9129  train_P@10=0.6253  val_loss=0.1676  val_AUPR=0.5970  val_P@5=0.6309  val_P@10=0.4515
Ep050  LR0=5.00e-07  pw=1.03  aucα=0.400  token_p=0.010  dropE=(0.010,0.050)  smooth=0.010  train_loss=0.1385  train_AUPR=0.9065  train_P@5=0.9125  train_P@10=0.6254  val_loss=0.1675  val_AUPR=0.5965  val_P@5=0.6303  val_P@10=0.4508
Ep051  LR0=5.00e-07  pw=1.02  aucα=0.400  token_p=0.010  dropE=(0.010,0.050)  smooth=0.010  train_loss=0.1387  train_AUPR=0.9070  train_P@5=0.9128  train_P@10=0.6256  val_loss=0.1673  val_AUPR=0.5961  val_P@5=0.6297  val_P@10=0.4506
Ep052  LR0=5.00e-07  pw=1.02  aucα=0.400  token_p=0.010  dropE=(0.010,0.050)  smooth=0.010  train_loss=0.1370  train_AUPR=0.9072  train_P@5=0.9130  train_P@10=0.6256  val_loss=0.1672  val_AUPR=0.5956  val_P@5=0.6297  val_P@10=0.4504
Ep053  LR0=5.00e-07  pw=1.02  aucα=0.400  token_p=0.010  dropE=(0.010,0.050)  smooth=0.010  train_loss=0.1379  train_AUPR=0.9073  train_P@5=0.9133  train_P@10=0.6256  val_loss=0.1671  val_AUPR=0.5952  val_P@5=0.6297  val_P@10=0.4504
Ep054  LR0=5.00e-07  pw=1.02  aucα=0.400  token_p=0.010  dropE=(0.010,0.050)  smooth=0.010  train_loss=0.1372  train_AUPR=0.9075  train_P@5=0.9138  train_P@10=0.6257  val_loss=0.1671  val_AUPR=0.5948  val_P@5=0.6295  val_P@10=0.4503
Ep055  LR0=5.00e-07  pw=1.01  aucα=0.400  token_p=0.010  dropE=(0.010,0.050)  smooth=0.010  train_loss=0.1379  train_AUPR=0.9077  train_P@5=0.9139  train_P@10=0.6260  val_loss=0.1670  val_AUPR=0.5944  val_P@5=0.6293  val_P@10=0.4500
Ep056  LR0=5.00e-07  pw=1.01  aucα=0.400  token_p=0.010  dropE=(0.010,0.050)  smooth=0.010  train_loss=0.1368  train_AUPR=0.9077  train_P@5=0.9140  train_P@10=0.6259  val_loss=0.1670  val_AUPR=0.5940  val_P@5=0.6291  val_P@10=0.4501
Ep057  LR0=5.00e-07  pw=1.01  aucα=0.400  token_p=0.010  dropE=(0.010,0.050)  smooth=0.010  train_loss=0.1376  train_AUPR=0.9078  train_P@5=0.9138  train_P@10=0.6260  val_loss=0.1669  val_AUPR=0.5938  val_P@5=0.6285  val_P@10=0.4501
Ep058  LR0=5.00e-07  pw=1.01  aucα=0.400  token_p=0.010  dropE=(0.010,0.050)  smooth=0.010  train_loss=0.1367  train_AUPR=0.9078  train_P@5=0.9138  train_P@10=0.6258  val_loss=0.1669  val_AUPR=0.5935  val_P@5=0.6281  val_P@10=0.4501
Ep059  LR0=5.00e-07  pw=1.01  aucα=0.400  token_p=0.010  dropE=(0.010,0.050)  smooth=0.010  train_loss=0.1379  train_AUPR=0.9079  train_P@5=0.9138  train_P@10=0.6259  val_loss=0.1669  val_AUPR=0.5932  val_P@5=0.6281  val_P@10=0.4500
Ep060  LR0=5.00e-07  pw=1.01  aucα=0.400  token_p=0.010  dropE=(0.010,0.050)  smooth=0.010  train_loss=0.1367  train_AUPR=0.9082  train_P@5=0.9140  train_P@10=0.6260  val_loss=0.1669  val_AUPR=0.5929  val_P@5=0.6279  val_P@10=0.4502
Ep061  LR0=5.00e-07  pw=1.01  aucα=0.400  token_p=0.010  dropE=(0.010,0.050)  smooth=0.010  train_loss=0.1360  train_AUPR=0.9083  train_P@5=0.9145  train_P@10=0.6263  val_loss=0.1669  val_AUPR=0.5926  val_P@5=0.6283  val_P@10=0.4502
Ep062  LR0=5.00e-07  pw=1.01  aucα=0.400  token_p=0.010  dropE=(0.010,0.050)  smooth=0.010  train_loss=0.1367  train_AUPR=0.9084  train_P@5=0.9148  train_P@10=0.6262  val_loss=0.1669  val_AUPR=0.5924  val_P@5=0.6279  val_P@10=0.4503
Ep063  LR0=5.00e-07  pw=1.01  aucα=0.400  token_p=0.010  dropE=(0.010,0.050)  smooth=0.010  train_loss=0.1371  train_AUPR=0.9086  train_P@5=0.9148  train_P@10=0.6263  val_loss=0.1670  val_AUPR=0.5921  val_P@5=0.6279  val_P@10=0.4503
Ep064  LR0=5.00e-07  pw=1.00  aucα=0.400  token_p=0.010  dropE=(0.010,0.050)  smooth=0.010  train_loss=0.1369  train_AUPR=0.9087  train_P@5=0.9151  train_P@10=0.6263  val_loss=0.1670  val_AUPR=0.5919  val_P@5=0.6279  val_P@10=0.4503
Ep065  LR0=5.00e-07  pw=1.00  aucα=0.400  token_p=0.010  dropE=(0.010,0.050)  smooth=0.010  train_loss=0.1359  train_AUPR=0.9088  train_P@5=0.9150  train_P@10=0.6265  val_loss=0.1670  val_AUPR=0.5917  val_P@5=0.6277  val_P@10=0.4503
Ep066  LR0=5.00e-07  pw=1.00  aucα=0.400  token_p=0.010  dropE=(0.010,0.050)  smooth=0.010  train_loss=0.1366  train_AUPR=0.9088  train_P@5=0.9152  train_P@10=0.6266  val_loss=0.1670  val_AUPR=0.5915  val_P@5=0.6273  val_P@10=0.4504
Ep067  LR0=5.00e-07  pw=1.00  aucα=0.400  token_p=0.010  dropE=(0.010,0.050)  smooth=0.010  train_loss=0.1354  train_AUPR=0.9090  train_P@5=0.9152  train_P@10=0.6264  val_loss=0.1671  val_AUPR=0.5913  val_P@5=0.6267  val_P@10=0.4502
Ep068  LR0=5.00e-07  pw=1.00  aucα=0.400  token_p=0.010  dropE=(0.010,0.050)  smooth=0.010  train_loss=0.1366  train_AUPR=0.9091  train_P@5=0.9157  train_P@10=0.6266  val_loss=0.1671  val_AUPR=0.5911  val_P@5=0.6265  val_P@10=0.4502
Ep069  LR0=5.00e-07  pw=1.00  aucα=0.400  token_p=0.010  dropE=(0.010,0.050)  smooth=0.010  train_loss=0.1356  train_AUPR=0.9092  train_P@5=0.9158  train_P@10=0.6264  val_loss=0.1672  val_AUPR=0.5909  val_P@5=0.6263  val_P@10=0.4501
Ep070  LR0=5.00e-07  pw=1.00  aucα=0.400  token_p=0.010  dropE=(0.010,0.050)  smooth=0.010  train_loss=0.1357  train_AUPR=0.9093  train_P@5=0.9162  train_P@10=0.6267  val_loss=0.1672  val_AUPR=0.5908  val_P@5=0.6263  val_P@10=0.4501
Ep071  LR0=5.00e-07  pw=1.00  aucα=0.400  token_p=0.010  dropE=(0.010,0.050)  smooth=0.010  train_loss=0.1348  train_AUPR=0.9095  train_P@5=0.9159  train_P@10=0.6266  val_loss=0.1672  val_AUPR=0.5906  val_P@5=0.6265  val_P@10=0.4500
Ep072  LR0=5.00e-07  pw=1.00  aucα=0.400  token_p=0.010  dropE=(0.010,0.050)  smooth=0.010  train_loss=0.1366  train_AUPR=0.9097  train_P@5=0.9166  train_P@10=0.6270  val_loss=0.1673  val_AUPR=0.5904  val_P@5=0.6265  val_P@10=0.4499
Ep073  LR0=5.00e-07  pw=1.00  aucα=0.400  token_p=0.010  dropE=(0.010,0.050)  smooth=0.010  train_loss=0.1351  train_AUPR=0.9096  train_P@5=0.9160  train_P@10=0.6268  val_loss=0.1673  val_AUPR=0.5903  val_P@5=0.6267  val_P@10=0.4500
Ep074  LR0=5.00e-07  pw=1.00  aucα=0.400  token_p=0.010  dropE=(0.010,0.050)  smooth=0.010  train_loss=0.1352  train_AUPR=0.9098  train_P@5=0.9165  train_P@10=0.6269  val_loss=0.1673  val_AUPR=0.5901  val_P@5=0.6265  val_P@10=0.4500
Ep075  LR0=5.00e-07  pw=1.00  aucα=0.400  token_p=0.010  dropE=(0.010,0.050)  smooth=0.010  train_loss=0.1356  train_AUPR=0.9099  train_P@5=0.9167  train_P@10=0.6271  val_loss=0.1674  val_AUPR=0.5900  val_P@5=0.6265  val_P@10=0.4500
Ep076  LR0=5.00e-07  pw=1.00  aucα=0.400  token_p=0.010  dropE=(0.010,0.050)  smooth=0.010  train_loss=0.1360  train_AUPR=0.9101  train_P@5=0.9169  train_P@10=0.6273  val_loss=0.1674  val_AUPR=0.5898  val_P@5=0.6263  val_P@10=0.4500
Ep077  LR0=5.00e-07  pw=1.00  aucα=0.400  token_p=0.010  dropE=(0.010,0.050)  smooth=0.010  train_loss=0.1354  train_AUPR=0.9103  train_P@5=0.9173  train_P@10=0.6273  val_loss=0.1675  val_AUPR=0.5897  val_P@5=0.6265  val_P@10=0.4498
Early stop triggered: neither val_AUPR nor val_loss improved for 20 epochs.
Saved iPara_l1_g8_i6_do0.10_dpr0.10_lr0.0002_heads16_fold5.pth  (best val AUPR=0.6163)
Saved iPara_l1_g8_i6_do0.10_dpr0.10_lr0.0002_heads16_fold5_best_aupr.pth
Saved iPara_l1_g8_i6_do0.10_dpr0.10_lr0.0002_heads16_fold5_best_loss.pth  (best val loss=0.1669)
